<html>
<body>
<pre>
<h1>µVision Build Log</h1>
<h2>Tool Versions:</h2>
IDE-Version: ¦ÌVision V5.35.0.0
Copyright (C) 2021 ARM Ltd and ARM Germany GmbH. All rights reserved.
License Information: Administrator,   , LIC=4ZLZX-HI4FE-4ADDE-5XYC1-37TG3-IBRMR
 
Tool Versions:
Toolchain:       MDK-ARM Professional  Version: 5.35.0.2
Toolchain Path:  C:\Keil_v5\ARM\ARMCC\Bin
C Compiler:      Armcc.exe V5.06 update 7 (build 960)
Assembler:       Armasm.exe V5.06 update 7 (build 960)
Linker/Locator:  ArmLink.exe V5.06 update 7 (build 960)
Library Manager: ArmAr.exe V5.06 update 7 (build 960)
Hex Converter:   FromElf.exe V5.06 update 7 (build 960)
CPU DLL:         SARMCM3.DLL V5.35.0.2
Dialog DLL:      DCM.DLL V1.17.3.0
Target DLL:      CMSIS_AGDI.dll V1.33.0.0
Dialog DLL:      TCM.DLL V1.53.0.0
 
<h2>Project:</h2>
D:\how-to-use-xws-stm32f407vet6\4.Examples\hal\canopen\MDK-ARM\demo.uvprojx
Project File Date:  09/22/2023

<h2>Output:</h2>
*** Using Compiler 'V5.06 update 7 (build 960)', folder: 'C:\Keil_v5\ARM\ARMCC\Bin'
Build target 'demo'
compiling CO_driver_STM32.c...
..\Core\Src\cop\CO_app_STM32.h(67): warning:  #1295-D: Deprecated declaration canopen_app_resetCommunication - give arg types
  int canopen_app_resetCommunication();
..\Core\Src\cop\CO_app_STM32.h(69): warning:  #1295-D: Deprecated declaration canopen_app_process - give arg types
  void canopen_app_process();
..\Core\Src\cop\CO_driver_STM32.c(441): warning:  #177-D: variable "rxErrors"  was declared but never referenced
  static uint16_t rxErrors = 0, txErrors = 0, overflow = 0;
..\Core\Src\cop\CO_driver_STM32.c(441): warning:  #177-D: variable "txErrors"  was declared but never referenced
  static uint16_t rxErrors = 0, txErrors = 0, overflow = 0;
..\Core\Src\cop\CO_driver_STM32.c(441): warning:  #177-D: variable "overflow"  was declared but never referenced
  static uint16_t rxErrors = 0, txErrors = 0, overflow = 0;
..\Core\Src\cop\CO_driver_STM32.c: 5 warnings, 0 errors
linking...
Program Size: Code=30832 RO-data=2316 RW-data=1056 ZI-data=9488  
FromELF: creating hex file...
"demo\demo.axf" - 0 Error(s), 5 Warning(s).

<h2>Software Packages used:</h2>

Package Vendor: ARM
                http://www.keil.com/pack/ARM.CMSIS.5.8.0.pack
                ARM.CMSIS.5.8.0
                CMSIS (Common Microcontroller Software Interface Standard)
   * Component: CORE Version: 5.5.0

Package Vendor: Keil
                http://www.keil.com/pack/Keil.STM32F4xx_DFP.2.11.0.pack
                Keil.STM32F4xx_DFP.2.11.0
                STMicroelectronics STM32F4 Series Device Support, Drivers and Examples

<h2>Collection of Component include folders:</h2>
  .\RTE\_demo
  C:\Users\Administrator\AppData\Local\Arm\Packs\ARM\CMSIS\5.8.0\CMSIS\Core\Include
  C:\Users\Administrator\AppData\Local\Arm\Packs\Keil\STM32F4xx_DFP\2.11.0\Drivers\CMSIS\Device\ST\STM32F4xx\Include

<h2>Collection of Component Files used:</h2>

   * Component: ARM::CMSIS:CORE:5.5.0
Build Time Elapsed:  00:00:04
</pre>
</body>
</html>
