Component: ARM Compiler 5.06 update 7 (build 960) Tool: armlink [4d3601]

==============================================================================

Section Cross References

    startup_stm32f40_41xxx.o(RESET) refers to startup_stm32f40_41xxx.o(STACK) for __initial_sp
    startup_stm32f40_41xxx.o(RESET) refers to startup_stm32f40_41xxx.o(.text) for Reset_Handler
    startup_stm32f40_41xxx.o(RESET) refers to stm32f4xx_it.o(i.NMI_Handler) for NMI_Handler
    startup_stm32f40_41xxx.o(RESET) refers to stm32f4xx_it.o(i.HardFault_Handler) for HardFault_Handler
    startup_stm32f40_41xxx.o(RESET) refers to stm32f4xx_it.o(i.MemManage_Handler) for MemManage_Handler
    startup_stm32f40_41xxx.o(RESET) refers to stm32f4xx_it.o(i.BusFault_Handler) for BusFault_Handler
    startup_stm32f40_41xxx.o(RESET) refers to stm32f4xx_it.o(i.UsageFault_Handler) for UsageFault_Handler
    startup_stm32f40_41xxx.o(RESET) refers to stm32f4xx_it.o(i.SVC_Handler) for SVC_Handler
    startup_stm32f40_41xxx.o(RESET) refers to stm32f4xx_it.o(i.DebugMon_Handler) for DebugMon_Handler
    startup_stm32f40_41xxx.o(RESET) refers to stm32f4xx_it.o(i.PendSV_Handler) for PendSV_Handler
    startup_stm32f40_41xxx.o(RESET) refers to main.o(i.$Sub$$SysTick_Handler) for SysTick_Handler
    startup_stm32f40_41xxx.o(RESET) refers to main.o(i.CAN1_RX0_IRQHandler) for CAN1_RX0_IRQHandler
    startup_stm32f40_41xxx.o(RESET) refers to main.o(i.CAN1_RX1_IRQHandler) for CAN1_RX1_IRQHandler
    startup_stm32f40_41xxx.o(RESET) refers to main.o(i.CAN2_RX0_IRQHandler) for CAN2_RX0_IRQHandler
    startup_stm32f40_41xxx.o(.text) refers to system_stm32f4xx.o(i.SystemInit) for SystemInit
    startup_stm32f40_41xxx.o(.text) refers to entry.o(.ARM.Collect$$$$00000000) for __main
    system_stm32f4xx.o(i.SystemCoreClockUpdate) refers to system_stm32f4xx.o(.data) for SystemCoreClock
    system_stm32f4xx.o(i.SystemInit) refers to system_stm32f4xx.o(i.SetSysClock) for SetSysClock
    main.o(i.$Sub$$SysTick_Handler) refers to stm32f4xx_it.o(i.SysTick_Handler) for $Super$$SysTick_Handler
    main.o(i.$Sub$$SysTick_Handler) refers to sleep.o(i.HAL_GetTick) for HAL_GetTick
    main.o(i.$Sub$$SysTick_Handler) refers to timer.o(i.TimeDispatch) for TimeDispatch
    main.o(i.$Sub$$SysTick_Handler) refers to main.o(.data) for m_cop_timeout
    main.o(i.CAN1_RX0_IRQHandler) refers to printf8.o(i.__0printf$8) for __2printf
    main.o(i.CAN1_RX0_IRQHandler) refers to main.o(i.cop_isr) for cop_isr
    main.o(i.CAN1_RX0_IRQHandler) refers to slave.o(.data) for Servo_Data
    main.o(i.CAN1_RX1_IRQHandler) refers to printf8.o(i.__0printf$8) for __2printf
    main.o(i.CAN1_RX1_IRQHandler) refers to main.o(i.cop_isr) for cop_isr
    main.o(i.CAN1_RX1_IRQHandler) refers to slave.o(.data) for Servo_Data
    main.o(i.CAN2_RX0_IRQHandler) refers to printf8.o(i.__0printf$8) for __2printf
    main.o(i.CAN2_RX0_IRQHandler) refers to main.o(i.cop_isr) for cop_isr
    main.o(i.CAN2_RX0_IRQHandler) refers to master.o(.data) for master_Data
    main.o(i.CopSlv_SetIdFltr) refers to stm32f4xx_can.o(i.CAN_FilterInit) for CAN_FilterInit
    main.o(i.canSend) refers to memcpya.o(.text) for __aeabi_memcpy
    main.o(i.canSend) refers to can.o(i.can_display_msg) for can_display_msg
    main.o(i.canSend) refers to stm32f4xx_can.o(i.CAN_Transmit) for CAN_Transmit
    main.o(i.cbkSDORead) refers to printf8.o(i.__0printf$8) for __2printf
    main.o(i.cop_isr) refers to stm32f4xx_can.o(i.CAN_GetITStatus) for CAN_GetITStatus
    main.o(i.cop_isr) refers to stm32f4xx_can.o(i.CAN_Receive) for CAN_Receive
    main.o(i.cop_isr) refers to stm32f4xx_can.o(i.CAN_ClearITPendingBit) for CAN_ClearITPendingBit
    main.o(i.cop_isr) refers to can.o(i.can_display_msg) for can_display_msg
    main.o(i.cop_isr) refers to memcpya.o(.text) for __aeabi_memcpy
    main.o(i.cop_isr) refers to printf8.o(i.__0printf$8) for __2printf
    main.o(i.cop_isr) refers to sdo.o(i.SDOtoLine) for SDOtoLine
    main.o(i.cop_isr) refers to sdo.o(i.resetSDOline) for resetSDOline
    main.o(i.cop_isr) refers to states.o(i.canDispatch) for canDispatch
    main.o(i.getElapsedTime) refers to sleep.o(i.HAL_GetTick) for HAL_GetTick
    main.o(i.getElapsedTime) refers to sleep.o(i.HAL_DeltaTick) for HAL_DeltaTick
    main.o(i.getElapsedTime) refers to main.o(.data) for last
    main.o(i.main) refers to misc.o(i.NVIC_PriorityGroupConfig) for NVIC_PriorityGroupConfig
    main.o(i.main) refers to sleep.o(i.DelayInit) for DelayInit
    main.o(i.main) refers to can.o(i.can_init) for can_init
    main.o(i.main) refers to states.o(i.setNodeId) for setNodeId
    main.o(i.main) refers to states.o(i.setState) for setState
    main.o(i.main) refers to main.o(i.CopSlv_SetIdFltr) for CopSlv_SetIdFltr
    main.o(i.main) refers to sleep.o(i.DelayNonBlock) for DelayNonBlock
    main.o(i.main) refers to led.o(i.led_tgl) for led_tgl
    main.o(i.main) refers to sleep.o(i.HAL_GetTick) for HAL_GetTick
[...]
    i.PendSV_Handler                         0x0800110c   Section        0  stm32f4xx_it.o(i.PendSV_Handler)
    i.ProducerHeartbeatAlarm                 0x0800110e   Section        0  lifegrd.o(i.ProducerHeartbeatAlarm)
    i.RCC_AHB1PeriphClockCmd                 0x08001158   Section        0  stm32f4xx_rcc.o(i.RCC_AHB1PeriphClockCmd)
    i.RCC_APB1PeriphClockCmd                 0x08001178   Section        0  stm32f4xx_rcc.o(i.RCC_APB1PeriphClockCmd)
    i.RCC_APB2PeriphClockCmd                 0x08001198   Section        0  stm32f4xx_rcc.o(i.RCC_APB2PeriphClockCmd)
    i.RCC_GetClocksFreq                      0x080011b8   Section        0  stm32f4xx_rcc.o(i.RCC_GetClocksFreq)
    i.RegisterSetODentryCallBack             0x080012a0   Section        0  objacces.o(i.RegisterSetODentryCallBack)
    i.SDOTimeoutAlarm                        0x080012d8   Section        0  sdo.o(i.SDOTimeoutAlarm)
    i.SDOlineToObjdict                       0x080013dc   Section        0  sdo.o(i.SDOlineToObjdict)
    i.SDOtoLine                              0x0800146c   Section        0  sdo.o(i.SDOtoLine)
    i.SVC_Handler                            0x080014de   Section        0  stm32f4xx_it.o(i.SVC_Handler)
    i.Servo_scanIndexOD                      0x080014e0   Section        0  slave.o(i.Servo_scanIndexOD)
    i.Servo_valueRangeTest                   0x0800163c   Section        0  slave.o(i.Servo_valueRangeTest)
    i.SetAlarm                               0x080016b4   Section        0  timer.o(i.SetAlarm)
    i.SetSysClock                            0x08001768   Section        0  system_stm32f4xx.o(i.SetSysClock)
    SetSysClock                              0x08001769   Thumb Code   220  system_stm32f4xx.o(i.SetSysClock)
    i.SyncAlarm                              0x08001854   Section        0  sync.o(i.SyncAlarm)
    i.SysTick_Handler                        0x08001862   Section        0  stm32f4xx_it.o(i.SysTick_Handler)
    i.SystemInit                             0x0800186c   Section        0  system_stm32f4xx.o(i.SystemInit)
    i.TPDO_Communication_Parameter_Callback  0x080018d4   Section        0  pdo.o(i.TPDO_Communication_Parameter_Callback)
    i.TimeDispatch                           0x08001968   Section        0  timer.o(i.TimeDispatch)
    i.USART_Cmd                              0x08001a28   Section        0  stm32f4xx_usart.o(i.USART_Cmd)
    i.USART_GetFlagStatus                    0x08001a40   Section        0  stm32f4xx_usart.o(i.USART_GetFlagStatus)
    i.USART_Init                             0x08001a5c   Section        0  stm32f4xx_usart.o(i.USART_Init)
    i.USART_SendData                         0x08001b30   Section        0  stm32f4xx_usart.o(i.USART_SendData)
    i.UsageFault_Handler                     0x08001b38   Section        0  stm32f4xx_it.o(i.UsageFault_Handler)
    i._RxPDO_EventTimers_Handler             0x08001b3c   Section        0  pdo.o(i._RxPDO_EventTimers_Handler)
    i.__0printf$8                            0x08001b40   Section        0  printf8.o(i.__0printf$8)
    i.__scatterload_copy                     0x08001b60   Section       14  handlers.o(i.__scatterload_copy)
    i.__scatterload_null                     0x08001b6e   Section        2  handlers.o(i.__scatterload_null)
    i.__scatterload_zeroinit                 0x08001b70   Section       14  handlers.o(i.__scatterload_zeroinit)
    i._getODentry                            0x08001b80   Section        0  objacces.o(i._getODentry)
    i._heartbeatError                        0x08001cc4   Section        0  lifegrd.o(i._heartbeatError)
    i._initialisation                        0x08001cc6   Section        0  states.o(i._initialisation)
    i._nodeguardError                        0x08001cc8   Section        0  lifegrd.o(i._nodeguardError)
    i._operational                           0x08001cca   Section        0  states.o(i._operational)
    i._post_SlaveBootup                      0x08001ccc   Section        0  lifegrd.o(i._post_SlaveBootup)
    i._post_SlaveStateChange                 0x08001cce   Section        0  lifegrd.o(i._post_SlaveStateChange)
    i._post_TPDO                             0x08001cd0   Section        0  sync.o(i._post_TPDO)
    i._post_emcy                             0x08001cd2   Section        0  emcy.o(i._post_emcy)
    i._post_sync                             0x08001cd4   Section        0  sync.o(i._post_sync)
    i._preOperational                        0x08001cd6   Section        0  states.o(i._preOperational)
    i._printf_core                           0x08001cec   Section        0  printf8.o(i._printf_core)
    _printf_core                             0x08001ced   Thumb Code   984  printf8.o(i._printf_core)
    i._printf_post_padding                   0x080020f0   Section        0  printf8.o(i._printf_post_padding)
    _printf_post_padding                     0x080020f1   Thumb Code    36  printf8.o(i._printf_post_padding)
    i._printf_pre_padding                    0x08002114   Section        0  printf8.o(i._printf_pre_padding)
    _printf_pre_padding                      0x08002115   Thumb Code    46  printf8.o(i._printf_pre_padding)
    i._readNetworkDict                       0x08002142   Section        0  sdo.o(i._readNetworkDict)
    i._sendPDOevent                          0x08002272   Section        0  pdo.o(i._sendPDOevent)
    i._setODentry                            0x0800240c   Section        0  objacces.o(i._setODentry)
    i._stopped                               0x08002560   Section        0  states.o(i._stopped)
    i._storeODSubIndex                       0x08002562   Section        0  objacces.o(i._storeODSubIndex)
    i.accessDictionaryError                  0x08002564   Section        0  objacces.o(i.accessDictionaryError)
    i.buildPDO                               0x0800256e   Section        0  pdo.o(i.buildPDO)
    i.canDispatch                            0x08002660   Section        0  states.o(i.canDispatch)
    i.canSend                                0x080026f8   Section        0  main.o(i.canSend)
    i.can_display_msg                        0x08002778   Section        0  can.o(i.can_display_msg)
    i.can_init                               0x080027f0   Section        0  can.o(i.can_init)
    i.cbkSDORead                             0x08002a68   Section        0  main.o(i.cbkSDORead)
    i.cop_isr                                0x08002ab8   Section        0  main.o(i.cop_isr)
    i.display_build_time                     0x08002bcc   Section        0  buildtime.o(i.display_build_time)
    display_build_time                       0x08002bcd   Thumb Code    62  buildtime.o(i.display_build_time)
    i.dwt_init                               0x08002c64   Section        0  sleep.o(i.dwt_init)
    i.emergencyInit                          0x08002c8c   Section        0  emcy.o(i.emergencyInit)
    i.emergencyStop                          0x08002cac   Section        0  emcy.o(i.emergencyStop)
    i.failedSDO                              0x08002cae   Section        0  sdo.o(i.failedSDO)
    i.fputc                                  0x08002d54   Section        0  rs232.o(i.fputc)
    i.getElapsedTime                         0x08002d94   Section        0  main.o(i.getElapsedTime)
    i.getNodeId                              0x08002db4   Section        0  states.o(i.getNodeId)
    i.getSDOfreeLine                         0x08002dbc   Section        0  sdo.o(i.getSDOfreeLine)
    i.getSDOlineOnUse                        0x08002df6   Section        0  sdo.o(i.getSDOlineOnUse)
    i.getSDOlineRestBytes                    0x08002e5a   Section        0  sdo.o(i.getSDOlineRestBytes)
    i.get_build_time                         0x08002e98   Section        0  buildtime.o(i.get_build_time)
    i.heartbeatInit                          0x08002f8c   Section        0  lifegrd.o(i.heartbeatInit)
    i.heartbeatStop                          0x0800301c   Section        0  lifegrd.o(i.heartbeatStop)
    i.initSDOline                            0x08003054   Section        0  sdo.o(i.initSDOline)
    i.key_init                               0x080031cc   Section        0  key.o(i.key_init)
    key_init                                 0x080031cd   Thumb Code    78  key.o(i.key_init)
    i.led_init                               0x08003220   Section        0  led.o(i.led_init)
    led_init                                 0x08003221   Thumb Code    96  led.o(i.led_init)
    i.led_off                                0x08003284   Section        0  led.o(i.led_off)
    i.led_tgl                                0x080032c4   Section        0  led.o(i.led_tgl)
    i.lifeGuardInit                          0x08003344   Section        0  lifegrd.o(i.lifeGuardInit)
    i.lifeGuardStop                          0x08003356   Section        0  lifegrd.o(i.lifeGuardStop)
    i.lineToSDO                              0x08003368   Section        0  sdo.o(i.lineToSDO)
    i.main                                   0x080033fc   Section        0  main.o(i.main)
    i.masterSendNMTnodeguard                 0x08003560   Section        0  nmtmaster.o(i.masterSendNMTnodeguard)
    i.masterSendNMTstateChange               0x08003586   Section        0  nmtmaster.o(i.masterSendNMTstateChange)
    i.master_scanIndexOD                     0x080035b4   Section        0  master.o(i.master_scanIndexOD)
    i.master_valueRangeTest                  0x08003620   Section        0  master.o(i.master_valueRangeTest)
    i.nodeguardInit                          0x0800363c   Section        0  lifegrd.o(i.nodeguardInit)
    i.nodeguardStop                          0x080036c4   Section        0  lifegrd.o(i.nodeguardStop)
    i.objdictToSDOline                       0x080036d6   Section        0  sdo.o(i.objdictToSDOline)
    i.proceedEMCY                            0x08003750   Section        0  emcy.o(i.proceedEMCY)
    i.proceedNMTstateChange                  0x08003786   Section        0  nmtslave.o(i.proceedNMTstateChange)
    i.proceedNODE_GUARD                      0x08003868   Section        0  lifegrd.o(i.proceedNODE_GUARD)
    i.proceedPDO                             0x08003980   Section        0  pdo.o(i.proceedPDO)
    i.proceedSDO                             0x08003c60   Section        0  sdo.o(i.proceedSDO)
    i.proceedSYNC                            0x0800638c   Section        0  sync.o(i.proceedSYNC)
    i.readNetworkDictCallbackAI              0x080063b8   Section        0  sdo.o(i.readNetworkDictCallbackAI)
    i.resetSDO                               0x0800646a   Section        0  sdo.o(i.resetSDO)
    i.resetSDOline                           0x08006484   Section        0  sdo.o(i.resetSDOline)
    i.UART_Config                             0x080064d8   Section        0  rs232.o(i.UART_Config)
    i.scanIndexOD                            0x0800654c   Section        0  objacces.o(i.scanIndexOD)
    i.sendOnePDOevent                        0x08006568   Section        0  pdo.o(i.sendOnePDOevent)
    i.sendPdo                                0x080066a8   Section        0  pdo.o(i.sendPdo)
    sendPdo                                  0x080066a9   Thumb Code    44  pdo.o(i.sendPdo)
    i.sendSDO                                0x080066d4   Section        0  sdo.o(i.sendSDO)
    i.sendSDOabort                           0x08006776   Section        0  sdo.o(i.sendSDOabort)
    i.sendSYNC                               0x080067c8   Section        0  sync.o(i.sendSYNC)
    i.sendSYNCMessage                        0x080067de   Section        0  sync.o(i.sendSYNCMessage)
    i.setNodeId                              0x08006804   Section        0  states.o(i.setNodeId)
    i.setSDOlineRestBytes                    0x08006974   Section        0  sdo.o(i.setSDOlineRestBytes)
    i.setState                               0x08006994   Section        0  states.o(i.setState)
    i.setTimer                               0x08006a60   Section        0  main.o(i.setTimer)
    i.slaveSendBootUp                        0x08006a74   Section        0  nmtslave.o(i.slaveSendBootUp)
    i.startSYNC                              0x08006aa4   Section        0  sync.o(i.startSYNC)
    i.stopSYNC                               0x08006b0c   Section        0  sync.o(i.stopSYNC)
    i.switchCommunicationState               0x08006b3a   Section        0  states.o(i.switchCommunicationState)
    i.system_begin                           0x08006c56   Section        0  autoinit.o(i.system_begin)
    system_begin                             0x08006c57   Thumb Code     4  autoinit.o(i.system_begin)
    i.system_end                             0x08006c5a   Section        0  autoinit.o(i.system_end)
    system_end                               0x08006c5b   Thumb Code     4  autoinit.o(i.system_end)
    i.usdk_hw_uart_init                      0x08006c5e   Section        0  main.o(i.usdk_hw_uart_init)
    i.usdk_startup                           0x08006c88   Section        0  autoinit.o(i.usdk_startup)
    .constdata                               0x08006cc0   Section       48  buildtime.o(.constdata)
    .constdata                               0x08006cf0   Section       64  states.o(.constdata)
    .constdata                               0x08006d30   Section       70  master.o(.constdata)
    .constdata                               0x08006d78   Section      206  slave.o(.constdata)
    .conststring                             0x08006e48   Section       72  buildtime.o(.conststring)
    .conststrlit                             0x08006e90   Section        9  key.o(.conststrlit)
    .conststrlit                             0x08006e9c   Section        9  led.o(.conststrlit)
    .conststrlit                             0x08006ea8   Section       27  autoinit.o(.conststrlit)
    .conststrlit                             0x08006ec4   Section       19  buildtime.o(.conststrlit)
    .usdk.init0                              0x08006ed8   Section        8  autoinit.o(.usdk.init0)
    __tagsym$$used                           0x08006ed8   Number         0  autoinit.o(.usdk.init0)
    .usdk.init1                              0x08006ee0   Section        8  key.o(.usdk.init1)
    __tagsym$$used                           0x08006ee0   Number         0  key.o(.usdk.init1)
    .usdk.init1                              0x08006ee8   Section        8  led.o(.usdk.init1)
    __tagsym$$used                           0x08006ee8   Number         0  led.o(.usdk.init1)
    .usdk.init2                              0x08006ef0   Section        8  buildtime.o(.usdk.init2)
    __tagsym$$used                           0x08006ef0   Number         0  buildtime.o(.usdk.init2)
    .usdk.init9                              0x08006ef8   Section        8  autoinit.o(.usdk.init9)
    __tagsym$$used                           0x08006ef8   Number         0  autoinit.o(.usdk.init9)
    .data                                    0x20000000   Section       12  main.o(.data)
    counter                                  0x20000004   Data           2  main.o(.data)
    last                                     0x20000008   Data           4  main.o(.data)
    .data                                    0x2000000c   Section        8  buildtime.o(.data)
    .data                                    0x20000014   Section        4  sleep.o(.data)
    m_ticks                                  0x20000014   Data           4  sleep.o(.data)
    .data                                    0x20000018   Section       16  stm32f4xx_rcc.o(.data)
    APBAHBPrescTable                         0x20000018   Data          16  stm32f4xx_rcc.o(.data)
    .data                                    0x20000028   Section       12  timer.o(.data)
    .data                                    0x20000034   Section      856  master.o(.data)
    .data                                    0x2000038c   Section     2904  slave.o(.data)
    .data                                    0x20000ee4   Section        4  stdout.o(.data)
    .bss                                     0x20000ee8   Section      192  timer.o(.bss)
    .bss                                     0x20000fa8   Section      368  slave.o(.bss)
    STACK                                    0x20001118   Section     1024  startup_stm32f40_41xxx.o(STACK)

    Global Symbols

    Symbol Name                              Value     Ov Type        Size  Object(Section)

    BuildAttributes$$THM_ISAv4$E$P$D$K$B$S$7EM$VFPi3$EXTD16$VFPS$VFMA$PE$A:L22UL41UL21$X:L11$S22US41US21$IEEE1$IW$USESV6$~STKCKD$USESV7$~SHL$OSPACE$ROPI$EBA8$MICROLIB$REQ8$PRES8$EABIv2 0x00000000   Number         0  anon$$obj.o ABSOLUTE
    __ARM_use_no_argv                        0x00000000   Number         0  main.o ABSOLUTE
    _printf_a                                0x00000000   Number         0  stubs.o ABSOLUTE
    _printf_c                                0x00000000   Number         0  stubs.o ABSOLUTE
    _printf_charcount                        0x00000000   Number         0  stubs.o ABSOLUTE
    _printf_d                                0x00000000   Number         0  stubs.o ABSOLUTE
    _printf_e                                0x00000000   Number         0  stubs.o ABSOLUTE
    _printf_f                                0x00000000   Number         0  stubs.o ABSOLUTE
    _printf_flags                            0x00000000   Number         0  stubs.o ABSOLUTE
    _printf_fp_dec                           0x00000000   Number         0  stubs.o ABSOLUTE
    _printf_fp_hex                           0x00000000   Number         0  stubs.o ABSOLUTE
    _printf_g                                0x00000000   Number         0  stubs.o ABSOLUTE
    _printf_i                                0x00000000   Number         0  stubs.o ABSOLUTE
    _printf_int_dec                          0x00000000   Number         0  stubs.o ABSOLUTE
    _printf_l                                0x00000000   Number         0  stubs.o ABSOLUTE
    _printf_lc                               0x00000000   Number         0  stubs.o ABSOLUTE
    _printf_ll                               0x00000000   Number         0  stubs.o ABSOLUTE
    _printf_lld                              0x00000000   Number         0  stubs.o ABSOLUTE
    _printf_lli                              0x00000000   Number         0  stubs.o ABSOLUTE
    _printf_llo                              0x00000000   Number         0  stubs.o ABSOLUTE
    _printf_llu                              0x00000000   Number         0  stubs.o ABSOLUTE
    _printf_llx                              0x00000000   Number         0  stubs.o ABSOLUTE
    _printf_longlong_dec                     0x00000000   Number         0  stubs.o ABSOLUTE
    _printf_longlong_hex                     0x00000000   Number         0  stubs.o ABSOLUTE
    _printf_longlong_oct                     0x00000000   Number         0  stubs.o ABSOLUTE
    _printf_ls                               0x00000000   Number         0  stubs.o ABSOLUTE
    _printf_mbtowc                           0x00000000   Number         0  stubs.o ABSOLUTE
    _printf_n                                0x00000000   Number         0  stubs.o ABSOLUTE
    _printf_o                                0x00000000   Number         0  stubs.o ABSOLUTE
    _printf_p                                0x00000000   Number         0  stubs.o ABSOLUTE
    _printf_percent                          0x00000000   Number         0  stubs.o ABSOLUTE
    _printf_pre_padding                      0x00000000   Number         0  stubs.o ABSOLUTE
    _printf_return_value                     0x00000000   Number         0  stubs.o ABSOLUTE
    _printf_s                                0x00000000   Number         0  stubs.o ABSOLUTE
    _printf_sizespec                         0x00000000   Number         0  stubs.o ABSOLUTE
    _printf_str                              0x00000000   Number         0  stubs.o ABSOLUTE
    _printf_truncate_signed                  0x00000000   Number         0  stubs.o ABSOLUTE
    _printf_truncate_unsigned                0x00000000   Number         0  stubs.o ABSOLUTE
    _printf_u                                0x00000000   Number         0  stubs.o ABSOLUTE
    _printf_wc                               0x00000000   Number         0  stubs.o ABSOLUTE
    _printf_wctomb                           0x00000000   Number         0  stubs.o ABSOLUTE
    _printf_widthprec                        0x00000000   Number         0  stubs.o ABSOLUTE
    _printf_x                                0x00000000   Number         0  stubs.o ABSOLUTE
    __arm_fini_                               - Undefined Weak Reference
    __cpp_initialize__aeabi_                  - Undefined Weak Reference
    __cxa_finalize                            - Undefined Weak Reference
    _clock_init                               - Undefined Weak Reference
    _microlib_exit                            - Undefined Weak Reference
    __Vectors_Size                           0x00000188   Number         0  startup_stm32f40_41xxx.o ABSOLUTE
    __Vectors                                0x08000000   Data           4  startup_stm32f40_41xxx.o(RESET)
    __Vectors_End                            0x08000188   Data           0  startup_stm32f40_41xxx.o(RESET)
    __main                                   0x08000189   Thumb Code     0  entry.o(.ARM.Collect$$$$00000000)
    _main_stk                                0x08000189   Thumb Code     0  entry2.o(.ARM.Collect$$$$00000001)
    _main_scatterload                        0x0800018d   Thumb Code     0  entry5.o(.ARM.Collect$$$$00000004)
    __main_after_scatterload                 0x08000191   Thumb Code     0  entry5.o(.ARM.Collect$$$$00000004)
    _main_clock                              0x08000191   Thumb Code     0  entry7b.o(.ARM.Collect$$$$00000008)
    _main_cpp_init                           0x08000191   Thumb Code     0  entry8b.o(.ARM.Collect$$$$0000000A)
    _main_init                               0x08000191   Thumb Code     0  entry9a.o(.ARM.Collect$$$$0000000B)
    __rt_lib_shutdown_fini                   0x08000199   Thumb Code     0  entry12b.o(.ARM.Collect$$$$0000000E)
    __rt_final_cpp                           0x0800019d   Thumb Code     0  entry10a.o(.ARM.Collect$$$$0000000F)
    __rt_final_exit                          0x0800019d   Thumb Code     0  entry11a.o(.ARM.Collect$$$$00000011)
    Reset_Handler                            0x080001a1   Thumb Code     8  startup_stm32f40_41xxx.o(.text)
    ADC_IRQHandler                           0x080001bb   Thumb Code     0  startup_stm32f40_41xxx.o(.text)
    CAN1_SCE_IRQHandler                      0x080001bb   Thumb Code     0  startup_stm32f40_41xxx.o(.text)
    CAN1_TX_IRQHandler                       0x080001bb   Thumb Code     0  startup_stm32f40_41xxx.o(.text)
    CAN2_RX1_IRQHandler                      0x080001bb   Thumb Code     0  startup_stm32f40_41xxx.o(.text)
    CAN2_SCE_IRQHandler                      0x080001bb   Thumb Code     0  startup_stm32f40_41xxx.o(.text)
    CAN2_TX_IRQHandler                       0x080001bb   Thumb Code     0  startup_stm32f40_41xxx.o(.text)
    CRYP_IRQHandler                          0x080001bb   Thumb Code     0  startup_stm32f40_41xxx.o(.text)
    DCMI_IRQHandler                          0x080001bb   Thumb Code     0  startup_stm32f40_41xxx.o(.text)
    DMA1_Stream0_IRQHandler                  0x080001bb   Thumb Code     0  startup_stm32f40_41xxx.o(.text)
    DMA1_Stream1_IRQHandler                  0x080001bb   Thumb Code     0  startup_stm32f40_41xxx.o(.text)
    DMA1_Stream2_IRQHandler                  0x080001bb   Thumb Code     0  startup_stm32f40_41xxx.o(.text)
    DMA1_Stream3_IRQHandler                  0x080001bb   Thumb Code     0  startup_stm32f40_41xxx.o(.text)
    DMA1_Stream4_IRQHandler                  0x080001bb   Thumb Code     0  startup_stm32f40_41xxx.o(.text)
    DMA1_Stream5_IRQHandler                  0x080001bb   Thumb Code     0  startup_stm32f40_41xxx.o(.text)
    DMA1_Stream6_IRQHandler                  0x080001bb   Thumb Code     0  startup_stm32f40_41xxx.o(.text)
    DMA1_Stream7_IRQHandler                  0x080001bb   Thumb Code     0  startup_stm32f40_41xxx.o(.text)
    DMA2_Stream0_IRQHandler                  0x080001bb   Thumb Code     0  startup_stm32f40_41xxx.o(.text)
    DMA2_Stream1_IRQHandler                  0x080001bb   Thumb Code     0  startup_stm32f40_41xxx.o(.text)
    DMA2_Stream2_IRQHandler                  0x080001bb   Thumb Code     0  startup_stm32f40_41xxx.o(.text)
    DMA2_Stream3_IRQHandler                  0x080001bb   Thumb Code     0  startup_stm32f40_41xxx.o(.text)
    DMA2_Stream4_IRQHandler                  0x080001bb   Thumb Code     0  startup_stm32f40_41xxx.o(.text)
    DMA2_Stream5_IRQHandler                  0x080001bb   Thumb Code     0  startup_stm32f40_41xxx.o(.text)
    DMA2_Stream6_IRQHandler                  0x080001bb   Thumb Code     0  startup_stm32f40_41xxx.o(.text)
    DMA2_Stream7_IRQHandler                  0x080001bb   Thumb Code     0  startup_stm32f40_41xxx.o(.text)
    ETH_IRQHandler                           0x080001bb   Thumb Code     0  startup_stm32f40_41xxx.o(.text)
    ETH_WKUP_IRQHandler                      0x080001bb   Thumb Code     0  startup_stm32f40_41xxx.o(.text)
    EXTI0_IRQHandler                         0x080001bb   Thumb Code     0  startup_stm32f40_41xxx.o(.text)
    EXTI15_10_IRQHandler                     0x080001bb   Thumb Code     0  startup_stm32f40_41xxx.o(.text)
    EXTI1_IRQHandler                         0x080001bb   Thumb Code     0  startup_stm32f40_41xxx.o(.text)
    EXTI2_IRQHandler                         0x080001bb   Thumb Code     0  startup_stm32f40_41xxx.o(.text)
    EXTI3_IRQHandler                         0x080001bb   Thumb Code     0  startup_stm32f40_41xxx.o(.text)
    EXTI4_IRQHandler                         0x080001bb   Thumb Code     0  startup_stm32f40_41xxx.o(.text)
    EXTI9_5_IRQHandler                       0x080001bb   Thumb Code     0  startup_stm32f40_41xxx.o(.text)
    FLASH_IRQHandler                         0x080001bb   Thumb Code     0  startup_stm32f40_41xxx.o(.text)
    FPU_IRQHandler                           0x080001bb   Thumb Code     0  startup_stm32f40_41xxx.o(.text)
    FSMC_IRQHandler                          0x080001bb   Thumb Code     0  startup_stm32f40_41xxx.o(.text)
    HASH_RNG_IRQHandler                      0x080001bb   Thumb Code     0  startup_stm32f40_41xxx.o(.text)
    I2C1_ER_IRQHandler                       0x080001bb   Thumb Code     0  startup_stm32f40_41xxx.o(.text)
    I2C1_EV_IRQHandler                       0x080001bb   Thumb Code     0  startup_stm32f40_41xxx.o(.text)
    I2C2_ER_IRQHandler                       0x080001bb   Thumb Code     0  startup_stm32f40_41xxx.o(.text)
    I2C2_EV_IRQHandler                       0x080001bb   Thumb Code     0  startup_stm32f40_41xxx.o(.text)
    I2C3_ER_IRQHandler                       0x080001bb   Thumb Code     0  startup_stm32f40_41xxx.o(.text)
    I2C3_EV_IRQHandler                       0x080001bb   Thumb Code     0  startup_stm32f40_41xxx.o(.text)
    OTG_FS_IRQHandler                        0x080001bb   Thumb Code     0  startup_stm32f40_41xxx.o(.text)
    OTG_FS_WKUP_IRQHandler                   0x080001bb   Thumb Code     0  startup_stm32f40_41xxx.o(.text)
    OTG_HS_EP1_IN_IRQHandler                 0x080001bb   Thumb Code     0  startup_stm32f40_41xxx.o(.text)
    OTG_HS_EP1_OUT_IRQHandler                0x080001bb   Thumb Code     0  startup_stm32f40_41xxx.o(.text)
    OTG_HS_IRQHandler                        0x080001bb   Thumb Code     0  startup_stm32f40_41xxx.o(.text)
    OTG_HS_WKUP_IRQHandler                   0x080001bb   Thumb Code     0  startup_stm32f40_41xxx.o(.text)
    PVD_IRQHandler                           0x080001bb   Thumb Code     0  startup_stm32f40_41xxx.o(.text)
    RCC_IRQHandler                           0x080001bb   Thumb Code     0  startup_stm32f40_41xxx.o(.text)
    RTC_Alarm_IRQHandler                     0x080001bb   Thumb Code     0  startup_stm32f40_41xxx.o(.text)
    RTC_WKUP_IRQHandler                      0x080001bb   Thumb Code     0  startup_stm32f40_41xxx.o(.text)
    SDIO_IRQHandler                          0x080001bb   Thumb Code     0  startup_stm32f40_41xxx.o(.text)
    SPI1_IRQHandler                          0x080001bb   Thumb Code     0  startup_stm32f40_41xxx.o(.text)
    SPI2_IRQHandler                          0x080001bb   Thumb Code     0  startup_stm32f40_41xxx.o(.text)
    SPI3_IRQHandler                          0x080001bb   Thumb Code     0  startup_stm32f40_41xxx.o(.text)
    TAMP_STAMP_IRQHandler                    0x080001bb   Thumb Code     0  startup_stm32f40_41xxx.o(.text)
    TIM1_BRK_TIM9_IRQHandler                 0x080001bb   Thumb Code     0  startup_stm32f40_41xxx.o(.text)
    TIM1_CC_IRQHandler                       0x080001bb   Thumb Code     0  startup_stm32f40_41xxx.o(.text)
    TIM1_TRG_COM_TIM11_IRQHandler            0x080001bb   Thumb Code     0  startup_stm32f40_41xxx.o(.text)
    TIM1_UP_TIM10_IRQHandler                 0x080001bb   Thumb Code     0  startup_stm32f40_41xxx.o(.text)
    TIM2_IRQHandler                          0x080001bb   Thumb Code     0  startup_stm32f40_41xxx.o(.text)
    TIM3_IRQHandler                          0x080001bb   Thumb Code     0  startup_stm32f40_41xxx.o(.text)
    TIM4_IRQHandler                          0x080001bb   Thumb Code     0  startup_stm32f40_41xxx.o(.text)
    TIM5_IRQHandler                          0x080001bb   Thumb Code     0  startup_stm32f40_41xxx.o(.text)
    TIM6_DAC_IRQHandler                      0x080001bb   Thumb Code     0  startup_stm32f40_41xxx.o(.text)
    TIM7_IRQHandler                          0x080001bb   Thumb Code     0  startup_stm32f40_41xxx.o(.text)
    TIM8_BRK_TIM12_IRQHandler                0x080001bb   Thumb Code     0  startup_stm32f40_41xxx.o(.text)
    TIM8_CC_IRQHandler                       0x080001bb   Thumb Code     0  startup_stm32f40_41xxx.o(.text)
    TIM8_TRG_COM_TIM14_IRQHandler            0x080001bb   Thumb Code     0  startup_stm32f40_41xxx.o(.text)
    TIM8_UP_TIM13_IRQHandler                 0x080001bb   Thumb Code     0  startup_stm32f40_41xxx.o(.text)
    UART4_IRQHandler                         0x080001bb   Thumb Code     0  startup_stm32f40_41xxx.o(.text)
    UART5_IRQHandler                         0x080001bb   Thumb Code     0  startup_stm32f40_41xxx.o(.text)
    USART1_IRQHandler                        0x080001bb   Thumb Code     0  startup_stm32f40_41xxx.o(.text)
    USART2_IRQHandler                        0x080001bb   Thumb Code     0  startup_stm32f40_41xxx.o(.text)
    USART3_IRQHandler                        0x080001bb   Thumb Code     0  startup_stm32f40_41xxx.o(.text)
    USART6_IRQHandler                        0x080001bb   Thumb Code     0  startup_stm32f40_41xxx.o(.text)
    WWDG_IRQHandler                          0x080001bb   Thumb Code     0  startup_stm32f40_41xxx.o(.text)
    __aeabi_memcpy                           0x080001c5   Thumb Code    36  memcpya.o(.text)
    __aeabi_memcpy4                          0x080001c5   Thumb Code     0  memcpya.o(.text)
    __aeabi_memcpy8                          0x080001c5   Thumb Code     0  memcpya.o(.text)
    strcmp                                   0x080001e9   Thumb Code    28  strcmp.o(.text)
    memcmp                                   0x08000205   Thumb Code    26  memcmp.o(.text)
    __aeabi_uldivmod                         0x0800021f   Thumb Code    98  uldiv.o(.text)
    __scatterload                            0x08000281   Thumb Code    28  init.o(.text)
    __scatterload_rt2                        0x08000281   Thumb Code     0  init.o(.text)
    __aeabi_llsl                             0x080002a5   Thumb Code    30  llshl.o(.text)
    _ll_shift_l                              0x080002a5   Thumb Code     0  llshl.o(.text)
    __aeabi_llsr                             0x080002c3   Thumb Code    32  llushr.o(.text)
    _ll_ushift_r                             0x080002c3   Thumb Code     0  llushr.o(.text)
    __decompress                             0x080002e3   Thumb Code     0  __dczerorl2.o(.text)
    __decompress1                            0x080002e3   Thumb Code    86  __dczerorl2.o(.text)
    SysTick_Handler                          0x08000339   Thumb Code    24  main.o(i.$Sub$$SysTick_Handler)
    main                                     0x08000355   Thumb Code    12  autoinit.o(i.$Sub$$main)
    BusFault_Handler                         0x08000361   Thumb Code     4  stm32f4xx_it.o(i.BusFault_Handler)
    CAN1_RX0_IRQHandler                      0x08000365   Thumb Code    16  main.o(i.CAN1_RX0_IRQHandler)
    CAN1_RX1_IRQHandler                      0x08000389   Thumb Code    16  main.o(i.CAN1_RX1_IRQHandler)
    CAN2_RX0_IRQHandler                      0x080003ad   Thumb Code    16  main.o(i.CAN2_RX0_IRQHandler)
    CAN_ClearITPendingBit                    0x080003d1   Thumb Code   162  stm32f4xx_can.o(i.CAN_ClearITPendingBit)
    CAN_FilterInit                           0x08000479   Thumb Code   258  stm32f4xx_can.o(i.CAN_FilterInit)
    CAN_GetITStatus                          0x08000581   Thumb Code   284  stm32f4xx_can.o(i.CAN_GetITStatus)
    CAN_ITConfig                             0x080006a1   Thumb Code    18  stm32f4xx_can.o(i.CAN_ITConfig)
    CAN_Init                                 0x080006b3   Thumb Code   276  stm32f4xx_can.o(i.CAN_Init)
    CAN_Receive                              0x080007c7   Thumb Code   232  stm32f4xx_can.o(i.CAN_Receive)
    CAN_Transmit                             0x080008af   Thumb Code   294  stm32f4xx_can.o(i.CAN_Transmit)
    ConsumerHeartbeatAlarm                   0x080009e7   Thumb Code    50  lifegrd.o(i.ConsumerHeartbeatAlarm)
    CopSlv_SetIdFltr                         0x08000a19   Thumb Code   282  main.o(i.CopSlv_SetIdFltr)
    CopyBits                                 0x08000b3d   Thumb Code   236  pdo.o(i.CopyBits)
    DebugMon_Handler                         0x08000c29   Thumb Code     2  stm32f4xx_it.o(i.DebugMon_Handler)
    DelAlarm                                 0x08000c2d   Thumb Code    46  timer.o(i.DelAlarm)
    DelayInit                                0x08000c65   Thumb Code    86  sleep.o(i.DelayInit)
    DelayNonBlock                            0x08000cc5   Thumb Code    22  sleep.o(i.DelayNonBlock)
    GPIO_Init                                0x08000ce1   Thumb Code   144  stm32f4xx_gpio.o(i.GPIO_Init)
    GPIO_PinAFConfig                         0x08000d71   Thumb Code    70  stm32f4xx_gpio.o(i.GPIO_PinAFConfig)
    GPIO_ReadInputDataBit                    0x08000db7   Thumb Code    18  stm32f4xx_gpio.o(i.GPIO_ReadInputDataBit)
    GPIO_WriteBit                            0x08000dc9   Thumb Code    12  stm32f4xx_gpio.o(i.GPIO_WriteBit)
    GetSDOClientFromNodeId                   0x08000dd5   Thumb Code    84  sdo.o(i.GetSDOClientFromNodeId)
    GuardTimeAlarm                           0x08000e29   Thumb Code   118  lifegrd.o(i.GuardTimeAlarm)
    HAL_DeltaTick                            0x08000e9f   Thumb Code    18  sleep.o(i.HAL_DeltaTick)
    HAL_GetTick                              0x08000eb1   Thumb Code     6  sleep.o(i.HAL_GetTick)
    HAL_IncTick                              0x08000ebd   Thumb Code    14  sleep.o(i.HAL_IncTick)
    HardFault_Handler                        0x08000ed1   Thumb Code     4  stm32f4xx_it.o(i.HardFault_Handler)
    MemManage_Handler                        0x08000ed5   Thumb Code     4  stm32f4xx_it.o(i.MemManage_Handler)
    NMI_Handler                              0x08000ed9   Thumb Code     2  stm32f4xx_it.o(i.NMI_Handler)
    NVIC_Init                                0x08000edd   Thumb Code   106  misc.o(i.NVIC_Init)
    NVIC_PriorityGroupConfig                 0x08000f55   Thumb Code    10  misc.o(i.NVIC_PriorityGroupConfig)
    OnCOB_ID_SyncUpdate                      0x08000f69   Thumb Code    18  sync.o(i.OnCOB_ID_SyncUpdate)
    OnHeartbeatProducerUpdate                0x08000f7b   Thumb Code    24  lifegrd.o(i.OnHeartbeatProducerUpdate)
    OnNodeGuardUpdate                        0x08000f93   Thumb Code    24  lifegrd.o(i.OnNodeGuardUpdate)
    OnNumberOfErrorsUpdate                   0x08000fab   Thumb Code    44  emcy.o(i.OnNumberOfErrorsUpdate)
    PDOEventTimerAlarm                       0x08000fd7   Thumb Code    46  pdo.o(i.PDOEventTimerAlarm)
    PDOInhibitTimerAlarm                     0x08001005   Thumb Code    56  pdo.o(i.PDOInhibitTimerAlarm)
    PDOInit                                  0x0800103d   Thumb Code    82  pdo.o(i.PDOInit)
    PDOStop                                  0x08001095   Thumb Code   120  pdo.o(i.PDOStop)
    PendSV_Handler                           0x0800110d   Thumb Code     2  stm32f4xx_it.o(i.PendSV_Handler)
    ProducerHeartbeatAlarm                   0x0800110f   Thumb Code    72  lifegrd.o(i.ProducerHeartbeatAlarm)
    RCC_AHB1PeriphClockCmd                   0x08001159   Thumb Code    26  stm32f4xx_rcc.o(i.RCC_AHB1PeriphClockCmd)
    RCC_APB1PeriphClockCmd                   0x08001179   Thumb Code    26  stm32f4xx_rcc.o(i.RCC_APB1PeriphClockCmd)
    RCC_APB2PeriphClockCmd                   0x08001199   Thumb Code    26  stm32f4xx_rcc.o(i.RCC_APB2PeriphClockCmd)
    RCC_GetClocksFreq                        0x080011b9   Thumb Code   214  stm32f4xx_rcc.o(i.RCC_GetClocksFreq)
    RegisterSetODentryCallBack               0x080012a1   Thumb Code    54  objacces.o(i.RegisterSetODentryCallBack)
    SDOTimeoutAlarm                          0x080012d9   Thumb Code   256  sdo.o(i.SDOTimeoutAlarm)
    SDOlineToObjdict                         0x080013dd   Thumb Code   144  sdo.o(i.SDOlineToObjdict)
    SDOtoLine                                0x0800146d   Thumb Code   114  sdo.o(i.SDOtoLine)
    SVC_Handler                              0x080014df   Thumb Code     2  stm32f4xx_it.o(i.SVC_Handler)
    Servo_scanIndexOD                        0x080014e1   Thumb Code   318  slave.o(i.Servo_scanIndexOD)
    Servo_valueRangeTest                     0x0800163d   Thumb Code   110  slave.o(i.Servo_valueRangeTest)
    SetAlarm                                 0x080016b5   Thumb Code   166  timer.o(i.SetAlarm)
    SyncAlarm                                0x08001855   Thumb Code    14  sync.o(i.SyncAlarm)
    $Super$$SysTick_Handler                  0x08001863   Thumb Code     8  stm32f4xx_it.o(i.SysTick_Handler)
    SystemInit                               0x0800186d   Thumb Code    88  system_stm32f4xx.o(i.SystemInit)
    TPDO_Communication_Parameter_Callback    0x080018d5   Thumb Code   148  pdo.o(i.TPDO_Communication_Parameter_Callback)
    TimeDispatch                             0x08001969   Thumb Code   178  timer.o(i.TimeDispatch)
    USART_Cmd                                0x08001a29   Thumb Code    24  stm32f4xx_usart.o(i.USART_Cmd)
    USART_GetFlagStatus                      0x08001a41   Thumb Code    26  stm32f4xx_usart.o(i.USART_GetFlagStatus)
    USART_Init                               0x08001a5d   Thumb Code   204  stm32f4xx_usart.o(i.USART_Init)
    USART_SendData                           0x08001b31   Thumb Code     8  stm32f4xx_usart.o(i.USART_SendData)
    UsageFault_Handler                       0x08001b39   Thumb Code     4  stm32f4xx_it.o(i.UsageFault_Handler)
    _RxPDO_EventTimers_Handler               0x08001b3d   Thumb Code     2  pdo.o(i._RxPDO_EventTimers_Handler)
    __0printf$8                              0x08001b41   Thumb Code    22  printf8.o(i.__0printf$8)
    __1printf$8                              0x08001b41   Thumb Code     0  printf8.o(i.__0printf$8)
    __2printf                                0x08001b41   Thumb Code     0  printf8.o(i.__0printf$8)
    __scatterload_copy                       0x08001b61   Thumb Code    14  handlers.o(i.__scatterload_copy)
    __scatterload_null                       0x08001b6f   Thumb Code     2  handlers.o(i.__scatterload_null)
    __scatterload_zeroinit                   0x08001b71   Thumb Code    14  handlers.o(i.__scatterload_zeroinit)
    _getODentry                              0x08001b81   Thumb Code   310  objacces.o(i._getODentry)
    _heartbeatError                          0x08001cc5   Thumb Code     2  lifegrd.o(i._heartbeatError)
    _initialisation                          0x08001cc7   Thumb Code     2  states.o(i._initialisation)
    _nodeguardError                          0x08001cc9   Thumb Code     2  lifegrd.o(i._nodeguardError)
    _operational                             0x08001ccb   Thumb Code     2  states.o(i._operational)
    _post_SlaveBootup                        0x08001ccd   Thumb Code     2  lifegrd.o(i._post_SlaveBootup)
    _post_SlaveStateChange                   0x08001ccf   Thumb Code     2  lifegrd.o(i._post_SlaveStateChange)
    _post_TPDO                               0x08001cd1   Thumb Code     2  sync.o(i._post_TPDO)
    _post_emcy                               0x08001cd3   Thumb Code     2  emcy.o(i._post_emcy)
    _post_sync                               0x08001cd5   Thumb Code     2  sync.o(i._post_sync)
    _preOperational                          0x08001cd7   Thumb Code    22  states.o(i._preOperational)
    _readNetworkDict                         0x08002143   Thumb Code   304  sdo.o(i._readNetworkDict)
    _sendPDOevent                            0x08002273   Thumb Code   408  pdo.o(i._sendPDOevent)
    _setODentry                              0x0800240d   Thumb Code   328  objacces.o(i._setODentry)
    _stopped                                 0x08002561   Thumb Code     2  states.o(i._stopped)
    _storeODSubIndex                         0x08002563   Thumb Code     2  objacces.o(i._storeODSubIndex)
    accessDictionaryError                    0x08002565   Thumb Code    10  objacces.o(i.accessDictionaryError)
    buildPDO                                 0x0800256f   Thumb Code   242  pdo.o(i.buildPDO)
    canDispatch                              0x08002661   Thumb Code   152  states.o(i.canDispatch)
    canSend                                  0x080026f9   Thumb Code    98  main.o(i.canSend)
    can_display_msg                          0x08002779   Thumb Code    84  can.o(i.can_display_msg)
    can_init                                 0x080027f1   Thumb Code   608  can.o(i.can_init)
    cbkSDORead                               0x08002a69   Thumb Code    54  main.o(i.cbkSDORead)
    cop_isr                                  0x08002ab9   Thumb Code   248  main.o(i.cop_isr)
    dwt_init                                 0x08002c65   Thumb Code    30  sleep.o(i.dwt_init)
    emergencyInit                            0x08002c8d   Thumb Code    28  emcy.o(i.emergencyInit)
    emergencyStop                            0x08002cad   Thumb Code     2  emcy.o(i.emergencyStop)
    failedSDO                                0x08002caf   Thumb Code   166  sdo.o(i.failedSDO)
    fputc                                    0x08002d55   Thumb Code    58  rs232.o(i.fputc)
    getElapsedTime                           0x08002d95   Thumb Code    28  main.o(i.getElapsedTime)
    getNodeId                                0x08002db5   Thumb Code     8  states.o(i.getNodeId)
    getSDOfreeLine                           0x08002dbd   Thumb Code    58  sdo.o(i.getSDOfreeLine)
    getSDOlineOnUse                          0x08002df7   Thumb Code   100  sdo.o(i.getSDOlineOnUse)
    getSDOlineRestBytes                      0x08002e5b   Thumb Code    62  sdo.o(i.getSDOlineRestBytes)
    get_build_time                           0x08002e99   Thumb Code   232  buildtime.o(i.get_build_time)
    heartbeatInit                            0x08002f8d   Thumb Code   130  lifegrd.o(i.heartbeatInit)
    heartbeatStop                            0x0800301d   Thumb Code    56  lifegrd.o(i.heartbeatStop)
    initSDOline                              0x08003055   Thumb Code   368  sdo.o(i.initSDOline)
    led_off                                  0x08003285   Thumb Code    58  led.o(i.led_off)
    led_tgl                                  0x080032c5   Thumb Code   124  led.o(i.led_tgl)
    lifeGuardInit                            0x08003345   Thumb Code    18  lifegrd.o(i.lifeGuardInit)
    lifeGuardStop                            0x08003357   Thumb Code    18  lifegrd.o(i.lifeGuardStop)
    lineToSDO                                0x08003369   Thumb Code   148  sdo.o(i.lineToSDO)
    $Super$$main                             0x080033fd   Thumb Code   264  main.o(i.main)
    masterSendNMTnodeguard                   0x08003561   Thumb Code    38  nmtmaster.o(i.masterSendNMTnodeguard)
    masterSendNMTstateChange                 0x08003587   Thumb Code    44  nmtmaster.o(i.masterSendNMTstateChange)
    master_scanIndexOD                       0x080035b5   Thumb Code    96  master.o(i.master_scanIndexOD)
    master_valueRangeTest                    0x08003621   Thumb Code    22  master.o(i.master_valueRangeTest)
    nodeguardInit                            0x0800363d   Thumb Code   128  lifegrd.o(i.nodeguardInit)
    nodeguardStop                            0x080036c5   Thumb Code    18  lifegrd.o(i.nodeguardStop)
    objdictToSDOline                         0x080036d7   Thumb Code   122  sdo.o(i.objdictToSDOline)
    proceedEMCY                              0x08003751   Thumb Code    54  emcy.o(i.proceedEMCY)
    proceedNMTstateChange                    0x08003787   Thumb Code   224  nmtslave.o(i.proceedNMTstateChange)
    proceedNODE_GUARD                        0x08003869   Thumb Code   276  lifegrd.o(i.proceedNODE_GUARD)
    proceedPDO                               0x08003981   Thumb Code   736  pdo.o(i.proceedPDO)
    proceedSDO                               0x08003c61   Thumb Code 10024  sdo.o(i.proceedSDO)
    proceedSYNC                              0x0800638d   Thumb Code    44  sync.o(i.proceedSYNC)
    readNetworkDictCallbackAI                0x080063b9   Thumb Code   178  sdo.o(i.readNetworkDictCallbackAI)
    resetSDO                                 0x0800646b   Thumb Code    26  sdo.o(i.resetSDO)
    resetSDOline                             0x08006485   Thumb Code    84  sdo.o(i.resetSDOline)
    UART_Config                               0x080064d9   Thumb Code   108  rs232.o(i.UART_Config)
    scanIndexOD                              0x0800654d   Thumb Code    28  objacces.o(i.scanIndexOD)
    sendOnePDOevent                          0x08006569   Thumb Code   310  pdo.o(i.sendOnePDOevent)
    sendSDO                                  0x080066d5   Thumb Code   162  sdo.o(i.sendSDO)
    sendSDOabort                             0x08006777   Thumb Code    82  sdo.o(i.sendSDOabort)
    sendSYNC                                 0x080067c9   Thumb Code    22  sync.o(i.sendSYNC)
    sendSYNCMessage                          0x080067df   Thumb Code    38  sync.o(i.sendSYNCMessage)
    setNodeId                                0x08006805   Thumb Code   362  states.o(i.setNodeId)
    setSDOlineRestBytes                      0x08006975   Thumb Code    30  sdo.o(i.setSDOlineRestBytes)
    setState                                 0x08006995   Thumb Code   200  states.o(i.setState)
    setTimer                                 0x08006a61   Thumb Code    16  main.o(i.setTimer)
    slaveSendBootUp                          0x08006a75   Thumb Code    46  nmtslave.o(i.slaveSendBootUp)
    startSYNC                                0x08006aa5   Thumb Code    96  sync.o(i.startSYNC)
    stopSYNC                                 0x08006b0d   Thumb Code    46  sync.o(i.stopSYNC)
    switchCommunicationState                 0x08006b3b   Thumb Code   284  states.o(i.switchCommunicationState)
    usdk_hw_uart_init                        0x08006c5f   Thumb Code    42  main.o(i.usdk_hw_uart_init)
    usdk_startup                             0x08006c89   Thumb Code    40  autoinit.o(i.usdk_startup)
    master_iam_a_slave                       0x08006d30   Data           1  master.o(.constdata)
    master_objdict                           0x08006d34   Data          40  master.o(.constdata)
    master_firstIndex                        0x08006d5c   Data          12  master.o(.constdata)
    master_lastIndex                         0x08006d68   Data          12  master.o(.constdata)
    master_ObjdictSize                       0x08006d74   Data           2  master.o(.constdata)
    Servo_iam_a_slave                        0x08006d78   Data           1  slave.o(.constdata)
    Servo_objdict                            0x08006d7c   Data         176  slave.o(.constdata)
    Servo_firstIndex                         0x08006e2c   Data          12  slave.o(.constdata)
    Servo_lastIndex                          0x08006e38   Data          12  slave.o(.constdata)
    Servo_ObjdictSize                        0x08006e44   Data           2  slave.o(.constdata)
    __usdk_init_system_begin                 0x08006ed8   Data           8  autoinit.o(.usdk.init0)
    __usdk_init_key_init                     0x08006ee0   Data           8  key.o(.usdk.init1)
    __usdk_init_led_init                     0x08006ee8   Data           8  led.o(.usdk.init1)
    __usdk_init_display_build_time           0x08006ef0   Data           8  buildtime.o(.usdk.init2)
    __usdk_init_system_end                   0x08006ef8   Data           8  autoinit.o(.usdk.init9)
    Region$$Table$$Base                      0x08006f00   Number         0  anon$$obj.o(Region$$Table)
    Region$$Table$$Limit                     0x08006f20   Number         0  anon$$obj.o(Region$$Table)
    m_cop_timeout                            0x20000000   Data           4  main.o(.data)
    m_data                                   0x2000000c   Data           4  buildtime.o(.data)
    m_time                                   0x20000010   Data           4  buildtime.o(.data)
    total_sleep_time                         0x20000028   Data           4  timer.o(.data)
    last_timer_raw                           0x2000002c   Data           2  timer.o(.data)
    tdcount                                  0x20000030   Data           4  timer.o(.data)
    master_bDeviceNodeId                     0x20000034   Data           1  master.o(.data)
    master_heartBeatTimers                   0x20000036   Data           2  master.o(.data)
    master_obj1000                           0x20000038   Data           4  master.o(.data)
    master_Index1000                         0x2000003c   Data          12  master.o(.data)
    master_obj1001                           0x20000048   Data           1  master.o(.data)
    master_Index1001                         0x2000004c   Data          12  master.o(.data)
    master_highestSubIndex_obj1003           0x20000058   Data           1  master.o(.data)
    master_obj1003                           0x2000005c   Data           4  master.o(.data)
    master_Index1003_callbacks               0x20000060   Data           8  master.o(.data)
    master_Index1003                         0x20000068   Data          24  master.o(.data)
    master_obj1005                           0x20000080   Data           4  master.o(.data)
    master_obj1006                           0x20000084   Data           4  master.o(.data)
    master_obj100C                           0x20000088   Data           2  master.o(.data)
    master_obj100D                           0x2000008a   Data           1  master.o(.data)
    master_obj1014                           0x2000008c   Data           4  master.o(.data)
    master_highestSubIndex_obj1016           0x20000090   Data           1  master.o(.data)
    master_obj1016                           0x20000094   Data           4  master.o(.data)
    master_obj1017                           0x20000098   Data           2  master.o(.data)
    master_Index1017_callbacks               0x2000009c   Data           4  master.o(.data)
    master_Index1017                         0x200000a0   Data          12  master.o(.data)
    master_highestSubIndex_obj1018           0x200000ac   Data           1  master.o(.data)
    master_obj1018_Vendor_ID                 0x200000b0   Data           4  master.o(.data)
    master_obj1018_Product_Code              0x200000b4   Data           4  master.o(.data)
    master_obj1018_Revision_Number           0x200000b8   Data           4  master.o(.data)
    master_obj1018_Serial_Number             0x200000bc   Data           4  master.o(.data)
    master_Index1018                         0x200000c0   Data          60  master.o(.data)
    master_highestSubIndex_obj1280           0x200000fc   Data           1  master.o(.data)
    master_obj1280_COB_ID_Client_to_Server_Transmit_SDO 0x20000100   Data           4  master.o(.data)
    master_obj1280_COB_ID_Server_to_Client_Receive_SDO 0x20000104   Data           4  master.o(.data)
    master_obj1280_Node_ID_of_the_SDO_Server 0x20000108   Data           1  master.o(.data)
    master_Index1280                         0x2000010c   Data          48  master.o(.data)
    master_PDO_status                        0x2000013c   Data          18  master.o(.data)
    master_Data                              0x20000150   Data         572  master.o(.data)
    spd_u16SpdSrc                            0x2000038c   Data           1  slave.o(.data)
    spd_s16SpdTgt                            0x2000038e   Data           2  slave.o(.data)
    spd_s16SpdFbk                            0x20000390   Data           2  slave.o(.data)
    spd_s16SpdRefSel                         0x20000392   Data           2  slave.o(.data)
    spd_s16SpdRef0                           0x20000394   Data           2  slave.o(.data)
    spd_s16SpdRef1                           0x20000396   Data           2  slave.o(.data)
    spd_s16SpdRef2                           0x20000398   Data           2  slave.o(.data)
    spd_s16SpdRef3                           0x2000039a   Data           2  slave.o(.data)
    spd_s16SpdRef4                           0x2000039c   Data           2  slave.o(.data)
    spd_s16SpdRef5                           0x2000039e   Data           2  slave.o(.data)
    spd_s16SpdRef6                           0x200003a0   Data           2  slave.o(.data)
    spd_s16SpdRef7                           0x200003a2   Data           2  slave.o(.data)
    spd_s16SpdRef8                           0x200003a4   Data           2  slave.o(.data)
    spd_s16SpdRef9                           0x200003a6   Data           2  slave.o(.data)
    spd_s16SpdRef10                          0x200003a8   Data           2  slave.o(.data)
    spd_s16SpdRef11                          0x200003aa   Data           2  slave.o(.data)
    spd_s16SpdRef12                          0x200003ac   Data           2  slave.o(.data)
    spd_s16SpdRef13                          0x200003ae   Data           2  slave.o(.data)
    spd_s16SpdRef14                          0x200003b0   Data           2  slave.o(.data)
    Servo_bDeviceNodeId                      0x200003b2   Data           1  slave.o(.data)
    Servo_heartBeatTimers                    0x200003b4   Data           2  slave.o(.data)
    Servo_obj1000                            0x200003b8   Data           4  slave.o(.data)
    Servo_Index1000                          0x200003bc   Data          12  slave.o(.data)
    Servo_obj1001                            0x200003c8   Data           1  slave.o(.data)
    Servo_Index1001                          0x200003cc   Data          12  slave.o(.data)
    Servo_highestSubIndex_obj1003            0x200003d8   Data           1  slave.o(.data)
    Servo_obj1003                            0x200003dc   Data           4  slave.o(.data)
    Servo_Index1003_callbacks                0x200003e0   Data           8  slave.o(.data)
    Servo_Index1003                          0x200003e8   Data          24  slave.o(.data)
    Servo_obj1005                            0x20000400   Data           4  slave.o(.data)
    Servo_obj1006                            0x20000404   Data           4  slave.o(.data)
    Servo_obj100C                            0x20000408   Data           2  slave.o(.data)
    Servo_obj100D                            0x2000040a   Data           1  slave.o(.data)
    Servo_obj1014                            0x2000040c   Data           4  slave.o(.data)
    Servo_highestSubIndex_obj1016            0x20000410   Data           1  slave.o(.data)
    Servo_obj1016                            0x20000414   Data           4  slave.o(.data)
    Servo_obj1017                            0x20000418   Data           2  slave.o(.data)
    Servo_Index1017_callbacks                0x2000041c   Data           4  slave.o(.data)
    Servo_Index1017                          0x20000420   Data          12  slave.o(.data)
    Servo_highestSubIndex_obj1018            0x2000042c   Data           1  slave.o(.data)
    Servo_obj1018_Vendor_ID                  0x20000430   Data           4  slave.o(.data)
    Servo_obj1018_Product_Code               0x20000434   Data           4  slave.o(.data)
    Servo_obj1018_Revision_Number            0x20000438   Data           4  slave.o(.data)
    Servo_obj1018_Serial_Number              0x2000043c   Data           4  slave.o(.data)
    Servo_Index1018                          0x20000440   Data          60  slave.o(.data)
    Servo_highestSubIndex_obj1200            0x2000047c   Data           1  slave.o(.data)
    Servo_obj1200_COB_ID_Client_to_Server_Receive_SDO 0x20000480   Data           4  slave.o(.data)
    Servo_obj1200_COB_ID_Server_to_Client_Transmit_SDO 0x20000484   Data           4  slave.o(.data)
    Servo_Index1200                          0x20000488   Data          36  slave.o(.data)
    Servo_highestSubIndex_obj1400            0x200004ac   Data           1  slave.o(.data)
    Servo_obj1400_COB_ID_used_by_PDO         0x200004b0   Data           4  slave.o(.data)
    Servo_obj1400_Transmission_Type          0x200004b4   Data           1  slave.o(.data)
    Servo_obj1400_Inhibit_Time               0x200004b6   Data           2  slave.o(.data)
    Servo_obj1400_Compatibility_Entry        0x200004b8   Data           1  slave.o(.data)
    Servo_obj1400_Event_Timer                0x200004ba   Data           2  slave.o(.data)
    Servo_obj1400_SYNC_start_value           0x200004bc   Data           1  slave.o(.data)
    Servo_Index1400                          0x200004c0   Data          84  slave.o(.data)
    Servo_highestSubIndex_obj1401            0x20000514   Data           1  slave.o(.data)
    Servo_obj1401_COB_ID_used_by_PDO         0x20000518   Data           4  slave.o(.data)
    Servo_obj1401_Transmission_Type          0x2000051c   Data           1  slave.o(.data)
    Servo_obj1401_Inhibit_Time               0x2000051e   Data           2  slave.o(.data)
    Servo_obj1401_Compatibility_Entry        0x20000520   Data           1  slave.o(.data)
    Servo_obj1401_Event_Timer                0x20000522   Data           2  slave.o(.data)
    Servo_obj1401_SYNC_start_value           0x20000524   Data           1  slave.o(.data)
    Servo_Index1401                          0x20000528   Data          84  slave.o(.data)
    Servo_highestSubIndex_obj1402            0x2000057c   Data           1  slave.o(.data)
    Servo_obj1402_COB_ID_used_by_PDO         0x20000580   Data           4  slave.o(.data)
    Servo_obj1402_Transmission_Type          0x20000584   Data           1  slave.o(.data)
    Servo_obj1402_Inhibit_Time               0x20000586   Data           2  slave.o(.data)
    Servo_obj1402_Compatibility_Entry        0x20000588   Data           1  slave.o(.data)
    Servo_obj1402_Event_Timer                0x2000058a   Data           2  slave.o(.data)
    Servo_obj1402_SYNC_start_value           0x2000058c   Data           1  slave.o(.data)
    Servo_Index1402                          0x20000590   Data          84  slave.o(.data)
    Servo_highestSubIndex_obj1403            0x200005e4   Data           1  slave.o(.data)
    Servo_obj1403_COB_ID_used_by_PDO         0x200005e8   Data           4  slave.o(.data)
    Servo_obj1403_Transmission_Type          0x200005ec   Data           1  slave.o(.data)
    Servo_obj1403_Inhibit_Time               0x200005ee   Data           2  slave.o(.data)
    Servo_obj1403_Compatibility_Entry        0x200005f0   Data           1  slave.o(.data)
    Servo_obj1403_Event_Timer                0x200005f2   Data           2  slave.o(.data)
    Servo_obj1403_SYNC_start_value           0x200005f4   Data           1  slave.o(.data)
    Servo_Index1403                          0x200005f8   Data          84  slave.o(.data)
    Servo_highestSubIndex_obj1600            0x2000064c   Data           1  slave.o(.data)
    Servo_Index1600                          0x20000650   Data         108  slave.o(.data)
    Servo_highestSubIndex_obj1601            0x200006bc   Data           1  slave.o(.data)
    Servo_Index1601                          0x200006c0   Data         108  slave.o(.data)
    Servo_highestSubIndex_obj1602            0x2000072c   Data           1  slave.o(.data)
    Servo_Index1602                          0x20000730   Data         108  slave.o(.data)
    Servo_highestSubIndex_obj1603            0x2000079c   Data           1  slave.o(.data)
    Servo_Index1603                          0x200007a0   Data         108  slave.o(.data)
    Servo_highestSubIndex_obj1800            0x2000080c   Data           1  slave.o(.data)
    Servo_obj1800_COB_ID_used_by_PDO         0x20000810   Data           4  slave.o(.data)
    Servo_obj1800_Transmission_Type          0x20000814   Data           1  slave.o(.data)
    Servo_obj1800_Inhibit_Time               0x20000816   Data           2  slave.o(.data)
    Servo_obj1800_Compatibility_Entry        0x20000818   Data           1  slave.o(.data)
    Servo_obj1800_Event_Timer                0x2000081a   Data           2  slave.o(.data)
    Servo_obj1800_SYNC_start_value           0x2000081c   Data           1  slave.o(.data)
    Servo_Index1800                          0x20000820   Data          84  slave.o(.data)
    Servo_highestSubIndex_obj1801            0x20000874   Data           1  slave.o(.data)
    Servo_obj1801_COB_ID_used_by_PDO         0x20000878   Data           4  slave.o(.data)
    Servo_obj1801_Transmission_Type          0x2000087c   Data           1  slave.o(.data)
    Servo_obj1801_Inhibit_Time               0x2000087e   Data           2  slave.o(.data)
    Servo_obj1801_Compatibility_Entry        0x20000880   Data           1  slave.o(.data)
    Servo_obj1801_Event_Timer                0x20000882   Data           2  slave.o(.data)
    Servo_obj1801_SYNC_start_value           0x20000884   Data           1  slave.o(.data)
    Servo_Index1801                          0x20000888   Data          84  slave.o(.data)
    Servo_highestSubIndex_obj1802            0x200008dc   Data           1  slave.o(.data)
    Servo_obj1802_COB_ID_used_by_PDO         0x200008e0   Data           4  slave.o(.data)
    Servo_obj1802_Transmission_Type          0x200008e4   Data           1  slave.o(.data)
    Servo_obj1802_Inhibit_Time               0x200008e6   Data           2  slave.o(.data)
    Servo_obj1802_Compatibility_Entry        0x200008e8   Data           1  slave.o(.data)
    Servo_obj1802_Event_Timer                0x200008ea   Data           2  slave.o(.data)
    Servo_obj1802_SYNC_start_value           0x200008ec   Data           1  slave.o(.data)
    Servo_Index1802                          0x200008f0   Data          84  slave.o(.data)
    Servo_highestSubIndex_obj1803            0x20000944   Data           1  slave.o(.data)
    Servo_obj1803_COB_ID_used_by_PDO         0x20000948   Data           4  slave.o(.data)
    Servo_obj1803_Transmission_Type          0x2000094c   Data           1  slave.o(.data)
    Servo_obj1803_Inhibit_Time               0x2000094e   Data           2  slave.o(.data)
    Servo_obj1803_Compatibility_Entry        0x20000950   Data           1  slave.o(.data)
    Servo_obj1803_Event_Timer                0x20000952   Data           2  slave.o(.data)
    Servo_obj1803_SYNC_start_value           0x20000954   Data           1  slave.o(.data)
    Servo_Index1803                          0x20000958   Data          84  slave.o(.data)
    Servo_highestSubIndex_obj1A00            0x200009ac   Data           1  slave.o(.data)
    Servo_Index1A00                          0x200009b0   Data         108  slave.o(.data)
    Servo_highestSubIndex_obj1A01            0x20000a1c   Data           1  slave.o(.data)
    Servo_Index1A01                          0x20000a20   Data         108  slave.o(.data)
    Servo_highestSubIndex_obj1A02            0x20000a8c   Data           1  slave.o(.data)
    Servo_Index1A02                          0x20000a90   Data         108  slave.o(.data)
    Servo_highestSubIndex_obj1A03            0x20000afc   Data           1  slave.o(.data)
    Servo_Index1A03                          0x20000b00   Data         108  slave.o(.data)
    Servo_highestSubIndex_obj2000            0x20000b6c   Data           1  slave.o(.data)
    Servo_Index2000                          0x20000b70   Data         240  slave.o(.data)
    Servo_PDO_status                         0x20000c60   Data          72  slave.o(.data)
    Servo_Data                               0x20000ca8   Data         572  slave.o(.data)
    __stdout                                 0x20000ee4   Data           4  stdout.o(.data)
    timers                                   0x20000ee8   Data         192  timer.o(.bss)
    Servo_obj1600                            0x20000fa8   Data          32  slave.o(.bss)
    Servo_obj1601                            0x20000fc8   Data          32  slave.o(.bss)
    Servo_obj1602                            0x20000fe8   Data          32  slave.o(.bss)
    Servo_obj1603                            0x20001008   Data          32  slave.o(.bss)
    Servo_Index1800_callbacks                0x20001028   Data          28  slave.o(.bss)
    Servo_Index1801_callbacks                0x20001044   Data          28  slave.o(.bss)
    Servo_Index1802_callbacks                0x20001060   Data          28  slave.o(.bss)
    Servo_Index1803_callbacks                0x2000107c   Data          28  slave.o(.bss)
    Servo_obj1A00                            0x20001098   Data          32  slave.o(.bss)
    Servo_obj1A01                            0x200010b8   Data          32  slave.o(.bss)
    Servo_obj1A02                            0x200010d8   Data          32  slave.o(.bss)
    Servo_obj1A03                            0x200010f8   Data          32  slave.o(.bss)
    __initial_sp                             0x20001518   Data           0  startup_stm32f40_41xxx.o(STACK)



==============================================================================

Memory Map of the image

  Image Entry point : 0x08000189

  Load Region LR_IROM1 (Base: 0x08000000, Size: 0x00007e08, Max: 0x00080000, ABSOLUTE, COMPRESSED[0x0000732c])

    Execution Region ER_IROM1 (Exec base: 0x08000000, Load base: 0x08000000, Size: 0x00006f20, Max: 0x00080000, ABSOLUTE)

    Exec Addr    Load Addr    Size         Type   Attr      Idx    E Section Name        Object

    0x08000000   0x08000000   0x00000188   Data   RO            3    RESET               startup_stm32f40_41xxx.o
    0x08000188   0x08000188   0x00000000   Code   RO         6956  * .ARM.Collect$$$$00000000  mc_w.l(entry.o)
    0x08000188   0x08000188   0x00000004   Code   RO         7228    .ARM.Collect$$$$00000001  mc_w.l(entry2.o)
    0x0800018c   0x0800018c   0x00000004   Code   RO         7231    .ARM.Collect$$$$00000004  mc_w.l(entry5.o)
    0x08000190   0x08000190   0x00000000   Code   RO         7233    .ARM.Collect$$$$00000008  mc_w.l(entry7b.o)
    0x08000190   0x08000190   0x00000000   Code   RO         7235    .ARM.Collect$$$$0000000A  mc_w.l(entry8b.o)
    0x08000190   0x08000190   0x00000008   Code   RO         7236    .ARM.Collect$$$$0000000B  mc_w.l(entry9a.o)
    0x08000198   0x08000198   0x00000004   Code   RO         7243    .ARM.Collect$$$$0000000E  mc_w.l(entry12b.o)
    0x0800019c   0x0800019c   0x00000000   Code   RO         7238    .ARM.Collect$$$$0000000F  mc_w.l(entry10a.o)
    0x0800019c   0x0800019c   0x00000000   Code   RO         7240    .ARM.Collect$$$$00000011  mc_w.l(entry11a.o)
    0x0800019c   0x0800019c   0x00000004   Code   RO         7229    .ARM.Collect$$$$00002712  mc_w.l(entry2.o)
    0x080001a0   0x080001a0   0x00000024   Code   RO            4    .text               startup_stm32f40_41xxx.o
    0x080001c4   0x080001c4   0x00000024   Code   RO         6959    .text               mc_w.l(memcpya.o)
    0x080001e8   0x080001e8   0x0000001c   Code   RO         6961    .text               mc_w.l(strcmp.o)
    0x08000204   0x08000204   0x0000001a   Code   RO         6963    .text               mc_w.l(memcmp.o)
    0x0800021e   0x0800021e   0x00000062   Code   RO         7247    .text               mc_w.l(uldiv.o)
    0x08000280   0x08000280   0x00000024   Code   RO         7260    .text               mc_w.l(init.o)
    0x080002a4   0x080002a4   0x0000001e   Code   RO         7262    .text               mc_w.l(llshl.o)
    0x080002c2   0x080002c2   0x00000020   Code   RO         7264    .text               mc_w.l(llushr.o)
    0x080002e2   0x080002e2   0x00000056   Code   RO         7278    .text               mc_w.l(__dczerorl2.o)
    0x08000338   0x08000338   0x0000001c   Code   RO          155    i.$Sub$$SysTick_Handler  main.o
    0x08000354   0x08000354   0x0000000c   Code   RO          604    i.$Sub$$main        autoinit.o
    0x08000360   0x08000360   0x00000004   Code   RO          360    i.BusFault_Handler  stm32f4xx_it.o
    0x08000364   0x08000364   0x00000024   Code   RO          156    i.CAN1_RX0_IRQHandler  main.o
    0x08000388   0x08000388   0x00000024   Code   RO          157    i.CAN1_RX1_IRQHandler  main.o
    0x080003ac   0x080003ac   0x00000024   Code   RO          158    i.CAN2_RX0_IRQHandler  main.o
    0x080003d0   0x080003d0   0x000000a8   Code   RO         1124    i.CAN_ClearITPendingBit  stm32f4xx_can.o
    0x08000478   0x08000478   0x00000108   Code   RO         1128    i.CAN_FilterInit    stm32f4xx_can.o
    0x08000580   0x08000580   0x00000120   Code   RO         1130    i.CAN_GetITStatus   stm32f4xx_can.o
    0x080006a0   0x080006a0   0x00000012   Code   RO         1134    i.CAN_ITConfig      stm32f4xx_can.o
    0x080006b2   0x080006b2   0x00000114   Code   RO         1135    i.CAN_Init          stm32f4xx_can.o
    0x080007c6   0x080007c6   0x000000e8   Code   RO         1138    i.CAN_Receive       stm32f4xx_can.o
    0x080008ae   0x080008ae   0x00000126   Code   RO         1143    i.CAN_Transmit      stm32f4xx_can.o
    0x080009d4   0x080009d4   0x00000012   Code   RO         1146    i.CheckITStatus     stm32f4xx_can.o
    0x080009e6   0x080009e6   0x00000032   Code   RO         6027    i.ConsumerHeartbeatAlarm  lifegrd.o
    0x08000a18   0x08000a18   0x00000124   Code   RO          159    i.CopSlv_SetIdFltr  main.o
    0x08000b3c   0x08000b3c   0x000000ec   Code   RO         6308    i.CopyBits          pdo.o
    0x08000c28   0x08000c28   0x00000002   Code   RO          361    i.DebugMon_Handler  stm32f4xx_it.o
    0x08000c2a   0x08000c2a   0x00000002   PAD
    0x08000c2c   0x08000c2c   0x00000038   Code   RO         6829    i.DelAlarm          timer.o
    0x08000c64   0x08000c64   0x00000060   Code   RO          743    i.DelayInit         sleep.o
    0x08000cc4   0x08000cc4   0x0000001c   Code   RO          760    i.DelayNonBlock     sleep.o
    0x08000ce0   0x08000ce0   0x00000090   Code   RO         2703    i.GPIO_Init         stm32f4xx_gpio.o
    0x08000d70   0x08000d70   0x00000046   Code   RO         2704    i.GPIO_PinAFConfig  stm32f4xx_gpio.o
    0x08000db6   0x08000db6   0x00000012   Code   RO         2707    i.GPIO_ReadInputDataBit  stm32f4xx_gpio.o
    0x08000dc8   0x08000dc8   0x0000000c   Code   RO         2715    i.GPIO_WriteBit     stm32f4xx_gpio.o
    0x08000dd4   0x08000dd4   0x00000054   Code   RO         6413    i.GetSDOClientFromNodeId  sdo.o
    0x08000e28   0x08000e28   0x00000076   Code   RO         6028    i.GuardTimeAlarm    lifegrd.o
    0x08000e9e   0x08000e9e   0x00000012   Code   RO          766    i.HAL_DeltaTick     sleep.o
    0x08000eb0   0x08000eb0   0x0000000c   Code   RO          749    i.HAL_GetTick       sleep.o
    0x08000ebc   0x08000ebc   0x00000014   Code   RO          772    i.HAL_IncTick       sleep.o
    0x08000ed0   0x08000ed0   0x00000004   Code   RO          362    i.HardFault_Handler  stm32f4xx_it.o
    0x08000ed4   0x08000ed4   0x00000004   Code   RO          363    i.MemManage_Handler  stm32f4xx_it.o
    0x08000ed8   0x08000ed8   0x00000002   Code   RO          364    i.NMI_Handler       stm32f4xx_it.o
    0x08000eda   0x08000eda   0x00000002   PAD
    0x08000edc   0x08000edc   0x00000078   Code   RO          828    i.NVIC_Init         misc.o
    0x08000f54   0x08000f54   0x00000014   Code   RO          829    i.NVIC_PriorityGroupConfig  misc.o
    0x08000f68   0x08000f68   0x00000012   Code   RO         6753    i.OnCOB_ID_SyncUpdate  sync.o
    0x08000f7a   0x08000f7a   0x00000018   Code   RO         6029    i.OnHeartbeatProducerUpdate  lifegrd.o
    0x08000f92   0x08000f92   0x00000018   Code   RO         6030    i.OnNodeGuardUpdate  lifegrd.o
    0x08000faa   0x08000faa   0x0000002c   Code   RO         5956    i.OnNumberOfErrorsUpdate  emcy.o
    0x08000fd6   0x08000fd6   0x0000002e   Code   RO         6309    i.PDOEventTimerAlarm  pdo.o
    0x08001004   0x08001004   0x00000038   Code   RO         6310    i.PDOInhibitTimerAlarm  pdo.o
    0x0800103c   0x0800103c   0x00000058   Code   RO         6311    i.PDOInit           pdo.o
    0x08001094   0x08001094   0x00000078   Code   RO         6312    i.PDOStop           pdo.o
    0x0800110c   0x0800110c   0x00000002   Code   RO          365    i.PendSV_Handler    stm32f4xx_it.o
    0x0800110e   0x0800110e   0x00000048   Code   RO         6031    i.ProducerHeartbeatAlarm  lifegrd.o
    0x08001156   0x08001156   0x00000002   PAD
    0x08001158   0x08001158   0x00000020   Code   RO         3629    i.RCC_AHB1PeriphClockCmd  stm32f4xx_rcc.o
    0x08001178   0x08001178   0x00000020   Code   RO         3638    i.RCC_APB1PeriphClockCmd  stm32f4xx_rcc.o
    0x08001198   0x08001198   0x00000020   Code   RO         3641    i.RCC_APB2PeriphClockCmd  stm32f4xx_rcc.o
    0x080011b8   0x080011b8   0x000000e8   Code   RO         3650    i.RCC_GetClocksFreq  stm32f4xx_rcc.o
    0x080012a0   0x080012a0   0x00000036   Code   RO         6250    i.RegisterSetODentryCallBack  objacces.o
    0x080012d6   0x080012d6   0x00000002   PAD
    0x080012d8   0x080012d8   0x00000104   Code   RO         6414    i.SDOTimeoutAlarm   sdo.o
    0x080013dc   0x080013dc   0x00000090   Code   RO         6415    i.SDOlineToObjdict  sdo.o
    0x0800146c   0x0800146c   0x00000072   Code   RO         6416    i.SDOtoLine         sdo.o
    0x080014de   0x080014de   0x00000002   Code   RO          366    i.SVC_Handler       stm32f4xx_it.o
    0x080014e0   0x080014e0   0x0000015c   Code   RO         6917    i.Servo_scanIndexOD  slave.o
    0x0800163c   0x0800163c   0x00000078   Code   RO         6918    i.Servo_valueRangeTest  slave.o
    0x080016b4   0x080016b4   0x000000b4   Code   RO         6830    i.SetAlarm          timer.o
    0x08001768   0x08001768   0x000000ec   Code   RO           13    i.SetSysClock       system_stm32f4xx.o
    0x08001854   0x08001854   0x0000000e   Code   RO         6754    i.SyncAlarm         sync.o
    0x08001862   0x08001862   0x00000008   Code   RO          367    i.SysTick_Handler   stm32f4xx_it.o
    0x0800186a   0x0800186a   0x00000002   PAD
    0x0800186c   0x0800186c   0x00000068   Code   RO           15    i.SystemInit        system_stm32f4xx.o
    0x080018d4   0x080018d4   0x00000094   Code   RO         6313    i.TPDO_Communication_Parameter_Callback  pdo.o
    0x08001968   0x08001968   0x000000c0   Code   RO         6831    i.TimeDispatch      timer.o
    0x08001a28   0x08001a28   0x00000018   Code   RO         5579    i.USART_Cmd         stm32f4xx_usart.o
    0x08001a40   0x08001a40   0x0000001a   Code   RO         5582    i.USART_GetFlagStatus  stm32f4xx_usart.o
    0x08001a5a   0x08001a5a   0x00000002   PAD
    0x08001a5c   0x08001a5c   0x000000d4   Code   RO         5586    i.USART_Init        stm32f4xx_usart.o
    0x08001b30   0x08001b30   0x00000008   Code   RO         5596    i.USART_SendData    stm32f4xx_usart.o
    0x08001b38   0x08001b38   0x00000004   Code   RO          368    i.UsageFault_Handler  stm32f4xx_it.o
    0x08001b3c   0x08001b3c   0x00000002   Code   RO         6314    i._RxPDO_EventTimers_Handler  pdo.o
    0x08001b3e   0x08001b3e   0x00000002   PAD
    0x08001b40   0x08001b40   0x00000020   Code   RO         7174    i.__0printf$8       mc_w.l(printf8.o)
    0x08001b60   0x08001b60   0x0000000e   Code   RO         7272    i.__scatterload_copy  mc_w.l(handlers.o)
    0x08001b6e   0x08001b6e   0x00000002   Code   RO         7273    i.__scatterload_null  mc_w.l(handlers.o)
    0x08001b70   0x08001b70   0x0000000e   Code   RO         7274    i.__scatterload_zeroinit  mc_w.l(handlers.o)
    0x08001b7e   0x08001b7e   0x00000002   PAD
    0x08001b80   0x08001b80   0x00000144   Code   RO         6251    i._getODentry       objacces.o
    0x08001cc4   0x08001cc4   0x00000002   Code   RO         6032    i._heartbeatError   lifegrd.o
    0x08001cc6   0x08001cc6   0x00000002   Code   RO         6648    i._initialisation   states.o
    0x08001cc8   0x08001cc8   0x00000002   Code   RO         6033    i._nodeguardError   lifegrd.o
    0x08001cca   0x08001cca   0x00000002   Code   RO         6649    i._operational      states.o
    0x08001ccc   0x08001ccc   0x00000002   Code   RO         6034    i._post_SlaveBootup  lifegrd.o
    0x08001cce   0x08001cce   0x00000002   Code   RO         6035    i._post_SlaveStateChange  lifegrd.o
    0x08001cd0   0x08001cd0   0x00000002   Code   RO         6755    i._post_TPDO        sync.o
    0x08001cd2   0x08001cd2   0x00000002   Code   RO         5957    i._post_emcy        emcy.o
    0x08001cd4   0x08001cd4   0x00000002   Code   RO         6756    i._post_sync        sync.o
    0x08001cd6   0x08001cd6   0x00000016   Code   RO         6650    i._preOperational   states.o
    0x08001cec   0x08001cec   0x00000404   Code   RO         7181    i._printf_core      mc_w.l(printf8.o)
    0x080020f0   0x080020f0   0x00000024   Code   RO         7182    i._printf_post_padding  mc_w.l(printf8.o)
    0x08002114   0x08002114   0x0000002e   Code   RO         7183    i._printf_pre_padding  mc_w.l(printf8.o)
    0x08002142   0x08002142   0x00000130   Code   RO         6417    i._readNetworkDict  sdo.o
    0x08002272   0x08002272   0x00000198   Code   RO         6315    i._sendPDOevent     pdo.o
    0x0800240a   0x0800240a   0x00000002   PAD
    0x0800240c   0x0800240c   0x00000154   Code   RO         6252    i._setODentry       objacces.o
    0x08002560   0x08002560   0x00000002   Code   RO         6651    i._stopped          states.o
    0x08002562   0x08002562   0x00000002   Code   RO         6253    i._storeODSubIndex  objacces.o
    0x08002564   0x08002564   0x0000000a   Code   RO         6254    i.accessDictionaryError  objacces.o
    0x0800256e   0x0800256e   0x000000f2   Code   RO         6316    i.buildPDO          pdo.o
    0x08002660   0x08002660   0x00000098   Code   RO         6652    i.canDispatch       states.o
    0x080026f8   0x080026f8   0x00000080   Code   RO          161    i.canSend           main.o
    0x08002778   0x08002778   0x00000078   Code   RO          567    i.can_display_msg   can.o
    0x080027f0   0x080027f0   0x00000278   Code   RO          568    i.can_init          can.o
    0x08002a68   0x08002a68   0x00000050   Code   RO          162    i.cbkSDORead        main.o
    0x08002ab8   0x08002ab8   0x00000114   Code   RO          163    i.cop_isr           main.o
    0x08002bcc   0x08002bcc   0x00000098   Code   RO          665    i.display_build_time  buildtime.o
    0x08002c64   0x08002c64   0x00000028   Code   RO          731    i.dwt_init          sleep.o
    0x08002c8c   0x08002c8c   0x00000020   Code   RO         5958    i.emergencyInit     emcy.o
    0x08002cac   0x08002cac   0x00000002   Code   RO         5959    i.emergencyStop     emcy.o
    0x08002cae   0x08002cae   0x000000a6   Code   RO         6420    i.failedSDO         sdo.o
    0x08002d54   0x08002d54   0x00000040   Code   RO          530    i.fputc             rs232.o
    0x08002d94   0x08002d94   0x00000020   Code   RO          164    i.getElapsedTime    main.o
    0x08002db4   0x08002db4   0x00000008   Code   RO         6653    i.getNodeId         states.o
    0x08002dbc   0x08002dbc   0x0000003a   Code   RO         6422    i.getSDOfreeLine    sdo.o
    0x08002df6   0x08002df6   0x00000064   Code   RO         6423    i.getSDOlineOnUse   sdo.o
    0x08002e5a   0x08002e5a   0x0000003e   Code   RO         6424    i.getSDOlineRestBytes  sdo.o
    0x08002e98   0x08002e98   0x000000f4   Code   RO          666    i.get_build_time    buildtime.o
    0x08002f8c   0x08002f8c   0x00000090   Code   RO         6037    i.heartbeatInit     lifegrd.o
    0x0800301c   0x0800301c   0x00000038   Code   RO         6038    i.heartbeatStop     lifegrd.o
    0x08003054   0x08003054   0x00000178   Code   RO         6427    i.initSDOline       sdo.o
    0x080031cc   0x080031cc   0x00000054   Code   RO          429    i.key_init          key.o
    0x08003220   0x08003220   0x00000064   Code   RO          478    i.led_init          led.o
    0x08003284   0x08003284   0x00000040   Code   RO          499    i.led_off           led.o
    0x080032c4   0x080032c4   0x00000080   Code   RO          511    i.led_tgl           led.o
    0x08003344   0x08003344   0x00000012   Code   RO         6039    i.lifeGuardInit     lifegrd.o
    0x08003356   0x08003356   0x00000012   Code   RO         6040    i.lifeGuardStop     lifegrd.o
    0x08003368   0x08003368   0x00000094   Code   RO         6428    i.lineToSDO         sdo.o
    0x080033fc   0x080033fc   0x00000164   Code   RO          165    i.main              main.o
    0x08003560   0x08003560   0x00000026   Code   RO         6177    i.masterSendNMTnodeguard  nmtmaster.o
    0x08003586   0x08003586   0x0000002c   Code   RO         6178    i.masterSendNMTstateChange  nmtmaster.o
    0x080035b2   0x080035b2   0x00000002   PAD
    0x080035b4   0x080035b4   0x0000006c   Code   RO         6876    i.master_scanIndexOD  master.o
    0x08003620   0x08003620   0x0000001c   Code   RO         6877    i.master_valueRangeTest  master.o
    0x0800363c   0x0800363c   0x00000088   Code   RO         6041    i.nodeguardInit     lifegrd.o
    0x080036c4   0x080036c4   0x00000012   Code   RO         6042    i.nodeguardStop     lifegrd.o
    0x080036d6   0x080036d6   0x0000007a   Code   RO         6429    i.objdictToSDOline  sdo.o
    0x08003750   0x08003750   0x00000036   Code   RO         5960    i.proceedEMCY       emcy.o
    0x08003786   0x08003786   0x000000e0   Code   RO         6216    i.proceedNMTstateChange  nmtslave.o
    0x08003866   0x08003866   0x00000002   PAD
    0x08003868   0x08003868   0x00000118   Code   RO         6043    i.proceedNODE_GUARD  lifegrd.o
    0x08003980   0x08003980   0x000002e0   Code   RO         6317    i.proceedPDO        pdo.o
    0x08003c60   0x08003c60   0x0000272c   Code   RO         6430    i.proceedSDO        sdo.o
    0x0800638c   0x0800638c   0x0000002c   Code   RO         6757    i.proceedSYNC       sync.o
    0x080063b8   0x080063b8   0x000000b2   Code   RO         6433    i.readNetworkDictCallbackAI  sdo.o
    0x0800646a   0x0800646a   0x0000001a   Code   RO         6434    i.resetSDO          sdo.o
    0x08006484   0x08006484   0x00000054   Code   RO         6435    i.resetSDOline      sdo.o
    0x080064d8   0x080064d8   0x00000074   Code   RO          531    i.UART_Config        rs232.o
    0x0800654c   0x0800654c   0x0000001c   Code   RO         6255    i.scanIndexOD       objacces.o
    0x08006568   0x08006568   0x00000140   Code   RO         6318    i.sendOnePDOevent   pdo.o
    0x080066a8   0x080066a8   0x0000002c   Code   RO         6321    i.sendPdo           pdo.o
    0x080066d4   0x080066d4   0x000000a2   Code   RO         6436    i.sendSDO           sdo.o
    0x08006776   0x08006776   0x00000052   Code   RO         6437    i.sendSDOabort      sdo.o
    0x080067c8   0x080067c8   0x00000016   Code   RO         6758    i.sendSYNC          sync.o
    0x080067de   0x080067de   0x00000026   Code   RO         6759    i.sendSYNCMessage   sync.o
    0x08006804   0x08006804   0x00000170   Code   RO         6655    i.setNodeId         states.o
    0x08006974   0x08006974   0x0000001e   Code   RO         6438    i.setSDOlineRestBytes  sdo.o
    0x08006992   0x08006992   0x00000002   PAD
    0x08006994   0x08006994   0x000000cc   Code   RO         6656    i.setState          states.o
    0x08006a60   0x08006a60   0x00000014   Code   RO          166    i.setTimer          main.o
    0x08006a74   0x08006a74   0x0000002e   Code   RO         6217    i.slaveSendBootUp   nmtslave.o
    0x08006aa2   0x08006aa2   0x00000002   PAD
    0x08006aa4   0x08006aa4   0x00000068   Code   RO         6760    i.startSYNC         sync.o
    0x08006b0c   0x08006b0c   0x0000002e   Code   RO         6761    i.stopSYNC          sync.o
    0x08006b3a   0x08006b3a   0x0000011c   Code   RO         6657    i.switchCommunicationState  states.o
    0x08006c56   0x08006c56   0x00000004   Code   RO          605    i.system_begin      autoinit.o
    0x08006c5a   0x08006c5a   0x00000004   Code   RO          606    i.system_end        autoinit.o
    0x08006c5e   0x08006c5e   0x0000002a   Code   RO          167    i.usdk_hw_uart_init  main.o
    0x08006c88   0x08006c88   0x00000038   Code   RO          608    i.usdk_startup      autoinit.o
    0x08006cc0   0x08006cc0   0x00000030   Data   RO          667    .constdata          buildtime.o
    0x08006cf0   0x08006cf0   0x00000040   Data   RO         6658    .constdata          states.o
    0x08006d30   0x08006d30   0x00000046   Data   RO         6878    .constdata          master.o
    0x08006d76   0x08006d76   0x00000002   PAD
    0x08006d78   0x08006d78   0x000000ce   Data   RO         6920    .constdata          slave.o
    0x08006e46   0x08006e46   0x00000002   PAD
    0x08006e48   0x08006e48   0x00000048   Data   RO          668    .conststring        buildtime.o
    0x08006e90   0x08006e90   0x00000009   Data   RO          430    .conststrlit        key.o
    0x08006e99   0x08006e99   0x00000003   PAD
    0x08006e9c   0x08006e9c   0x00000009   Data   RO          479    .conststrlit        led.o
    0x08006ea5   0x08006ea5   0x00000003   PAD
    0x08006ea8   0x08006ea8   0x0000001b   Data   RO          609    .conststrlit        autoinit.o
    0x08006ec3   0x08006ec3   0x00000001   PAD
    0x08006ec4   0x08006ec4   0x00000013   Data   RO          669    .conststrlit        buildtime.o
    0x08006ed7   0x08006ed7   0x00000001   PAD
    0x08006ed8   0x08006ed8   0x00000008   Data   RO          610    .usdk.init0         autoinit.o
    0x08006ee0   0x08006ee0   0x00000008   Data   RO          431    .usdk.init1         key.o
    0x08006ee8   0x08006ee8   0x00000008   Data   RO          480    .usdk.init1         led.o
    0x08006ef0   0x08006ef0   0x00000008   Data   RO          671    .usdk.init2         buildtime.o
    0x08006ef8   0x08006ef8   0x00000008   Data   RO          611    .usdk.init9         autoinit.o
    0x08006f00   0x08006f00   0x00000020   Data   RO         7270    Region$$Table       anon$$obj.o


    Execution Region RW_IRAM1 (Exec base: 0x20000000, Load base: 0x08006f20, Size: 0x00001518, Max: 0x00020000, ABSOLUTE, COMPRESSED[0x0000040c])

    Exec Addr    Load Addr    Size         Type   Attr      Idx    E Section Name        Object

    0x20000000   COMPRESSED   0x0000000c   Data   RW          168    .data               main.o
    0x2000000c   COMPRESSED   0x00000008   Data   RW          670    .data               buildtime.o
    0x20000014   COMPRESSED   0x00000004   Data   RW          712    .data               sleep.o
    0x20000018   COMPRESSED   0x00000010   Data   RW         3682    .data               stm32f4xx_rcc.o
    0x20000028   COMPRESSED   0x0000000c   Data   RW         6833    .data               timer.o
    0x20000034   COMPRESSED   0x00000358   Data   RW         6879    .data               master.o
    0x2000038c   COMPRESSED   0x00000b58   Data   RW         6921    .data               slave.o
    0x20000ee4   COMPRESSED   0x00000004   Data   RW         7244    .data               mc_w.l(stdout.o)
    0x20000ee8        -       0x000000c0   Zero   RW         6832    .bss                timer.o
    0x20000fa8        -       0x00000170   Zero   RW         6919    .bss                slave.o
    0x20001118        -       0x00000400   Zero   RW            1    STACK               startup_stm32f40_41xxx.o


==============================================================================

Image component sizes


      Code (inc. data)   RO Data    RW Data    ZI Data      Debug   Object Name

        76         16         43          0          0       4586   autoinit.o
       396        102        147          8          0       2928   buildtime.o
       752         60          0          0          0       2617   can.o
         0          0          0          0          0      12732   dcf.o
       134          4          0          0          0       3320   emcy.o
        84          6         17          0          0       1399   key.o
       292         14         17          0          0       2539   led.o
       966         26          0          0          0      11144   lifegrd.o
      1362        258          0         12          0      22217   main.o
       136         18         70        856          0       4792   master.o
       140         24          0          0          0       1955   misc.o
        82          0          0          0          0       1496   nmtmaster.o
       270          0          0          0          0       1566   nmtslave.o
       758         26          0          0          0       5846   objacces.o
      2446         16          0          0          0      11530   pdo.o
       180         14          0          0          0       3089   rs232.o
     12528        144          0          0          0      32173   sdo.o
       468         40        206       2904        368      12459   slave.o
       214         38          0          4          0      30750   sleep.o
        36          8        392          0       1024        880   startup_stm32f40_41xxx.o
      1044         26         64          0          0       7366   states.o
      1558         16          0          0          0       7350   stm32f4xx_can.o
       244          0          0          0          0       3599   stm32f4xx_gpio.o
        32          0          0          0          0       4290   stm32f4xx_it.o
       328         36          0         16          0       5295   stm32f4xx_rcc.o
       270          8          0          0          0       3840   stm32f4xx_usart.o
       290          8          0          0          0       5510   sync.o
       340         32          0          0          0     281657   system_stm32f4xx.o
       428         38          0         12        192       4182   timer.o

    ----------------------------------------------------------------------
     25878        978       1000       3812       1584     493107   Object Totals
         0          0         32          0          0          0   (incl. Generated)
        24          0         12          0          0          0   (incl. Padding)

    ----------------------------------------------------------------------

      Code (inc. data)   RO Data    RW Data    ZI Data      Debug   Library Member Name

        86          0          0          0          0          0   __dczerorl2.o
         0          0          0          0          0          0   entry.o
         0          0          0          0          0          0   entry10a.o
         0          0          0          0          0          0   entry11a.o
         4          0          0          0          0          0   entry12b.o
         8          4          0          0          0          0   entry2.o
         4          0          0          0          0          0   entry5.o
         0          0          0          0          0          0   entry7b.o
         0          0          0          0          0          0   entry8b.o
         8          4          0          0          0          0   entry9a.o
        30          0          0          0          0          0   handlers.o
        36          8          0          0          0         68   init.o
        30          0          0          0          0         68   llshl.o
        32          0          0          0          0         68   llushr.o
        26          0          0          0          0         80   memcmp.o
        36          0          0          0          0         68   memcpya.o
      1142         54          0          0          0        352   printf8.o
         0          0          0          4          0          0   stdout.o
        28          0          0          0          0         76   strcmp.o
        98          0          0          0          0         92   uldiv.o

    ----------------------------------------------------------------------
      1570         70          0          4          0        872   Library Totals
         2          0          0          0          0          0   (incl. Padding)

    ----------------------------------------------------------------------

      Code (inc. data)   RO Data    RW Data    ZI Data      Debug   Library Name

      1568         70          0          4          0        872   mc_w.l

    ----------------------------------------------------------------------
      1570         70          0          4          0        872   Library Totals

    ----------------------------------------------------------------------

==============================================================================


      Code (inc. data)   RO Data    RW Data    ZI Data      Debug   

     27448       1048       1000       3816       1584     479247   Grand Totals
     27448       1048       1000       1036       1584     479247   ELF Image Totals (compressed)
     27448       1048       1000       1036          0          0   ROM Totals

==============================================================================

    Total RO  Size (Code + RO Data)                28448 (  27.78kB)
    Total RW  Size (RW Data + ZI Data)              5400 (   5.27kB)
    Total ROM Size (Code + RO Data + RW Data)      29484 (  28.79kB)

==============================================================================

