Component: ARM Compiler 5.06 update 7 (build 960) Tool: armlink [4d3601]

==============================================================================

Section Cross References

    startup_stm32f40_41xxx.o(RESET) refers to startup_stm32f40_41xxx.o(STACK) for __initial_sp
    startup_stm32f40_41xxx.o(RESET) refers to startup_stm32f40_41xxx.o(.text) for Reset_Handler
    startup_stm32f40_41xxx.o(RESET) refers to stm32f4xx_it.o(i.NMI_Handler) for NMI_Handler
    startup_stm32f40_41xxx.o(RESET) refers to stm32f4xx_it.o(i.HardFault_Handler) for HardFault_Handler
    startup_stm32f40_41xxx.o(RESET) refers to stm32f4xx_it.o(i.MemManage_Handler) for MemManage_Handler
    startup_stm32f40_41xxx.o(RESET) refers to stm32f4xx_it.o(i.BusFault_Handler) for BusFault_Handler
    startup_stm32f40_41xxx.o(RESET) refers to stm32f4xx_it.o(i.UsageFault_Handler) for UsageFault_Handler
    startup_stm32f40_41xxx.o(RESET) refers to stm32f4xx_it.o(i.SVC_Handler) for SVC_Handler
    startup_stm32f40_41xxx.o(RESET) refers to stm32f4xx_it.o(i.DebugMon_Handler) for DebugMon_Handler
    startup_stm32f40_41xxx.o(RESET) refers to stm32f4xx_it.o(i.PendSV_Handler) for PendSV_Handler
    startup_stm32f40_41xxx.o(RESET) refers to stm32f4xx_it.o(i.SysTick_Handler) for SysTick_Handler
    startup_stm32f40_41xxx.o(RESET) refers to main.o(i.CAN1_RX0_IRQHandler) for CAN1_RX0_IRQHandler
    startup_stm32f40_41xxx.o(RESET) refers to main.o(i.TIM3_IRQHandler) for TIM3_IRQHandler
    startup_stm32f40_41xxx.o(RESET) refers to main.o(i.CAN2_RX0_IRQHandler) for CAN2_RX0_IRQHandler
    startup_stm32f40_41xxx.o(.text) refers to system_stm32f4xx.o(i.SystemInit) for SystemInit
    startup_stm32f40_41xxx.o(.text) refers to entry.o(.ARM.Collect$$$$00000000) for __main
    system_stm32f4xx.o(i.SystemCoreClockUpdate) refers to system_stm32f4xx.o(.data) for SystemCoreClock
    system_stm32f4xx.o(i.SystemInit) refers to system_stm32f4xx.o(i.SetSysClock) for SetSysClock
    main.o(i.CAN1_RX0_IRQHandler) refers to stm32f4xx_can.o(i.CAN_Receive) for CAN_Receive
    main.o(i.CAN1_RX0_IRQHandler) refers to can.o(i.can_display_msg) for can_display_msg
    main.o(i.CAN1_RX0_IRQHandler) refers to memcpya.o(.text) for __aeabi_memcpy
    main.o(i.CAN1_RX0_IRQHandler) refers to printf8.o(i.__0printf$8) for __2printf
    main.o(i.CAN1_RX0_IRQHandler) refers to states.o(i.canDispatch) for canDispatch
    main.o(i.CAN1_RX0_IRQHandler) refers to master.o(.data) for Master_Data
    main.o(i.CAN2_RX0_IRQHandler) refers to stm32f4xx_can.o(i.CAN_Receive) for CAN_Receive
    main.o(i.CAN2_RX0_IRQHandler) refers to can.o(i.can_display_msg) for can_display_msg
    main.o(i.TIM3_IRQHandler) refers to stm32f4xx_tim.o(i.TIM_GetFlagStatus) for TIM_GetFlagStatus
    main.o(i.TIM3_IRQHandler) refers to stm32f4xx_tim.o(i.TIM_ClearITPendingBit) for TIM_ClearITPendingBit
    main.o(i.TIM3_IRQHandler) refers to printf8.o(i.__0printf$8) for __2printf
    main.o(i.TIM3_IRQHandler) refers to timer.o(i.TimeDispatch) for TimeDispatch
    main.o(i.TIM3_IRQHandler) refers to main.o(.data) for last_counter_val
    main.o(i.TIM3_Init) refers to stm32f4xx_rcc.o(i.RCC_APB1PeriphClockCmd) for RCC_APB1PeriphClockCmd
    main.o(i.TIM3_Init) refers to misc.o(i.NVIC_Init) for NVIC_Init
    main.o(i.TIM3_Init) refers to stm32f4xx_tim.o(i.TIM_TimeBaseInit) for TIM_TimeBaseInit
    main.o(i.TIM3_Init) refers to stm32f4xx_tim.o(i.TIM_ClearITPendingBit) for TIM_ClearITPendingBit
    main.o(i.TIM3_Init) refers to stm32f4xx_tim.o(i.TIM_Cmd) for TIM_Cmd
    main.o(i.TIM3_Init) refers to stm32f4xx_tim.o(i.TIM_SetCounter) for TIM_SetCounter
    main.o(i.TIM3_Init) refers to stm32f4xx_tim.o(i.TIM_ITConfig) for TIM_ITConfig
    main.o(i.TxMsg) refers to memseta.o(.text) for __aeabi_memclr4
    main.o(i.TxMsg) refers to can.o(i.can_display_msg) for can_display_msg
    main.o(i.TxMsg) refers to stm32f4xx_can.o(i.CAN_Transmit) for CAN_Transmit
    main.o(i.canSend) refers to memcpya.o(.text) for __aeabi_memcpy
    main.o(i.canSend) refers to can.o(i.can_display_msg) for can_display_msg
    main.o(i.canSend) refers to stm32f4xx_can.o(i.CAN_Transmit) for CAN_Transmit
    main.o(i.getElapsedTime) refers to stm32f4xx_tim.o(i.TIM_GetCounter) for TIM_GetCounter
    main.o(i.getElapsedTime) refers to printf8.o(i.__0printf$8) for __2printf
    main.o(i.getElapsedTime) refers to main.o(.data) for last_counter_val
    main.o(i.main) refers to misc.o(i.NVIC_PriorityGroupConfig) for NVIC_PriorityGroupConfig
    main.o(i.main) refers to sleep.o(i.DelayInit) for DelayInit
    main.o(i.main) refers to can.o(i.can_init) for can_init
    main.o(i.main) refers to main.o(i.TIM3_Init) for TIM3_Init
    main.o(i.main) refers to states.o(i.setNodeId) for setNodeId
    main.o(i.main) refers to states.o(i.setState) for setState
    main.o(i.main) refers to sleep.o(i.DelayNonBlock) for DelayNonBlock
    main.o(i.main) refers to led.o(i.led_tgl) for led_tgl
    main.o(i.main) refers to sleep.o(i.HAL_GetTick) for HAL_GetTick
[...]
    ..\..\fwlib\Libraries\STM32F4xx_StdPeriph_Driver\src\stm32f4xx_syscfg.c 0x00000000   Number         0  stm32f4xx_syscfg.o ABSOLUTE
    ..\..\fwlib\Libraries\STM32F4xx_StdPeriph_Driver\src\stm32f4xx_tim.c 0x00000000   Number         0  stm32f4xx_tim.o ABSOLUTE
    ..\..\fwlib\Libraries\STM32F4xx_StdPeriph_Driver\src\stm32f4xx_usart.c 0x00000000   Number         0  stm32f4xx_usart.o ABSOLUTE
    ..\..\fwlib\Libraries\STM32F4xx_StdPeriph_Driver\src\stm32f4xx_wwdg.c 0x00000000   Number         0  stm32f4xx_wwdg.o ABSOLUTE
    ..\\..\\board\\bsp\\can.c                0x00000000   Number         0  can.o ABSOLUTE
    ..\\..\\board\\bsp\\key.c                0x00000000   Number         0  key.o ABSOLUTE
    ..\\..\\board\\bsp\\led.c                0x00000000   Number         0  led.o ABSOLUTE
    ..\\..\\board\\bsp\\rs232.c              0x00000000   Number         0  rs232.o ABSOLUTE
    ..\\..\\board\\system\\autoinit.c        0x00000000   Number         0  autoinit.o ABSOLUTE
    ..\\..\\board\\system\\buildtime.c       0x00000000   Number         0  buildtime.o ABSOLUTE
    ..\\..\\board\\system\\sleep.c           0x00000000   Number         0  sleep.o ABSOLUTE
    ..\\..\\board\\system\\swrst.c           0x00000000   Number         0  swrst.o ABSOLUTE
    ..\\..\\fwlib\\Libraries\\STM32F4xx_StdPeriph_Driver\\src\\misc.c 0x00000000   Number         0  misc.o ABSOLUTE
    ..\\..\\fwlib\\Libraries\\STM32F4xx_StdPeriph_Driver\\src\\stm32f4xx_adc.c 0x00000000   Number         0  stm32f4xx_adc.o ABSOLUTE
    ..\\..\\fwlib\\Libraries\\STM32F4xx_StdPeriph_Driver\\src\\stm32f4xx_can.c 0x00000000   Number         0  stm32f4xx_can.o ABSOLUTE
    ..\\..\\fwlib\\Libraries\\STM32F4xx_StdPeriph_Driver\\src\\stm32f4xx_cec.c 0x00000000   Number         0  stm32f4xx_cec.o ABSOLUTE
    ..\\..\\fwlib\\Libraries\\STM32F4xx_StdPeriph_Driver\\src\\stm32f4xx_crc.c 0x00000000   Number         0  stm32f4xx_crc.o ABSOLUTE
    ..\\..\\fwlib\\Libraries\\STM32F4xx_StdPeriph_Driver\\src\\stm32f4xx_cryp.c 0x00000000   Number         0  stm32f4xx_cryp.o ABSOLUTE
    ..\\..\\fwlib\\Libraries\\STM32F4xx_StdPeriph_Driver\\src\\stm32f4xx_cryp_aes.c 0x00000000   Number         0  stm32f4xx_cryp_aes.o ABSOLUTE
    ..\\..\\fwlib\\Libraries\\STM32F4xx_StdPeriph_Driver\\src\\stm32f4xx_cryp_des.c 0x00000000   Number         0  stm32f4xx_cryp_des.o ABSOLUTE
    ..\\..\\fwlib\\Libraries\\STM32F4xx_StdPeriph_Driver\\src\\stm32f4xx_cryp_tdes.c 0x00000000   Number         0  stm32f4xx_cryp_tdes.o ABSOLUTE
    ..\\..\\fwlib\\Libraries\\STM32F4xx_StdPeriph_Driver\\src\\stm32f4xx_dac.c 0x00000000   Number         0  stm32f4xx_dac.o ABSOLUTE
    ..\\..\\fwlib\\Libraries\\STM32F4xx_StdPeriph_Driver\\src\\stm32f4xx_dbgmcu.c 0x00000000   Number         0  stm32f4xx_dbgmcu.o ABSOLUTE
    ..\\..\\fwlib\\Libraries\\STM32F4xx_StdPeriph_Driver\\src\\stm32f4xx_dcmi.c 0x00000000   Number         0  stm32f4xx_dcmi.o ABSOLUTE
    ..\\..\\fwlib\\Libraries\\STM32F4xx_StdPeriph_Driver\\src\\stm32f4xx_dfsdm.c 0x00000000   Number         0  stm32f4xx_dfsdm.o ABSOLUTE
    ..\\..\\fwlib\\Libraries\\STM32F4xx_StdPeriph_Driver\\src\\stm32f4xx_dma.c 0x00000000   Number         0  stm32f4xx_dma.o ABSOLUTE
    ..\\..\\fwlib\\Libraries\\STM32F4xx_StdPeriph_Driver\\src\\stm32f4xx_dma2d.c 0x00000000   Number         0  stm32f4xx_dma2d.o ABSOLUTE
    ..\\..\\fwlib\\Libraries\\STM32F4xx_StdPeriph_Driver\\src\\stm32f4xx_dsi.c 0x00000000   Number         0  stm32f4xx_dsi.o ABSOLUTE
    ..\\..\\fwlib\\Libraries\\STM32F4xx_StdPeriph_Driver\\src\\stm32f4xx_exti.c 0x00000000   Number         0  stm32f4xx_exti.o ABSOLUTE
    ..\\..\\fwlib\\Libraries\\STM32F4xx_StdPeriph_Driver\\src\\stm32f4xx_flash.c 0x00000000   Number         0  stm32f4xx_flash.o ABSOLUTE
    ..\\..\\fwlib\\Libraries\\STM32F4xx_StdPeriph_Driver\\src\\stm32f4xx_flash_ramfunc.c 0x00000000   Number         0  stm32f4xx_flash_ramfunc.o ABSOLUTE
    ..\\..\\fwlib\\Libraries\\STM32F4xx_StdPeriph_Driver\\src\\stm32f4xx_fmpi2c.c 0x00000000   Number         0  stm32f4xx_fmpi2c.o ABSOLUTE
    ..\\..\\fwlib\\Libraries\\STM32F4xx_StdPeriph_Driver\\src\\stm32f4xx_fsmc.c 0x00000000   Number         0  stm32f4xx_fsmc.o ABSOLUTE
    ..\\..\\fwlib\\Libraries\\STM32F4xx_StdPeriph_Driver\\src\\stm32f4xx_gpio.c 0x00000000   Number         0  stm32f4xx_gpio.o ABSOLUTE
    ..\\..\\fwlib\\Libraries\\STM32F4xx_StdPeriph_Driver\\src\\stm32f4xx_hash.c 0x00000000   Number         0  stm32f4xx_hash.o ABSOLUTE
    ..\\..\\fwlib\\Libraries\\STM32F4xx_StdPeriph_Driver\\src\\stm32f4xx_hash_md5.c 0x00000000   Number         0  stm32f4xx_hash_md5.o ABSOLUTE
    ..\\..\\fwlib\\Libraries\\STM32F4xx_StdPeriph_Driver\\src\\stm32f4xx_hash_sha1.c 0x00000000   Number         0  stm32f4xx_hash_sha1.o ABSOLUTE
    ..\\..\\fwlib\\Libraries\\STM32F4xx_StdPeriph_Driver\\src\\stm32f4xx_i2c.c 0x00000000   Number         0  stm32f4xx_i2c.o ABSOLUTE
    ..\\..\\fwlib\\Libraries\\STM32F4xx_StdPeriph_Driver\\src\\stm32f4xx_iwdg.c 0x00000000   Number         0  stm32f4xx_iwdg.o ABSOLUTE
    ..\\..\\fwlib\\Libraries\\STM32F4xx_StdPeriph_Driver\\src\\stm32f4xx_lptim.c 0x00000000   Number         0  stm32f4xx_lptim.o ABSOLUTE
    ..\\..\\fwlib\\Libraries\\STM32F4xx_StdPeriph_Driver\\src\\stm32f4xx_ltdc.c 0x00000000   Number         0  stm32f4xx_ltdc.o ABSOLUTE
    ..\\..\\fwlib\\Libraries\\STM32F4xx_StdPeriph_Driver\\src\\stm32f4xx_pwr.c 0x00000000   Number         0  stm32f4xx_pwr.o ABSOLUTE
    ..\\..\\fwlib\\Libraries\\STM32F4xx_StdPeriph_Driver\\src\\stm32f4xx_qspi.c 0x00000000   Number         0  stm32f4xx_qspi.o ABSOLUTE
    ..\\..\\fwlib\\Libraries\\STM32F4xx_StdPeriph_Driver\\src\\stm32f4xx_rcc.c 0x00000000   Number         0  stm32f4xx_rcc.o ABSOLUTE
    ..\\..\\fwlib\\Libraries\\STM32F4xx_StdPeriph_Driver\\src\\stm32f4xx_rng.c 0x00000000   Number         0  stm32f4xx_rng.o ABSOLUTE
    ..\\..\\fwlib\\Libraries\\STM32F4xx_StdPeriph_Driver\\src\\stm32f4xx_rtc.c 0x00000000   Number         0  stm32f4xx_rtc.o ABSOLUTE
    ..\\..\\fwlib\\Libraries\\STM32F4xx_StdPeriph_Driver\\src\\stm32f4xx_sai.c 0x00000000   Number         0  stm32f4xx_sai.o ABSOLUTE
    ..\\..\\fwlib\\Libraries\\STM32F4xx_StdPeriph_Driver\\src\\stm32f4xx_sdio.c 0x00000000   Number         0  stm32f4xx_sdio.o ABSOLUTE
    ..\\..\\fwlib\\Libraries\\STM32F4xx_StdPeriph_Driver\\src\\stm32f4xx_spdifrx.c 0x00000000   Number         0  stm32f4xx_spdifrx.o ABSOLUTE
    ..\\..\\fwlib\\Libraries\\STM32F4xx_StdPeriph_Driver\\src\\stm32f4xx_spi.c 0x00000000   Number         0  stm32f4xx_spi.o ABSOLUTE
    ..\\..\\fwlib\\Libraries\\STM32F4xx_StdPeriph_Driver\\src\\stm32f4xx_syscfg.c 0x00000000   Number         0  stm32f4xx_syscfg.o ABSOLUTE
    ..\\..\\fwlib\\Libraries\\STM32F4xx_StdPeriph_Driver\\src\\stm32f4xx_tim.c 0x00000000   Number         0  stm32f4xx_tim.o ABSOLUTE
    ..\\..\\fwlib\\Libraries\\STM32F4xx_StdPeriph_Driver\\src\\stm32f4xx_usart.c 0x00000000   Number         0  stm32f4xx_usart.o ABSOLUTE
    ..\\..\\fwlib\\Libraries\\STM32F4xx_StdPeriph_Driver\\src\\stm32f4xx_wwdg.c 0x00000000   Number         0  stm32f4xx_wwdg.o ABSOLUTE
    Core\\src\\main.c                        0x00000000   Number         0  main.o ABSOLUTE
    Core\\src\\system_stm32f4xx.c            0x00000000   Number         0  system_stm32f4xx.o ABSOLUTE
    Core\inc\canopen\dictionary\Master.c     0x00000000   Number         0  master.o ABSOLUTE
    Core\src\main.c                          0x00000000   Number         0  main.o ABSOLUTE
    Core\src\startup_stm32f40_41xxx.s        0x00000000   Number         0  startup_stm32f40_41xxx.o ABSOLUTE
    Core\src\stm32f4xx_it.c                  0x00000000   Number         0  stm32f4xx_it.o ABSOLUTE
    Core\src\system_stm32f4xx.c              0x00000000   Number         0  system_stm32f4xx.o ABSOLUTE
    cdrcmple.s                               0x00000000   Number         0  cdrcmple.o ABSOLUTE
    dc.s                                     0x00000000   Number         0  dc.o ABSOLUTE
    handlers.s                               0x00000000   Number         0  handlers.o ABSOLUTE
    init.s                                   0x00000000   Number         0  init.o ABSOLUTE
    RESET                                    0x08000000   Section      392  startup_stm32f40_41xxx.o(RESET)
    .ARM.Collect$$$$00000000                 0x08000188   Section        0  entry.o(.ARM.Collect$$$$00000000)
    .ARM.Collect$$$$00000001                 0x08000188   Section        4  entry2.o(.ARM.Collect$$$$00000001)
    .ARM.Collect$$$$00000004                 0x0800018c   Section        4  entry5.o(.ARM.Collect$$$$00000004)
    .ARM.Collect$$$$00000008                 0x08000190   Section        0  entry7b.o(.ARM.Collect$$$$00000008)
    .ARM.Collect$$$$0000000A                 0x08000190   Section        0  entry8b.o(.ARM.Collect$$$$0000000A)
    .ARM.Collect$$$$0000000B                 0x08000190   Section        8  entry9a.o(.ARM.Collect$$$$0000000B)
    .ARM.Collect$$$$0000000E                 0x08000198   Section        4  entry12b.o(.ARM.Collect$$$$0000000E)
    .ARM.Collect$$$$0000000F                 0x0800019c   Section        0  entry10a.o(.ARM.Collect$$$$0000000F)
    .ARM.Collect$$$$00000011                 0x0800019c   Section        0  entry11a.o(.ARM.Collect$$$$00000011)
    .ARM.Collect$$$$00002712                 0x0800019c   Section        4  entry2.o(.ARM.Collect$$$$00002712)
    __lit__00000000                          0x0800019c   Data           4  entry2.o(.ARM.Collect$$$$00002712)
    .text                                    0x080001a0   Section       36  startup_stm32f40_41xxx.o(.text)
    $v0                                      0x080001a0   Number         0  startup_stm32f40_41xxx.o(.text)
    .text                                    0x080001c4   Section        0  memcpya.o(.text)
    .text                                    0x080001e8   Section        0  memseta.o(.text)
    .text                                    0x0800020c   Section        0  strcmp.o(.text)
    .text                                    0x08000228   Section        0  memcmp.o(.text)
    .text                                    0x08000242   Section        0  uldiv.o(.text)
    .text                                    0x080002a4   Section       36  init.o(.text)
    .text                                    0x080002c8   Section        0  llshl.o(.text)
    .text                                    0x080002e6   Section        0  llushr.o(.text)
    .text                                    0x08000306   Section        0  __dczerorl2.o(.text)
    i.$Sub$$main                             0x0800035c   Section        0  autoinit.o(i.$Sub$$main)
    i.BusFault_Handler                       0x08000368   Section        0  stm32f4xx_it.o(i.BusFault_Handler)
    i.CAN1_RX0_IRQHandler                    0x0800036c   Section        0  main.o(i.CAN1_RX0_IRQHandler)
    i.CAN2_RX0_IRQHandler                    0x08000424   Section        0  main.o(i.CAN2_RX0_IRQHandler)
    i.CAN_FilterInit                         0x08000454   Section        0  stm32f4xx_can.o(i.CAN_FilterInit)
    i.CAN_ITConfig                           0x0800055c   Section        0  stm32f4xx_can.o(i.CAN_ITConfig)
    i.CAN_Init                               0x0800056e   Section        0  stm32f4xx_can.o(i.CAN_Init)
    i.CAN_Receive                            0x08000682   Section        0  stm32f4xx_can.o(i.CAN_Receive)
    i.CAN_Transmit                           0x0800076a   Section        0  stm32f4xx_can.o(i.CAN_Transmit)
    i.ConsumerHeartbeatAlarm                 0x08000890   Section        0  lifegrd.o(i.ConsumerHeartbeatAlarm)
    i.CopyBits                               0x080008c2   Section        0  pdo.o(i.CopyBits)
    i.DebugMon_Handler                       0x080009ae   Section        0  stm32f4xx_it.o(i.DebugMon_Handler)
    i.DelAlarm                               0x080009b0   Section        0  timer.o(i.DelAlarm)
    i.DelayInit                              0x080009e8   Section        0  sleep.o(i.DelayInit)
    i.DelayNonBlock                          0x08000a48   Section        0  sleep.o(i.DelayNonBlock)
    i.GPIO_Init                              0x08000a64   Section        0  stm32f4xx_gpio.o(i.GPIO_Init)
    i.GPIO_PinAFConfig                       0x08000af4   Section        0  stm32f4xx_gpio.o(i.GPIO_PinAFConfig)
    i.GPIO_ReadInputDataBit                  0x08000b3a   Section        0  stm32f4xx_gpio.o(i.GPIO_ReadInputDataBit)
    i.GPIO_WriteBit                          0x08000b4c   Section        0  stm32f4xx_gpio.o(i.GPIO_WriteBit)
    i.GuardTimeAlarm                         0x08000b58   Section        0  lifegrd.o(i.GuardTimeAlarm)
    i.HAL_GetTick                            0x08000bd0   Section        0  sleep.o(i.HAL_GetTick)
    i.HAL_IncTick                            0x08000bdc   Section        0  sleep.o(i.HAL_IncTick)
    i.HardFault_Handler                      0x08000bf0   Section        0  stm32f4xx_it.o(i.HardFault_Handler)
    i.Master_scanIndexOD                     0x08000bf4   Section        0  master.o(i.Master_scanIndexOD)
    i.Master_valueRangeTest                  0x08000c40   Section        0  master.o(i.Master_valueRangeTest)
    i.MemManage_Handler                      0x08000c5c   Section        0  stm32f4xx_it.o(i.MemManage_Handler)
    i.NMI_Handler                            0x08000c60   Section        0  stm32f4xx_it.o(i.NMI_Handler)
    i.NVIC_Init                              0x08000c64   Section        0  misc.o(i.NVIC_Init)
    i.NVIC_PriorityGroupConfig               0x08000cdc   Section        0  misc.o(i.NVIC_PriorityGroupConfig)
    i.OnCOB_ID_SyncUpdate                    0x08000cf0   Section        0  sync.o(i.OnCOB_ID_SyncUpdate)
    i.OnHeartbeatProducerUpdate              0x08000d02   Section        0  lifegrd.o(i.OnHeartbeatProducerUpdate)
    i.OnNodeGuardUpdate                      0x08000d1a   Section        0  lifegrd.o(i.OnNodeGuardUpdate)
    i.OnNumberOfErrorsUpdate                 0x08000d32   Section        0  emcy.o(i.OnNumberOfErrorsUpdate)
    i.PDOEventTimerAlarm                     0x08000d5e   Section        0  pdo.o(i.PDOEventTimerAlarm)
    i.PDOInhibitTimerAlarm                   0x08000d8c   Section        0  pdo.o(i.PDOInhibitTimerAlarm)
    i.PDOInit                                0x08000dc4   Section        0  pdo.o(i.PDOInit)
    i.PDOStop                                0x08000e1c   Section        0  pdo.o(i.PDOStop)
    i.PendSV_Handler                         0x08000e94   Section        0  stm32f4xx_it.o(i.PendSV_Handler)
    i.ProducerHeartbeatAlarm                 0x08000e96   Section        0  lifegrd.o(i.ProducerHeartbeatAlarm)
    i.RCC_AHB1PeriphClockCmd                 0x08000ee0   Section        0  stm32f4xx_rcc.o(i.RCC_AHB1PeriphClockCmd)
    i.RCC_APB1PeriphClockCmd                 0x08000f00   Section        0  stm32f4xx_rcc.o(i.RCC_APB1PeriphClockCmd)
    i.RCC_APB2PeriphClockCmd                 0x08000f20   Section        0  stm32f4xx_rcc.o(i.RCC_APB2PeriphClockCmd)
    i.RCC_GetClocksFreq                      0x08000f40   Section        0  stm32f4xx_rcc.o(i.RCC_GetClocksFreq)
    i.RegisterSetODentryCallBack             0x08001028   Section        0  objacces.o(i.RegisterSetODentryCallBack)
    i.SDOTimeoutAlarm                        0x08001060   Section        0  sdo.o(i.SDOTimeoutAlarm)
    i.SDOlineToObjdict                       0x08001164   Section        0  sdo.o(i.SDOlineToObjdict)
    i.SDOtoLine                              0x080011f4   Section        0  sdo.o(i.SDOtoLine)
    i.SVC_Handler                            0x08001266   Section        0  stm32f4xx_it.o(i.SVC_Handler)
    i.SetAlarm                               0x08001268   Section        0  timer.o(i.SetAlarm)
    i.SetSysClock                            0x08001320   Section        0  system_stm32f4xx.o(i.SetSysClock)
    SetSysClock                              0x08001321   Thumb Code   220  system_stm32f4xx.o(i.SetSysClock)
    i.SyncAlarm                              0x0800140c   Section        0  sync.o(i.SyncAlarm)
    i.SysTick_Handler                        0x0800141a   Section        0  stm32f4xx_it.o(i.SysTick_Handler)
    i.SystemInit                             0x08001424   Section        0  system_stm32f4xx.o(i.SystemInit)
    i.TIM3_IRQHandler                        0x0800148c   Section        0  main.o(i.TIM3_IRQHandler)
    i.TIM3_Init                              0x080014ec   Section        0  main.o(i.TIM3_Init)
    i.TIM_ClearITPendingBit                  0x08001558   Section        0  stm32f4xx_tim.o(i.TIM_ClearITPendingBit)
    i.TIM_Cmd                                0x0800155e   Section        0  stm32f4xx_tim.o(i.TIM_Cmd)
    i.TIM_GetCounter                         0x08001576   Section        0  stm32f4xx_tim.o(i.TIM_GetCounter)
    i.TIM_GetFlagStatus                      0x0800157c   Section        0  stm32f4xx_tim.o(i.TIM_GetFlagStatus)
    i.TIM_ITConfig                           0x0800158e   Section        0  stm32f4xx_tim.o(i.TIM_ITConfig)
    i.TIM_SetCounter                         0x080015a0   Section        0  stm32f4xx_tim.o(i.TIM_SetCounter)
    i.TIM_TimeBaseInit                       0x080015a4   Section        0  stm32f4xx_tim.o(i.TIM_TimeBaseInit)
    i.TPDO_Communication_Parameter_Callback  0x08001628   Section        0  pdo.o(i.TPDO_Communication_Parameter_Callback)
    i.TimeDispatch                           0x080016bc   Section        0  timer.o(i.TimeDispatch)
    i.TxMsg                                  0x0800177c   Section        0  main.o(i.TxMsg)
    i.USART_Cmd                              0x080017e0   Section        0  stm32f4xx_usart.o(i.USART_Cmd)
    i.USART_GetFlagStatus                    0x080017f8   Section        0  stm32f4xx_usart.o(i.USART_GetFlagStatus)
    i.USART_Init                             0x08001814   Section        0  stm32f4xx_usart.o(i.USART_Init)
    i.USART_SendData                         0x080018e8   Section        0  stm32f4xx_usart.o(i.USART_SendData)
    i.UsageFault_Handler                     0x080018f0   Section        0  stm32f4xx_it.o(i.UsageFault_Handler)
    i._RxPDO_EventTimers_Handler             0x080018f4   Section        0  pdo.o(i._RxPDO_EventTimers_Handler)
    i.__0printf$8                            0x080018f8   Section        0  printf8.o(i.__0printf$8)
    i.__scatterload_copy                     0x08001918   Section       14  handlers.o(i.__scatterload_copy)
    i.__scatterload_null                     0x08001926   Section        2  handlers.o(i.__scatterload_null)
    i.__scatterload_zeroinit                 0x08001928   Section       14  handlers.o(i.__scatterload_zeroinit)
    i._getODentry                            0x08001938   Section        0  objacces.o(i._getODentry)
    i._heartbeatError                        0x08001a7c   Section        0  lifegrd.o(i._heartbeatError)
    i._initialisation                        0x08001a7e   Section        0  states.o(i._initialisation)
    i._nodeguardError                        0x08001a80   Section        0  lifegrd.o(i._nodeguardError)
    i._operational                           0x08001a82   Section        0  states.o(i._operational)
    i._post_SlaveBootup                      0x08001a84   Section        0  lifegrd.o(i._post_SlaveBootup)
    i._post_SlaveStateChange                 0x08001a86   Section        0  lifegrd.o(i._post_SlaveStateChange)
    i._post_TPDO                             0x08001a88   Section        0  sync.o(i._post_TPDO)
    i._post_emcy                             0x08001a8a   Section        0  emcy.o(i._post_emcy)
    i._post_sync                             0x08001a8c   Section        0  sync.o(i._post_sync)
    i._preOperational                        0x08001a8e   Section        0  states.o(i._preOperational)
    i._printf_core                           0x08001aa4   Section        0  printf8.o(i._printf_core)
    _printf_core                             0x08001aa5   Thumb Code   984  printf8.o(i._printf_core)
    i._printf_post_padding                   0x08001ea8   Section        0  printf8.o(i._printf_post_padding)
    _printf_post_padding                     0x08001ea9   Thumb Code    36  printf8.o(i._printf_post_padding)
    i._printf_pre_padding                    0x08001ecc   Section        0  printf8.o(i._printf_pre_padding)
    _printf_pre_padding                      0x08001ecd   Thumb Code    46  printf8.o(i._printf_pre_padding)
    i._sendPDOevent                          0x08001efa   Section        0  pdo.o(i._sendPDOevent)
    i._setODentry                            0x08002094   Section        0  objacces.o(i._setODentry)
    i._stopped                               0x080021e8   Section        0  states.o(i._stopped)
    i._storeODSubIndex                       0x080021ea   Section        0  objacces.o(i._storeODSubIndex)
    i.accessDictionaryError                  0x080021ec   Section        0  objacces.o(i.accessDictionaryError)
    i.buildPDO                               0x080021f6   Section        0  pdo.o(i.buildPDO)
    i.canDispatch                            0x080022e8   Section        0  states.o(i.canDispatch)
    i.canSend                                0x08002380   Section        0  main.o(i.canSend)
    i.can_display_msg                        0x080023e4   Section        0  can.o(i.can_display_msg)
    i.can_init                               0x0800245c   Section        0  can.o(i.can_init)
    i.display_build_time                     0x0800269c   Section        0  buildtime.o(i.display_build_time)
    display_build_time                       0x0800269d   Thumb Code    62  buildtime.o(i.display_build_time)
    i.dwt_init                               0x08002734   Section        0  sleep.o(i.dwt_init)
    i.emergencyInit                          0x0800275c   Section        0  emcy.o(i.emergencyInit)
    i.emergencyStop                          0x0800277c   Section        0  emcy.o(i.emergencyStop)
    i.failedSDO                              0x0800277e   Section        0  sdo.o(i.failedSDO)
    i.fputc                                  0x08002824   Section        0  rs232.o(i.fputc)
    i.getElapsedTime                         0x08002864   Section        0  main.o(i.getElapsedTime)
    i.getNodeId                              0x080028a4   Section        0  states.o(i.getNodeId)
    i.getSDOfreeLine                         0x080028ac   Section        0  sdo.o(i.getSDOfreeLine)
    i.getSDOlineOnUse                        0x080028e6   Section        0  sdo.o(i.getSDOlineOnUse)
    i.getSDOlineRestBytes                    0x0800294a   Section        0  sdo.o(i.getSDOlineRestBytes)
    i.get_build_time                         0x08002988   Section        0  buildtime.o(i.get_build_time)
    i.heartbeatInit                          0x08002a7c   Section        0  lifegrd.o(i.heartbeatInit)
    i.heartbeatStop                          0x08002b08   Section        0  lifegrd.o(i.heartbeatStop)
    i.initSDOline                            0x08002b40   Section        0  sdo.o(i.initSDOline)
    i.key_init                               0x08002cb8   Section        0  key.o(i.key_init)
    key_init                                 0x08002cb9   Thumb Code    78  key.o(i.key_init)
    i.led_init                               0x08002d0c   Section        0  led.o(i.led_init)
    led_init                                 0x08002d0d   Thumb Code    96  led.o(i.led_init)
    i.led_off                                0x08002d70   Section        0  led.o(i.led_off)
    i.led_tgl                                0x08002db0   Section        0  led.o(i.led_tgl)
    i.lifeGuardInit                          0x08002e30   Section        0  lifegrd.o(i.lifeGuardInit)
    i.lifeGuardStop                          0x08002e42   Section        0  lifegrd.o(i.lifeGuardStop)
    i.lineToSDO                              0x08002e54   Section        0  sdo.o(i.lineToSDO)
    i.main                                   0x08002ee8   Section        0  main.o(i.main)
    i.masterSendNMTnodeguard                 0x08002f50   Section        0  nmtmaster.o(i.masterSendNMTnodeguard)
    i.masterSendNMTstateChange               0x08002f76   Section        0  nmtmaster.o(i.masterSendNMTstateChange)
    i.nodeguardInit                          0x08002fa4   Section        0  lifegrd.o(i.nodeguardInit)
    i.nodeguardStop                          0x0800302c   Section        0  lifegrd.o(i.nodeguardStop)
    i.objdictToSDOline                       0x0800303e   Section        0  sdo.o(i.objdictToSDOline)
    i.proceedEMCY                            0x080030b8   Section        0  emcy.o(i.proceedEMCY)
    i.proceedNMTstateChange                  0x080030ee   Section        0  nmtslave.o(i.proceedNMTstateChange)
    i.proceedNODE_GUARD                      0x080031d0   Section        0  lifegrd.o(i.proceedNODE_GUARD)
    i.proceedPDO                             0x080032e8   Section        0  pdo.o(i.proceedPDO)
    i.proceedSDO                             0x080035c8   Section        0  sdo.o(i.proceedSDO)
    i.proceedSYNC                            0x08005cf4   Section        0  sync.o(i.proceedSYNC)
    i.resetSDO                               0x08005d20   Section        0  sdo.o(i.resetSDO)
    i.resetSDOline                           0x08005d3a   Section        0  sdo.o(i.resetSDOline)
    i.rs232_init                             0x08005d90   Section        0  rs232.o(i.rs232_init)
    i.scanIndexOD                            0x08005e04   Section        0  objacces.o(i.scanIndexOD)
    i.sendOnePDOevent                        0x08005e20   Section        0  pdo.o(i.sendOnePDOevent)
    i.sendPdo                                0x08005f64   Section        0  pdo.o(i.sendPdo)
    sendPdo                                  0x08005f65   Thumb Code    44  pdo.o(i.sendPdo)
    i.sendSDO                                0x08005f90   Section        0  sdo.o(i.sendSDO)
    i.sendSDOabort                           0x08006032   Section        0  sdo.o(i.sendSDOabort)
    i.sendSYNC                               0x08006084   Section        0  sync.o(i.sendSYNC)
    i.sendSYNCMessage                        0x0800609a   Section        0  sync.o(i.sendSYNCMessage)
    i.setNodeId                              0x080060c0   Section        0  states.o(i.setNodeId)
    i.setSDOlineRestBytes                    0x08006230   Section        0  sdo.o(i.setSDOlineRestBytes)
    i.setState                               0x08006250   Section        0  states.o(i.setState)
    i.setTimer                               0x0800631c   Section        0  main.o(i.setTimer)
    i.slaveSendBootUp                        0x08006374   Section        0  nmtslave.o(i.slaveSendBootUp)
    i.startSYNC                              0x080063a4   Section        0  sync.o(i.startSYNC)
    i.stopSYNC                               0x08006418   Section        0  sync.o(i.stopSYNC)
    i.switchCommunicationState               0x08006446   Section        0  states.o(i.switchCommunicationState)
    i.system_begin                           0x08006562   Section        0  autoinit.o(i.system_begin)
    system_begin                             0x08006563   Thumb Code     4  autoinit.o(i.system_begin)
    i.system_end                             0x08006566   Section        0  autoinit.o(i.system_end)
    system_end                               0x08006567   Thumb Code     4  autoinit.o(i.system_end)
    i.usdk_hw_uart_init                      0x0800656a   Section        0  main.o(i.usdk_hw_uart_init)
    i.usdk_startup                           0x08006594   Section        0  autoinit.o(i.usdk_startup)
    .constdata                               0x080065cc   Section       48  buildtime.o(.constdata)
    .constdata                               0x080065fc   Section       64  states.o(.constdata)
    .constdata                               0x0800663c   Section       62  master.o(.constdata)
    .conststring                             0x0800667c   Section       72  buildtime.o(.conststring)
    .conststrlit                             0x080066c4   Section        9  key.o(.conststrlit)
    .conststrlit                             0x080066d0   Section        9  led.o(.conststrlit)
    .conststrlit                             0x080066dc   Section       27  autoinit.o(.conststrlit)
    .conststrlit                             0x080066f8   Section       19  buildtime.o(.conststrlit)
    .usdk.init0                              0x0800670c   Section        8  autoinit.o(.usdk.init0)
    __tagsym$$used                           0x0800670c   Number         0  autoinit.o(.usdk.init0)
    .usdk.init1                              0x08006714   Section        8  key.o(.usdk.init1)
    __tagsym$$used                           0x08006714   Number         0  key.o(.usdk.init1)
    .usdk.init1                              0x0800671c   Section        8  led.o(.usdk.init1)
    __tagsym$$used                           0x0800671c   Number         0  led.o(.usdk.init1)
    .usdk.init2                              0x08006724   Section        8  buildtime.o(.usdk.init2)
    __tagsym$$used                           0x08006724   Number         0  buildtime.o(.usdk.init2)
    .usdk.init9                              0x0800672c   Section        8  autoinit.o(.usdk.init9)
    __tagsym$$used                           0x0800672c   Number         0  autoinit.o(.usdk.init9)
    .data                                    0x20000000   Section        8  main.o(.data)
    .data                                    0x20000008   Section        8  buildtime.o(.data)
    .data                                    0x20000010   Section        8  sleep.o(.data)
    m_ticks                                  0x20000010   Data           4  sleep.o(.data)
    .data                                    0x20000018   Section       16  stm32f4xx_rcc.o(.data)
    APBAHBPrescTable                         0x20000018   Data          16  stm32f4xx_rcc.o(.data)
    .data                                    0x20000028   Section       12  timer.o(.data)
    .data                                    0x20000034   Section      780  master.o(.data)
    .data                                    0x20000340   Section        4  stdout.o(.data)
    .bss                                     0x20000344   Section      192  timer.o(.bss)
    STACK                                    0x20000408   Section     1024  startup_stm32f40_41xxx.o(STACK)

    Global Symbols

    Symbol Name                              Value     Ov Type        Size  Object(Section)

    BuildAttributes$$THM_ISAv4$E$P$D$K$B$S$7EM$VFPi3$EXTD16$VFPS$VFMA$PE$A:L22UL41UL21$X:L11$S22US41US21$IEEE1$IW$USESV6$~STKCKD$USESV7$~SHL$OSPACE$ROPI$EBA8$MICROLIB$REQ8$PRES8$EABIv2 0x00000000   Number         0  anon$$obj.o ABSOLUTE
    __ARM_use_no_argv                        0x00000000   Number         0  main.o ABSOLUTE
    _printf_a                                0x00000000   Number         0  stubs.o ABSOLUTE
    _printf_c                                0x00000000   Number         0  stubs.o ABSOLUTE
    _printf_charcount                        0x00000000   Number         0  stubs.o ABSOLUTE
    _printf_d                                0x00000000   Number         0  stubs.o ABSOLUTE
    _printf_e                                0x00000000   Number         0  stubs.o ABSOLUTE
    _printf_f                                0x00000000   Number         0  stubs.o ABSOLUTE
    _printf_flags                            0x00000000   Number         0  stubs.o ABSOLUTE
    _printf_fp_dec                           0x00000000   Number         0  stubs.o ABSOLUTE
    _printf_fp_hex                           0x00000000   Number         0  stubs.o ABSOLUTE
    _printf_g                                0x00000000   Number         0  stubs.o ABSOLUTE
    _printf_i                                0x00000000   Number         0  stubs.o ABSOLUTE
    _printf_int_dec                          0x00000000   Number         0  stubs.o ABSOLUTE
    _printf_l                                0x00000000   Number         0  stubs.o ABSOLUTE
    _printf_lc                               0x00000000   Number         0  stubs.o ABSOLUTE
    _printf_ll                               0x00000000   Number         0  stubs.o ABSOLUTE
    _printf_lld                              0x00000000   Number         0  stubs.o ABSOLUTE
    _printf_lli                              0x00000000   Number         0  stubs.o ABSOLUTE
    _printf_llo                              0x00000000   Number         0  stubs.o ABSOLUTE
    _printf_llu                              0x00000000   Number         0  stubs.o ABSOLUTE
    _printf_llx                              0x00000000   Number         0  stubs.o ABSOLUTE
    _printf_longlong_dec                     0x00000000   Number         0  stubs.o ABSOLUTE
    _printf_longlong_hex                     0x00000000   Number         0  stubs.o ABSOLUTE
    _printf_longlong_oct                     0x00000000   Number         0  stubs.o ABSOLUTE
    _printf_ls                               0x00000000   Number         0  stubs.o ABSOLUTE
    _printf_mbtowc                           0x00000000   Number         0  stubs.o ABSOLUTE
    _printf_n                                0x00000000   Number         0  stubs.o ABSOLUTE
    _printf_o                                0x00000000   Number         0  stubs.o ABSOLUTE
    _printf_p                                0x00000000   Number         0  stubs.o ABSOLUTE
    _printf_percent                          0x00000000   Number         0  stubs.o ABSOLUTE
    _printf_pre_padding                      0x00000000   Number         0  stubs.o ABSOLUTE
    _printf_return_value                     0x00000000   Number         0  stubs.o ABSOLUTE
    _printf_s                                0x00000000   Number         0  stubs.o ABSOLUTE
    _printf_sizespec                         0x00000000   Number         0  stubs.o ABSOLUTE
    _printf_str                              0x00000000   Number         0  stubs.o ABSOLUTE
    _printf_truncate_signed                  0x00000000   Number         0  stubs.o ABSOLUTE
    _printf_truncate_unsigned                0x00000000   Number         0  stubs.o ABSOLUTE
    _printf_u                                0x00000000   Number         0  stubs.o ABSOLUTE
    _printf_wc                               0x00000000   Number         0  stubs.o ABSOLUTE
    _printf_wctomb                           0x00000000   Number         0  stubs.o ABSOLUTE
    _printf_widthprec                        0x00000000   Number         0  stubs.o ABSOLUTE
    _printf_x                                0x00000000   Number         0  stubs.o ABSOLUTE
    __arm_fini_                               - Undefined Weak Reference
    __cpp_initialize__aeabi_                  - Undefined Weak Reference
    __cxa_finalize                            - Undefined Weak Reference
    _clock_init                               - Undefined Weak Reference
    _microlib_exit                            - Undefined Weak Reference
    __Vectors_Size                           0x00000188   Number         0  startup_stm32f40_41xxx.o ABSOLUTE
    __Vectors                                0x08000000   Data           4  startup_stm32f40_41xxx.o(RESET)
    __Vectors_End                            0x08000188   Data           0  startup_stm32f40_41xxx.o(RESET)
    __main                                   0x08000189   Thumb Code     0  entry.o(.ARM.Collect$$$$00000000)
    _main_stk                                0x08000189   Thumb Code     0  entry2.o(.ARM.Collect$$$$00000001)
    _main_scatterload                        0x0800018d   Thumb Code     0  entry5.o(.ARM.Collect$$$$00000004)
    __main_after_scatterload                 0x08000191   Thumb Code     0  entry5.o(.ARM.Collect$$$$00000004)
    _main_clock                              0x08000191   Thumb Code     0  entry7b.o(.ARM.Collect$$$$00000008)
    _main_cpp_init                           0x08000191   Thumb Code     0  entry8b.o(.ARM.Collect$$$$0000000A)
    _main_init                               0x08000191   Thumb Code     0  entry9a.o(.ARM.Collect$$$$0000000B)
    __rt_lib_shutdown_fini                   0x08000199   Thumb Code     0  entry12b.o(.ARM.Collect$$$$0000000E)
    __rt_final_cpp                           0x0800019d   Thumb Code     0  entry10a.o(.ARM.Collect$$$$0000000F)
    __rt_final_exit                          0x0800019d   Thumb Code     0  entry11a.o(.ARM.Collect$$$$00000011)
    Reset_Handler                            0x080001a1   Thumb Code     8  startup_stm32f40_41xxx.o(.text)
    ADC_IRQHandler                           0x080001bb   Thumb Code     0  startup_stm32f40_41xxx.o(.text)
    CAN1_RX1_IRQHandler                      0x080001bb   Thumb Code     0  startup_stm32f40_41xxx.o(.text)
    CAN1_SCE_IRQHandler                      0x080001bb   Thumb Code     0  startup_stm32f40_41xxx.o(.text)
    CAN1_TX_IRQHandler                       0x080001bb   Thumb Code     0  startup_stm32f40_41xxx.o(.text)
    CAN2_RX1_IRQHandler                      0x080001bb   Thumb Code     0  startup_stm32f40_41xxx.o(.text)
    CAN2_SCE_IRQHandler                      0x080001bb   Thumb Code     0  startup_stm32f40_41xxx.o(.text)
    CAN2_TX_IRQHandler                       0x080001bb   Thumb Code     0  startup_stm32f40_41xxx.o(.text)
    CRYP_IRQHandler                          0x080001bb   Thumb Code     0  startup_stm32f40_41xxx.o(.text)
    DCMI_IRQHandler                          0x080001bb   Thumb Code     0  startup_stm32f40_41xxx.o(.text)
    DMA1_Stream0_IRQHandler                  0x080001bb   Thumb Code     0  startup_stm32f40_41xxx.o(.text)
    DMA1_Stream1_IRQHandler                  0x080001bb   Thumb Code     0  startup_stm32f40_41xxx.o(.text)
    DMA1_Stream2_IRQHandler                  0x080001bb   Thumb Code     0  startup_stm32f40_41xxx.o(.text)
    DMA1_Stream3_IRQHandler                  0x080001bb   Thumb Code     0  startup_stm32f40_41xxx.o(.text)
    DMA1_Stream4_IRQHandler                  0x080001bb   Thumb Code     0  startup_stm32f40_41xxx.o(.text)
    DMA1_Stream5_IRQHandler                  0x080001bb   Thumb Code     0  startup_stm32f40_41xxx.o(.text)
    DMA1_Stream6_IRQHandler                  0x080001bb   Thumb Code     0  startup_stm32f40_41xxx.o(.text)
    DMA1_Stream7_IRQHandler                  0x080001bb   Thumb Code     0  startup_stm32f40_41xxx.o(.text)
    DMA2_Stream0_IRQHandler                  0x080001bb   Thumb Code     0  startup_stm32f40_41xxx.o(.text)
    DMA2_Stream1_IRQHandler                  0x080001bb   Thumb Code     0  startup_stm32f40_41xxx.o(.text)
    DMA2_Stream2_IRQHandler                  0x080001bb   Thumb Code     0  startup_stm32f40_41xxx.o(.text)
    DMA2_Stream3_IRQHandler                  0x080001bb   Thumb Code     0  startup_stm32f40_41xxx.o(.text)
    DMA2_Stream4_IRQHandler                  0x080001bb   Thumb Code     0  startup_stm32f40_41xxx.o(.text)
    DMA2_Stream5_IRQHandler                  0x080001bb   Thumb Code     0  startup_stm32f40_41xxx.o(.text)
    DMA2_Stream6_IRQHandler                  0x080001bb   Thumb Code     0  startup_stm32f40_41xxx.o(.text)
    DMA2_Stream7_IRQHandler                  0x080001bb   Thumb Code     0  startup_stm32f40_41xxx.o(.text)
    ETH_IRQHandler                           0x080001bb   Thumb Code     0  startup_stm32f40_41xxx.o(.text)
    ETH_WKUP_IRQHandler                      0x080001bb   Thumb Code     0  startup_stm32f40_41xxx.o(.text)
    EXTI0_IRQHandler                         0x080001bb   Thumb Code     0  startup_stm32f40_41xxx.o(.text)
    EXTI15_10_IRQHandler                     0x080001bb   Thumb Code     0  startup_stm32f40_41xxx.o(.text)
    EXTI1_IRQHandler                         0x080001bb   Thumb Code     0  startup_stm32f40_41xxx.o(.text)
    EXTI2_IRQHandler                         0x080001bb   Thumb Code     0  startup_stm32f40_41xxx.o(.text)
    EXTI3_IRQHandler                         0x080001bb   Thumb Code     0  startup_stm32f40_41xxx.o(.text)
    EXTI4_IRQHandler                         0x080001bb   Thumb Code     0  startup_stm32f40_41xxx.o(.text)
    EXTI9_5_IRQHandler                       0x080001bb   Thumb Code     0  startup_stm32f40_41xxx.o(.text)
    FLASH_IRQHandler                         0x080001bb   Thumb Code     0  startup_stm32f40_41xxx.o(.text)
    FPU_IRQHandler                           0x080001bb   Thumb Code     0  startup_stm32f40_41xxx.o(.text)
    FSMC_IRQHandler                          0x080001bb   Thumb Code     0  startup_stm32f40_41xxx.o(.text)
    HASH_RNG_IRQHandler                      0x080001bb   Thumb Code     0  startup_stm32f40_41xxx.o(.text)
    I2C1_ER_IRQHandler                       0x080001bb   Thumb Code     0  startup_stm32f40_41xxx.o(.text)
    I2C1_EV_IRQHandler                       0x080001bb   Thumb Code     0  startup_stm32f40_41xxx.o(.text)
    I2C2_ER_IRQHandler                       0x080001bb   Thumb Code     0  startup_stm32f40_41xxx.o(.text)
    I2C2_EV_IRQHandler                       0x080001bb   Thumb Code     0  startup_stm32f40_41xxx.o(.text)
    I2C3_ER_IRQHandler                       0x080001bb   Thumb Code     0  startup_stm32f40_41xxx.o(.text)
    I2C3_EV_IRQHandler                       0x080001bb   Thumb Code     0  startup_stm32f40_41xxx.o(.text)
    OTG_FS_IRQHandler                        0x080001bb   Thumb Code     0  startup_stm32f40_41xxx.o(.text)
    OTG_FS_WKUP_IRQHandler                   0x080001bb   Thumb Code     0  startup_stm32f40_41xxx.o(.text)
    OTG_HS_EP1_IN_IRQHandler                 0x080001bb   Thumb Code     0  startup_stm32f40_41xxx.o(.text)
    OTG_HS_EP1_OUT_IRQHandler                0x080001bb   Thumb Code     0  startup_stm32f40_41xxx.o(.text)
    OTG_HS_IRQHandler                        0x080001bb   Thumb Code     0  startup_stm32f40_41xxx.o(.text)
    OTG_HS_WKUP_IRQHandler                   0x080001bb   Thumb Code     0  startup_stm32f40_41xxx.o(.text)
    PVD_IRQHandler                           0x080001bb   Thumb Code     0  startup_stm32f40_41xxx.o(.text)
    RCC_IRQHandler                           0x080001bb   Thumb Code     0  startup_stm32f40_41xxx.o(.text)
    RTC_Alarm_IRQHandler                     0x080001bb   Thumb Code     0  startup_stm32f40_41xxx.o(.text)
    RTC_WKUP_IRQHandler                      0x080001bb   Thumb Code     0  startup_stm32f40_41xxx.o(.text)
    SDIO_IRQHandler                          0x080001bb   Thumb Code     0  startup_stm32f40_41xxx.o(.text)
    SPI1_IRQHandler                          0x080001bb   Thumb Code     0  startup_stm32f40_41xxx.o(.text)
    SPI2_IRQHandler                          0x080001bb   Thumb Code     0  startup_stm32f40_41xxx.o(.text)
    SPI3_IRQHandler                          0x080001bb   Thumb Code     0  startup_stm32f40_41xxx.o(.text)
    TAMP_STAMP_IRQHandler                    0x080001bb   Thumb Code     0  startup_stm32f40_41xxx.o(.text)
    TIM1_BRK_TIM9_IRQHandler                 0x080001bb   Thumb Code     0  startup_stm32f40_41xxx.o(.text)
    TIM1_CC_IRQHandler                       0x080001bb   Thumb Code     0  startup_stm32f40_41xxx.o(.text)
    TIM1_TRG_COM_TIM11_IRQHandler            0x080001bb   Thumb Code     0  startup_stm32f40_41xxx.o(.text)
    TIM1_UP_TIM10_IRQHandler                 0x080001bb   Thumb Code     0  startup_stm32f40_41xxx.o(.text)
    TIM2_IRQHandler                          0x080001bb   Thumb Code     0  startup_stm32f40_41xxx.o(.text)
    TIM4_IRQHandler                          0x080001bb   Thumb Code     0  startup_stm32f40_41xxx.o(.text)
    TIM5_IRQHandler                          0x080001bb   Thumb Code     0  startup_stm32f40_41xxx.o(.text)
    TIM6_DAC_IRQHandler                      0x080001bb   Thumb Code     0  startup_stm32f40_41xxx.o(.text)
    TIM7_IRQHandler                          0x080001bb   Thumb Code     0  startup_stm32f40_41xxx.o(.text)
    TIM8_BRK_TIM12_IRQHandler                0x080001bb   Thumb Code     0  startup_stm32f40_41xxx.o(.text)
    TIM8_CC_IRQHandler                       0x080001bb   Thumb Code     0  startup_stm32f40_41xxx.o(.text)
    TIM8_TRG_COM_TIM14_IRQHandler            0x080001bb   Thumb Code     0  startup_stm32f40_41xxx.o(.text)
    TIM8_UP_TIM13_IRQHandler                 0x080001bb   Thumb Code     0  startup_stm32f40_41xxx.o(.text)
    UART4_IRQHandler                         0x080001bb   Thumb Code     0  startup_stm32f40_41xxx.o(.text)
    UART5_IRQHandler                         0x080001bb   Thumb Code     0  startup_stm32f40_41xxx.o(.text)
    USART1_IRQHandler                        0x080001bb   Thumb Code     0  startup_stm32f40_41xxx.o(.text)
    USART2_IRQHandler                        0x080001bb   Thumb Code     0  startup_stm32f40_41xxx.o(.text)
    USART3_IRQHandler                        0x080001bb   Thumb Code     0  startup_stm32f40_41xxx.o(.text)
    USART6_IRQHandler                        0x080001bb   Thumb Code     0  startup_stm32f40_41xxx.o(.text)
    WWDG_IRQHandler                          0x080001bb   Thumb Code     0  startup_stm32f40_41xxx.o(.text)
    __aeabi_memcpy                           0x080001c5   Thumb Code    36  memcpya.o(.text)
    __aeabi_memcpy4                          0x080001c5   Thumb Code     0  memcpya.o(.text)
    __aeabi_memcpy8                          0x080001c5   Thumb Code     0  memcpya.o(.text)
    __aeabi_memset                           0x080001e9   Thumb Code    14  memseta.o(.text)
    __aeabi_memset4                          0x080001e9   Thumb Code     0  memseta.o(.text)
    __aeabi_memset8                          0x080001e9   Thumb Code     0  memseta.o(.text)
    __aeabi_memclr                           0x080001f7   Thumb Code     4  memseta.o(.text)
    __aeabi_memclr4                          0x080001f7   Thumb Code     0  memseta.o(.text)
    __aeabi_memclr8                          0x080001f7   Thumb Code     0  memseta.o(.text)
    _memset$wrapper                          0x080001fb   Thumb Code    18  memseta.o(.text)
    strcmp                                   0x0800020d   Thumb Code    28  strcmp.o(.text)
    memcmp                                   0x08000229   Thumb Code    26  memcmp.o(.text)
    __aeabi_uldivmod                         0x08000243   Thumb Code    98  uldiv.o(.text)
    __scatterload                            0x080002a5   Thumb Code    28  init.o(.text)
    __scatterload_rt2                        0x080002a5   Thumb Code     0  init.o(.text)
    __aeabi_llsl                             0x080002c9   Thumb Code    30  llshl.o(.text)
    _ll_shift_l                              0x080002c9   Thumb Code     0  llshl.o(.text)
    __aeabi_llsr                             0x080002e7   Thumb Code    32  llushr.o(.text)
    _ll_ushift_r                             0x080002e7   Thumb Code     0  llushr.o(.text)
    __decompress                             0x08000307   Thumb Code     0  __dczerorl2.o(.text)
    __decompress1                            0x08000307   Thumb Code    86  __dczerorl2.o(.text)
    main                                     0x0800035d   Thumb Code    12  autoinit.o(i.$Sub$$main)
    BusFault_Handler                         0x08000369   Thumb Code     4  stm32f4xx_it.o(i.BusFault_Handler)
    CAN1_RX0_IRQHandler                      0x0800036d   Thumb Code   148  main.o(i.CAN1_RX0_IRQHandler)
    CAN2_RX0_IRQHandler                      0x08000425   Thumb Code    26  main.o(i.CAN2_RX0_IRQHandler)
    CAN_FilterInit                           0x08000455   Thumb Code   258  stm32f4xx_can.o(i.CAN_FilterInit)
    CAN_ITConfig                             0x0800055d   Thumb Code    18  stm32f4xx_can.o(i.CAN_ITConfig)
    CAN_Init                                 0x0800056f   Thumb Code   276  stm32f4xx_can.o(i.CAN_Init)
    CAN_Receive                              0x08000683   Thumb Code   232  stm32f4xx_can.o(i.CAN_Receive)
    CAN_Transmit                             0x0800076b   Thumb Code   294  stm32f4xx_can.o(i.CAN_Transmit)
    ConsumerHeartbeatAlarm                   0x08000891   Thumb Code    50  lifegrd.o(i.ConsumerHeartbeatAlarm)
    CopyBits                                 0x080008c3   Thumb Code   236  pdo.o(i.CopyBits)
    DebugMon_Handler                         0x080009af   Thumb Code     2  stm32f4xx_it.o(i.DebugMon_Handler)
    DelAlarm                                 0x080009b1   Thumb Code    46  timer.o(i.DelAlarm)
    DelayInit                                0x080009e9   Thumb Code    86  sleep.o(i.DelayInit)
    DelayNonBlock                            0x08000a49   Thumb Code    22  sleep.o(i.DelayNonBlock)
    GPIO_Init                                0x08000a65   Thumb Code   144  stm32f4xx_gpio.o(i.GPIO_Init)
    GPIO_PinAFConfig                         0x08000af5   Thumb Code    70  stm32f4xx_gpio.o(i.GPIO_PinAFConfig)
    GPIO_ReadInputDataBit                    0x08000b3b   Thumb Code    18  stm32f4xx_gpio.o(i.GPIO_ReadInputDataBit)
    GPIO_WriteBit                            0x08000b4d   Thumb Code    12  stm32f4xx_gpio.o(i.GPIO_WriteBit)
    GuardTimeAlarm                           0x08000b59   Thumb Code   118  lifegrd.o(i.GuardTimeAlarm)
    HAL_GetTick                              0x08000bd1   Thumb Code     6  sleep.o(i.HAL_GetTick)
    HAL_IncTick                              0x08000bdd   Thumb Code    14  sleep.o(i.HAL_IncTick)
    HardFault_Handler                        0x08000bf1   Thumb Code     4  stm32f4xx_it.o(i.HardFault_Handler)
    Master_scanIndexOD                       0x08000bf5   Thumb Code    68  master.o(i.Master_scanIndexOD)
    Master_valueRangeTest                    0x08000c41   Thumb Code    22  master.o(i.Master_valueRangeTest)
    MemManage_Handler                        0x08000c5d   Thumb Code     4  stm32f4xx_it.o(i.MemManage_Handler)
    NMI_Handler                              0x08000c61   Thumb Code     2  stm32f4xx_it.o(i.NMI_Handler)
    NVIC_Init                                0x08000c65   Thumb Code   106  misc.o(i.NVIC_Init)
    NVIC_PriorityGroupConfig                 0x08000cdd   Thumb Code    10  misc.o(i.NVIC_PriorityGroupConfig)
    OnCOB_ID_SyncUpdate                      0x08000cf1   Thumb Code    18  sync.o(i.OnCOB_ID_SyncUpdate)
    OnHeartbeatProducerUpdate                0x08000d03   Thumb Code    24  lifegrd.o(i.OnHeartbeatProducerUpdate)
    OnNodeGuardUpdate                        0x08000d1b   Thumb Code    24  lifegrd.o(i.OnNodeGuardUpdate)
    OnNumberOfErrorsUpdate                   0x08000d33   Thumb Code    44  emcy.o(i.OnNumberOfErrorsUpdate)
    PDOEventTimerAlarm                       0x08000d5f   Thumb Code    46  pdo.o(i.PDOEventTimerAlarm)
    PDOInhibitTimerAlarm                     0x08000d8d   Thumb Code    56  pdo.o(i.PDOInhibitTimerAlarm)
    PDOInit                                  0x08000dc5   Thumb Code    82  pdo.o(i.PDOInit)
    PDOStop                                  0x08000e1d   Thumb Code   120  pdo.o(i.PDOStop)
    PendSV_Handler                           0x08000e95   Thumb Code     2  stm32f4xx_it.o(i.PendSV_Handler)
    ProducerHeartbeatAlarm                   0x08000e97   Thumb Code    72  lifegrd.o(i.ProducerHeartbeatAlarm)
    RCC_AHB1PeriphClockCmd                   0x08000ee1   Thumb Code    26  stm32f4xx_rcc.o(i.RCC_AHB1PeriphClockCmd)
    RCC_APB1PeriphClockCmd                   0x08000f01   Thumb Code    26  stm32f4xx_rcc.o(i.RCC_APB1PeriphClockCmd)
    RCC_APB2PeriphClockCmd                   0x08000f21   Thumb Code    26  stm32f4xx_rcc.o(i.RCC_APB2PeriphClockCmd)
    RCC_GetClocksFreq                        0x08000f41   Thumb Code   214  stm32f4xx_rcc.o(i.RCC_GetClocksFreq)
    RegisterSetODentryCallBack               0x08001029   Thumb Code    54  objacces.o(i.RegisterSetODentryCallBack)
    SDOTimeoutAlarm                          0x08001061   Thumb Code   256  sdo.o(i.SDOTimeoutAlarm)
    SDOlineToObjdict                         0x08001165   Thumb Code   144  sdo.o(i.SDOlineToObjdict)
    SDOtoLine                                0x080011f5   Thumb Code   114  sdo.o(i.SDOtoLine)
    SVC_Handler                              0x08001267   Thumb Code     2  stm32f4xx_it.o(i.SVC_Handler)
    SetAlarm                                 0x08001269   Thumb Code   170  timer.o(i.SetAlarm)
    SyncAlarm                                0x0800140d   Thumb Code    14  sync.o(i.SyncAlarm)
    SysTick_Handler                          0x0800141b   Thumb Code     8  stm32f4xx_it.o(i.SysTick_Handler)
    SystemInit                               0x08001425   Thumb Code    88  system_stm32f4xx.o(i.SystemInit)
    TIM3_IRQHandler                          0x0800148d   Thumb Code    50  main.o(i.TIM3_IRQHandler)
    TIM3_Init                                0x080014ed   Thumb Code   102  main.o(i.TIM3_Init)
    TIM_ClearITPendingBit                    0x08001559   Thumb Code     6  stm32f4xx_tim.o(i.TIM_ClearITPendingBit)
    TIM_Cmd                                  0x0800155f   Thumb Code    24  stm32f4xx_tim.o(i.TIM_Cmd)
    TIM_GetCounter                           0x08001577   Thumb Code     6  stm32f4xx_tim.o(i.TIM_GetCounter)
    TIM_GetFlagStatus                        0x0800157d   Thumb Code    18  stm32f4xx_tim.o(i.TIM_GetFlagStatus)
    TIM_ITConfig                             0x0800158f   Thumb Code    18  stm32f4xx_tim.o(i.TIM_ITConfig)
    TIM_SetCounter                           0x080015a1   Thumb Code     4  stm32f4xx_tim.o(i.TIM_SetCounter)
    TIM_TimeBaseInit                         0x080015a5   Thumb Code   104  stm32f4xx_tim.o(i.TIM_TimeBaseInit)
    TPDO_Communication_Parameter_Callback    0x08001629   Thumb Code   148  pdo.o(i.TPDO_Communication_Parameter_Callback)
    TimeDispatch                             0x080016bd   Thumb Code   178  timer.o(i.TimeDispatch)
    TxMsg                                    0x0800177d   Thumb Code    76  main.o(i.TxMsg)
    USART_Cmd                                0x080017e1   Thumb Code    24  stm32f4xx_usart.o(i.USART_Cmd)
    USART_GetFlagStatus                      0x080017f9   Thumb Code    26  stm32f4xx_usart.o(i.USART_GetFlagStatus)
    USART_Init                               0x08001815   Thumb Code   204  stm32f4xx_usart.o(i.USART_Init)
    USART_SendData                           0x080018e9   Thumb Code     8  stm32f4xx_usart.o(i.USART_SendData)
    UsageFault_Handler                       0x080018f1   Thumb Code     4  stm32f4xx_it.o(i.UsageFault_Handler)
    _RxPDO_EventTimers_Handler               0x080018f5   Thumb Code     2  pdo.o(i._RxPDO_EventTimers_Handler)
    __0printf$8                              0x080018f9   Thumb Code    22  printf8.o(i.__0printf$8)
    __1printf$8                              0x080018f9   Thumb Code     0  printf8.o(i.__0printf$8)
    __2printf                                0x080018f9   Thumb Code     0  printf8.o(i.__0printf$8)
    __scatterload_copy                       0x08001919   Thumb Code    14  handlers.o(i.__scatterload_copy)
    __scatterload_null                       0x08001927   Thumb Code     2  handlers.o(i.__scatterload_null)
    __scatterload_zeroinit                   0x08001929   Thumb Code    14  handlers.o(i.__scatterload_zeroinit)
    _getODentry                              0x08001939   Thumb Code   310  objacces.o(i._getODentry)
    _heartbeatError                          0x08001a7d   Thumb Code     2  lifegrd.o(i._heartbeatError)
    _initialisation                          0x08001a7f   Thumb Code     2  states.o(i._initialisation)
    _nodeguardError                          0x08001a81   Thumb Code     2  lifegrd.o(i._nodeguardError)
    _operational                             0x08001a83   Thumb Code     2  states.o(i._operational)
    _post_SlaveBootup                        0x08001a85   Thumb Code     2  lifegrd.o(i._post_SlaveBootup)
    _post_SlaveStateChange                   0x08001a87   Thumb Code     2  lifegrd.o(i._post_SlaveStateChange)
    _post_TPDO                               0x08001a89   Thumb Code     2  sync.o(i._post_TPDO)
    _post_emcy                               0x08001a8b   Thumb Code     2  emcy.o(i._post_emcy)
    _post_sync                               0x08001a8d   Thumb Code     2  sync.o(i._post_sync)
    _preOperational                          0x08001a8f   Thumb Code    22  states.o(i._preOperational)
    _sendPDOevent                            0x08001efb   Thumb Code   408  pdo.o(i._sendPDOevent)
    _setODentry                              0x08002095   Thumb Code   328  objacces.o(i._setODentry)
    _stopped                                 0x080021e9   Thumb Code     2  states.o(i._stopped)
    _storeODSubIndex                         0x080021eb   Thumb Code     2  objacces.o(i._storeODSubIndex)
    accessDictionaryError                    0x080021ed   Thumb Code    10  objacces.o(i.accessDictionaryError)
    buildPDO                                 0x080021f7   Thumb Code   242  pdo.o(i.buildPDO)
    canDispatch                              0x080022e9   Thumb Code   152  states.o(i.canDispatch)
    canSend                                  0x08002381   Thumb Code    82  main.o(i.canSend)
    can_display_msg                          0x080023e5   Thumb Code    84  can.o(i.can_display_msg)
    can_init                                 0x0800245d   Thumb Code   550  can.o(i.can_init)
    dwt_init                                 0x08002735   Thumb Code    30  sleep.o(i.dwt_init)
    emergencyInit                            0x0800275d   Thumb Code    28  emcy.o(i.emergencyInit)
    emergencyStop                            0x0800277d   Thumb Code     2  emcy.o(i.emergencyStop)
    failedSDO                                0x0800277f   Thumb Code   166  sdo.o(i.failedSDO)
    fputc                                    0x08002825   Thumb Code    58  rs232.o(i.fputc)
    getElapsedTime                           0x08002865   Thumb Code    46  main.o(i.getElapsedTime)
    getNodeId                                0x080028a5   Thumb Code     8  states.o(i.getNodeId)
    getSDOfreeLine                           0x080028ad   Thumb Code    58  sdo.o(i.getSDOfreeLine)
    getSDOlineOnUse                          0x080028e7   Thumb Code   100  sdo.o(i.getSDOlineOnUse)
    getSDOlineRestBytes                      0x0800294b   Thumb Code    62  sdo.o(i.getSDOlineRestBytes)
    get_build_time                           0x08002989   Thumb Code   232  buildtime.o(i.get_build_time)
    heartbeatInit                            0x08002a7d   Thumb Code   126  lifegrd.o(i.heartbeatInit)
    heartbeatStop                            0x08002b09   Thumb Code    56  lifegrd.o(i.heartbeatStop)
    initSDOline                              0x08002b41   Thumb Code   368  sdo.o(i.initSDOline)
    led_off                                  0x08002d71   Thumb Code    58  led.o(i.led_off)
    led_tgl                                  0x08002db1   Thumb Code   124  led.o(i.led_tgl)
    lifeGuardInit                            0x08002e31   Thumb Code    18  lifegrd.o(i.lifeGuardInit)
    lifeGuardStop                            0x08002e43   Thumb Code    18  lifegrd.o(i.lifeGuardStop)
    lineToSDO                                0x08002e55   Thumb Code   148  sdo.o(i.lineToSDO)
    $Super$$main                             0x08002ee9   Thumb Code    88  main.o(i.main)
    masterSendNMTnodeguard                   0x08002f51   Thumb Code    38  nmtmaster.o(i.masterSendNMTnodeguard)
    masterSendNMTstateChange                 0x08002f77   Thumb Code    44  nmtmaster.o(i.masterSendNMTstateChange)
    nodeguardInit                            0x08002fa5   Thumb Code   126  lifegrd.o(i.nodeguardInit)
    nodeguardStop                            0x0800302d   Thumb Code    18  lifegrd.o(i.nodeguardStop)
    objdictToSDOline                         0x0800303f   Thumb Code   122  sdo.o(i.objdictToSDOline)
    proceedEMCY                              0x080030b9   Thumb Code    54  emcy.o(i.proceedEMCY)
    proceedNMTstateChange                    0x080030ef   Thumb Code   224  nmtslave.o(i.proceedNMTstateChange)
    proceedNODE_GUARD                        0x080031d1   Thumb Code   274  lifegrd.o(i.proceedNODE_GUARD)
    proceedPDO                               0x080032e9   Thumb Code   734  pdo.o(i.proceedPDO)
    proceedSDO                               0x080035c9   Thumb Code 10024  sdo.o(i.proceedSDO)
    proceedSYNC                              0x08005cf5   Thumb Code    44  sync.o(i.proceedSYNC)
    resetSDO                                 0x08005d21   Thumb Code    26  sdo.o(i.resetSDO)
    resetSDOline                             0x08005d3b   Thumb Code    84  sdo.o(i.resetSDOline)
    rs232_init                               0x08005d91   Thumb Code   108  rs232.o(i.rs232_init)
    scanIndexOD                              0x08005e05   Thumb Code    28  objacces.o(i.scanIndexOD)
    sendOnePDOevent                          0x08005e21   Thumb Code   316  pdo.o(i.sendOnePDOevent)
    sendSDO                                  0x08005f91   Thumb Code   162  sdo.o(i.sendSDO)
    sendSDOabort                             0x08006033   Thumb Code    82  sdo.o(i.sendSDOabort)
    sendSYNC                                 0x08006085   Thumb Code    22  sync.o(i.sendSYNC)
    sendSYNCMessage                          0x0800609b   Thumb Code    38  sync.o(i.sendSYNCMessage)
    setNodeId                                0x080060c1   Thumb Code   362  states.o(i.setNodeId)
    setSDOlineRestBytes                      0x08006231   Thumb Code    30  sdo.o(i.setSDOlineRestBytes)
    setState                                 0x08006251   Thumb Code   200  states.o(i.setState)
    setTimer                                 0x0800631d   Thumb Code    68  main.o(i.setTimer)
    slaveSendBootUp                          0x08006375   Thumb Code    46  nmtslave.o(i.slaveSendBootUp)
    startSYNC                                0x080063a5   Thumb Code   108  sync.o(i.startSYNC)
    stopSYNC                                 0x08006419   Thumb Code    46  sync.o(i.stopSYNC)
    switchCommunicationState                 0x08006447   Thumb Code   284  states.o(i.switchCommunicationState)
    usdk_hw_uart_init                        0x0800656b   Thumb Code    42  main.o(i.usdk_hw_uart_init)
    usdk_startup                             0x08006595   Thumb Code    40  autoinit.o(i.usdk_startup)
    Master_iam_a_slave                       0x0800663c   Data           1  master.o(.constdata)
    Master_objdict                           0x08006640   Data          32  master.o(.constdata)
    Master_firstIndex                        0x08006660   Data          12  master.o(.constdata)
    Master_lastIndex                         0x0800666c   Data          12  master.o(.constdata)
    Master_ObjdictSize                       0x08006678   Data           2  master.o(.constdata)
    __usdk_init_system_begin                 0x0800670c   Data           8  autoinit.o(.usdk.init0)
    __usdk_init_key_init                     0x08006714   Data           8  key.o(.usdk.init1)
    __usdk_init_led_init                     0x0800671c   Data           8  led.o(.usdk.init1)
    __usdk_init_display_build_time           0x08006724   Data           8  buildtime.o(.usdk.init2)
    __usdk_init_system_end                   0x0800672c   Data           8  autoinit.o(.usdk.init9)
    Region$$Table$$Base                      0x08006734   Number         0  anon$$obj.o(Region$$Table)
    Region$$Table$$Limit                     0x08006754   Number         0  anon$$obj.o(Region$$Table)
    last_counter_val                         0x20000000   Data           4  main.o(.data)
    elapsed_time                             0x20000004   Data           4  main.o(.data)
    m_data                                   0x20000008   Data           4  buildtime.o(.data)
    m_time                                   0x2000000c   Data           4  buildtime.o(.data)
    tickstart                                0x20000014   Data           4  sleep.o(.data)
    total_sleep_time                         0x20000028   Data           4  timer.o(.data)
    last_timer_raw                           0x2000002c   Data           2  timer.o(.data)
    tdcount                                  0x20000030   Data           4  timer.o(.data)
    Master_bDeviceNodeId                     0x20000034   Data           1  master.o(.data)
    Master_heartBeatTimers                   0x20000036   Data           2  master.o(.data)
    Master_obj1000                           0x20000038   Data           4  master.o(.data)
    Master_Index1000                         0x2000003c   Data          12  master.o(.data)
    Master_obj1001                           0x20000048   Data           1  master.o(.data)
    Master_Index1001                         0x2000004c   Data          12  master.o(.data)
    Master_highestSubIndex_obj1003           0x20000058   Data           1  master.o(.data)
    Master_obj1003                           0x2000005c   Data           4  master.o(.data)
    Master_Index1003                         0x20000060   Data          24  master.o(.data)
    Master_obj1005                           0x20000078   Data           4  master.o(.data)
    Master_obj1006                           0x2000007c   Data           4  master.o(.data)
    Master_obj100C                           0x20000080   Data           2  master.o(.data)
    Master_obj100D                           0x20000082   Data           1  master.o(.data)
    Master_obj1014                           0x20000084   Data           4  master.o(.data)
    Master_highestSubIndex_obj1016           0x20000088   Data           1  master.o(.data)
    Master_obj1016                           0x2000008c   Data           4  master.o(.data)
    Master_obj1017                           0x20000090   Data           2  master.o(.data)
    Master_Index1017                         0x20000094   Data          12  master.o(.data)
    Master_highestSubIndex_obj1018           0x200000a0   Data           1  master.o(.data)
    Master_obj1018_Vendor_ID                 0x200000a4   Data           4  master.o(.data)
    Master_obj1018_Product_Code              0x200000a8   Data           4  master.o(.data)
    Master_obj1018_Revision_Number           0x200000ac   Data           4  master.o(.data)
    Master_obj1018_Serial_Number             0x200000b0   Data           4  master.o(.data)
    Master_Index1018                         0x200000b4   Data          60  master.o(.data)
    Master_PDO_status                        0x200000f0   Data          18  master.o(.data)
    Master_Data                              0x20000104   Data         572  master.o(.data)
    __stdout                                 0x20000340   Data           4  stdout.o(.data)
    timers                                   0x20000344   Data         192  timer.o(.bss)
    __initial_sp                             0x20000808   Data           0  startup_stm32f40_41xxx.o(STACK)



==============================================================================

Memory Map of the image

  Image Entry point : 0x08000189

  Load Region LR_IROM1 (Base: 0x08000000, Size: 0x00006a98, Max: 0x00080000, ABSOLUTE, COMPRESSED[0x0000683c])

    Execution Region ER_IROM1 (Exec base: 0x08000000, Load base: 0x08000000, Size: 0x00006754, Max: 0x00080000, ABSOLUTE)

    Exec Addr    Load Addr    Size         Type   Attr      Idx    E Section Name        Object

    0x08000000   0x08000000   0x00000188   Data   RO            3    RESET               startup_stm32f40_41xxx.o
    0x08000188   0x08000188   0x00000000   Code   RO         6647  * .ARM.Collect$$$$00000000  mc_w.l(entry.o)
    0x08000188   0x08000188   0x00000004   Code   RO         6921    .ARM.Collect$$$$00000001  mc_w.l(entry2.o)
    0x0800018c   0x0800018c   0x00000004   Code   RO         6924    .ARM.Collect$$$$00000004  mc_w.l(entry5.o)
    0x08000190   0x08000190   0x00000000   Code   RO         6926    .ARM.Collect$$$$00000008  mc_w.l(entry7b.o)
    0x08000190   0x08000190   0x00000000   Code   RO         6928    .ARM.Collect$$$$0000000A  mc_w.l(entry8b.o)
    0x08000190   0x08000190   0x00000008   Code   RO         6929    .ARM.Collect$$$$0000000B  mc_w.l(entry9a.o)
    0x08000198   0x08000198   0x00000004   Code   RO         6936    .ARM.Collect$$$$0000000E  mc_w.l(entry12b.o)
    0x0800019c   0x0800019c   0x00000000   Code   RO         6931    .ARM.Collect$$$$0000000F  mc_w.l(entry10a.o)
    0x0800019c   0x0800019c   0x00000000   Code   RO         6933    .ARM.Collect$$$$00000011  mc_w.l(entry11a.o)
    0x0800019c   0x0800019c   0x00000004   Code   RO         6922    .ARM.Collect$$$$00002712  mc_w.l(entry2.o)
    0x080001a0   0x080001a0   0x00000024   Code   RO            4    .text               startup_stm32f40_41xxx.o
    0x080001c4   0x080001c4   0x00000024   Code   RO         6650    .text               mc_w.l(memcpya.o)
    0x080001e8   0x080001e8   0x00000024   Code   RO         6652    .text               mc_w.l(memseta.o)
    0x0800020c   0x0800020c   0x0000001c   Code   RO         6654    .text               mc_w.l(strcmp.o)
    0x08000228   0x08000228   0x0000001a   Code   RO         6656    .text               mc_w.l(memcmp.o)
    0x08000242   0x08000242   0x00000062   Code   RO         6940    .text               mc_w.l(uldiv.o)
    0x080002a4   0x080002a4   0x00000024   Code   RO         6953    .text               mc_w.l(init.o)
    0x080002c8   0x080002c8   0x0000001e   Code   RO         6955    .text               mc_w.l(llshl.o)
    0x080002e6   0x080002e6   0x00000020   Code   RO         6957    .text               mc_w.l(llushr.o)
    0x08000306   0x08000306   0x00000056   Code   RO         6971    .text               mc_w.l(__dczerorl2.o)
    0x0800035c   0x0800035c   0x0000000c   Code   RO          588    i.$Sub$$main        autoinit.o
    0x08000368   0x08000368   0x00000004   Code   RO          344    i.BusFault_Handler  stm32f4xx_it.o
    0x0800036c   0x0800036c   0x000000b8   Code   RO          155    i.CAN1_RX0_IRQHandler  main.o
    0x08000424   0x08000424   0x00000030   Code   RO          156    i.CAN2_RX0_IRQHandler  main.o
    0x08000454   0x08000454   0x00000108   Code   RO         1107    i.CAN_FilterInit    stm32f4xx_can.o
    0x0800055c   0x0800055c   0x00000012   Code   RO         1113    i.CAN_ITConfig      stm32f4xx_can.o
    0x0800056e   0x0800056e   0x00000114   Code   RO         1114    i.CAN_Init          stm32f4xx_can.o
    0x08000682   0x08000682   0x000000e8   Code   RO         1117    i.CAN_Receive       stm32f4xx_can.o
    0x0800076a   0x0800076a   0x00000126   Code   RO         1122    i.CAN_Transmit      stm32f4xx_can.o
    0x08000890   0x08000890   0x00000032   Code   RO         5934    i.ConsumerHeartbeatAlarm  lifegrd.o
    0x080008c2   0x080008c2   0x000000ec   Code   RO         6155    i.CopyBits          pdo.o
    0x080009ae   0x080009ae   0x00000002   Code   RO          345    i.DebugMon_Handler  stm32f4xx_it.o
    0x080009b0   0x080009b0   0x00000038   Code   RO         6583    i.DelAlarm          timer.o
    0x080009e8   0x080009e8   0x00000060   Code   RO          728    i.DelayInit         sleep.o
    0x08000a48   0x08000a48   0x0000001c   Code   RO          745    i.DelayNonBlock     sleep.o
    0x08000a64   0x08000a64   0x00000090   Code   RO         2682    i.GPIO_Init         stm32f4xx_gpio.o
    0x08000af4   0x08000af4   0x00000046   Code   RO         2683    i.GPIO_PinAFConfig  stm32f4xx_gpio.o
    0x08000b3a   0x08000b3a   0x00000012   Code   RO         2686    i.GPIO_ReadInputDataBit  stm32f4xx_gpio.o
    0x08000b4c   0x08000b4c   0x0000000c   Code   RO         2694    i.GPIO_WriteBit     stm32f4xx_gpio.o
    0x08000b58   0x08000b58   0x00000076   Code   RO         5935    i.GuardTimeAlarm    lifegrd.o
    0x08000bce   0x08000bce   0x00000002   PAD
    0x08000bd0   0x08000bd0   0x0000000c   Code   RO          734    i.HAL_GetTick       sleep.o
    0x08000bdc   0x08000bdc   0x00000014   Code   RO          751    i.HAL_IncTick       sleep.o
    0x08000bf0   0x08000bf0   0x00000004   Code   RO          346    i.HardFault_Handler  stm32f4xx_it.o
    0x08000bf4   0x08000bf4   0x0000004c   Code   RO         6618    i.Master_scanIndexOD  master.o
    0x08000c40   0x08000c40   0x0000001c   Code   RO         6619    i.Master_valueRangeTest  master.o
    0x08000c5c   0x08000c5c   0x00000004   Code   RO          347    i.MemManage_Handler  stm32f4xx_it.o
    0x08000c60   0x08000c60   0x00000002   Code   RO          348    i.NMI_Handler       stm32f4xx_it.o
    0x08000c62   0x08000c62   0x00000002   PAD
    0x08000c64   0x08000c64   0x00000078   Code   RO          807    i.NVIC_Init         misc.o
    0x08000cdc   0x08000cdc   0x00000014   Code   RO          808    i.NVIC_PriorityGroupConfig  misc.o
    0x08000cf0   0x08000cf0   0x00000012   Code   RO         6519    i.OnCOB_ID_SyncUpdate  sync.o
    0x08000d02   0x08000d02   0x00000018   Code   RO         5936    i.OnHeartbeatProducerUpdate  lifegrd.o
    0x08000d1a   0x08000d1a   0x00000018   Code   RO         5937    i.OnNodeGuardUpdate  lifegrd.o
    0x08000d32   0x08000d32   0x0000002c   Code   RO         5878    i.OnNumberOfErrorsUpdate  emcy.o
    0x08000d5e   0x08000d5e   0x0000002e   Code   RO         6156    i.PDOEventTimerAlarm  pdo.o
    0x08000d8c   0x08000d8c   0x00000038   Code   RO         6157    i.PDOInhibitTimerAlarm  pdo.o
    0x08000dc4   0x08000dc4   0x00000058   Code   RO         6158    i.PDOInit           pdo.o
    0x08000e1c   0x08000e1c   0x00000078   Code   RO         6159    i.PDOStop           pdo.o
    0x08000e94   0x08000e94   0x00000002   Code   RO          349    i.PendSV_Handler    stm32f4xx_it.o
    0x08000e96   0x08000e96   0x00000048   Code   RO         5938    i.ProducerHeartbeatAlarm  lifegrd.o
    0x08000ede   0x08000ede   0x00000002   PAD
    0x08000ee0   0x08000ee0   0x00000020   Code   RO         3608    i.RCC_AHB1PeriphClockCmd  stm32f4xx_rcc.o
    0x08000f00   0x08000f00   0x00000020   Code   RO         3617    i.RCC_APB1PeriphClockCmd  stm32f4xx_rcc.o
    0x08000f20   0x08000f20   0x00000020   Code   RO         3620    i.RCC_APB2PeriphClockCmd  stm32f4xx_rcc.o
    0x08000f40   0x08000f40   0x000000e8   Code   RO         3629    i.RCC_GetClocksFreq  stm32f4xx_rcc.o
    0x08001028   0x08001028   0x00000036   Code   RO         6109    i.RegisterSetODentryCallBack  objacces.o
    0x0800105e   0x0800105e   0x00000002   PAD
    0x08001060   0x08001060   0x00000104   Code   RO         6249    i.SDOTimeoutAlarm   sdo.o
    0x08001164   0x08001164   0x00000090   Code   RO         6250    i.SDOlineToObjdict  sdo.o
    0x080011f4   0x080011f4   0x00000072   Code   RO         6251    i.SDOtoLine         sdo.o
    0x08001266   0x08001266   0x00000002   Code   RO          350    i.SVC_Handler       stm32f4xx_it.o
    0x08001268   0x08001268   0x000000b8   Code   RO         6584    i.SetAlarm          timer.o
    0x08001320   0x08001320   0x000000ec   Code   RO           13    i.SetSysClock       system_stm32f4xx.o
    0x0800140c   0x0800140c   0x0000000e   Code   RO         6520    i.SyncAlarm         sync.o
    0x0800141a   0x0800141a   0x00000008   Code   RO          351    i.SysTick_Handler   stm32f4xx_it.o
    0x08001422   0x08001422   0x00000002   PAD
    0x08001424   0x08001424   0x00000068   Code   RO           15    i.SystemInit        system_stm32f4xx.o
    0x0800148c   0x0800148c   0x00000060   Code   RO          157    i.TIM3_IRQHandler   main.o
    0x080014ec   0x080014ec   0x0000006c   Code   RO          158    i.TIM3_Init         main.o
    0x08001558   0x08001558   0x00000006   Code   RO         4999    i.TIM_ClearITPendingBit  stm32f4xx_tim.o
    0x0800155e   0x0800155e   0x00000018   Code   RO         5004    i.TIM_Cmd           stm32f4xx_tim.o
    0x08001576   0x08001576   0x00000006   Code   RO         5023    i.TIM_GetCounter    stm32f4xx_tim.o
    0x0800157c   0x0800157c   0x00000012   Code   RO         5024    i.TIM_GetFlagStatus  stm32f4xx_tim.o
    0x0800158e   0x0800158e   0x00000012   Code   RO         5029    i.TIM_ITConfig      stm32f4xx_tim.o
    0x080015a0   0x080015a0   0x00000004   Code   RO         5070    i.TIM_SetCounter    stm32f4xx_tim.o
    0x080015a4   0x080015a4   0x00000084   Code   RO         5076    i.TIM_TimeBaseInit  stm32f4xx_tim.o
    0x08001628   0x08001628   0x00000094   Code   RO         6160    i.TPDO_Communication_Parameter_Callback  pdo.o
    0x080016bc   0x080016bc   0x000000c0   Code   RO         6585    i.TimeDispatch      timer.o
    0x0800177c   0x0800177c   0x00000064   Code   RO          159    i.TxMsg             main.o
    0x080017e0   0x080017e0   0x00000018   Code   RO         5558    i.USART_Cmd         stm32f4xx_usart.o
    0x080017f8   0x080017f8   0x0000001a   Code   RO         5561    i.USART_GetFlagStatus  stm32f4xx_usart.o
    0x08001812   0x08001812   0x00000002   PAD
    0x08001814   0x08001814   0x000000d4   Code   RO         5565    i.USART_Init        stm32f4xx_usart.o
    0x080018e8   0x080018e8   0x00000008   Code   RO         5575    i.USART_SendData    stm32f4xx_usart.o
    0x080018f0   0x080018f0   0x00000004   Code   RO          352    i.UsageFault_Handler  stm32f4xx_it.o
    0x080018f4   0x080018f4   0x00000002   Code   RO         6161    i._RxPDO_EventTimers_Handler  pdo.o
    0x080018f6   0x080018f6   0x00000002   PAD
    0x080018f8   0x080018f8   0x00000020   Code   RO         6867    i.__0printf$8       mc_w.l(printf8.o)
    0x08001918   0x08001918   0x0000000e   Code   RO         6965    i.__scatterload_copy  mc_w.l(handlers.o)
    0x08001926   0x08001926   0x00000002   Code   RO         6966    i.__scatterload_null  mc_w.l(handlers.o)
    0x08001928   0x08001928   0x0000000e   Code   RO         6967    i.__scatterload_zeroinit  mc_w.l(handlers.o)
    0x08001936   0x08001936   0x00000002   PAD
    0x08001938   0x08001938   0x00000144   Code   RO         6110    i._getODentry       objacces.o
    0x08001a7c   0x08001a7c   0x00000002   Code   RO         5939    i._heartbeatError   lifegrd.o
    0x08001a7e   0x08001a7e   0x00000002   Code   RO         6438    i._initialisation   states.o
    0x08001a80   0x08001a80   0x00000002   Code   RO         5940    i._nodeguardError   lifegrd.o
    0x08001a82   0x08001a82   0x00000002   Code   RO         6439    i._operational      states.o
    0x08001a84   0x08001a84   0x00000002   Code   RO         5941    i._post_SlaveBootup  lifegrd.o
    0x08001a86   0x08001a86   0x00000002   Code   RO         5942    i._post_SlaveStateChange  lifegrd.o
    0x08001a88   0x08001a88   0x00000002   Code   RO         6521    i._post_TPDO        sync.o
    0x08001a8a   0x08001a8a   0x00000002   Code   RO         5879    i._post_emcy        emcy.o
    0x08001a8c   0x08001a8c   0x00000002   Code   RO         6522    i._post_sync        sync.o
    0x08001a8e   0x08001a8e   0x00000016   Code   RO         6440    i._preOperational   states.o
    0x08001aa4   0x08001aa4   0x00000404   Code   RO         6874    i._printf_core      mc_w.l(printf8.o)
    0x08001ea8   0x08001ea8   0x00000024   Code   RO         6875    i._printf_post_padding  mc_w.l(printf8.o)
    0x08001ecc   0x08001ecc   0x0000002e   Code   RO         6876    i._printf_pre_padding  mc_w.l(printf8.o)
    0x08001efa   0x08001efa   0x00000198   Code   RO         6162    i._sendPDOevent     pdo.o
    0x08002092   0x08002092   0x00000002   PAD
    0x08002094   0x08002094   0x00000154   Code   RO         6111    i._setODentry       objacces.o
    0x080021e8   0x080021e8   0x00000002   Code   RO         6441    i._stopped          states.o
    0x080021ea   0x080021ea   0x00000002   Code   RO         6112    i._storeODSubIndex  objacces.o
    0x080021ec   0x080021ec   0x0000000a   Code   RO         6113    i.accessDictionaryError  objacces.o
    0x080021f6   0x080021f6   0x000000f2   Code   RO         6163    i.buildPDO          pdo.o
    0x080022e8   0x080022e8   0x00000098   Code   RO         6442    i.canDispatch       states.o
    0x08002380   0x08002380   0x00000064   Code   RO          161    i.canSend           main.o
    0x080023e4   0x080023e4   0x00000078   Code   RO          551    i.can_display_msg   can.o
    0x0800245c   0x0800245c   0x00000240   Code   RO          552    i.can_init          can.o
    0x0800269c   0x0800269c   0x00000098   Code   RO          649    i.display_build_time  buildtime.o
    0x08002734   0x08002734   0x00000028   Code   RO          716    i.dwt_init          sleep.o
    0x0800275c   0x0800275c   0x00000020   Code   RO         5880    i.emergencyInit     emcy.o
    0x0800277c   0x0800277c   0x00000002   Code   RO         5881    i.emergencyStop     emcy.o
    0x0800277e   0x0800277e   0x000000a6   Code   RO         6255    i.failedSDO         sdo.o
    0x08002824   0x08002824   0x00000040   Code   RO          514    i.fputc             rs232.o
    0x08002864   0x08002864   0x00000040   Code   RO          162    i.getElapsedTime    main.o
    0x080028a4   0x080028a4   0x00000008   Code   RO         6443    i.getNodeId         states.o
    0x080028ac   0x080028ac   0x0000003a   Code   RO         6257    i.getSDOfreeLine    sdo.o
    0x080028e6   0x080028e6   0x00000064   Code   RO         6258    i.getSDOlineOnUse   sdo.o
    0x0800294a   0x0800294a   0x0000003e   Code   RO         6259    i.getSDOlineRestBytes  sdo.o
    0x08002988   0x08002988   0x000000f4   Code   RO          650    i.get_build_time    buildtime.o
    0x08002a7c   0x08002a7c   0x0000008c   Code   RO         5944    i.heartbeatInit     lifegrd.o
    0x08002b08   0x08002b08   0x00000038   Code   RO         5945    i.heartbeatStop     lifegrd.o
    0x08002b40   0x08002b40   0x00000178   Code   RO         6262    i.initSDOline       sdo.o
    0x08002cb8   0x08002cb8   0x00000054   Code   RO          413    i.key_init          key.o
    0x08002d0c   0x08002d0c   0x00000064   Code   RO          462    i.led_init          led.o
    0x08002d70   0x08002d70   0x00000040   Code   RO          483    i.led_off           led.o
    0x08002db0   0x08002db0   0x00000080   Code   RO          495    i.led_tgl           led.o
    0x08002e30   0x08002e30   0x00000012   Code   RO         5946    i.lifeGuardInit     lifegrd.o
    0x08002e42   0x08002e42   0x00000012   Code   RO         5947    i.lifeGuardStop     lifegrd.o
    0x08002e54   0x08002e54   0x00000094   Code   RO         6263    i.lineToSDO         sdo.o
    0x08002ee8   0x08002ee8   0x00000068   Code   RO          163    i.main              main.o
    0x08002f50   0x08002f50   0x00000026   Code   RO         6060    i.masterSendNMTnodeguard  nmtmaster.o
    0x08002f76   0x08002f76   0x0000002c   Code   RO         6061    i.masterSendNMTstateChange  nmtmaster.o
    0x08002fa2   0x08002fa2   0x00000002   PAD
    0x08002fa4   0x08002fa4   0x00000088   Code   RO         5948    i.nodeguardInit     lifegrd.o
    0x0800302c   0x0800302c   0x00000012   Code   RO         5949    i.nodeguardStop     lifegrd.o
    0x0800303e   0x0800303e   0x0000007a   Code   RO         6264    i.objdictToSDOline  sdo.o
    0x080030b8   0x080030b8   0x00000036   Code   RO         5882    i.proceedEMCY       emcy.o
    0x080030ee   0x080030ee   0x000000e0   Code   RO         6087    i.proceedNMTstateChange  nmtslave.o
    0x080031ce   0x080031ce   0x00000002   PAD
    0x080031d0   0x080031d0   0x00000118   Code   RO         5950    i.proceedNODE_GUARD  lifegrd.o
    0x080032e8   0x080032e8   0x000002de   Code   RO         6164    i.proceedPDO        pdo.o
    0x080035c6   0x080035c6   0x00000002   PAD
    0x080035c8   0x080035c8   0x0000272c   Code   RO         6265    i.proceedSDO        sdo.o
    0x08005cf4   0x08005cf4   0x0000002c   Code   RO         6523    i.proceedSYNC       sync.o
    0x08005d20   0x08005d20   0x0000001a   Code   RO         6269    i.resetSDO          sdo.o
    0x08005d3a   0x08005d3a   0x00000054   Code   RO         6270    i.resetSDOline      sdo.o
    0x08005d8e   0x08005d8e   0x00000002   PAD
    0x08005d90   0x08005d90   0x00000074   Code   RO          515    i.rs232_init        rs232.o
    0x08005e04   0x08005e04   0x0000001c   Code   RO         6114    i.scanIndexOD       objacces.o
    0x08005e20   0x08005e20   0x00000144   Code   RO         6165    i.sendOnePDOevent   pdo.o
    0x08005f64   0x08005f64   0x0000002c   Code   RO         6168    i.sendPdo           pdo.o
    0x08005f90   0x08005f90   0x000000a2   Code   RO         6271    i.sendSDO           sdo.o
    0x08006032   0x08006032   0x00000052   Code   RO         6272    i.sendSDOabort      sdo.o
    0x08006084   0x08006084   0x00000016   Code   RO         6524    i.sendSYNC          sync.o
    0x0800609a   0x0800609a   0x00000026   Code   RO         6525    i.sendSYNCMessage   sync.o
    0x080060c0   0x080060c0   0x00000170   Code   RO         6445    i.setNodeId         states.o
    0x08006230   0x08006230   0x0000001e   Code   RO         6273    i.setSDOlineRestBytes  sdo.o
    0x0800624e   0x0800624e   0x00000002   PAD
    0x08006250   0x08006250   0x000000cc   Code   RO         6446    i.setState          states.o
    0x0800631c   0x0800631c   0x00000058   Code   RO          164    i.setTimer          main.o
    0x08006374   0x08006374   0x0000002e   Code   RO         6088    i.slaveSendBootUp   nmtslave.o
    0x080063a2   0x080063a2   0x00000002   PAD
    0x080063a4   0x080063a4   0x00000074   Code   RO         6526    i.startSYNC         sync.o
    0x08006418   0x08006418   0x0000002e   Code   RO         6527    i.stopSYNC          sync.o
    0x08006446   0x08006446   0x0000011c   Code   RO         6447    i.switchCommunicationState  states.o
    0x08006562   0x08006562   0x00000004   Code   RO          589    i.system_begin      autoinit.o
    0x08006566   0x08006566   0x00000004   Code   RO          590    i.system_end        autoinit.o
    0x0800656a   0x0800656a   0x0000002a   Code   RO          165    i.usdk_hw_uart_init  main.o
    0x08006594   0x08006594   0x00000038   Code   RO          592    i.usdk_startup      autoinit.o
    0x080065cc   0x080065cc   0x00000030   Data   RO          651    .constdata          buildtime.o
    0x080065fc   0x080065fc   0x00000040   Data   RO         6448    .constdata          states.o
    0x0800663c   0x0800663c   0x0000003e   Data   RO         6620    .constdata          master.o
    0x0800667a   0x0800667a   0x00000002   PAD
    0x0800667c   0x0800667c   0x00000048   Data   RO          652    .conststring        buildtime.o
    0x080066c4   0x080066c4   0x00000009   Data   RO          414    .conststrlit        key.o
    0x080066cd   0x080066cd   0x00000003   PAD
    0x080066d0   0x080066d0   0x00000009   Data   RO          463    .conststrlit        led.o
    0x080066d9   0x080066d9   0x00000003   PAD
    0x080066dc   0x080066dc   0x0000001b   Data   RO          593    .conststrlit        autoinit.o
    0x080066f7   0x080066f7   0x00000001   PAD
    0x080066f8   0x080066f8   0x00000013   Data   RO          653    .conststrlit        buildtime.o
    0x0800670b   0x0800670b   0x00000001   PAD
    0x0800670c   0x0800670c   0x00000008   Data   RO          594    .usdk.init0         autoinit.o
    0x08006714   0x08006714   0x00000008   Data   RO          415    .usdk.init1         key.o
    0x0800671c   0x0800671c   0x00000008   Data   RO          464    .usdk.init1         led.o
    0x08006724   0x08006724   0x00000008   Data   RO          655    .usdk.init2         buildtime.o
    0x0800672c   0x0800672c   0x00000008   Data   RO          595    .usdk.init9         autoinit.o
    0x08006734   0x08006734   0x00000020   Data   RO         6963    Region$$Table       anon$$obj.o


    Execution Region RW_IRAM1 (Exec base: 0x20000000, Load base: 0x08006754, Size: 0x00000808, Max: 0x00020000, ABSOLUTE, COMPRESSED[0x000000e8])

    Exec Addr    Load Addr    Size         Type   Attr      Idx    E Section Name        Object

    0x20000000   COMPRESSED   0x00000008   Data   RW          166    .data               main.o
    0x20000008   COMPRESSED   0x00000008   Data   RW          654    .data               buildtime.o
    0x20000010   COMPRESSED   0x00000008   Data   RW          696    .data               sleep.o
    0x20000018   COMPRESSED   0x00000010   Data   RW         3661    .data               stm32f4xx_rcc.o
    0x20000028   COMPRESSED   0x0000000c   Data   RW         6587    .data               timer.o
    0x20000034   COMPRESSED   0x0000030c   Data   RW         6621    .data               master.o
    0x20000340   COMPRESSED   0x00000004   Data   RW         6937    .data               mc_w.l(stdout.o)
    0x20000344        -       0x000000c0   Zero   RW         6586    .bss                timer.o
    0x20000404   COMPRESSED   0x00000004   PAD
    0x20000408        -       0x00000400   Zero   RW            1    STACK               startup_stm32f40_41xxx.o


==============================================================================

Image component sizes


      Code (inc. data)   RO Data    RW Data    ZI Data      Debug   Object Name

        76         16         43          0          0       3730   autoinit.o
       396        102        147          8          0       2928   buildtime.o
       696         62          0          0          0       2577   can.o
       134          4          0          0          0       3320   emcy.o
        84          6         17          0          0       1399   key.o
       292         14         17          0          0       2539   led.o
       962         30          0          0          0      11180   lifegrd.o
       934        206          0          8          0      19019   main.o
       104         14         62        780          0       4126   master.o
       140         24          0          0          0       1955   misc.o
        82          0          0          0          0       1496   nmtmaster.o
       270          0          0          0          0       1566   nmtslave.o
       758         26          0          0          0       5846   objacces.o
      2448         14          0          0          0      11546   pdo.o
       180         14          0          0          0       3089   rs232.o
     11962        144          0          0          0      18197   sdo.o
       196         38          0          8          0      29578   sleep.o
        36          8        392          0       1024        880   startup_stm32f40_41xxx.o
      1044         26         64          0          0       7366   states.o
      1084          6          0          0          0       5096   stm32f4xx_can.o
       244          0          0          0          0       3599   stm32f4xx_gpio.o
        32          0          0          0          0       4290   stm32f4xx_it.o
       328         36          0         16          0       5295   stm32f4xx_rcc.o
       208         28          0          0          0       5546   stm32f4xx_tim.o
       270          8          0          0          0       3840   stm32f4xx_usart.o
       302          8          0          0          0       5514   sync.o
       340         32          0          0          0     301457   system_stm32f4xx.o
       432         38          0         12        192       4178   timer.o

    ----------------------------------------------------------------------
     24062        904        784        832       1220     471152   Object Totals
         0          0         32          0          0          0   (incl. Generated)
        28          0         10          0          4          0   (incl. Padding)

    ----------------------------------------------------------------------

      Code (inc. data)   RO Data    RW Data    ZI Data      Debug   Library Member Name

        86          0          0          0          0          0   __dczerorl2.o
         0          0          0          0          0          0   entry.o
         0          0          0          0          0          0   entry10a.o
         0          0          0          0          0          0   entry11a.o
         4          0          0          0          0          0   entry12b.o
         8          4          0          0          0          0   entry2.o
         4          0          0          0          0          0   entry5.o
         0          0          0          0          0          0   entry7b.o
         0          0          0          0          0          0   entry8b.o
         8          4          0          0          0          0   entry9a.o
        30          0          0          0          0          0   handlers.o
        36          8          0          0          0         68   init.o
        30          0          0          0          0         68   llshl.o
        32          0          0          0          0         68   llushr.o
        26          0          0          0          0         80   memcmp.o
        36          0          0          0          0         68   memcpya.o
        36          0          0          0          0        108   memseta.o
      1142         54          0          0          0        352   printf8.o
         0          0          0          4          0          0   stdout.o
        28          0          0          0          0         76   strcmp.o
        98          0          0          0          0         92   uldiv.o

    ----------------------------------------------------------------------
      1606         70          0          4          0        980   Library Totals
         2          0          0          0          0          0   (incl. Padding)

    ----------------------------------------------------------------------

      Code (inc. data)   RO Data    RW Data    ZI Data      Debug   Library Name

      1604         70          0          4          0        980   mc_w.l

    ----------------------------------------------------------------------
      1606         70          0          4          0        980   Library Totals

    ----------------------------------------------------------------------

==============================================================================


      Code (inc. data)   RO Data    RW Data    ZI Data      Debug   

     25668        974        784        836       1220     457748   Grand Totals
     25668        974        784        232       1220     457748   ELF Image Totals (compressed)
     25668        974        784        232          0          0   ROM Totals

==============================================================================

    Total RO  Size (Code + RO Data)                26452 (  25.83kB)
    Total RW  Size (RW Data + ZI Data)              2056 (   2.01kB)
    Total ROM Size (Code + RO Data + RW Data)      26684 (  26.06kB)

==============================================================================

