Component: ARM Compiler 5.06 update 7 (build 960) Tool: armlink [4d3601]

==============================================================================

Section Cross References

    startup_stm32f40_41xxx.o(RESET) refers to startup_stm32f40_41xxx.o(STACK) for __initial_sp
    startup_stm32f40_41xxx.o(RESET) refers to startup_stm32f40_41xxx.o(.text) for Reset_Handler
    startup_stm32f40_41xxx.o(RESET) refers to stm32f4xx_it.o(i.NMI_Handler) for NMI_Handler
    startup_stm32f40_41xxx.o(RESET) refers to stm32f4xx_it.o(i.HardFault_Handler) for HardFault_Handler
    startup_stm32f40_41xxx.o(RESET) refers to stm32f4xx_it.o(i.MemManage_Handler) for MemManage_Handler
    startup_stm32f40_41xxx.o(RESET) refers to stm32f4xx_it.o(i.BusFault_Handler) for BusFault_Handler
    startup_stm32f40_41xxx.o(RESET) refers to stm32f4xx_it.o(i.UsageFault_Handler) for UsageFault_Handler
    startup_stm32f40_41xxx.o(RESET) refers to stm32f4xx_it.o(i.SVC_Handler) for SVC_Handler
    startup_stm32f40_41xxx.o(RESET) refers to stm32f4xx_it.o(i.DebugMon_Handler) for DebugMon_Handler
    startup_stm32f40_41xxx.o(RESET) refers to stm32f4xx_it.o(i.PendSV_Handler) for PendSV_Handler
    startup_stm32f40_41xxx.o(RESET) refers to main.o(i.$Sub$$SysTick_Handler) for SysTick_Handler
    startup_stm32f40_41xxx.o(RESET) refers to main.o(i.CAN1_RX0_IRQHandler) for CAN1_RX0_IRQHandler
    startup_stm32f40_41xxx.o(RESET) refers to main.o(i.CAN2_RX0_IRQHandler) for CAN2_RX0_IRQHandler
    startup_stm32f40_41xxx.o(.text) refers to system_stm32f4xx.o(i.SystemInit) for SystemInit
    startup_stm32f40_41xxx.o(.text) refers to entry.o(.ARM.Collect$$$$00000000) for __main
    system_stm32f4xx.o(i.SystemCoreClockUpdate) refers to system_stm32f4xx.o(.data) for SystemCoreClock
    system_stm32f4xx.o(i.SystemInit) refers to system_stm32f4xx.o(i.SetSysClock) for SetSysClock
    main.o(i.$Sub$$SysTick_Handler) refers to stm32f4xx_it.o(i.SysTick_Handler) for $Super$$SysTick_Handler
    main.o(i.$Sub$$SysTick_Handler) refers to sleep.o(i.HAL_GetTick) for HAL_GetTick
    main.o(i.$Sub$$SysTick_Handler) refers to timer.o(i.TimeDispatch) for TimeDispatch
    main.o(i.$Sub$$SysTick_Handler) refers to main.o(.data) for m_cop_timeout
    main.o(i.CAN1_RX0_IRQHandler) refers to stm32f4xx_can.o(i.CAN_Receive) for CAN_Receive
    main.o(i.CAN1_RX0_IRQHandler) refers to can.o(i.can_display_msg) for can_display_msg
    main.o(i.CAN1_RX0_IRQHandler) refers to memcpya.o(.text) for __aeabi_memcpy
    main.o(i.CAN1_RX0_IRQHandler) refers to printf8.o(i.__0printf$8) for __2printf
    main.o(i.CAN1_RX0_IRQHandler) refers to states.o(i.canDispatch) for canDispatch
    main.o(i.CAN1_RX0_IRQHandler) refers to objdict.o(.data) for Servo_Data
    main.o(i.CAN2_RX0_IRQHandler) refers to stm32f4xx_can.o(i.CAN_Receive) for CAN_Receive
    main.o(i.CAN2_RX0_IRQHandler) refers to can.o(i.can_display_msg) for can_display_msg
    main.o(i.CAN2_TxMsg) refers to can.o(i.can_display_msg) for can_display_msg
    main.o(i.CAN2_TxMsg) refers to stm32f4xx_can.o(i.CAN_Transmit) for CAN_Transmit
    main.o(i.CAN2_TxMsg) refers to main.o(.data) for value
    main.o(i.CAN2_TxMsg) refers to objdict.o(.data) for Servo_Data
    main.o(i.canSend) refers to memcpya.o(.text) for __aeabi_memcpy
    main.o(i.canSend) refers to can.o(i.can_display_msg) for can_display_msg
    main.o(i.canSend) refers to stm32f4xx_can.o(i.CAN_Transmit) for CAN_Transmit
    main.o(i.getElapsedTime) refers to sleep.o(i.HAL_GetTick) for HAL_GetTick
    main.o(i.getElapsedTime) refers to sleep.o(i.HAL_DeltaTick) for HAL_DeltaTick
    main.o(i.getElapsedTime) refers to main.o(.data) for last
    main.o(i.main) refers to misc.o(i.NVIC_PriorityGroupConfig) for NVIC_PriorityGroupConfig
    main.o(i.main) refers to sleep.o(i.DelayInit) for DelayInit
    main.o(i.main) refers to can.o(i.can_init) for can_init
    main.o(i.main) refers to states.o(i.setNodeId) for setNodeId
    main.o(i.main) refers to states.o(i.setState) for setState
    main.o(i.main) refers to sleep.o(i.DelayNonBlock) for DelayNonBlock
    main.o(i.main) refers to led.o(i.led_tgl) for led_tgl
    main.o(i.main) refers to printf8.o(i.__0printf$8) for __2printf
    main.o(i.main) refers to main.o(i.CAN2_TxMsg) for CAN2_TxMsg
    main.o(i.main) refers to sleep.o(i.HAL_GetTick) for HAL_GetTick
    main.o(i.main) refers to objdict.o(.data) for Servo_Data
    main.o(i.setTimer) refers to sleep.o(i.HAL_GetTick) for HAL_GetTick
    main.o(i.setTimer) refers to main.o(.data) for m_cop_timeout
    main.o(i.usdk_hw_uart_init) refers to rs232.o(i.rs232_init) for rs232_init
    stm32f4xx_it.o(i.SysTick_Handler) refers to sleep.o(i.HAL_IncTick) for HAL_IncTick
    key.o(i.key_init) refers to stm32f4xx_rcc.o(i.RCC_AHB1PeriphClockCmd) for RCC_AHB1PeriphClockCmd
    key.o(i.key_init) refers to stm32f4xx_gpio.o(i.GPIO_Init) for GPIO_Init
    key.o(.usdk.init1) refers to key.o(i.key_init) for key_init
    key.o(.usdk.init1) refers to key.o(.conststrlit) for .conststrlit
[...]
    init.s                                   0x00000000   Number         0  init.o ABSOLUTE
    RESET                                    0x08000000   Section      392  startup_stm32f40_41xxx.o(RESET)
    .ARM.Collect$$$$00000000                 0x08000188   Section        0  entry.o(.ARM.Collect$$$$00000000)
    .ARM.Collect$$$$00000001                 0x08000188   Section        4  entry2.o(.ARM.Collect$$$$00000001)
    .ARM.Collect$$$$00000004                 0x0800018c   Section        4  entry5.o(.ARM.Collect$$$$00000004)
    .ARM.Collect$$$$00000008                 0x08000190   Section        0  entry7b.o(.ARM.Collect$$$$00000008)
    .ARM.Collect$$$$0000000A                 0x08000190   Section        0  entry8b.o(.ARM.Collect$$$$0000000A)
    .ARM.Collect$$$$0000000B                 0x08000190   Section        8  entry9a.o(.ARM.Collect$$$$0000000B)
    .ARM.Collect$$$$0000000E                 0x08000198   Section        4  entry12b.o(.ARM.Collect$$$$0000000E)
    .ARM.Collect$$$$0000000F                 0x0800019c   Section        0  entry10a.o(.ARM.Collect$$$$0000000F)
    .ARM.Collect$$$$00000011                 0x0800019c   Section        0  entry11a.o(.ARM.Collect$$$$00000011)
    .ARM.Collect$$$$00002712                 0x0800019c   Section        4  entry2.o(.ARM.Collect$$$$00002712)
    __lit__00000000                          0x0800019c   Data           4  entry2.o(.ARM.Collect$$$$00002712)
    .text                                    0x080001a0   Section       36  startup_stm32f40_41xxx.o(.text)
    $v0                                      0x080001a0   Number         0  startup_stm32f40_41xxx.o(.text)
    .text                                    0x080001c4   Section        0  memcpya.o(.text)
    .text                                    0x080001e8   Section        0  strcmp.o(.text)
    .text                                    0x08000204   Section        0  memcmp.o(.text)
    .text                                    0x0800021e   Section        0  uldiv.o(.text)
    .text                                    0x08000280   Section       36  init.o(.text)
    .text                                    0x080002a4   Section        0  llshl.o(.text)
    .text                                    0x080002c2   Section        0  llushr.o(.text)
    .text                                    0x080002e2   Section        0  __dczerorl2.o(.text)
    i.$Sub$$SysTick_Handler                  0x08000338   Section        0  main.o(i.$Sub$$SysTick_Handler)
    i.$Sub$$main                             0x08000354   Section        0  autoinit.o(i.$Sub$$main)
    i.BusFault_Handler                       0x08000360   Section        0  stm32f4xx_it.o(i.BusFault_Handler)
    i.CAN1_RX0_IRQHandler                    0x08000364   Section        0  main.o(i.CAN1_RX0_IRQHandler)
    i.CAN2_RX0_IRQHandler                    0x08000418   Section        0  main.o(i.CAN2_RX0_IRQHandler)
    i.CAN2_TxMsg                             0x08000448   Section        0  main.o(i.CAN2_TxMsg)
    i.CAN_FilterInit                         0x080004c8   Section        0  stm32f4xx_can.o(i.CAN_FilterInit)
    i.CAN_ITConfig                           0x080005d0   Section        0  stm32f4xx_can.o(i.CAN_ITConfig)
    i.CAN_Init                               0x080005e2   Section        0  stm32f4xx_can.o(i.CAN_Init)
    i.CAN_Receive                            0x080006f6   Section        0  stm32f4xx_can.o(i.CAN_Receive)
    i.CAN_Transmit                           0x080007de   Section        0  stm32f4xx_can.o(i.CAN_Transmit)
    i.ConsumerHeartbeatAlarm                 0x08000904   Section        0  lifegrd.o(i.ConsumerHeartbeatAlarm)
    i.CopyBits                               0x08000936   Section        0  pdo.o(i.CopyBits)
    i.DebugMon_Handler                       0x08000a22   Section        0  stm32f4xx_it.o(i.DebugMon_Handler)
    i.DelAlarm                               0x08000a24   Section        0  timer.o(i.DelAlarm)
    i.DelayInit                              0x08000a5c   Section        0  sleep.o(i.DelayInit)
    i.DelayNonBlock                          0x08000abc   Section        0  sleep.o(i.DelayNonBlock)
    i.GPIO_Init                              0x08000ad8   Section        0  stm32f4xx_gpio.o(i.GPIO_Init)
    i.GPIO_PinAFConfig                       0x08000b68   Section        0  stm32f4xx_gpio.o(i.GPIO_PinAFConfig)
    i.GPIO_ReadInputDataBit                  0x08000bae   Section        0  stm32f4xx_gpio.o(i.GPIO_ReadInputDataBit)
    i.GPIO_WriteBit                          0x08000bc0   Section        0  stm32f4xx_gpio.o(i.GPIO_WriteBit)
    i.GuardTimeAlarm                         0x08000bcc   Section        0  lifegrd.o(i.GuardTimeAlarm)
    i.HAL_DeltaTick                          0x08000c42   Section        0  sleep.o(i.HAL_DeltaTick)
    i.HAL_GetTick                            0x08000c54   Section        0  sleep.o(i.HAL_GetTick)
    i.HAL_IncTick                            0x08000c60   Section        0  sleep.o(i.HAL_IncTick)
    i.HardFault_Handler                      0x08000c74   Section        0  stm32f4xx_it.o(i.HardFault_Handler)
    i.MemManage_Handler                      0x08000c78   Section        0  stm32f4xx_it.o(i.MemManage_Handler)
    i.NMI_Handler                            0x08000c7c   Section        0  stm32f4xx_it.o(i.NMI_Handler)
    i.NVIC_Init                              0x08000c80   Section        0  misc.o(i.NVIC_Init)
    i.NVIC_PriorityGroupConfig               0x08000cf8   Section        0  misc.o(i.NVIC_PriorityGroupConfig)
    i.OnCOB_ID_SyncUpdate                    0x08000d0c   Section        0  sync.o(i.OnCOB_ID_SyncUpdate)
    i.OnHeartbeatProducerUpdate              0x08000d1e   Section        0  lifegrd.o(i.OnHeartbeatProducerUpdate)
    i.OnNodeGuardUpdate                      0x08000d36   Section        0  lifegrd.o(i.OnNodeGuardUpdate)
    i.OnNumberOfErrorsUpdate                 0x08000d4e   Section        0  emcy.o(i.OnNumberOfErrorsUpdate)
    i.PDOEventTimerAlarm                     0x08000d7a   Section        0  pdo.o(i.PDOEventTimerAlarm)
    i.PDOInhibitTimerAlarm                   0x08000da8   Section        0  pdo.o(i.PDOInhibitTimerAlarm)
    i.PDOInit                                0x08000de0   Section        0  pdo.o(i.PDOInit)
    i.PDOStop                                0x08000e38   Section        0  pdo.o(i.PDOStop)
    i.PendSV_Handler                         0x08000eb0   Section        0  stm32f4xx_it.o(i.PendSV_Handler)
    i.ProducerHeartbeatAlarm                 0x08000eb2   Section        0  lifegrd.o(i.ProducerHeartbeatAlarm)
    i.RCC_AHB1PeriphClockCmd                 0x08000efc   Section        0  stm32f4xx_rcc.o(i.RCC_AHB1PeriphClockCmd)
    i.RCC_APB1PeriphClockCmd                 0x08000f1c   Section        0  stm32f4xx_rcc.o(i.RCC_APB1PeriphClockCmd)
    i.RCC_APB2PeriphClockCmd                 0x08000f3c   Section        0  stm32f4xx_rcc.o(i.RCC_APB2PeriphClockCmd)
    i.RCC_GetClocksFreq                      0x08000f5c   Section        0  stm32f4xx_rcc.o(i.RCC_GetClocksFreq)
    i.RegisterSetODentryCallBack             0x08001044   Section        0  objacces.o(i.RegisterSetODentryCallBack)
    i.SDOTimeoutAlarm                        0x0800107c   Section        0  sdo.o(i.SDOTimeoutAlarm)
    i.SDOlineToObjdict                       0x08001180   Section        0  sdo.o(i.SDOlineToObjdict)
    i.SDOtoLine                              0x08001210   Section        0  sdo.o(i.SDOtoLine)
    i.SVC_Handler                            0x08001282   Section        0  stm32f4xx_it.o(i.SVC_Handler)
    i.Servo_scanIndexOD                      0x08001284   Section        0  objdict.o(i.Servo_scanIndexOD)
    i.Servo_valueRangeTest                   0x080013e0   Section        0  objdict.o(i.Servo_valueRangeTest)
    i.SetAlarm                               0x08001458   Section        0  timer.o(i.SetAlarm)
    i.SetSysClock                            0x0800150c   Section        0  system_stm32f4xx.o(i.SetSysClock)
    SetSysClock                              0x0800150d   Thumb Code   220  system_stm32f4xx.o(i.SetSysClock)
    i.SyncAlarm                              0x080015f8   Section        0  sync.o(i.SyncAlarm)
    i.SysTick_Handler                        0x08001606   Section        0  stm32f4xx_it.o(i.SysTick_Handler)
    i.SystemInit                             0x08001610   Section        0  system_stm32f4xx.o(i.SystemInit)
    i.TPDO_Communication_Parameter_Callback  0x08001678   Section        0  pdo.o(i.TPDO_Communication_Parameter_Callback)
    i.TimeDispatch                           0x0800170c   Section        0  timer.o(i.TimeDispatch)
    i.USART_Cmd                              0x080017cc   Section        0  stm32f4xx_usart.o(i.USART_Cmd)
    i.USART_GetFlagStatus                    0x080017e4   Section        0  stm32f4xx_usart.o(i.USART_GetFlagStatus)
    i.USART_Init                             0x08001800   Section        0  stm32f4xx_usart.o(i.USART_Init)
    i.USART_SendData                         0x080018d4   Section        0  stm32f4xx_usart.o(i.USART_SendData)
    i.UsageFault_Handler                     0x080018dc   Section        0  stm32f4xx_it.o(i.UsageFault_Handler)
    i._RxPDO_EventTimers_Handler             0x080018e0   Section        0  pdo.o(i._RxPDO_EventTimers_Handler)
    i.__0printf$8                            0x080018e4   Section        0  printf8.o(i.__0printf$8)
    i.__scatterload_copy                     0x08001904   Section       14  handlers.o(i.__scatterload_copy)
    i.__scatterload_null                     0x08001912   Section        2  handlers.o(i.__scatterload_null)
    i.__scatterload_zeroinit                 0x08001914   Section       14  handlers.o(i.__scatterload_zeroinit)
    i._getODentry                            0x08001924   Section        0  objacces.o(i._getODentry)
    i._heartbeatError                        0x08001a68   Section        0  lifegrd.o(i._heartbeatError)
    i._initialisation                        0x08001a6a   Section        0  states.o(i._initialisation)
    i._nodeguardError                        0x08001a6c   Section        0  lifegrd.o(i._nodeguardError)
    i._operational                           0x08001a6e   Section        0  states.o(i._operational)
    i._post_SlaveBootup                      0x08001a70   Section        0  lifegrd.o(i._post_SlaveBootup)
    i._post_SlaveStateChange                 0x08001a72   Section        0  lifegrd.o(i._post_SlaveStateChange)
    i._post_TPDO                             0x08001a74   Section        0  sync.o(i._post_TPDO)
    i._post_emcy                             0x08001a76   Section        0  emcy.o(i._post_emcy)
    i._post_sync                             0x08001a78   Section        0  sync.o(i._post_sync)
    i._preOperational                        0x08001a7a   Section        0  states.o(i._preOperational)
    i._printf_core                           0x08001a90   Section        0  printf8.o(i._printf_core)
    _printf_core                             0x08001a91   Thumb Code   984  printf8.o(i._printf_core)
    i._printf_post_padding                   0x08001e94   Section        0  printf8.o(i._printf_post_padding)
    _printf_post_padding                     0x08001e95   Thumb Code    36  printf8.o(i._printf_post_padding)
    i._printf_pre_padding                    0x08001eb8   Section        0  printf8.o(i._printf_pre_padding)
    _printf_pre_padding                      0x08001eb9   Thumb Code    46  printf8.o(i._printf_pre_padding)
    i._sendPDOevent                          0x08001ee6   Section        0  pdo.o(i._sendPDOevent)
    i._setODentry                            0x08002080   Section        0  objacces.o(i._setODentry)
    i._stopped                               0x080021d4   Section        0  states.o(i._stopped)
    i._storeODSubIndex                       0x080021d6   Section        0  objacces.o(i._storeODSubIndex)
    i.accessDictionaryError                  0x080021d8   Section        0  objacces.o(i.accessDictionaryError)
    i.buildPDO                               0x080021e2   Section        0  pdo.o(i.buildPDO)
    i.canDispatch                            0x080022d4   Section        0  states.o(i.canDispatch)
    i.canSend                                0x0800236c   Section        0  main.o(i.canSend)
    i.can_display_msg                        0x080023d0   Section        0  can.o(i.can_display_msg)
    i.can_init                               0x08002448   Section        0  can.o(i.can_init)
    i.display_build_time                     0x08002688   Section        0  buildtime.o(i.display_build_time)
    display_build_time                       0x08002689   Thumb Code    62  buildtime.o(i.display_build_time)
    i.dwt_init                               0x08002720   Section        0  sleep.o(i.dwt_init)
    i.emergencyInit                          0x08002748   Section        0  emcy.o(i.emergencyInit)
    i.emergencyStop                          0x08002768   Section        0  emcy.o(i.emergencyStop)
    i.failedSDO                              0x0800276a   Section        0  sdo.o(i.failedSDO)
    i.fputc                                  0x08002810   Section        0  rs232.o(i.fputc)
    i.getElapsedTime                         0x08002850   Section        0  main.o(i.getElapsedTime)
    i.getNodeId                              0x08002870   Section        0  states.o(i.getNodeId)
    i.getSDOfreeLine                         0x08002878   Section        0  sdo.o(i.getSDOfreeLine)
    i.getSDOlineOnUse                        0x080028b2   Section        0  sdo.o(i.getSDOlineOnUse)
    i.getSDOlineRestBytes                    0x08002916   Section        0  sdo.o(i.getSDOlineRestBytes)
    i.get_build_time                         0x08002954   Section        0  buildtime.o(i.get_build_time)
    i.heartbeatInit                          0x08002a48   Section        0  lifegrd.o(i.heartbeatInit)
    i.heartbeatStop                          0x08002ad8   Section        0  lifegrd.o(i.heartbeatStop)
    i.initSDOline                            0x08002b10   Section        0  sdo.o(i.initSDOline)
    i.key_init                               0x08002c88   Section        0  key.o(i.key_init)
    key_init                                 0x08002c89   Thumb Code    78  key.o(i.key_init)
    i.led_init                               0x08002cdc   Section        0  led.o(i.led_init)
    led_init                                 0x08002cdd   Thumb Code    96  led.o(i.led_init)
    i.led_off                                0x08002d40   Section        0  led.o(i.led_off)
    i.led_tgl                                0x08002d80   Section        0  led.o(i.led_tgl)
    i.lifeGuardInit                          0x08002e00   Section        0  lifegrd.o(i.lifeGuardInit)
    i.lifeGuardStop                          0x08002e12   Section        0  lifegrd.o(i.lifeGuardStop)
    i.lineToSDO                              0x08002e24   Section        0  sdo.o(i.lineToSDO)
    i.main                                   0x08002eb8   Section        0  main.o(i.main)
    i.masterSendNMTnodeguard                 0x08002f6c   Section        0  nmtmaster.o(i.masterSendNMTnodeguard)
    i.masterSendNMTstateChange               0x08002f92   Section        0  nmtmaster.o(i.masterSendNMTstateChange)
    i.nodeguardInit                          0x08002fc0   Section        0  lifegrd.o(i.nodeguardInit)
    i.nodeguardStop                          0x08003048   Section        0  lifegrd.o(i.nodeguardStop)
    i.objdictToSDOline                       0x0800305a   Section        0  sdo.o(i.objdictToSDOline)
    i.proceedEMCY                            0x080030d4   Section        0  emcy.o(i.proceedEMCY)
    i.proceedNMTstateChange                  0x0800310a   Section        0  nmtslave.o(i.proceedNMTstateChange)
    i.proceedNODE_GUARD                      0x080031ec   Section        0  lifegrd.o(i.proceedNODE_GUARD)
    i.proceedPDO                             0x08003304   Section        0  pdo.o(i.proceedPDO)
    i.proceedSDO                             0x080035e4   Section        0  sdo.o(i.proceedSDO)
    i.proceedSYNC                            0x08005d10   Section        0  sync.o(i.proceedSYNC)
    i.resetSDO                               0x08005d3c   Section        0  sdo.o(i.resetSDO)
    i.resetSDOline                           0x08005d56   Section        0  sdo.o(i.resetSDOline)
    i.rs232_init                             0x08005dac   Section        0  rs232.o(i.rs232_init)
    i.scanIndexOD                            0x08005e20   Section        0  objacces.o(i.scanIndexOD)
    i.sendOnePDOevent                        0x08005e3c   Section        0  pdo.o(i.sendOnePDOevent)
    i.sendPdo                                0x08005f7c   Section        0  pdo.o(i.sendPdo)
    sendPdo                                  0x08005f7d   Thumb Code    44  pdo.o(i.sendPdo)
    i.sendSDO                                0x08005fa8   Section        0  sdo.o(i.sendSDO)
    i.sendSDOabort                           0x0800604a   Section        0  sdo.o(i.sendSDOabort)
    i.sendSYNC                               0x0800609c   Section        0  sync.o(i.sendSYNC)
    i.sendSYNCMessage                        0x080060b2   Section        0  sync.o(i.sendSYNCMessage)
    i.setNodeId                              0x080060d8   Section        0  states.o(i.setNodeId)
    i.setSDOlineRestBytes                    0x08006248   Section        0  sdo.o(i.setSDOlineRestBytes)
    i.setState                               0x08006268   Section        0  states.o(i.setState)
    i.setTimer                               0x08006334   Section        0  main.o(i.setTimer)
    i.slaveSendBootUp                        0x08006348   Section        0  nmtslave.o(i.slaveSendBootUp)
    i.startSYNC                              0x08006378   Section        0  sync.o(i.startSYNC)
    i.stopSYNC                               0x080063e0   Section        0  sync.o(i.stopSYNC)
    i.switchCommunicationState               0x0800640e   Section        0  states.o(i.switchCommunicationState)
    i.system_begin                           0x0800652a   Section        0  autoinit.o(i.system_begin)
    system_begin                             0x0800652b   Thumb Code     4  autoinit.o(i.system_begin)
    i.system_end                             0x0800652e   Section        0  autoinit.o(i.system_end)
    system_end                               0x0800652f   Thumb Code     4  autoinit.o(i.system_end)
    i.usdk_hw_uart_init                      0x08006532   Section        0  main.o(i.usdk_hw_uart_init)
    i.usdk_startup                           0x0800655c   Section        0  autoinit.o(i.usdk_startup)
    .constdata                               0x08006594   Section       48  buildtime.o(.constdata)
    .constdata                               0x080065c4   Section       64  states.o(.constdata)
    .constdata                               0x08006604   Section      206  objdict.o(.constdata)
    .conststring                             0x080066d4   Section       72  buildtime.o(.conststring)
    .conststrlit                             0x0800671c   Section        9  key.o(.conststrlit)
    .conststrlit                             0x08006728   Section        9  led.o(.conststrlit)
    .conststrlit                             0x08006734   Section       27  autoinit.o(.conststrlit)
    .conststrlit                             0x08006750   Section       19  buildtime.o(.conststrlit)
    .usdk.init0                              0x08006764   Section        8  autoinit.o(.usdk.init0)
    __tagsym$$used                           0x08006764   Number         0  autoinit.o(.usdk.init0)
    .usdk.init1                              0x0800676c   Section        8  key.o(.usdk.init1)
    __tagsym$$used                           0x0800676c   Number         0  key.o(.usdk.init1)
    .usdk.init1                              0x08006774   Section        8  led.o(.usdk.init1)
    __tagsym$$used                           0x08006774   Number         0  led.o(.usdk.init1)
    .usdk.init2                              0x0800677c   Section        8  buildtime.o(.usdk.init2)
    __tagsym$$used                           0x0800677c   Number         0  buildtime.o(.usdk.init2)
    .usdk.init9                              0x08006784   Section        8  autoinit.o(.usdk.init9)
    __tagsym$$used                           0x08006784   Number         0  autoinit.o(.usdk.init9)
    .data                                    0x20000000   Section       10  main.o(.data)
    last                                     0x20000004   Data           4  main.o(.data)
    value                                    0x20000008   Data           2  main.o(.data)
    .data                                    0x2000000c   Section        8  buildtime.o(.data)
    .data                                    0x20000014   Section        4  sleep.o(.data)
    m_ticks                                  0x20000014   Data           4  sleep.o(.data)
    .data                                    0x20000018   Section       16  stm32f4xx_rcc.o(.data)
    APBAHBPrescTable                         0x20000018   Data          16  stm32f4xx_rcc.o(.data)
    .data                                    0x20000028   Section       12  timer.o(.data)
    .data                                    0x20000034   Section     2904  objdict.o(.data)
    .data                                    0x20000b8c   Section        4  stdout.o(.data)
    .bss                                     0x20000b90   Section      192  timer.o(.bss)
    .bss                                     0x20000c50   Section      368  objdict.o(.bss)
    STACK                                    0x20000dc0   Section     1024  startup_stm32f40_41xxx.o(STACK)

    Global Symbols

    Symbol Name                              Value     Ov Type        Size  Object(Section)

    BuildAttributes$$THM_ISAv4$E$P$D$K$B$S$7EM$VFPi3$EXTD16$VFPS$VFMA$PE$A:L22UL41UL21$X:L11$S22US41US21$IEEE1$IW$USESV6$~STKCKD$USESV7$~SHL$OSPACE$ROPI$EBA8$MICROLIB$REQ8$PRES8$EABIv2 0x00000000   Number         0  anon$$obj.o ABSOLUTE
    __ARM_use_no_argv                        0x00000000   Number         0  main.o ABSOLUTE
    _printf_a                                0x00000000   Number         0  stubs.o ABSOLUTE
    _printf_c                                0x00000000   Number         0  stubs.o ABSOLUTE
    _printf_charcount                        0x00000000   Number         0  stubs.o ABSOLUTE
    _printf_d                                0x00000000   Number         0  stubs.o ABSOLUTE
    _printf_e                                0x00000000   Number         0  stubs.o ABSOLUTE
    _printf_f                                0x00000000   Number         0  stubs.o ABSOLUTE
    _printf_flags                            0x00000000   Number         0  stubs.o ABSOLUTE
    _printf_fp_dec                           0x00000000   Number         0  stubs.o ABSOLUTE
    _printf_fp_hex                           0x00000000   Number         0  stubs.o ABSOLUTE
    _printf_g                                0x00000000   Number         0  stubs.o ABSOLUTE
    _printf_i                                0x00000000   Number         0  stubs.o ABSOLUTE
    _printf_int_dec                          0x00000000   Number         0  stubs.o ABSOLUTE
    _printf_l                                0x00000000   Number         0  stubs.o ABSOLUTE
    _printf_lc                               0x00000000   Number         0  stubs.o ABSOLUTE
    _printf_ll                               0x00000000   Number         0  stubs.o ABSOLUTE
    _printf_lld                              0x00000000   Number         0  stubs.o ABSOLUTE
    _printf_lli                              0x00000000   Number         0  stubs.o ABSOLUTE
    _printf_llo                              0x00000000   Number         0  stubs.o ABSOLUTE
    _printf_llu                              0x00000000   Number         0  stubs.o ABSOLUTE
    _printf_llx                              0x00000000   Number         0  stubs.o ABSOLUTE
    _printf_longlong_dec                     0x00000000   Number         0  stubs.o ABSOLUTE
    _printf_longlong_hex                     0x00000000   Number         0  stubs.o ABSOLUTE
    _printf_longlong_oct                     0x00000000   Number         0  stubs.o ABSOLUTE
    _printf_ls                               0x00000000   Number         0  stubs.o ABSOLUTE
    _printf_mbtowc                           0x00000000   Number         0  stubs.o ABSOLUTE
    _printf_n                                0x00000000   Number         0  stubs.o ABSOLUTE
    _printf_o                                0x00000000   Number         0  stubs.o ABSOLUTE
    _printf_p                                0x00000000   Number         0  stubs.o ABSOLUTE
    _printf_percent                          0x00000000   Number         0  stubs.o ABSOLUTE
    _printf_pre_padding                      0x00000000   Number         0  stubs.o ABSOLUTE
    _printf_return_value                     0x00000000   Number         0  stubs.o ABSOLUTE
    _printf_s                                0x00000000   Number         0  stubs.o ABSOLUTE
    _printf_sizespec                         0x00000000   Number         0  stubs.o ABSOLUTE
    _printf_str                              0x00000000   Number         0  stubs.o ABSOLUTE
    _printf_truncate_signed                  0x00000000   Number         0  stubs.o ABSOLUTE
    _printf_truncate_unsigned                0x00000000   Number         0  stubs.o ABSOLUTE
    _printf_u                                0x00000000   Number         0  stubs.o ABSOLUTE
    _printf_wc                               0x00000000   Number         0  stubs.o ABSOLUTE
    _printf_wctomb                           0x00000000   Number         0  stubs.o ABSOLUTE
    _printf_widthprec                        0x00000000   Number         0  stubs.o ABSOLUTE
    _printf_x                                0x00000000   Number         0  stubs.o ABSOLUTE
    __arm_fini_                               - Undefined Weak Reference
    __cpp_initialize__aeabi_                  - Undefined Weak Reference
    __cxa_finalize                            - Undefined Weak Reference
    _clock_init                               - Undefined Weak Reference
    _microlib_exit                            - Undefined Weak Reference
    __Vectors_Size                           0x00000188   Number         0  startup_stm32f40_41xxx.o ABSOLUTE
    __Vectors                                0x08000000   Data           4  startup_stm32f40_41xxx.o(RESET)
    __Vectors_End                            0x08000188   Data           0  startup_stm32f40_41xxx.o(RESET)
    __main                                   0x08000189   Thumb Code     0  entry.o(.ARM.Collect$$$$00000000)
    _main_stk                                0x08000189   Thumb Code     0  entry2.o(.ARM.Collect$$$$00000001)
    _main_scatterload                        0x0800018d   Thumb Code     0  entry5.o(.ARM.Collect$$$$00000004)
    __main_after_scatterload                 0x08000191   Thumb Code     0  entry5.o(.ARM.Collect$$$$00000004)
    _main_clock                              0x08000191   Thumb Code     0  entry7b.o(.ARM.Collect$$$$00000008)
    _main_cpp_init                           0x08000191   Thumb Code     0  entry8b.o(.ARM.Collect$$$$0000000A)
    _main_init                               0x08000191   Thumb Code     0  entry9a.o(.ARM.Collect$$$$0000000B)
    __rt_lib_shutdown_fini                   0x08000199   Thumb Code     0  entry12b.o(.ARM.Collect$$$$0000000E)
    __rt_final_cpp                           0x0800019d   Thumb Code     0  entry10a.o(.ARM.Collect$$$$0000000F)
    __rt_final_exit                          0x0800019d   Thumb Code     0  entry11a.o(.ARM.Collect$$$$00000011)
    Reset_Handler                            0x080001a1   Thumb Code     8  startup_stm32f40_41xxx.o(.text)
    ADC_IRQHandler                           0x080001bb   Thumb Code     0  startup_stm32f40_41xxx.o(.text)
    CAN1_RX1_IRQHandler                      0x080001bb   Thumb Code     0  startup_stm32f40_41xxx.o(.text)
    CAN1_SCE_IRQHandler                      0x080001bb   Thumb Code     0  startup_stm32f40_41xxx.o(.text)
    CAN1_TX_IRQHandler                       0x080001bb   Thumb Code     0  startup_stm32f40_41xxx.o(.text)
    CAN2_RX1_IRQHandler                      0x080001bb   Thumb Code     0  startup_stm32f40_41xxx.o(.text)
    CAN2_SCE_IRQHandler                      0x080001bb   Thumb Code     0  startup_stm32f40_41xxx.o(.text)
    CAN2_TX_IRQHandler                       0x080001bb   Thumb Code     0  startup_stm32f40_41xxx.o(.text)
    CRYP_IRQHandler                          0x080001bb   Thumb Code     0  startup_stm32f40_41xxx.o(.text)
    DCMI_IRQHandler                          0x080001bb   Thumb Code     0  startup_stm32f40_41xxx.o(.text)
    DMA1_Stream0_IRQHandler                  0x080001bb   Thumb Code     0  startup_stm32f40_41xxx.o(.text)
    DMA1_Stream1_IRQHandler                  0x080001bb   Thumb Code     0  startup_stm32f40_41xxx.o(.text)
    DMA1_Stream2_IRQHandler                  0x080001bb   Thumb Code     0  startup_stm32f40_41xxx.o(.text)
    DMA1_Stream3_IRQHandler                  0x080001bb   Thumb Code     0  startup_stm32f40_41xxx.o(.text)
    DMA1_Stream4_IRQHandler                  0x080001bb   Thumb Code     0  startup_stm32f40_41xxx.o(.text)
    DMA1_Stream5_IRQHandler                  0x080001bb   Thumb Code     0  startup_stm32f40_41xxx.o(.text)
    DMA1_Stream6_IRQHandler                  0x080001bb   Thumb Code     0  startup_stm32f40_41xxx.o(.text)
    DMA1_Stream7_IRQHandler                  0x080001bb   Thumb Code     0  startup_stm32f40_41xxx.o(.text)
    DMA2_Stream0_IRQHandler                  0x080001bb   Thumb Code     0  startup_stm32f40_41xxx.o(.text)
    DMA2_Stream1_IRQHandler                  0x080001bb   Thumb Code     0  startup_stm32f40_41xxx.o(.text)
    DMA2_Stream2_IRQHandler                  0x080001bb   Thumb Code     0  startup_stm32f40_41xxx.o(.text)
    DMA2_Stream3_IRQHandler                  0x080001bb   Thumb Code     0  startup_stm32f40_41xxx.o(.text)
    DMA2_Stream4_IRQHandler                  0x080001bb   Thumb Code     0  startup_stm32f40_41xxx.o(.text)
    DMA2_Stream5_IRQHandler                  0x080001bb   Thumb Code     0  startup_stm32f40_41xxx.o(.text)
    DMA2_Stream6_IRQHandler                  0x080001bb   Thumb Code     0  startup_stm32f40_41xxx.o(.text)
    DMA2_Stream7_IRQHandler                  0x080001bb   Thumb Code     0  startup_stm32f40_41xxx.o(.text)
    ETH_IRQHandler                           0x080001bb   Thumb Code     0  startup_stm32f40_41xxx.o(.text)
    ETH_WKUP_IRQHandler                      0x080001bb   Thumb Code     0  startup_stm32f40_41xxx.o(.text)
    EXTI0_IRQHandler                         0x080001bb   Thumb Code     0  startup_stm32f40_41xxx.o(.text)
    EXTI15_10_IRQHandler                     0x080001bb   Thumb Code     0  startup_stm32f40_41xxx.o(.text)
    EXTI1_IRQHandler                         0x080001bb   Thumb Code     0  startup_stm32f40_41xxx.o(.text)
    EXTI2_IRQHandler                         0x080001bb   Thumb Code     0  startup_stm32f40_41xxx.o(.text)
    EXTI3_IRQHandler                         0x080001bb   Thumb Code     0  startup_stm32f40_41xxx.o(.text)
    EXTI4_IRQHandler                         0x080001bb   Thumb Code     0  startup_stm32f40_41xxx.o(.text)
    EXTI9_5_IRQHandler                       0x080001bb   Thumb Code     0  startup_stm32f40_41xxx.o(.text)
    FLASH_IRQHandler                         0x080001bb   Thumb Code     0  startup_stm32f40_41xxx.o(.text)
    FPU_IRQHandler                           0x080001bb   Thumb Code     0  startup_stm32f40_41xxx.o(.text)
    FSMC_IRQHandler                          0x080001bb   Thumb Code     0  startup_stm32f40_41xxx.o(.text)
    HASH_RNG_IRQHandler                      0x080001bb   Thumb Code     0  startup_stm32f40_41xxx.o(.text)
    I2C1_ER_IRQHandler                       0x080001bb   Thumb Code     0  startup_stm32f40_41xxx.o(.text)
    I2C1_EV_IRQHandler                       0x080001bb   Thumb Code     0  startup_stm32f40_41xxx.o(.text)
    I2C2_ER_IRQHandler                       0x080001bb   Thumb Code     0  startup_stm32f40_41xxx.o(.text)
    I2C2_EV_IRQHandler                       0x080001bb   Thumb Code     0  startup_stm32f40_41xxx.o(.text)
    I2C3_ER_IRQHandler                       0x080001bb   Thumb Code     0  startup_stm32f40_41xxx.o(.text)
    I2C3_EV_IRQHandler                       0x080001bb   Thumb Code     0  startup_stm32f40_41xxx.o(.text)
    OTG_FS_IRQHandler                        0x080001bb   Thumb Code     0  startup_stm32f40_41xxx.o(.text)
    OTG_FS_WKUP_IRQHandler                   0x080001bb   Thumb Code     0  startup_stm32f40_41xxx.o(.text)
    OTG_HS_EP1_IN_IRQHandler                 0x080001bb   Thumb Code     0  startup_stm32f40_41xxx.o(.text)
    OTG_HS_EP1_OUT_IRQHandler                0x080001bb   Thumb Code     0  startup_stm32f40_41xxx.o(.text)
    OTG_HS_IRQHandler                        0x080001bb   Thumb Code     0  startup_stm32f40_41xxx.o(.text)
    OTG_HS_WKUP_IRQHandler                   0x080001bb   Thumb Code     0  startup_stm32f40_41xxx.o(.text)
    PVD_IRQHandler                           0x080001bb   Thumb Code     0  startup_stm32f40_41xxx.o(.text)
    RCC_IRQHandler                           0x080001bb   Thumb Code     0  startup_stm32f40_41xxx.o(.text)
    RTC_Alarm_IRQHandler                     0x080001bb   Thumb Code     0  startup_stm32f40_41xxx.o(.text)
    RTC_WKUP_IRQHandler                      0x080001bb   Thumb Code     0  startup_stm32f40_41xxx.o(.text)
    SDIO_IRQHandler                          0x080001bb   Thumb Code     0  startup_stm32f40_41xxx.o(.text)
    SPI1_IRQHandler                          0x080001bb   Thumb Code     0  startup_stm32f40_41xxx.o(.text)
    SPI2_IRQHandler                          0x080001bb   Thumb Code     0  startup_stm32f40_41xxx.o(.text)
    SPI3_IRQHandler                          0x080001bb   Thumb Code     0  startup_stm32f40_41xxx.o(.text)
    TAMP_STAMP_IRQHandler                    0x080001bb   Thumb Code     0  startup_stm32f40_41xxx.o(.text)
    TIM1_BRK_TIM9_IRQHandler                 0x080001bb   Thumb Code     0  startup_stm32f40_41xxx.o(.text)
    TIM1_CC_IRQHandler                       0x080001bb   Thumb Code     0  startup_stm32f40_41xxx.o(.text)
    TIM1_TRG_COM_TIM11_IRQHandler            0x080001bb   Thumb Code     0  startup_stm32f40_41xxx.o(.text)
    TIM1_UP_TIM10_IRQHandler                 0x080001bb   Thumb Code     0  startup_stm32f40_41xxx.o(.text)
    TIM2_IRQHandler                          0x080001bb   Thumb Code     0  startup_stm32f40_41xxx.o(.text)
    TIM3_IRQHandler                          0x080001bb   Thumb Code     0  startup_stm32f40_41xxx.o(.text)
    TIM4_IRQHandler                          0x080001bb   Thumb Code     0  startup_stm32f40_41xxx.o(.text)
    TIM5_IRQHandler                          0x080001bb   Thumb Code     0  startup_stm32f40_41xxx.o(.text)
    TIM6_DAC_IRQHandler                      0x080001bb   Thumb Code     0  startup_stm32f40_41xxx.o(.text)
    TIM7_IRQHandler                          0x080001bb   Thumb Code     0  startup_stm32f40_41xxx.o(.text)
    TIM8_BRK_TIM12_IRQHandler                0x080001bb   Thumb Code     0  startup_stm32f40_41xxx.o(.text)
    TIM8_CC_IRQHandler                       0x080001bb   Thumb Code     0  startup_stm32f40_41xxx.o(.text)
    TIM8_TRG_COM_TIM14_IRQHandler            0x080001bb   Thumb Code     0  startup_stm32f40_41xxx.o(.text)
    TIM8_UP_TIM13_IRQHandler                 0x080001bb   Thumb Code     0  startup_stm32f40_41xxx.o(.text)
    UART4_IRQHandler                         0x080001bb   Thumb Code     0  startup_stm32f40_41xxx.o(.text)
    UART5_IRQHandler                         0x080001bb   Thumb Code     0  startup_stm32f40_41xxx.o(.text)
    USART1_IRQHandler                        0x080001bb   Thumb Code     0  startup_stm32f40_41xxx.o(.text)
    USART2_IRQHandler                        0x080001bb   Thumb Code     0  startup_stm32f40_41xxx.o(.text)
    USART3_IRQHandler                        0x080001bb   Thumb Code     0  startup_stm32f40_41xxx.o(.text)
    USART6_IRQHandler                        0x080001bb   Thumb Code     0  startup_stm32f40_41xxx.o(.text)
    WWDG_IRQHandler                          0x080001bb   Thumb Code     0  startup_stm32f40_41xxx.o(.text)
    __aeabi_memcpy                           0x080001c5   Thumb Code    36  memcpya.o(.text)
    __aeabi_memcpy4                          0x080001c5   Thumb Code     0  memcpya.o(.text)
    __aeabi_memcpy8                          0x080001c5   Thumb Code     0  memcpya.o(.text)
    strcmp                                   0x080001e9   Thumb Code    28  strcmp.o(.text)
    memcmp                                   0x08000205   Thumb Code    26  memcmp.o(.text)
    __aeabi_uldivmod                         0x0800021f   Thumb Code    98  uldiv.o(.text)
    __scatterload                            0x08000281   Thumb Code    28  init.o(.text)
    __scatterload_rt2                        0x08000281   Thumb Code     0  init.o(.text)
    __aeabi_llsl                             0x080002a5   Thumb Code    30  llshl.o(.text)
    _ll_shift_l                              0x080002a5   Thumb Code     0  llshl.o(.text)
    __aeabi_llsr                             0x080002c3   Thumb Code    32  llushr.o(.text)
    _ll_ushift_r                             0x080002c3   Thumb Code     0  llushr.o(.text)
    __decompress                             0x080002e3   Thumb Code     0  __dczerorl2.o(.text)
    __decompress1                            0x080002e3   Thumb Code    86  __dczerorl2.o(.text)
    SysTick_Handler                          0x08000339   Thumb Code    24  main.o(i.$Sub$$SysTick_Handler)
    main                                     0x08000355   Thumb Code    12  autoinit.o(i.$Sub$$main)
    BusFault_Handler                         0x08000361   Thumb Code     4  stm32f4xx_it.o(i.BusFault_Handler)
    CAN1_RX0_IRQHandler                      0x08000365   Thumb Code   142  main.o(i.CAN1_RX0_IRQHandler)
    CAN2_RX0_IRQHandler                      0x08000419   Thumb Code    26  main.o(i.CAN2_RX0_IRQHandler)
    CAN2_TxMsg                               0x08000449   Thumb Code    96  main.o(i.CAN2_TxMsg)
    CAN_FilterInit                           0x080004c9   Thumb Code   258  stm32f4xx_can.o(i.CAN_FilterInit)
    CAN_ITConfig                             0x080005d1   Thumb Code    18  stm32f4xx_can.o(i.CAN_ITConfig)
    CAN_Init                                 0x080005e3   Thumb Code   276  stm32f4xx_can.o(i.CAN_Init)
    CAN_Receive                              0x080006f7   Thumb Code   232  stm32f4xx_can.o(i.CAN_Receive)
    CAN_Transmit                             0x080007df   Thumb Code   294  stm32f4xx_can.o(i.CAN_Transmit)
    ConsumerHeartbeatAlarm                   0x08000905   Thumb Code    50  lifegrd.o(i.ConsumerHeartbeatAlarm)
    CopyBits                                 0x08000937   Thumb Code   236  pdo.o(i.CopyBits)
    DebugMon_Handler                         0x08000a23   Thumb Code     2  stm32f4xx_it.o(i.DebugMon_Handler)
    DelAlarm                                 0x08000a25   Thumb Code    46  timer.o(i.DelAlarm)
    DelayInit                                0x08000a5d   Thumb Code    86  sleep.o(i.DelayInit)
    DelayNonBlock                            0x08000abd   Thumb Code    22  sleep.o(i.DelayNonBlock)
    GPIO_Init                                0x08000ad9   Thumb Code   144  stm32f4xx_gpio.o(i.GPIO_Init)
    GPIO_PinAFConfig                         0x08000b69   Thumb Code    70  stm32f4xx_gpio.o(i.GPIO_PinAFConfig)
    GPIO_ReadInputDataBit                    0x08000baf   Thumb Code    18  stm32f4xx_gpio.o(i.GPIO_ReadInputDataBit)
    GPIO_WriteBit                            0x08000bc1   Thumb Code    12  stm32f4xx_gpio.o(i.GPIO_WriteBit)
    GuardTimeAlarm                           0x08000bcd   Thumb Code   118  lifegrd.o(i.GuardTimeAlarm)
    HAL_DeltaTick                            0x08000c43   Thumb Code    18  sleep.o(i.HAL_DeltaTick)
    HAL_GetTick                              0x08000c55   Thumb Code     6  sleep.o(i.HAL_GetTick)
    HAL_IncTick                              0x08000c61   Thumb Code    14  sleep.o(i.HAL_IncTick)
    HardFault_Handler                        0x08000c75   Thumb Code     4  stm32f4xx_it.o(i.HardFault_Handler)
    MemManage_Handler                        0x08000c79   Thumb Code     4  stm32f4xx_it.o(i.MemManage_Handler)
    NMI_Handler                              0x08000c7d   Thumb Code     2  stm32f4xx_it.o(i.NMI_Handler)
    NVIC_Init                                0x08000c81   Thumb Code   106  misc.o(i.NVIC_Init)
    NVIC_PriorityGroupConfig                 0x08000cf9   Thumb Code    10  misc.o(i.NVIC_PriorityGroupConfig)
    OnCOB_ID_SyncUpdate                      0x08000d0d   Thumb Code    18  sync.o(i.OnCOB_ID_SyncUpdate)
    OnHeartbeatProducerUpdate                0x08000d1f   Thumb Code    24  lifegrd.o(i.OnHeartbeatProducerUpdate)
    OnNodeGuardUpdate                        0x08000d37   Thumb Code    24  lifegrd.o(i.OnNodeGuardUpdate)
    OnNumberOfErrorsUpdate                   0x08000d4f   Thumb Code    44  emcy.o(i.OnNumberOfErrorsUpdate)
    PDOEventTimerAlarm                       0x08000d7b   Thumb Code    46  pdo.o(i.PDOEventTimerAlarm)
    PDOInhibitTimerAlarm                     0x08000da9   Thumb Code    56  pdo.o(i.PDOInhibitTimerAlarm)
    PDOInit                                  0x08000de1   Thumb Code    82  pdo.o(i.PDOInit)
    PDOStop                                  0x08000e39   Thumb Code   120  pdo.o(i.PDOStop)
    PendSV_Handler                           0x08000eb1   Thumb Code     2  stm32f4xx_it.o(i.PendSV_Handler)
    ProducerHeartbeatAlarm                   0x08000eb3   Thumb Code    72  lifegrd.o(i.ProducerHeartbeatAlarm)
    RCC_AHB1PeriphClockCmd                   0x08000efd   Thumb Code    26  stm32f4xx_rcc.o(i.RCC_AHB1PeriphClockCmd)
    RCC_APB1PeriphClockCmd                   0x08000f1d   Thumb Code    26  stm32f4xx_rcc.o(i.RCC_APB1PeriphClockCmd)
    RCC_APB2PeriphClockCmd                   0x08000f3d   Thumb Code    26  stm32f4xx_rcc.o(i.RCC_APB2PeriphClockCmd)
    RCC_GetClocksFreq                        0x08000f5d   Thumb Code   214  stm32f4xx_rcc.o(i.RCC_GetClocksFreq)
    RegisterSetODentryCallBack               0x08001045   Thumb Code    54  objacces.o(i.RegisterSetODentryCallBack)
    SDOTimeoutAlarm                          0x0800107d   Thumb Code   256  sdo.o(i.SDOTimeoutAlarm)
    SDOlineToObjdict                         0x08001181   Thumb Code   144  sdo.o(i.SDOlineToObjdict)
    SDOtoLine                                0x08001211   Thumb Code   114  sdo.o(i.SDOtoLine)
    SVC_Handler                              0x08001283   Thumb Code     2  stm32f4xx_it.o(i.SVC_Handler)
    Servo_scanIndexOD                        0x08001285   Thumb Code   318  objdict.o(i.Servo_scanIndexOD)
    Servo_valueRangeTest                     0x080013e1   Thumb Code   110  objdict.o(i.Servo_valueRangeTest)
    SetAlarm                                 0x08001459   Thumb Code   166  timer.o(i.SetAlarm)
    SyncAlarm                                0x080015f9   Thumb Code    14  sync.o(i.SyncAlarm)
    $Super$$SysTick_Handler                  0x08001607   Thumb Code     8  stm32f4xx_it.o(i.SysTick_Handler)
    SystemInit                               0x08001611   Thumb Code    88  system_stm32f4xx.o(i.SystemInit)
    TPDO_Communication_Parameter_Callback    0x08001679   Thumb Code   148  pdo.o(i.TPDO_Communication_Parameter_Callback)
    TimeDispatch                             0x0800170d   Thumb Code   178  timer.o(i.TimeDispatch)
    USART_Cmd                                0x080017cd   Thumb Code    24  stm32f4xx_usart.o(i.USART_Cmd)
    USART_GetFlagStatus                      0x080017e5   Thumb Code    26  stm32f4xx_usart.o(i.USART_GetFlagStatus)
    USART_Init                               0x08001801   Thumb Code   204  stm32f4xx_usart.o(i.USART_Init)
    USART_SendData                           0x080018d5   Thumb Code     8  stm32f4xx_usart.o(i.USART_SendData)
    UsageFault_Handler                       0x080018dd   Thumb Code     4  stm32f4xx_it.o(i.UsageFault_Handler)
    _RxPDO_EventTimers_Handler               0x080018e1   Thumb Code     2  pdo.o(i._RxPDO_EventTimers_Handler)
    __0printf$8                              0x080018e5   Thumb Code    22  printf8.o(i.__0printf$8)
    __1printf$8                              0x080018e5   Thumb Code     0  printf8.o(i.__0printf$8)
    __2printf                                0x080018e5   Thumb Code     0  printf8.o(i.__0printf$8)
    __scatterload_copy                       0x08001905   Thumb Code    14  handlers.o(i.__scatterload_copy)
    __scatterload_null                       0x08001913   Thumb Code     2  handlers.o(i.__scatterload_null)
    __scatterload_zeroinit                   0x08001915   Thumb Code    14  handlers.o(i.__scatterload_zeroinit)
    _getODentry                              0x08001925   Thumb Code   310  objacces.o(i._getODentry)
    _heartbeatError                          0x08001a69   Thumb Code     2  lifegrd.o(i._heartbeatError)
    _initialisation                          0x08001a6b   Thumb Code     2  states.o(i._initialisation)
    _nodeguardError                          0x08001a6d   Thumb Code     2  lifegrd.o(i._nodeguardError)
    _operational                             0x08001a6f   Thumb Code     2  states.o(i._operational)
    _post_SlaveBootup                        0x08001a71   Thumb Code     2  lifegrd.o(i._post_SlaveBootup)
    _post_SlaveStateChange                   0x08001a73   Thumb Code     2  lifegrd.o(i._post_SlaveStateChange)
    _post_TPDO                               0x08001a75   Thumb Code     2  sync.o(i._post_TPDO)
    _post_emcy                               0x08001a77   Thumb Code     2  emcy.o(i._post_emcy)
    _post_sync                               0x08001a79   Thumb Code     2  sync.o(i._post_sync)
    _preOperational                          0x08001a7b   Thumb Code    22  states.o(i._preOperational)
    _sendPDOevent                            0x08001ee7   Thumb Code   408  pdo.o(i._sendPDOevent)
    _setODentry                              0x08002081   Thumb Code   328  objacces.o(i._setODentry)
    _stopped                                 0x080021d5   Thumb Code     2  states.o(i._stopped)
    _storeODSubIndex                         0x080021d7   Thumb Code     2  objacces.o(i._storeODSubIndex)
    accessDictionaryError                    0x080021d9   Thumb Code    10  objacces.o(i.accessDictionaryError)
    buildPDO                                 0x080021e3   Thumb Code   242  pdo.o(i.buildPDO)
    canDispatch                              0x080022d5   Thumb Code   152  states.o(i.canDispatch)
    canSend                                  0x0800236d   Thumb Code    82  main.o(i.canSend)
    can_display_msg                          0x080023d1   Thumb Code    84  can.o(i.can_display_msg)
    can_init                                 0x08002449   Thumb Code   550  can.o(i.can_init)
    dwt_init                                 0x08002721   Thumb Code    30  sleep.o(i.dwt_init)
    emergencyInit                            0x08002749   Thumb Code    28  emcy.o(i.emergencyInit)
    emergencyStop                            0x08002769   Thumb Code     2  emcy.o(i.emergencyStop)
    failedSDO                                0x0800276b   Thumb Code   166  sdo.o(i.failedSDO)
    fputc                                    0x08002811   Thumb Code    58  rs232.o(i.fputc)
    getElapsedTime                           0x08002851   Thumb Code    28  main.o(i.getElapsedTime)
    getNodeId                                0x08002871   Thumb Code     8  states.o(i.getNodeId)
    getSDOfreeLine                           0x08002879   Thumb Code    58  sdo.o(i.getSDOfreeLine)
    getSDOlineOnUse                          0x080028b3   Thumb Code   100  sdo.o(i.getSDOlineOnUse)
    getSDOlineRestBytes                      0x08002917   Thumb Code    62  sdo.o(i.getSDOlineRestBytes)
    get_build_time                           0x08002955   Thumb Code   232  buildtime.o(i.get_build_time)
    heartbeatInit                            0x08002a49   Thumb Code   130  lifegrd.o(i.heartbeatInit)
    heartbeatStop                            0x08002ad9   Thumb Code    56  lifegrd.o(i.heartbeatStop)
    initSDOline                              0x08002b11   Thumb Code   368  sdo.o(i.initSDOline)
    led_off                                  0x08002d41   Thumb Code    58  led.o(i.led_off)
    led_tgl                                  0x08002d81   Thumb Code   124  led.o(i.led_tgl)
    lifeGuardInit                            0x08002e01   Thumb Code    18  lifegrd.o(i.lifeGuardInit)
    lifeGuardStop                            0x08002e13   Thumb Code    18  lifegrd.o(i.lifeGuardStop)
    lineToSDO                                0x08002e25   Thumb Code   148  sdo.o(i.lineToSDO)
    $Super$$main                             0x08002eb9   Thumb Code   114  main.o(i.main)
    masterSendNMTnodeguard                   0x08002f6d   Thumb Code    38  nmtmaster.o(i.masterSendNMTnodeguard)
    masterSendNMTstateChange                 0x08002f93   Thumb Code    44  nmtmaster.o(i.masterSendNMTstateChange)
    nodeguardInit                            0x08002fc1   Thumb Code   128  lifegrd.o(i.nodeguardInit)
    nodeguardStop                            0x08003049   Thumb Code    18  lifegrd.o(i.nodeguardStop)
    objdictToSDOline                         0x0800305b   Thumb Code   122  sdo.o(i.objdictToSDOline)
    proceedEMCY                              0x080030d5   Thumb Code    54  emcy.o(i.proceedEMCY)
    proceedNMTstateChange                    0x0800310b   Thumb Code   224  nmtslave.o(i.proceedNMTstateChange)
    proceedNODE_GUARD                        0x080031ed   Thumb Code   276  lifegrd.o(i.proceedNODE_GUARD)
    proceedPDO                               0x08003305   Thumb Code   736  pdo.o(i.proceedPDO)
    proceedSDO                               0x080035e5   Thumb Code 10024  sdo.o(i.proceedSDO)
    proceedSYNC                              0x08005d11   Thumb Code    44  sync.o(i.proceedSYNC)
    resetSDO                                 0x08005d3d   Thumb Code    26  sdo.o(i.resetSDO)
    resetSDOline                             0x08005d57   Thumb Code    84  sdo.o(i.resetSDOline)
    rs232_init                               0x08005dad   Thumb Code   108  rs232.o(i.rs232_init)
    scanIndexOD                              0x08005e21   Thumb Code    28  objacces.o(i.scanIndexOD)
    sendOnePDOevent                          0x08005e3d   Thumb Code   310  pdo.o(i.sendOnePDOevent)
    sendSDO                                  0x08005fa9   Thumb Code   162  sdo.o(i.sendSDO)
    sendSDOabort                             0x0800604b   Thumb Code    82  sdo.o(i.sendSDOabort)
    sendSYNC                                 0x0800609d   Thumb Code    22  sync.o(i.sendSYNC)
    sendSYNCMessage                          0x080060b3   Thumb Code    38  sync.o(i.sendSYNCMessage)
    setNodeId                                0x080060d9   Thumb Code   362  states.o(i.setNodeId)
    setSDOlineRestBytes                      0x08006249   Thumb Code    30  sdo.o(i.setSDOlineRestBytes)
    setState                                 0x08006269   Thumb Code   200  states.o(i.setState)
    setTimer                                 0x08006335   Thumb Code    16  main.o(i.setTimer)
    slaveSendBootUp                          0x08006349   Thumb Code    46  nmtslave.o(i.slaveSendBootUp)
    startSYNC                                0x08006379   Thumb Code    96  sync.o(i.startSYNC)
    stopSYNC                                 0x080063e1   Thumb Code    46  sync.o(i.stopSYNC)
    switchCommunicationState                 0x0800640f   Thumb Code   284  states.o(i.switchCommunicationState)
    usdk_hw_uart_init                        0x08006533   Thumb Code    42  main.o(i.usdk_hw_uart_init)
    usdk_startup                             0x0800655d   Thumb Code    40  autoinit.o(i.usdk_startup)
    Servo_iam_a_slave                        0x08006604   Data           1  objdict.o(.constdata)
    Servo_objdict                            0x08006608   Data         176  objdict.o(.constdata)
    Servo_firstIndex                         0x080066b8   Data          12  objdict.o(.constdata)
    Servo_lastIndex                          0x080066c4   Data          12  objdict.o(.constdata)
    Servo_ObjdictSize                        0x080066d0   Data           2  objdict.o(.constdata)
    __usdk_init_system_begin                 0x08006764   Data           8  autoinit.o(.usdk.init0)
    __usdk_init_key_init                     0x0800676c   Data           8  key.o(.usdk.init1)
    __usdk_init_led_init                     0x08006774   Data           8  led.o(.usdk.init1)
    __usdk_init_display_build_time           0x0800677c   Data           8  buildtime.o(.usdk.init2)
    __usdk_init_system_end                   0x08006784   Data           8  autoinit.o(.usdk.init9)
    Region$$Table$$Base                      0x0800678c   Number         0  anon$$obj.o(Region$$Table)
    Region$$Table$$Limit                     0x080067ac   Number         0  anon$$obj.o(Region$$Table)
    m_cop_timeout                            0x20000000   Data           4  main.o(.data)
    m_data                                   0x2000000c   Data           4  buildtime.o(.data)
    m_time                                   0x20000010   Data           4  buildtime.o(.data)
    total_sleep_time                         0x20000028   Data           4  timer.o(.data)
    last_timer_raw                           0x2000002c   Data           2  timer.o(.data)
    tdcount                                  0x20000030   Data           4  timer.o(.data)
    spd_u16SpdSrc                            0x20000034   Data           1  objdict.o(.data)
    spd_s16SpdTgt                            0x20000036   Data           2  objdict.o(.data)
    spd_s16SpdFbk                            0x20000038   Data           2  objdict.o(.data)
    spd_s16SpdRefSel                         0x2000003a   Data           2  objdict.o(.data)
    spd_s16SpdRef0                           0x2000003c   Data           2  objdict.o(.data)
    spd_s16SpdRef1                           0x2000003e   Data           2  objdict.o(.data)
    spd_s16SpdRef2                           0x20000040   Data           2  objdict.o(.data)
    spd_s16SpdRef3                           0x20000042   Data           2  objdict.o(.data)
    spd_s16SpdRef4                           0x20000044   Data           2  objdict.o(.data)
    spd_s16SpdRef5                           0x20000046   Data           2  objdict.o(.data)
    spd_s16SpdRef6                           0x20000048   Data           2  objdict.o(.data)
    spd_s16SpdRef7                           0x2000004a   Data           2  objdict.o(.data)
    spd_s16SpdRef8                           0x2000004c   Data           2  objdict.o(.data)
    spd_s16SpdRef9                           0x2000004e   Data           2  objdict.o(.data)
    spd_s16SpdRef10                          0x20000050   Data           2  objdict.o(.data)
    spd_s16SpdRef11                          0x20000052   Data           2  objdict.o(.data)
    spd_s16SpdRef12                          0x20000054   Data           2  objdict.o(.data)
    spd_s16SpdRef13                          0x20000056   Data           2  objdict.o(.data)
    spd_s16SpdRef14                          0x20000058   Data           2  objdict.o(.data)
    Servo_bDeviceNodeId                      0x2000005a   Data           1  objdict.o(.data)
    Servo_heartBeatTimers                    0x2000005c   Data           2  objdict.o(.data)
    Servo_obj1000                            0x20000060   Data           4  objdict.o(.data)
    Servo_Index1000                          0x20000064   Data          12  objdict.o(.data)
    Servo_obj1001                            0x20000070   Data           1  objdict.o(.data)
    Servo_Index1001                          0x20000074   Data          12  objdict.o(.data)
    Servo_highestSubIndex_obj1003            0x20000080   Data           1  objdict.o(.data)
    Servo_obj1003                            0x20000084   Data           4  objdict.o(.data)
    Servo_Index1003_callbacks                0x20000088   Data           8  objdict.o(.data)
    Servo_Index1003                          0x20000090   Data          24  objdict.o(.data)
    Servo_obj1005                            0x200000a8   Data           4  objdict.o(.data)
    Servo_obj1006                            0x200000ac   Data           4  objdict.o(.data)
    Servo_obj100C                            0x200000b0   Data           2  objdict.o(.data)
    Servo_obj100D                            0x200000b2   Data           1  objdict.o(.data)
    Servo_obj1014                            0x200000b4   Data           4  objdict.o(.data)
    Servo_highestSubIndex_obj1016            0x200000b8   Data           1  objdict.o(.data)
    Servo_obj1016                            0x200000bc   Data           4  objdict.o(.data)
    Servo_obj1017                            0x200000c0   Data           2  objdict.o(.data)
    Servo_Index1017_callbacks                0x200000c4   Data           4  objdict.o(.data)
    Servo_Index1017                          0x200000c8   Data          12  objdict.o(.data)
    Servo_highestSubIndex_obj1018            0x200000d4   Data           1  objdict.o(.data)
    Servo_obj1018_Vendor_ID                  0x200000d8   Data           4  objdict.o(.data)
    Servo_obj1018_Product_Code               0x200000dc   Data           4  objdict.o(.data)
    Servo_obj1018_Revision_Number            0x200000e0   Data           4  objdict.o(.data)
    Servo_obj1018_Serial_Number              0x200000e4   Data           4  objdict.o(.data)
    Servo_Index1018                          0x200000e8   Data          60  objdict.o(.data)
    Servo_highestSubIndex_obj1200            0x20000124   Data           1  objdict.o(.data)
    Servo_obj1200_COB_ID_Client_to_Server_Receive_SDO 0x20000128   Data           4  objdict.o(.data)
    Servo_obj1200_COB_ID_Server_to_Client_Transmit_SDO 0x2000012c   Data           4  objdict.o(.data)
    Servo_Index1200                          0x20000130   Data          36  objdict.o(.data)
    Servo_highestSubIndex_obj1400            0x20000154   Data           1  objdict.o(.data)
    Servo_obj1400_COB_ID_used_by_PDO         0x20000158   Data           4  objdict.o(.data)
    Servo_obj1400_Transmission_Type          0x2000015c   Data           1  objdict.o(.data)
    Servo_obj1400_Inhibit_Time               0x2000015e   Data           2  objdict.o(.data)
    Servo_obj1400_Compatibility_Entry        0x20000160   Data           1  objdict.o(.data)
    Servo_obj1400_Event_Timer                0x20000162   Data           2  objdict.o(.data)
    Servo_obj1400_SYNC_start_value           0x20000164   Data           1  objdict.o(.data)
    Servo_Index1400                          0x20000168   Data          84  objdict.o(.data)
    Servo_highestSubIndex_obj1401            0x200001bc   Data           1  objdict.o(.data)
    Servo_obj1401_COB_ID_used_by_PDO         0x200001c0   Data           4  objdict.o(.data)
    Servo_obj1401_Transmission_Type          0x200001c4   Data           1  objdict.o(.data)
    Servo_obj1401_Inhibit_Time               0x200001c6   Data           2  objdict.o(.data)
    Servo_obj1401_Compatibility_Entry        0x200001c8   Data           1  objdict.o(.data)
    Servo_obj1401_Event_Timer                0x200001ca   Data           2  objdict.o(.data)
    Servo_obj1401_SYNC_start_value           0x200001cc   Data           1  objdict.o(.data)
    Servo_Index1401                          0x200001d0   Data          84  objdict.o(.data)
    Servo_highestSubIndex_obj1402            0x20000224   Data           1  objdict.o(.data)
    Servo_obj1402_COB_ID_used_by_PDO         0x20000228   Data           4  objdict.o(.data)
    Servo_obj1402_Transmission_Type          0x2000022c   Data           1  objdict.o(.data)
    Servo_obj1402_Inhibit_Time               0x2000022e   Data           2  objdict.o(.data)
    Servo_obj1402_Compatibility_Entry        0x20000230   Data           1  objdict.o(.data)
    Servo_obj1402_Event_Timer                0x20000232   Data           2  objdict.o(.data)
    Servo_obj1402_SYNC_start_value           0x20000234   Data           1  objdict.o(.data)
    Servo_Index1402                          0x20000238   Data          84  objdict.o(.data)
    Servo_highestSubIndex_obj1403            0x2000028c   Data           1  objdict.o(.data)
    Servo_obj1403_COB_ID_used_by_PDO         0x20000290   Data           4  objdict.o(.data)
    Servo_obj1403_Transmission_Type          0x20000294   Data           1  objdict.o(.data)
    Servo_obj1403_Inhibit_Time               0x20000296   Data           2  objdict.o(.data)
    Servo_obj1403_Compatibility_Entry        0x20000298   Data           1  objdict.o(.data)
    Servo_obj1403_Event_Timer                0x2000029a   Data           2  objdict.o(.data)
    Servo_obj1403_SYNC_start_value           0x2000029c   Data           1  objdict.o(.data)
    Servo_Index1403                          0x200002a0   Data          84  objdict.o(.data)
    Servo_highestSubIndex_obj1600            0x200002f4   Data           1  objdict.o(.data)
    Servo_Index1600                          0x200002f8   Data         108  objdict.o(.data)
    Servo_highestSubIndex_obj1601            0x20000364   Data           1  objdict.o(.data)
    Servo_Index1601                          0x20000368   Data         108  objdict.o(.data)
    Servo_highestSubIndex_obj1602            0x200003d4   Data           1  objdict.o(.data)
    Servo_Index1602                          0x200003d8   Data         108  objdict.o(.data)
    Servo_highestSubIndex_obj1603            0x20000444   Data           1  objdict.o(.data)
    Servo_Index1603                          0x20000448   Data         108  objdict.o(.data)
    Servo_highestSubIndex_obj1800            0x200004b4   Data           1  objdict.o(.data)
    Servo_obj1800_COB_ID_used_by_PDO         0x200004b8   Data           4  objdict.o(.data)
    Servo_obj1800_Transmission_Type          0x200004bc   Data           1  objdict.o(.data)
    Servo_obj1800_Inhibit_Time               0x200004be   Data           2  objdict.o(.data)
    Servo_obj1800_Compatibility_Entry        0x200004c0   Data           1  objdict.o(.data)
    Servo_obj1800_Event_Timer                0x200004c2   Data           2  objdict.o(.data)
    Servo_obj1800_SYNC_start_value           0x200004c4   Data           1  objdict.o(.data)
    Servo_Index1800                          0x200004c8   Data          84  objdict.o(.data)
    Servo_highestSubIndex_obj1801            0x2000051c   Data           1  objdict.o(.data)
    Servo_obj1801_COB_ID_used_by_PDO         0x20000520   Data           4  objdict.o(.data)
    Servo_obj1801_Transmission_Type          0x20000524   Data           1  objdict.o(.data)
    Servo_obj1801_Inhibit_Time               0x20000526   Data           2  objdict.o(.data)
    Servo_obj1801_Compatibility_Entry        0x20000528   Data           1  objdict.o(.data)
    Servo_obj1801_Event_Timer                0x2000052a   Data           2  objdict.o(.data)
    Servo_obj1801_SYNC_start_value           0x2000052c   Data           1  objdict.o(.data)
    Servo_Index1801                          0x20000530   Data          84  objdict.o(.data)
    Servo_highestSubIndex_obj1802            0x20000584   Data           1  objdict.o(.data)
    Servo_obj1802_COB_ID_used_by_PDO         0x20000588   Data           4  objdict.o(.data)
    Servo_obj1802_Transmission_Type          0x2000058c   Data           1  objdict.o(.data)
    Servo_obj1802_Inhibit_Time               0x2000058e   Data           2  objdict.o(.data)
    Servo_obj1802_Compatibility_Entry        0x20000590   Data           1  objdict.o(.data)
    Servo_obj1802_Event_Timer                0x20000592   Data           2  objdict.o(.data)
    Servo_obj1802_SYNC_start_value           0x20000594   Data           1  objdict.o(.data)
    Servo_Index1802                          0x20000598   Data          84  objdict.o(.data)
    Servo_highestSubIndex_obj1803            0x200005ec   Data           1  objdict.o(.data)
    Servo_obj1803_COB_ID_used_by_PDO         0x200005f0   Data           4  objdict.o(.data)
    Servo_obj1803_Transmission_Type          0x200005f4   Data           1  objdict.o(.data)
    Servo_obj1803_Inhibit_Time               0x200005f6   Data           2  objdict.o(.data)
    Servo_obj1803_Compatibility_Entry        0x200005f8   Data           1  objdict.o(.data)
    Servo_obj1803_Event_Timer                0x200005fa   Data           2  objdict.o(.data)
    Servo_obj1803_SYNC_start_value           0x200005fc   Data           1  objdict.o(.data)
    Servo_Index1803                          0x20000600   Data          84  objdict.o(.data)
    Servo_highestSubIndex_obj1A00            0x20000654   Data           1  objdict.o(.data)
    Servo_Index1A00                          0x20000658   Data         108  objdict.o(.data)
    Servo_highestSubIndex_obj1A01            0x200006c4   Data           1  objdict.o(.data)
    Servo_Index1A01                          0x200006c8   Data         108  objdict.o(.data)
    Servo_highestSubIndex_obj1A02            0x20000734   Data           1  objdict.o(.data)
    Servo_Index1A02                          0x20000738   Data         108  objdict.o(.data)
    Servo_highestSubIndex_obj1A03            0x200007a4   Data           1  objdict.o(.data)
    Servo_Index1A03                          0x200007a8   Data         108  objdict.o(.data)
    Servo_highestSubIndex_obj2000            0x20000814   Data           1  objdict.o(.data)
    Servo_Index2000                          0x20000818   Data         240  objdict.o(.data)
    Servo_PDO_status                         0x20000908   Data          72  objdict.o(.data)
    Servo_Data                               0x20000950   Data         572  objdict.o(.data)
    __stdout                                 0x20000b8c   Data           4  stdout.o(.data)
    timers                                   0x20000b90   Data         192  timer.o(.bss)
    Servo_obj1600                            0x20000c50   Data          32  objdict.o(.bss)
    Servo_obj1601                            0x20000c70   Data          32  objdict.o(.bss)
    Servo_obj1602                            0x20000c90   Data          32  objdict.o(.bss)
    Servo_obj1603                            0x20000cb0   Data          32  objdict.o(.bss)
    Servo_Index1800_callbacks                0x20000cd0   Data          28  objdict.o(.bss)
    Servo_Index1801_callbacks                0x20000cec   Data          28  objdict.o(.bss)
    Servo_Index1802_callbacks                0x20000d08   Data          28  objdict.o(.bss)
    Servo_Index1803_callbacks                0x20000d24   Data          28  objdict.o(.bss)
    Servo_obj1A00                            0x20000d40   Data          32  objdict.o(.bss)
    Servo_obj1A01                            0x20000d60   Data          32  objdict.o(.bss)
    Servo_obj1A02                            0x20000d80   Data          32  objdict.o(.bss)
    Servo_obj1A03                            0x20000da0   Data          32  objdict.o(.bss)
    __initial_sp                             0x200011c0   Data           0  startup_stm32f40_41xxx.o(STACK)



==============================================================================

Memory Map of the image

  Image Entry point : 0x08000189

  Load Region LR_IROM1 (Base: 0x08000000, Size: 0x0000733c, Max: 0x00080000, ABSOLUTE, COMPRESSED[0x00006ad0])

    Execution Region ER_IROM1 (Exec base: 0x08000000, Load base: 0x08000000, Size: 0x000067ac, Max: 0x00080000, ABSOLUTE)

    Exec Addr    Load Addr    Size         Type   Attr      Idx    E Section Name        Object

    0x08000000   0x08000000   0x00000188   Data   RO            3    RESET               startup_stm32f40_41xxx.o
    0x08000188   0x08000188   0x00000000   Code   RO         6887  * .ARM.Collect$$$$00000000  mc_w.l(entry.o)
    0x08000188   0x08000188   0x00000004   Code   RO         7159    .ARM.Collect$$$$00000001  mc_w.l(entry2.o)
    0x0800018c   0x0800018c   0x00000004   Code   RO         7162    .ARM.Collect$$$$00000004  mc_w.l(entry5.o)
    0x08000190   0x08000190   0x00000000   Code   RO         7164    .ARM.Collect$$$$00000008  mc_w.l(entry7b.o)
    0x08000190   0x08000190   0x00000000   Code   RO         7166    .ARM.Collect$$$$0000000A  mc_w.l(entry8b.o)
    0x08000190   0x08000190   0x00000008   Code   RO         7167    .ARM.Collect$$$$0000000B  mc_w.l(entry9a.o)
    0x08000198   0x08000198   0x00000004   Code   RO         7174    .ARM.Collect$$$$0000000E  mc_w.l(entry12b.o)
    0x0800019c   0x0800019c   0x00000000   Code   RO         7169    .ARM.Collect$$$$0000000F  mc_w.l(entry10a.o)
    0x0800019c   0x0800019c   0x00000000   Code   RO         7171    .ARM.Collect$$$$00000011  mc_w.l(entry11a.o)
    0x0800019c   0x0800019c   0x00000004   Code   RO         7160    .ARM.Collect$$$$00002712  mc_w.l(entry2.o)
    0x080001a0   0x080001a0   0x00000024   Code   RO            4    .text               startup_stm32f40_41xxx.o
    0x080001c4   0x080001c4   0x00000024   Code   RO         6890    .text               mc_w.l(memcpya.o)
    0x080001e8   0x080001e8   0x0000001c   Code   RO         6892    .text               mc_w.l(strcmp.o)
    0x08000204   0x08000204   0x0000001a   Code   RO         6894    .text               mc_w.l(memcmp.o)
    0x0800021e   0x0800021e   0x00000062   Code   RO         7178    .text               mc_w.l(uldiv.o)
    0x08000280   0x08000280   0x00000024   Code   RO         7191    .text               mc_w.l(init.o)
    0x080002a4   0x080002a4   0x0000001e   Code   RO         7193    .text               mc_w.l(llshl.o)
    0x080002c2   0x080002c2   0x00000020   Code   RO         7195    .text               mc_w.l(llushr.o)
    0x080002e2   0x080002e2   0x00000056   Code   RO         7209    .text               mc_w.l(__dczerorl2.o)
    0x08000338   0x08000338   0x0000001c   Code   RO          155    i.$Sub$$SysTick_Handler  main.o
    0x08000354   0x08000354   0x0000000c   Code   RO          582    i.$Sub$$main        autoinit.o
    0x08000360   0x08000360   0x00000004   Code   RO          338    i.BusFault_Handler  stm32f4xx_it.o
    0x08000364   0x08000364   0x000000b4   Code   RO          156    i.CAN1_RX0_IRQHandler  main.o
    0x08000418   0x08000418   0x00000030   Code   RO          157    i.CAN2_RX0_IRQHandler  main.o
    0x08000448   0x08000448   0x00000080   Code   RO          158    i.CAN2_TxMsg        main.o
    0x080004c8   0x080004c8   0x00000108   Code   RO         1106    i.CAN_FilterInit    stm32f4xx_can.o
    0x080005d0   0x080005d0   0x00000012   Code   RO         1112    i.CAN_ITConfig      stm32f4xx_can.o
    0x080005e2   0x080005e2   0x00000114   Code   RO         1113    i.CAN_Init          stm32f4xx_can.o
    0x080006f6   0x080006f6   0x000000e8   Code   RO         1116    i.CAN_Receive       stm32f4xx_can.o
    0x080007de   0x080007de   0x00000126   Code   RO         1121    i.CAN_Transmit      stm32f4xx_can.o
    0x08000904   0x08000904   0x00000032   Code   RO         5999    i.ConsumerHeartbeatAlarm  lifegrd.o
    0x08000936   0x08000936   0x000000ec   Code   RO         6280    i.CopyBits          pdo.o
    0x08000a22   0x08000a22   0x00000002   Code   RO          339    i.DebugMon_Handler  stm32f4xx_it.o
    0x08000a24   0x08000a24   0x00000038   Code   RO         6801    i.DelAlarm          timer.o
    0x08000a5c   0x08000a5c   0x00000060   Code   RO          721    i.DelayInit         sleep.o
    0x08000abc   0x08000abc   0x0000001c   Code   RO          738    i.DelayNonBlock     sleep.o
    0x08000ad8   0x08000ad8   0x00000090   Code   RO         2681    i.GPIO_Init         stm32f4xx_gpio.o
    0x08000b68   0x08000b68   0x00000046   Code   RO         2682    i.GPIO_PinAFConfig  stm32f4xx_gpio.o
    0x08000bae   0x08000bae   0x00000012   Code   RO         2685    i.GPIO_ReadInputDataBit  stm32f4xx_gpio.o
    0x08000bc0   0x08000bc0   0x0000000c   Code   RO         2693    i.GPIO_WriteBit     stm32f4xx_gpio.o
    0x08000bcc   0x08000bcc   0x00000076   Code   RO         6000    i.GuardTimeAlarm    lifegrd.o
    0x08000c42   0x08000c42   0x00000012   Code   RO          744    i.HAL_DeltaTick     sleep.o
    0x08000c54   0x08000c54   0x0000000c   Code   RO          727    i.HAL_GetTick       sleep.o
    0x08000c60   0x08000c60   0x00000014   Code   RO          750    i.HAL_IncTick       sleep.o
    0x08000c74   0x08000c74   0x00000004   Code   RO          340    i.HardFault_Handler  stm32f4xx_it.o
    0x08000c78   0x08000c78   0x00000004   Code   RO          341    i.MemManage_Handler  stm32f4xx_it.o
    0x08000c7c   0x08000c7c   0x00000002   Code   RO          342    i.NMI_Handler       stm32f4xx_it.o
    0x08000c7e   0x08000c7e   0x00000002   PAD
    0x08000c80   0x08000c80   0x00000078   Code   RO          806    i.NVIC_Init         misc.o
    0x08000cf8   0x08000cf8   0x00000014   Code   RO          807    i.NVIC_PriorityGroupConfig  misc.o
    0x08000d0c   0x08000d0c   0x00000012   Code   RO         6725    i.OnCOB_ID_SyncUpdate  sync.o
    0x08000d1e   0x08000d1e   0x00000018   Code   RO         6001    i.OnHeartbeatProducerUpdate  lifegrd.o
    0x08000d36   0x08000d36   0x00000018   Code   RO         6002    i.OnNodeGuardUpdate  lifegrd.o
    0x08000d4e   0x08000d4e   0x0000002c   Code   RO         5928    i.OnNumberOfErrorsUpdate  emcy.o
    0x08000d7a   0x08000d7a   0x0000002e   Code   RO         6281    i.PDOEventTimerAlarm  pdo.o
    0x08000da8   0x08000da8   0x00000038   Code   RO         6282    i.PDOInhibitTimerAlarm  pdo.o
    0x08000de0   0x08000de0   0x00000058   Code   RO         6283    i.PDOInit           pdo.o
    0x08000e38   0x08000e38   0x00000078   Code   RO         6284    i.PDOStop           pdo.o
    0x08000eb0   0x08000eb0   0x00000002   Code   RO          343    i.PendSV_Handler    stm32f4xx_it.o
    0x08000eb2   0x08000eb2   0x00000048   Code   RO         6003    i.ProducerHeartbeatAlarm  lifegrd.o
    0x08000efa   0x08000efa   0x00000002   PAD
    0x08000efc   0x08000efc   0x00000020   Code   RO         3607    i.RCC_AHB1PeriphClockCmd  stm32f4xx_rcc.o
    0x08000f1c   0x08000f1c   0x00000020   Code   RO         3616    i.RCC_APB1PeriphClockCmd  stm32f4xx_rcc.o
    0x08000f3c   0x08000f3c   0x00000020   Code   RO         3619    i.RCC_APB2PeriphClockCmd  stm32f4xx_rcc.o
    0x08000f5c   0x08000f5c   0x000000e8   Code   RO         3628    i.RCC_GetClocksFreq  stm32f4xx_rcc.o
    0x08001044   0x08001044   0x00000036   Code   RO         6222    i.RegisterSetODentryCallBack  objacces.o
    0x0800107a   0x0800107a   0x00000002   PAD
    0x0800107c   0x0800107c   0x00000104   Code   RO         6386    i.SDOTimeoutAlarm   sdo.o
    0x08001180   0x08001180   0x00000090   Code   RO         6387    i.SDOlineToObjdict  sdo.o
    0x08001210   0x08001210   0x00000072   Code   RO         6388    i.SDOtoLine         sdo.o
    0x08001282   0x08001282   0x00000002   Code   RO          344    i.SVC_Handler       stm32f4xx_it.o
    0x08001284   0x08001284   0x0000015c   Code   RO         6848    i.Servo_scanIndexOD  objdict.o
    0x080013e0   0x080013e0   0x00000078   Code   RO         6849    i.Servo_valueRangeTest  objdict.o
    0x08001458   0x08001458   0x000000b4   Code   RO         6802    i.SetAlarm          timer.o
    0x0800150c   0x0800150c   0x000000ec   Code   RO           13    i.SetSysClock       system_stm32f4xx.o
    0x080015f8   0x080015f8   0x0000000e   Code   RO         6726    i.SyncAlarm         sync.o
    0x08001606   0x08001606   0x00000008   Code   RO          345    i.SysTick_Handler   stm32f4xx_it.o
    0x0800160e   0x0800160e   0x00000002   PAD
    0x08001610   0x08001610   0x00000068   Code   RO           15    i.SystemInit        system_stm32f4xx.o
    0x08001678   0x08001678   0x00000094   Code   RO         6285    i.TPDO_Communication_Parameter_Callback  pdo.o
    0x0800170c   0x0800170c   0x000000c0   Code   RO         6803    i.TimeDispatch      timer.o
    0x080017cc   0x080017cc   0x00000018   Code   RO         5557    i.USART_Cmd         stm32f4xx_usart.o
    0x080017e4   0x080017e4   0x0000001a   Code   RO         5560    i.USART_GetFlagStatus  stm32f4xx_usart.o
    0x080017fe   0x080017fe   0x00000002   PAD
    0x08001800   0x08001800   0x000000d4   Code   RO         5564    i.USART_Init        stm32f4xx_usart.o
    0x080018d4   0x080018d4   0x00000008   Code   RO         5574    i.USART_SendData    stm32f4xx_usart.o
    0x080018dc   0x080018dc   0x00000004   Code   RO          346    i.UsageFault_Handler  stm32f4xx_it.o
    0x080018e0   0x080018e0   0x00000002   Code   RO         6286    i._RxPDO_EventTimers_Handler  pdo.o
    0x080018e2   0x080018e2   0x00000002   PAD
    0x080018e4   0x080018e4   0x00000020   Code   RO         7105    i.__0printf$8       mc_w.l(printf8.o)
    0x08001904   0x08001904   0x0000000e   Code   RO         7203    i.__scatterload_copy  mc_w.l(handlers.o)
    0x08001912   0x08001912   0x00000002   Code   RO         7204    i.__scatterload_null  mc_w.l(handlers.o)
    0x08001914   0x08001914   0x0000000e   Code   RO         7205    i.__scatterload_zeroinit  mc_w.l(handlers.o)
    0x08001922   0x08001922   0x00000002   PAD
    0x08001924   0x08001924   0x00000144   Code   RO         6223    i._getODentry       objacces.o
    0x08001a68   0x08001a68   0x00000002   Code   RO         6004    i._heartbeatError   lifegrd.o
    0x08001a6a   0x08001a6a   0x00000002   Code   RO         6620    i._initialisation   states.o
    0x08001a6c   0x08001a6c   0x00000002   Code   RO         6005    i._nodeguardError   lifegrd.o
    0x08001a6e   0x08001a6e   0x00000002   Code   RO         6621    i._operational      states.o
    0x08001a70   0x08001a70   0x00000002   Code   RO         6006    i._post_SlaveBootup  lifegrd.o
    0x08001a72   0x08001a72   0x00000002   Code   RO         6007    i._post_SlaveStateChange  lifegrd.o
    0x08001a74   0x08001a74   0x00000002   Code   RO         6727    i._post_TPDO        sync.o
    0x08001a76   0x08001a76   0x00000002   Code   RO         5929    i._post_emcy        emcy.o
    0x08001a78   0x08001a78   0x00000002   Code   RO         6728    i._post_sync        sync.o
    0x08001a7a   0x08001a7a   0x00000016   Code   RO         6622    i._preOperational   states.o
    0x08001a90   0x08001a90   0x00000404   Code   RO         7112    i._printf_core      mc_w.l(printf8.o)
    0x08001e94   0x08001e94   0x00000024   Code   RO         7113    i._printf_post_padding  mc_w.l(printf8.o)
    0x08001eb8   0x08001eb8   0x0000002e   Code   RO         7114    i._printf_pre_padding  mc_w.l(printf8.o)
    0x08001ee6   0x08001ee6   0x00000198   Code   RO         6287    i._sendPDOevent     pdo.o
    0x0800207e   0x0800207e   0x00000002   PAD
    0x08002080   0x08002080   0x00000154   Code   RO         6224    i._setODentry       objacces.o
    0x080021d4   0x080021d4   0x00000002   Code   RO         6623    i._stopped          states.o
    0x080021d6   0x080021d6   0x00000002   Code   RO         6225    i._storeODSubIndex  objacces.o
    0x080021d8   0x080021d8   0x0000000a   Code   RO         6226    i.accessDictionaryError  objacces.o
    0x080021e2   0x080021e2   0x000000f2   Code   RO         6288    i.buildPDO          pdo.o
    0x080022d4   0x080022d4   0x00000098   Code   RO         6624    i.canDispatch       states.o
    0x0800236c   0x0800236c   0x00000064   Code   RO          160    i.canSend           main.o
    0x080023d0   0x080023d0   0x00000078   Code   RO          545    i.can_display_msg   can.o
    0x08002448   0x08002448   0x00000240   Code   RO          546    i.can_init          can.o
    0x08002688   0x08002688   0x00000098   Code   RO          643    i.display_build_time  buildtime.o
    0x08002720   0x08002720   0x00000028   Code   RO          709    i.dwt_init          sleep.o
    0x08002748   0x08002748   0x00000020   Code   RO         5930    i.emergencyInit     emcy.o
    0x08002768   0x08002768   0x00000002   Code   RO         5931    i.emergencyStop     emcy.o
    0x0800276a   0x0800276a   0x000000a6   Code   RO         6392    i.failedSDO         sdo.o
    0x08002810   0x08002810   0x00000040   Code   RO          508    i.fputc             rs232.o
    0x08002850   0x08002850   0x00000020   Code   RO          161    i.getElapsedTime    main.o
    0x08002870   0x08002870   0x00000008   Code   RO         6625    i.getNodeId         states.o
    0x08002878   0x08002878   0x0000003a   Code   RO         6394    i.getSDOfreeLine    sdo.o
    0x080028b2   0x080028b2   0x00000064   Code   RO         6395    i.getSDOlineOnUse   sdo.o
    0x08002916   0x08002916   0x0000003e   Code   RO         6396    i.getSDOlineRestBytes  sdo.o
    0x08002954   0x08002954   0x000000f4   Code   RO          644    i.get_build_time    buildtime.o
    0x08002a48   0x08002a48   0x00000090   Code   RO         6009    i.heartbeatInit     lifegrd.o
    0x08002ad8   0x08002ad8   0x00000038   Code   RO         6010    i.heartbeatStop     lifegrd.o
    0x08002b10   0x08002b10   0x00000178   Code   RO         6399    i.initSDOline       sdo.o
    0x08002c88   0x08002c88   0x00000054   Code   RO          407    i.key_init          key.o
    0x08002cdc   0x08002cdc   0x00000064   Code   RO          456    i.led_init          led.o
    0x08002d40   0x08002d40   0x00000040   Code   RO          477    i.led_off           led.o
    0x08002d80   0x08002d80   0x00000080   Code   RO          489    i.led_tgl           led.o
    0x08002e00   0x08002e00   0x00000012   Code   RO         6011    i.lifeGuardInit     lifegrd.o
    0x08002e12   0x08002e12   0x00000012   Code   RO         6012    i.lifeGuardStop     lifegrd.o
    0x08002e24   0x08002e24   0x00000094   Code   RO         6400    i.lineToSDO         sdo.o
    0x08002eb8   0x08002eb8   0x000000b4   Code   RO          162    i.main              main.o
    0x08002f6c   0x08002f6c   0x00000026   Code   RO         6149    i.masterSendNMTnodeguard  nmtmaster.o
    0x08002f92   0x08002f92   0x0000002c   Code   RO         6150    i.masterSendNMTstateChange  nmtmaster.o
    0x08002fbe   0x08002fbe   0x00000002   PAD
    0x08002fc0   0x08002fc0   0x00000088   Code   RO         6013    i.nodeguardInit     lifegrd.o
    0x08003048   0x08003048   0x00000012   Code   RO         6014    i.nodeguardStop     lifegrd.o
    0x0800305a   0x0800305a   0x0000007a   Code   RO         6401    i.objdictToSDOline  sdo.o
    0x080030d4   0x080030d4   0x00000036   Code   RO         5932    i.proceedEMCY       emcy.o
    0x0800310a   0x0800310a   0x000000e0   Code   RO         6188    i.proceedNMTstateChange  nmtslave.o
    0x080031ea   0x080031ea   0x00000002   PAD
    0x080031ec   0x080031ec   0x00000118   Code   RO         6015    i.proceedNODE_GUARD  lifegrd.o
    0x08003304   0x08003304   0x000002e0   Code   RO         6289    i.proceedPDO        pdo.o
    0x080035e4   0x080035e4   0x0000272c   Code   RO         6402    i.proceedSDO        sdo.o
    0x08005d10   0x08005d10   0x0000002c   Code   RO         6729    i.proceedSYNC       sync.o
    0x08005d3c   0x08005d3c   0x0000001a   Code   RO         6406    i.resetSDO          sdo.o
    0x08005d56   0x08005d56   0x00000054   Code   RO         6407    i.resetSDOline      sdo.o
    0x08005daa   0x08005daa   0x00000002   PAD
    0x08005dac   0x08005dac   0x00000074   Code   RO          509    i.rs232_init        rs232.o
    0x08005e20   0x08005e20   0x0000001c   Code   RO         6227    i.scanIndexOD       objacces.o
    0x08005e3c   0x08005e3c   0x00000140   Code   RO         6290    i.sendOnePDOevent   pdo.o
    0x08005f7c   0x08005f7c   0x0000002c   Code   RO         6293    i.sendPdo           pdo.o
    0x08005fa8   0x08005fa8   0x000000a2   Code   RO         6408    i.sendSDO           sdo.o
    0x0800604a   0x0800604a   0x00000052   Code   RO         6409    i.sendSDOabort      sdo.o
    0x0800609c   0x0800609c   0x00000016   Code   RO         6730    i.sendSYNC          sync.o
    0x080060b2   0x080060b2   0x00000026   Code   RO         6731    i.sendSYNCMessage   sync.o
    0x080060d8   0x080060d8   0x00000170   Code   RO         6627    i.setNodeId         states.o
    0x08006248   0x08006248   0x0000001e   Code   RO         6410    i.setSDOlineRestBytes  sdo.o
    0x08006266   0x08006266   0x00000002   PAD
    0x08006268   0x08006268   0x000000cc   Code   RO         6628    i.setState          states.o
    0x08006334   0x08006334   0x00000014   Code   RO          163    i.setTimer          main.o
    0x08006348   0x08006348   0x0000002e   Code   RO         6189    i.slaveSendBootUp   nmtslave.o
    0x08006376   0x08006376   0x00000002   PAD
    0x08006378   0x08006378   0x00000068   Code   RO         6732    i.startSYNC         sync.o
    0x080063e0   0x080063e0   0x0000002e   Code   RO         6733    i.stopSYNC          sync.o
    0x0800640e   0x0800640e   0x0000011c   Code   RO         6629    i.switchCommunicationState  states.o
    0x0800652a   0x0800652a   0x00000004   Code   RO          583    i.system_begin      autoinit.o
    0x0800652e   0x0800652e   0x00000004   Code   RO          584    i.system_end        autoinit.o
    0x08006532   0x08006532   0x0000002a   Code   RO          164    i.usdk_hw_uart_init  main.o
    0x0800655c   0x0800655c   0x00000038   Code   RO          586    i.usdk_startup      autoinit.o
    0x08006594   0x08006594   0x00000030   Data   RO          645    .constdata          buildtime.o
    0x080065c4   0x080065c4   0x00000040   Data   RO         6630    .constdata          states.o
    0x08006604   0x08006604   0x000000ce   Data   RO         6851    .constdata          objdict.o
    0x080066d2   0x080066d2   0x00000002   PAD
    0x080066d4   0x080066d4   0x00000048   Data   RO          646    .conststring        buildtime.o
    0x0800671c   0x0800671c   0x00000009   Data   RO          408    .conststrlit        key.o
    0x08006725   0x08006725   0x00000003   PAD
    0x08006728   0x08006728   0x00000009   Data   RO          457    .conststrlit        led.o
    0x08006731   0x08006731   0x00000003   PAD
    0x08006734   0x08006734   0x0000001b   Data   RO          587    .conststrlit        autoinit.o
    0x0800674f   0x0800674f   0x00000001   PAD
    0x08006750   0x08006750   0x00000013   Data   RO          647    .conststrlit        buildtime.o
    0x08006763   0x08006763   0x00000001   PAD
    0x08006764   0x08006764   0x00000008   Data   RO          588    .usdk.init0         autoinit.o
    0x0800676c   0x0800676c   0x00000008   Data   RO          409    .usdk.init1         key.o
    0x08006774   0x08006774   0x00000008   Data   RO          458    .usdk.init1         led.o
    0x0800677c   0x0800677c   0x00000008   Data   RO          649    .usdk.init2         buildtime.o
    0x08006784   0x08006784   0x00000008   Data   RO          589    .usdk.init9         autoinit.o
    0x0800678c   0x0800678c   0x00000020   Data   RO         7201    Region$$Table       anon$$obj.o


    Execution Region RW_IRAM1 (Exec base: 0x20000000, Load base: 0x080067ac, Size: 0x000011c0, Max: 0x00020000, ABSOLUTE, COMPRESSED[0x00000324])

    Exec Addr    Load Addr    Size         Type   Attr      Idx    E Section Name        Object

    0x20000000   COMPRESSED   0x0000000a   Data   RW          165    .data               main.o
    0x2000000a   COMPRESSED   0x00000002   PAD
    0x2000000c   COMPRESSED   0x00000008   Data   RW          648    .data               buildtime.o
    0x20000014   COMPRESSED   0x00000004   Data   RW          690    .data               sleep.o
    0x20000018   COMPRESSED   0x00000010   Data   RW         3660    .data               stm32f4xx_rcc.o
    0x20000028   COMPRESSED   0x0000000c   Data   RW         6805    .data               timer.o
    0x20000034   COMPRESSED   0x00000b58   Data   RW         6852    .data               objdict.o
    0x20000b8c   COMPRESSED   0x00000004   Data   RW         7175    .data               mc_w.l(stdout.o)
    0x20000b90        -       0x000000c0   Zero   RW         6804    .bss                timer.o
    0x20000c50        -       0x00000170   Zero   RW         6850    .bss                objdict.o
    0x20000dc0        -       0x00000400   Zero   RW            1    STACK               startup_stm32f40_41xxx.o


==============================================================================

Image component sizes


      Code (inc. data)   RO Data    RW Data    ZI Data      Debug   Object Name

        76         16         43          0          0       4586   autoinit.o
       396        102        147          8          0       2928   buildtime.o
       696         62          0          0          0       2577   can.o
         0          0          0          0          0      11400   dcf.o
       134          4          0          0          0       3320   emcy.o
        84          6         17          0          0       1399   key.o
       292         14         17          0          0       2539   led.o
       966         26          0          0          0      11144   lifegrd.o
       758        188          0         10          0       9602   main.o
       140         24          0          0          0       1955   misc.o
        82          0          0          0          0       1496   nmtmaster.o
       270          0          0          0          0       1566   nmtslave.o
       758         26          0          0          0       5846   objacces.o
       468         40        206       2904        368      12475   objdict.o
      2446         16          0          0          0      11530   pdo.o
       180         14          0          0          0       3089   rs232.o
     11962        144          0          0          0      28709   sdo.o
       214         38          0          4          0      30750   sleep.o
        36          8        392          0       1024        880   startup_stm32f40_41xxx.o
      1044         26         64          0          0       7366   states.o
      1084          6          0          0          0       5096   stm32f4xx_can.o
       244          0          0          0          0       3599   stm32f4xx_gpio.o
        32          0          0          0          0       4290   stm32f4xx_it.o
       328         36          0         16          0       5295   stm32f4xx_rcc.o
       270          8          0          0          0       3840   stm32f4xx_usart.o
       290          8          0          0          0       5510   sync.o
       340         32          0          0          0     281657   system_stm32f4xx.o
       428         38          0         12        192       4182   timer.o

    ----------------------------------------------------------------------
     24042        882        928       2956       1584     468626   Object Totals
         0          0         32          0          0          0   (incl. Generated)
        24          0         10          2          0          0   (incl. Padding)

    ----------------------------------------------------------------------

      Code (inc. data)   RO Data    RW Data    ZI Data      Debug   Library Member Name

        86          0          0          0          0          0   __dczerorl2.o
         0          0          0          0          0          0   entry.o
         0          0          0          0          0          0   entry10a.o
         0          0          0          0          0          0   entry11a.o
         4          0          0          0          0          0   entry12b.o
         8          4          0          0          0          0   entry2.o
         4          0          0          0          0          0   entry5.o
         0          0          0          0          0          0   entry7b.o
         0          0          0          0          0          0   entry8b.o
         8          4          0          0          0          0   entry9a.o
        30          0          0          0          0          0   handlers.o
        36          8          0          0          0         68   init.o
        30          0          0          0          0         68   llshl.o
        32          0          0          0          0         68   llushr.o
        26          0          0          0          0         80   memcmp.o
        36          0          0          0          0         68   memcpya.o
      1142         54          0          0          0        352   printf8.o
         0          0          0          4          0          0   stdout.o
        28          0          0          0          0         76   strcmp.o
        98          0          0          0          0         92   uldiv.o

    ----------------------------------------------------------------------
      1570         70          0          4          0        872   Library Totals
         2          0          0          0          0          0   (incl. Padding)

    ----------------------------------------------------------------------

      Code (inc. data)   RO Data    RW Data    ZI Data      Debug   Library Name

      1568         70          0          4          0        872   mc_w.l

    ----------------------------------------------------------------------
      1570         70          0          4          0        872   Library Totals

    ----------------------------------------------------------------------

==============================================================================


      Code (inc. data)   RO Data    RW Data    ZI Data      Debug   

     25612        952        928       2960       1584     455866   Grand Totals
     25612        952        928        804       1584     455866   ELF Image Totals (compressed)
     25612        952        928        804          0          0   ROM Totals

==============================================================================

    Total RO  Size (Code + RO Data)                26540 (  25.92kB)
    Total RW  Size (RW Data + ZI Data)              4544 (   4.44kB)
    Total ROM Size (Code + RO Data + RW Data)      27344 (  26.70kB)

==============================================================================

