Component: ARM Compiler 5.06 update 7 (build 960) Tool: armlink [4d3601]

==============================================================================

Section Cross References

    startup_stm32f407xx.o(RESET) refers to startup_stm32f407xx.o(STACK) for __initial_sp
    startup_stm32f407xx.o(RESET) refers to startup_stm32f407xx.o(.text) for Reset_Handler
    startup_stm32f407xx.o(RESET) refers to stm32f4xx_it.o(i.NMI_Handler) for NMI_Handler
    startup_stm32f407xx.o(RESET) refers to stm32f4xx_it.o(i.HardFault_Handler) for HardFault_Handler
    startup_stm32f407xx.o(RESET) refers to stm32f4xx_it.o(i.MemManage_Handler) for MemManage_Handler
    startup_stm32f407xx.o(RESET) refers to stm32f4xx_it.o(i.BusFault_Handler) for BusFault_Handler
    startup_stm32f407xx.o(RESET) refers to stm32f4xx_it.o(i.UsageFault_Handler) for UsageFault_Handler
    startup_stm32f407xx.o(RESET) refers to stm32f4xx_it.o(i.SVC_Handler) for SVC_Handler
    startup_stm32f407xx.o(RESET) refers to stm32f4xx_it.o(i.DebugMon_Handler) for DebugMon_Handler
    startup_stm32f407xx.o(RESET) refers to stm32f4xx_it.o(i.PendSV_Handler) for PendSV_Handler
    startup_stm32f407xx.o(RESET) refers to stm32f4xx_it.o(i.SysTick_Handler) for SysTick_Handler
    startup_stm32f407xx.o(RESET) refers to stm32f4xx_it.o(i.USART1_IRQHandler) for USART1_IRQHandler
    startup_stm32f407xx.o(RESET) refers to stm32f4xx_it.o(i.OTG_FS_IRQHandler) for OTG_FS_IRQHandler
    startup_stm32f407xx.o(RESET) refers to stm32f4xx_it.o(i.DMA2_Stream5_IRQHandler) for DMA2_Stream5_IRQHandler
    startup_stm32f407xx.o(RESET) refers to stm32f4xx_it.o(i.DMA2_Stream7_IRQHandler) for DMA2_Stream7_IRQHandler
    startup_stm32f407xx.o(.text) refers to system_stm32f4xx.o(i.SystemInit) for SystemInit
    startup_stm32f407xx.o(.text) refers to entry.o(.ARM.Collect$$$$00000000) for __main
    retarget.o(i.fputc) refers to stm32f4xx_hal_uart.o(i.HAL_UART_Transmit) for HAL_UART_Transmit
    retarget.o(i.fputc) refers to main.o(.bss) for huart1
    main.o(i.EnumFiles) refers to strcpy.o(.text) for strcpy
    main.o(i.EnumFiles) refers to ff.o(i.f_opendir) for f_opendir
    main.o(i.EnumFiles) refers to ff.o(i.f_readdir) for f_readdir
    main.o(i.EnumFiles) refers to strlen.o(.text) for strlen
    main.o(i.EnumFiles) refers to printfa.o(i.__0sprintf) for __2sprintf
    main.o(i.EnumFiles) refers to ff.o(i.f_closedir) for f_closedir
    main.o(i.EnumFiles) refers to printfa.o(i.__0printf) for __2printf
    main.o(i.EnumFiles) refers to main.o(.data) for .data
    main.o(i.EnumFiles) refers to main.o(.bss) for .bss
    main.o(i.MX_GPIO_Init) refers to memseta.o(.text) for __aeabi_memclr4
    main.o(i.MX_GPIO_Init) refers to stm32f4xx_hal_gpio.o(i.HAL_GPIO_WritePin) for HAL_GPIO_WritePin
    main.o(i.MX_GPIO_Init) refers to stm32f4xx_hal_gpio.o(i.HAL_GPIO_Init) for HAL_GPIO_Init
    main.o(i.SDTst) refers to ff.o(i.f_mount) for f_mount
    main.o(i.SDTst) refers to ff.o(i.f_getfree) for f_getfree
    main.o(i.SDTst) refers to dfltui.o(.text) for __aeabi_ui2d
    main.o(i.SDTst) refers to dmul.o(.text) for __aeabi_dmul
    main.o(i.SDTst) refers to dfixui.o(.text) for __aeabi_d2uiz
    main.o(i.SDTst) refers to f2d.o(.text) for __aeabi_f2d
    main.o(i.SDTst) refers to printfa.o(i.__0printf) for __2printf
    main.o(i.SDTst) refers to ff.o(i.f_open) for f_open
    main.o(i.SDTst) refers to ff.o(i.f_puts) for f_puts
    main.o(i.SDTst) refers to ff.o(i.f_close) for f_close
    main.o(i.SDTst) refers to ff.o(i.f_gets) for f_gets
    main.o(i.SDTst) refers to main.o(i.SD_Error_Handler) for SD_Error_Handler
    main.o(i.SDTst) refers to main.o(i.EnumFiles) for EnumFiles
    main.o(i.SDTst) refers to main.o(.bss) for .bss
    main.o(i.SDTst) refers to main.o(.data) for .data
    main.o(i.SDTst) refers to stdout.o(.data) for __stdout
    main.o(i.SD_Error_Handler) refers to printfa.o(i.__0printf) for __2printf
    main.o(i.SystemClock_Config) refers to memseta.o(.text) for __aeabi_memclr4
    main.o(i.SystemClock_Config) refers to stm32f4xx_hal_rcc.o(i.HAL_RCC_OscConfig) for HAL_RCC_OscConfig
    main.o(i.SystemClock_Config) refers to stm32f4xx_hal_rcc.o(i.HAL_RCC_ClockConfig) for HAL_RCC_ClockConfig
    main.o(i.lua_run) refers to lauxlib.o(i.luaL_newstate) for luaL_newstate
    main.o(i.lua_run) refers to lbaselib.o(i.luaopen_base) for luaopen_base
    main.o(i.lua_run) refers to lauxlib.o(i.luaL_setfuncs) for luaL_setfuncs
    main.o(i.lua_run) refers to lauxlib.o(i.luaL_loadstring) for luaL_loadstring
    main.o(i.lua_run) refers to printfa.o(i.__0printf) for __2printf
    main.o(i.lua_run) refers to lapi.o(i.lua_pcallk) for lua_pcallk
    main.o(i.lua_run) refers to lstate.o(i.lua_close) for lua_close
    main.o(i.lua_run) refers to api.o(.data) for luaLib
    main.o(i.lua_run) refers to main.o(.constdata) for .constdata
    main.o(i.main) refers to stm32f4xx_hal.o(i.HAL_Init) for HAL_Init
    main.o(i.main) refers to main.o(i.SystemClock_Config) for SystemClock_Config
[...]
    EXTI2_IRQHandler                         0x080001bb   Thumb Code     0  startup_stm32f407xx.o(.text)
    EXTI3_IRQHandler                         0x080001bb   Thumb Code     0  startup_stm32f407xx.o(.text)
    EXTI4_IRQHandler                         0x080001bb   Thumb Code     0  startup_stm32f407xx.o(.text)
    EXTI9_5_IRQHandler                       0x080001bb   Thumb Code     0  startup_stm32f407xx.o(.text)
    FLASH_IRQHandler                         0x080001bb   Thumb Code     0  startup_stm32f407xx.o(.text)
    FMC_IRQHandler                           0x080001bb   Thumb Code     0  startup_stm32f407xx.o(.text)
    FPU_IRQHandler                           0x080001bb   Thumb Code     0  startup_stm32f407xx.o(.text)
    HASH_RNG_IRQHandler                      0x080001bb   Thumb Code     0  startup_stm32f407xx.o(.text)
    I2C1_ER_IRQHandler                       0x080001bb   Thumb Code     0  startup_stm32f407xx.o(.text)
    I2C1_EV_IRQHandler                       0x080001bb   Thumb Code     0  startup_stm32f407xx.o(.text)
    I2C2_ER_IRQHandler                       0x080001bb   Thumb Code     0  startup_stm32f407xx.o(.text)
    I2C2_EV_IRQHandler                       0x080001bb   Thumb Code     0  startup_stm32f407xx.o(.text)
    I2C3_ER_IRQHandler                       0x080001bb   Thumb Code     0  startup_stm32f407xx.o(.text)
    I2C3_EV_IRQHandler                       0x080001bb   Thumb Code     0  startup_stm32f407xx.o(.text)
    OTG_FS_WKUP_IRQHandler                   0x080001bb   Thumb Code     0  startup_stm32f407xx.o(.text)
    OTG_HS_EP1_IN_IRQHandler                 0x080001bb   Thumb Code     0  startup_stm32f407xx.o(.text)
    OTG_HS_EP1_OUT_IRQHandler                0x080001bb   Thumb Code     0  startup_stm32f407xx.o(.text)
    OTG_HS_IRQHandler                        0x080001bb   Thumb Code     0  startup_stm32f407xx.o(.text)
    OTG_HS_WKUP_IRQHandler                   0x080001bb   Thumb Code     0  startup_stm32f407xx.o(.text)
    PVD_IRQHandler                           0x080001bb   Thumb Code     0  startup_stm32f407xx.o(.text)
    RCC_IRQHandler                           0x080001bb   Thumb Code     0  startup_stm32f407xx.o(.text)
    RTC_Alarm_IRQHandler                     0x080001bb   Thumb Code     0  startup_stm32f407xx.o(.text)
    RTC_WKUP_IRQHandler                      0x080001bb   Thumb Code     0  startup_stm32f407xx.o(.text)
    SDIO_IRQHandler                          0x080001bb   Thumb Code     0  startup_stm32f407xx.o(.text)
    SPI1_IRQHandler                          0x080001bb   Thumb Code     0  startup_stm32f407xx.o(.text)
    SPI2_IRQHandler                          0x080001bb   Thumb Code     0  startup_stm32f407xx.o(.text)
    SPI3_IRQHandler                          0x080001bb   Thumb Code     0  startup_stm32f407xx.o(.text)
    TAMP_STAMP_IRQHandler                    0x080001bb   Thumb Code     0  startup_stm32f407xx.o(.text)
    TIM1_BRK_TIM9_IRQHandler                 0x080001bb   Thumb Code     0  startup_stm32f407xx.o(.text)
    TIM1_CC_IRQHandler                       0x080001bb   Thumb Code     0  startup_stm32f407xx.o(.text)
    TIM1_TRG_COM_TIM11_IRQHandler            0x080001bb   Thumb Code     0  startup_stm32f407xx.o(.text)
    TIM1_UP_TIM10_IRQHandler                 0x080001bb   Thumb Code     0  startup_stm32f407xx.o(.text)
    TIM2_IRQHandler                          0x080001bb   Thumb Code     0  startup_stm32f407xx.o(.text)
    TIM3_IRQHandler                          0x080001bb   Thumb Code     0  startup_stm32f407xx.o(.text)
    TIM4_IRQHandler                          0x080001bb   Thumb Code     0  startup_stm32f407xx.o(.text)
    TIM5_IRQHandler                          0x080001bb   Thumb Code     0  startup_stm32f407xx.o(.text)
    TIM6_DAC_IRQHandler                      0x080001bb   Thumb Code     0  startup_stm32f407xx.o(.text)
    TIM7_IRQHandler                          0x080001bb   Thumb Code     0  startup_stm32f407xx.o(.text)
    TIM8_BRK_TIM12_IRQHandler                0x080001bb   Thumb Code     0  startup_stm32f407xx.o(.text)
    TIM8_CC_IRQHandler                       0x080001bb   Thumb Code     0  startup_stm32f407xx.o(.text)
    TIM8_TRG_COM_TIM14_IRQHandler            0x080001bb   Thumb Code     0  startup_stm32f407xx.o(.text)
    TIM8_UP_TIM13_IRQHandler                 0x080001bb   Thumb Code     0  startup_stm32f407xx.o(.text)
    UART4_IRQHandler                         0x080001bb   Thumb Code     0  startup_stm32f407xx.o(.text)
    UART5_IRQHandler                         0x080001bb   Thumb Code     0  startup_stm32f407xx.o(.text)
    USART2_IRQHandler                        0x080001bb   Thumb Code     0  startup_stm32f407xx.o(.text)
    USART3_IRQHandler                        0x080001bb   Thumb Code     0  startup_stm32f407xx.o(.text)
    USART6_IRQHandler                        0x080001bb   Thumb Code     0  startup_stm32f407xx.o(.text)
    WWDG_IRQHandler                          0x080001bb   Thumb Code     0  startup_stm32f407xx.o(.text)
    __aeabi_uldivmod                         0x080001c5   Thumb Code    98  uldiv.o(.text)
    __aeabi_llsl                             0x08000227   Thumb Code    30  llshl.o(.text)
    _ll_shift_l                              0x08000227   Thumb Code     0  llshl.o(.text)
    __aeabi_llsr                             0x08000245   Thumb Code    32  llushr.o(.text)
    _ll_ushift_r                             0x08000245   Thumb Code     0  llushr.o(.text)
    __aeabi_memcpy                           0x08000265   Thumb Code    36  memcpya.o(.text)
    __aeabi_memcpy4                          0x08000265   Thumb Code     0  memcpya.o(.text)
    __aeabi_memcpy8                          0x08000265   Thumb Code     0  memcpya.o(.text)
    __aeabi_memset                           0x08000289   Thumb Code    14  memseta.o(.text)
    __aeabi_memset4                          0x08000289   Thumb Code     0  memseta.o(.text)
    __aeabi_memset8                          0x08000289   Thumb Code     0  memseta.o(.text)
    __aeabi_memclr                           0x08000297   Thumb Code     4  memseta.o(.text)
    __aeabi_memclr4                          0x08000297   Thumb Code     0  memseta.o(.text)
    __aeabi_memclr8                          0x08000297   Thumb Code     0  memseta.o(.text)
    _memset$wrapper                          0x0800029b   Thumb Code    18  memseta.o(.text)
    strlen                                   0x080002ad   Thumb Code    14  strlen.o(.text)
    strcpy                                   0x080002bb   Thumb Code    18  strcpy.o(.text)
    __aeabi_dmul                             0x080002cd   Thumb Code   228  dmul.o(.text)
    __aeabi_ui2d                             0x080003b1   Thumb Code    26  dfltui.o(.text)
    __aeabi_d2uiz                            0x080003cb   Thumb Code    50  dfixui.o(.text)
    __aeabi_f2d                              0x080003fd   Thumb Code    38  f2d.o(.text)
    __aeabi_uidiv                            0x08000423   Thumb Code     0  uidiv.o(.text)
    __aeabi_uidivmod                         0x08000423   Thumb Code    44  uidiv.o(.text)
    __I$use$fp                               0x0800044f   Thumb Code     0  iusefp.o(.text)
    _double_round                            0x0800044f   Thumb Code    30  depilogue.o(.text)
    _double_epilogue                         0x0800046d   Thumb Code   156  depilogue.o(.text)
    __aeabi_dadd                             0x08000509   Thumb Code   322  dadd.o(.text)
    __aeabi_dsub                             0x0800064b   Thumb Code     6  dadd.o(.text)
    __aeabi_drsub                            0x08000651   Thumb Code     6  dadd.o(.text)
    __aeabi_ddiv                             0x08000657   Thumb Code   222  ddiv.o(.text)
    __aeabi_d2ulz                            0x08000735   Thumb Code    48  dfixul.o(.text)
    __aeabi_cdrcmple                         0x08000765   Thumb Code    48  cdrcmple.o(.text)
    __scatterload                            0x08000795   Thumb Code    28  init.o(.text)
    __scatterload_rt2                        0x08000795   Thumb Code     0  init.o(.text)
    __aeabi_lasr                             0x080007b9   Thumb Code    36  llsshr.o(.text)
    _ll_sshift_r                             0x080007b9   Thumb Code     0  llsshr.o(.text)
    __decompress                             0x080007dd   Thumb Code     0  __dczerorl2.o(.text)
    __decompress1                            0x080007dd   Thumb Code    86  __dczerorl2.o(.text)
    BSP_SD_GetCardInfo                       0x08000835   Thumb Code     8  bsp_driver_sd.o(i.BSP_SD_GetCardInfo)
    BSP_SD_GetCardState                      0x08000841   Thumb Code    20  bsp_driver_sd.o(i.BSP_SD_GetCardState)
    BSP_SD_Init                              0x08000859   Thumb Code    42  bsp_driver_sd.o(i.BSP_SD_Init)
    BSP_SD_IsDetected                        0x08000889   Thumb Code    14  bsp_driver_sd.o(i.BSP_SD_IsDetected)
    BSP_SD_ReadBlocks                        0x08000899   Thumb Code    26  bsp_driver_sd.o(i.BSP_SD_ReadBlocks)
    BSP_SD_WriteBlocks                       0x080008b9   Thumb Code    26  bsp_driver_sd.o(i.BSP_SD_WriteBlocks)
    BusFault_Handler                         0x080008d9   Thumb Code     2  stm32f4xx_it.o(i.BusFault_Handler)
    DMA2_Stream5_IRQHandler                  0x080008dd   Thumb Code     6  stm32f4xx_it.o(i.DMA2_Stream5_IRQHandler)
    DMA2_Stream7_IRQHandler                  0x080008e9   Thumb Code     6  stm32f4xx_it.o(i.DMA2_Stream7_IRQHandler)
    DebugMon_Handler                         0x08000971   Thumb Code     2  stm32f4xx_it.o(i.DebugMon_Handler)
    EnumFiles                                0x08000975   Thumb Code   156  main.o(i.EnumFiles)
    Error_Handler                            0x08000a2d   Thumb Code     4  main.o(i.Error_Handler)
    FATFS_LinkDriver                         0x08000a31   Thumb Code     6  ff_gen_drv.o(i.FATFS_LinkDriver)
    FATFS_LinkDriverEx                       0x08000a39   Thumb Code    64  ff_gen_drv.o(i.FATFS_LinkDriverEx)
    HAL_DMA_Abort                            0x08000a7d   Thumb Code   146  stm32f4xx_hal_dma.o(i.HAL_DMA_Abort)
    HAL_DMA_Abort_IT                         0x08000b0f   Thumb Code    36  stm32f4xx_hal_dma.o(i.HAL_DMA_Abort_IT)
    HAL_DMA_IRQHandler                       0x08000b35   Thumb Code   412  stm32f4xx_hal_dma.o(i.HAL_DMA_IRQHandler)
    HAL_DMA_Init                             0x08000cd5   Thumb Code   206  stm32f4xx_hal_dma.o(i.HAL_DMA_Init)
    HAL_Delay                                0x08000da9   Thumb Code    32  stm32f4xx_hal.o(i.HAL_Delay)
    HAL_GPIO_Init                            0x08000dcd   Thumb Code   418  stm32f4xx_hal_gpio.o(i.HAL_GPIO_Init)
    HAL_GPIO_WritePin                        0x08000f9d   Thumb Code    10  stm32f4xx_hal_gpio.o(i.HAL_GPIO_WritePin)
    HAL_GetTick                              0x08000fa9   Thumb Code     6  stm32f4xx_hal.o(i.HAL_GetTick)
    HAL_IncTick                              0x08000fb5   Thumb Code    12  stm32f4xx_hal.o(i.HAL_IncTick)
    HAL_Init                                 0x08000fc5   Thumb Code    48  stm32f4xx_hal.o(i.HAL_Init)
    HAL_InitTick                             0x08000ff9   Thumb Code    54  stm32f4xx_hal.o(i.HAL_InitTick)
    HAL_MspInit                              0x08001039   Thumb Code    42  stm32f4xx_hal_msp.o(i.HAL_MspInit)
    HAL_NVIC_EnableIRQ                       0x08001069   Thumb Code    26  stm32f4xx_hal_cortex.o(i.HAL_NVIC_EnableIRQ)
    HAL_NVIC_SetPriority                     0x08001085   Thumb Code    60  stm32f4xx_hal_cortex.o(i.HAL_NVIC_SetPriority)
    HAL_NVIC_SetPriorityGrouping             0x080010c5   Thumb Code    26  stm32f4xx_hal_cortex.o(i.HAL_NVIC_SetPriorityGrouping)
    HAL_PCDEx_LPM_Callback                   0x080010e9   Thumb Code     2  stm32f4xx_hal_pcd_ex.o(i.HAL_PCDEx_LPM_Callback)
    HAL_PCDEx_SetRxFiFo                      0x080010eb   Thumb Code     8  stm32f4xx_hal_pcd_ex.o(i.HAL_PCDEx_SetRxFiFo)
    HAL_PCDEx_SetTxFiFo                      0x080010f3   Thumb Code    68  stm32f4xx_hal_pcd_ex.o(i.HAL_PCDEx_SetTxFiFo)
    HAL_PCD_ConnectCallback                  0x08001137   Thumb Code     8  usbd_conf.o(i.HAL_PCD_ConnectCallback)
    HAL_PCD_DataInStageCallback              0x0800113f   Thumb Code    18  usbd_conf.o(i.HAL_PCD_DataInStageCallback)
    HAL_PCD_DataOutStageCallback             0x08001151   Thumb Code    20  usbd_conf.o(i.HAL_PCD_DataOutStageCallback)
    HAL_PCD_DisconnectCallback               0x08001165   Thumb Code     8  usbd_conf.o(i.HAL_PCD_DisconnectCallback)
    HAL_PCD_EP_Abort                         0x0800116d   Thumb Code    30  stm32f4xx_hal_pcd.o(i.HAL_PCD_EP_Abort)
    HAL_PCD_EP_Close                         0x0800118b   Thumb Code    76  stm32f4xx_hal_pcd.o(i.HAL_PCD_EP_Close)
    HAL_PCD_EP_ClrStall                      0x080011d7   Thumb Code    92  stm32f4xx_hal_pcd.o(i.HAL_PCD_EP_ClrStall)
    HAL_PCD_EP_Flush                         0x08001233   Thumb Code    52  stm32f4xx_hal_pcd.o(i.HAL_PCD_EP_Flush)
    HAL_PCD_EP_GetRxCount                    0x08001267   Thumb Code    18  stm32f4xx_hal_pcd.o(i.HAL_PCD_EP_GetRxCount)
    HAL_PCD_EP_Open                          0x08001279   Thumb Code    96  stm32f4xx_hal_pcd.o(i.HAL_PCD_EP_Open)
    HAL_PCD_EP_Receive                       0x080012d9   Thumb Code    72  stm32f4xx_hal_pcd.o(i.HAL_PCD_EP_Receive)
    HAL_PCD_EP_SetStall                      0x08001321   Thumb Code   116  stm32f4xx_hal_pcd.o(i.HAL_PCD_EP_SetStall)
    HAL_PCD_EP_Transmit                      0x08001395   Thumb Code    64  stm32f4xx_hal_pcd.o(i.HAL_PCD_EP_Transmit)
    HAL_PCD_IRQHandler                       0x080013d5   Thumb Code  1356  stm32f4xx_hal_pcd.o(i.HAL_PCD_IRQHandler)
    HAL_PCD_ISOINIncompleteCallback          0x08001925   Thumb Code     8  usbd_conf.o(i.HAL_PCD_ISOINIncompleteCallback)
    HAL_PCD_ISOOUTIncompleteCallback         0x0800192d   Thumb Code     8  usbd_conf.o(i.HAL_PCD_ISOOUTIncompleteCallback)
    HAL_PCD_Init                             0x08001935   Thumb Code   226  stm32f4xx_hal_pcd.o(i.HAL_PCD_Init)
    HAL_PCD_MspInit                          0x08001a19   Thumb Code   122  usbd_conf.o(i.HAL_PCD_MspInit)
    HAL_PCD_ResetCallback                    0x08001a9d   Thumb Code    44  usbd_conf.o(i.HAL_PCD_ResetCallback)
    HAL_PCD_ResumeCallback                   0x08001ac9   Thumb Code     8  usbd_conf.o(i.HAL_PCD_ResumeCallback)
    HAL_PCD_SOFCallback                      0x08001ad1   Thumb Code     8  usbd_conf.o(i.HAL_PCD_SOFCallback)
    HAL_PCD_SetAddress                       0x08001ad9   Thumb Code    40  stm32f4xx_hal_pcd.o(i.HAL_PCD_SetAddress)
    HAL_PCD_SetupStageCallback               0x08001b01   Thumb Code    14  usbd_conf.o(i.HAL_PCD_SetupStageCallback)
    HAL_PCD_Start                            0x08001b0f   Thumb Code    66  stm32f4xx_hal_pcd.o(i.HAL_PCD_Start)
    HAL_PCD_SuspendCallback                  0x08001b51   Thumb Code    44  usbd_conf.o(i.HAL_PCD_SuspendCallback)
    HAL_RCC_ClockConfig                      0x08001b81   Thumb Code   288  stm32f4xx_hal_rcc.o(i.HAL_RCC_ClockConfig)
    HAL_RCC_GetHCLKFreq                      0x08001cb5   Thumb Code     6  stm32f4xx_hal_rcc.o(i.HAL_RCC_GetHCLKFreq)
    HAL_RCC_GetPCLK1Freq                     0x08001cc1   Thumb Code    20  stm32f4xx_hal_rcc.o(i.HAL_RCC_GetPCLK1Freq)
    HAL_RCC_GetPCLK2Freq                     0x08001ce1   Thumb Code    20  stm32f4xx_hal_rcc.o(i.HAL_RCC_GetPCLK2Freq)
    HAL_RCC_GetSysClockFreq                  0x08001d01   Thumb Code    88  stm32f4xx_hal_rcc.o(i.HAL_RCC_GetSysClockFreq)
    HAL_RCC_OscConfig                        0x08001d65   Thumb Code   836  stm32f4xx_hal_rcc.o(i.HAL_RCC_OscConfig)
    HAL_SD_ConfigWideBusOperation            0x080020bd   Thumb Code   276  stm32f4xx_hal_sd.o(i.HAL_SD_ConfigWideBusOperation)
    HAL_SD_GetCardCSD                        0x080021d5   Thumb Code   402  stm32f4xx_hal_sd.o(i.HAL_SD_GetCardCSD)
    HAL_SD_GetCardInfo                       0x0800236d   Thumb Code    36  stm32f4xx_hal_sd.o(i.HAL_SD_GetCardInfo)
    HAL_SD_GetCardState                      0x08002391   Thumb Code    50  stm32f4xx_hal_sd.o(i.HAL_SD_GetCardState)
    HAL_SD_Init                              0x080023c3   Thumb Code    54  stm32f4xx_hal_sd.o(i.HAL_SD_Init)
    HAL_SD_InitCard                          0x080023f9   Thumb Code   114  stm32f4xx_hal_sd.o(i.HAL_SD_InitCard)
    HAL_SD_MspInit                           0x08002475   Thumb Code   122  stm32f4xx_hal_msp.o(i.HAL_SD_MspInit)
    HAL_SD_ReadBlocks                        0x08002501   Thumb Code   470  stm32f4xx_hal_sd.o(i.HAL_SD_ReadBlocks)
    HAL_SD_WriteBlocks                       0x080026dd   Thumb Code   420  stm32f4xx_hal_sd.o(i.HAL_SD_WriteBlocks)
    HAL_SYSTICK_Config                       0x08002885   Thumb Code    40  stm32f4xx_hal_cortex.o(i.HAL_SYSTICK_Config)
    HAL_UARTEx_RxEventCallback               0x080028ad   Thumb Code     2  stm32f4xx_hal_uart.o(i.HAL_UARTEx_RxEventCallback)
    HAL_UART_ErrorCallback                   0x080028af   Thumb Code     2  stm32f4xx_hal_uart.o(i.HAL_UART_ErrorCallback)
    HAL_UART_IRQHandler                      0x080028b1   Thumb Code   610  stm32f4xx_hal_uart.o(i.HAL_UART_IRQHandler)
    HAL_UART_Init                            0x08002b19   Thumb Code    98  stm32f4xx_hal_uart.o(i.HAL_UART_Init)
    HAL_UART_MspInit                         0x08002b7d   Thumb Code   208  stm32f4xx_hal_msp.o(i.HAL_UART_MspInit)
    HAL_UART_RxCpltCallback                  0x08002c65   Thumb Code     2  stm32f4xx_hal_uart.o(i.HAL_UART_RxCpltCallback)
    HAL_UART_Transmit                        0x08002c67   Thumb Code   176  stm32f4xx_hal_uart.o(i.HAL_UART_Transmit)
    HAL_UART_TxCpltCallback                  0x08002d17   Thumb Code     2  stm32f4xx_hal_uart.o(i.HAL_UART_TxCpltCallback)
    HardFault_Handler                        0x08002d19   Thumb Code     2  stm32f4xx_it.o(i.HardFault_Handler)
    MSC_BOT_CplClrFeature                    0x08002ea1   Thumb Code    72  usbd_msc_bot.o(i.MSC_BOT_CplClrFeature)
    MSC_BOT_DataIn                           0x08002ef1   Thumb Code    70  usbd_msc_bot.o(i.MSC_BOT_DataIn)
    MSC_BOT_DataOut                          0x08002f37   Thumb Code    70  usbd_msc_bot.o(i.MSC_BOT_DataOut)
    MSC_BOT_DeInit                           0x08002f7d   Thumb Code    22  usbd_msc_bot.o(i.MSC_BOT_DeInit)
    MSC_BOT_Init                             0x08002f95   Thumb Code    96  usbd_msc_bot.o(i.MSC_BOT_Init)
    MSC_BOT_Reset                            0x08002ffd   Thumb Code    68  usbd_msc_bot.o(i.MSC_BOT_Reset)
    MSC_BOT_SendCSW                          0x08003049   Thumb Code    72  usbd_msc_bot.o(i.MSC_BOT_SendCSW)
    MX_FATFS_Init                            0x0800309d   Thumb Code    16  fatfs.o(i.MX_FATFS_Init)
    MX_USB_DEVICE_Init                       0x08003175   Thumb Code    66  usb_device.o(i.MX_USB_DEVICE_Init)
    MemManage_Handler                        0x080031c9   Thumb Code     2  stm32f4xx_it.o(i.MemManage_Handler)
    NMI_Handler                              0x080031cb   Thumb Code     2  stm32f4xx_it.o(i.NMI_Handler)
    OTG_FS_IRQHandler                        0x080031cd   Thumb Code     6  stm32f4xx_it.o(i.OTG_FS_IRQHandler)
    PendSV_Handler                           0x0800333d   Thumb Code     2  stm32f4xx_it.o(i.PendSV_Handler)
    SCSI_ProcessCmd                          0x080033e9   Thumb Code   338  usbd_msc_scsi.o(i.SCSI_ProcessCmd)
    SCSI_SenseCode                           0x08003a35   Thumb Code    76  usbd_msc_scsi.o(i.SCSI_SenseCode)
    SDIO_ConfigData                          0x08003cd5   Thumb Code    36  stm32f4xx_ll_sdmmc.o(i.SDIO_ConfigData)
    SDIO_GetPowerState                       0x08003cf9   Thumb Code     8  stm32f4xx_ll_sdmmc.o(i.SDIO_GetPowerState)
    SDIO_GetResponse                         0x08003d01   Thumb Code     6  stm32f4xx_ll_sdmmc.o(i.SDIO_GetResponse)
    SDIO_Init                                0x08003d07   Thumb Code    36  stm32f4xx_ll_sdmmc.o(i.SDIO_Init)
    SDIO_PowerState_ON                       0x08003d2b   Thumb Code     8  stm32f4xx_ll_sdmmc.o(i.SDIO_PowerState_ON)
    SDIO_ReadFIFO                            0x08003d33   Thumb Code     6  stm32f4xx_ll_sdmmc.o(i.SDIO_ReadFIFO)
    SDIO_SendCommand                         0x08003d39   Thumb Code    32  stm32f4xx_ll_sdmmc.o(i.SDIO_SendCommand)
    SDIO_WriteFIFO                           0x08003d59   Thumb Code    10  stm32f4xx_ll_sdmmc.o(i.SDIO_WriteFIFO)
    SDMMC_CmdAppCommand                      0x08003d63   Thumb Code    48  stm32f4xx_ll_sdmmc.o(i.SDMMC_CmdAppCommand)
    SDMMC_CmdAppOperCommand                  0x08003d95   Thumb Code    46  stm32f4xx_ll_sdmmc.o(i.SDMMC_CmdAppOperCommand)
    SDMMC_CmdBlockLength                     0x08003dc9   Thumb Code    48  stm32f4xx_ll_sdmmc.o(i.SDMMC_CmdBlockLength)
    SDMMC_CmdBusWidth                        0x08003df9   Thumb Code    48  stm32f4xx_ll_sdmmc.o(i.SDMMC_CmdBusWidth)
    SDMMC_CmdGoIdleState                     0x08003e29   Thumb Code    74  stm32f4xx_ll_sdmmc.o(i.SDMMC_CmdGoIdleState)
    SDMMC_CmdOperCond                        0x08003e79   Thumb Code    46  stm32f4xx_ll_sdmmc.o(i.SDMMC_CmdOperCond)
    SDMMC_CmdReadMultiBlock                  0x08003ea7   Thumb Code    48  stm32f4xx_ll_sdmmc.o(i.SDMMC_CmdReadMultiBlock)
    SDMMC_CmdReadSingleBlock                 0x08003ed7   Thumb Code    48  stm32f4xx_ll_sdmmc.o(i.SDMMC_CmdReadSingleBlock)
    SDMMC_CmdSelDesel                        0x08003f07   Thumb Code    50  stm32f4xx_ll_sdmmc.o(i.SDMMC_CmdSelDesel)
    SDMMC_CmdSendCID                         0x08003f39   Thumb Code    42  stm32f4xx_ll_sdmmc.o(i.SDMMC_CmdSendCID)
    SDMMC_CmdSendCSD                         0x08003f63   Thumb Code    44  stm32f4xx_ll_sdmmc.o(i.SDMMC_CmdSendCSD)
    SDMMC_CmdSendSCR                         0x08003f8f   Thumb Code    48  stm32f4xx_ll_sdmmc.o(i.SDMMC_CmdSendSCR)
    SDMMC_CmdSendStatus                      0x08003fbf   Thumb Code    48  stm32f4xx_ll_sdmmc.o(i.SDMMC_CmdSendStatus)
    SDMMC_CmdSetRelAdd                       0x08003fef   Thumb Code    48  stm32f4xx_ll_sdmmc.o(i.SDMMC_CmdSetRelAdd)
    SDMMC_CmdStopTransfer                    0x08004021   Thumb Code    46  stm32f4xx_ll_sdmmc.o(i.SDMMC_CmdStopTransfer)
    SDMMC_CmdWriteMultiBlock                 0x08004055   Thumb Code    48  stm32f4xx_ll_sdmmc.o(i.SDMMC_CmdWriteMultiBlock)
    SDMMC_CmdWriteSingleBlock                0x08004085   Thumb Code    48  stm32f4xx_ll_sdmmc.o(i.SDMMC_CmdWriteSingleBlock)
    SDMMC_GetCmdResp1                        0x080040b5   Thumb Code   278  stm32f4xx_ll_sdmmc.o(i.SDMMC_GetCmdResp1)
    SDMMC_GetCmdResp2                        0x080041d5   Thumb Code    76  stm32f4xx_ll_sdmmc.o(i.SDMMC_GetCmdResp2)
    SDMMC_GetCmdResp3                        0x08004225   Thumb Code    62  stm32f4xx_ll_sdmmc.o(i.SDMMC_GetCmdResp3)
    SDMMC_GetCmdResp6                        0x08004269   Thumb Code   130  stm32f4xx_ll_sdmmc.o(i.SDMMC_GetCmdResp6)
    SDMMC_GetCmdResp7                        0x080042f1   Thumb Code    82  stm32f4xx_ll_sdmmc.o(i.SDMMC_GetCmdResp7)
    SDTst                                    0x08004349   Thumb Code   344  main.o(i.SDTst)
    SD_Error_Handler                         0x08004581   Thumb Code    12  main.o(i.SD_Error_Handler)
    SD_initialize                            0x08004809   Thumb Code    28  sd_diskio.o(i.SD_initialize)
    SD_ioctl                                 0x08004829   Thumb Code    98  sd_diskio.o(i.SD_ioctl)
    SD_read                                  0x08004891   Thumb Code    32  sd_diskio.o(i.SD_read)
    SD_status                                0x080048b1   Thumb Code     4  sd_diskio.o(i.SD_status)
    SD_write                                 0x080048b5   Thumb Code    32  sd_diskio.o(i.SD_write)
    SVC_Handler                              0x080048fb   Thumb Code     2  stm32f4xx_it.o(i.SVC_Handler)
    SysTick_Handler                          0x08004907   Thumb Code     4  stm32f4xx_it.o(i.SysTick_Handler)
    SystemClock_Config                       0x0800490d   Thumb Code   142  main.o(i.SystemClock_Config)
    SystemInit                               0x080049a5   Thumb Code    12  system_stm32f4xx.o(i.SystemInit)
    USART1_IRQHandler                        0x08004c59   Thumb Code     6  stm32f4xx_it.o(i.USART1_IRQHandler)
    USBD_ClrClassConfig                      0x08004c65   Thumb Code    20  usbd_core.o(i.USBD_ClrClassConfig)
    USBD_CoreFindEP                          0x08004c79   Thumb Code     4  usbd_core.o(i.USBD_CoreFindEP)
    USBD_CoreFindIF                          0x08004c7d   Thumb Code     4  usbd_core.o(i.USBD_CoreFindIF)
    USBD_CtlContinueRx                       0x08004c81   Thumb Code    16  usbd_ioreq.o(i.USBD_CtlContinueRx)
    USBD_CtlContinueSendData                 0x08004c91   Thumb Code    16  usbd_ioreq.o(i.USBD_CtlContinueSendData)
    USBD_CtlError                            0x08004ca1   Thumb Code    22  usbd_ctlreq.o(i.USBD_CtlError)
    USBD_CtlReceiveStatus                    0x08004cb7   Thumb Code    22  usbd_ioreq.o(i.USBD_CtlReceiveStatus)
    USBD_CtlSendData                         0x08004ccd   Thumb Code    26  usbd_ioreq.o(i.USBD_CtlSendData)
    USBD_CtlSendStatus                       0x08004ce7   Thumb Code    22  usbd_ioreq.o(i.USBD_CtlSendStatus)
    USBD_FS_ConfigStrDescriptor              0x08004cfd   Thumb Code    16  usbd_desc.o(i.USBD_FS_ConfigStrDescriptor)
    USBD_FS_DeviceDescriptor                 0x08004d1d   Thumb Code     8  usbd_desc.o(i.USBD_FS_DeviceDescriptor)
    USBD_FS_InterfaceStrDescriptor           0x08004d29   Thumb Code    16  usbd_desc.o(i.USBD_FS_InterfaceStrDescriptor)
    USBD_FS_LangIDStrDescriptor              0x08004d4d   Thumb Code     8  usbd_desc.o(i.USBD_FS_LangIDStrDescriptor)
    USBD_FS_ManufacturerStrDescriptor        0x08004d59   Thumb Code    16  usbd_desc.o(i.USBD_FS_ManufacturerStrDescriptor)
    USBD_FS_ProductStrDescriptor             0x08004d81   Thumb Code    16  usbd_desc.o(i.USBD_FS_ProductStrDescriptor)
    USBD_FS_SerialStrDescriptor              0x08004da9   Thumb Code    48  usbd_desc.o(i.USBD_FS_SerialStrDescriptor)
    USBD_GetEpDesc                           0x08004ec7   Thumb Code    58  usbd_core.o(i.USBD_GetEpDesc)
    USBD_GetNextDesc                         0x08004f01   Thumb Code    14  usbd_core.o(i.USBD_GetNextDesc)
    USBD_GetString                           0x08004f0f   Thumb Code    72  usbd_ctlreq.o(i.USBD_GetString)
    USBD_Get_USB_Status                      0x08004f57   Thumb Code    24  usbd_conf.o(i.USBD_Get_USB_Status)
    USBD_Init                                0x08004f6f   Thumb Code    38  usbd_core.o(i.USBD_Init)
    USBD_LL_ClearStallEP                     0x08004f95   Thumb Code    18  usbd_conf.o(i.USBD_LL_ClearStallEP)
    USBD_LL_CloseEP                          0x08004fa7   Thumb Code    18  usbd_conf.o(i.USBD_LL_CloseEP)
    USBD_LL_DataInStage                      0x08004fb9   Thumb Code   178  usbd_core.o(i.USBD_LL_DataInStage)
    USBD_LL_DataOutStage                     0x0800506b   Thumb Code   150  usbd_core.o(i.USBD_LL_DataOutStage)
    USBD_LL_DevConnected                     0x08005101   Thumb Code     4  usbd_core.o(i.USBD_LL_DevConnected)
    USBD_LL_DevDisconnected                  0x08005105   Thumb Code    30  usbd_core.o(i.USBD_LL_DevDisconnected)
    USBD_LL_FlushEP                          0x08005123   Thumb Code    18  usbd_conf.o(i.USBD_LL_FlushEP)
    USBD_LL_GetRxDataSize                    0x08005135   Thumb Code     8  usbd_conf.o(i.USBD_LL_GetRxDataSize)
    USBD_LL_Init                             0x0800513d   Thumb Code    90  usbd_conf.o(i.USBD_LL_Init)
    USBD_LL_IsStallEP                        0x0800519d   Thumb Code    32  usbd_conf.o(i.USBD_LL_IsStallEP)
    USBD_LL_IsoINIncomplete                  0x080051bd   Thumb Code    40  usbd_core.o(i.USBD_LL_IsoINIncomplete)
    USBD_LL_IsoOUTIncomplete                 0x080051e5   Thumb Code    40  usbd_core.o(i.USBD_LL_IsoOUTIncomplete)
    USBD_LL_OpenEP                           0x0800520d   Thumb Code    24  usbd_conf.o(i.USBD_LL_OpenEP)
    USBD_LL_PrepareReceive                   0x08005225   Thumb Code    18  usbd_conf.o(i.USBD_LL_PrepareReceive)
    USBD_LL_Reset                            0x08005237   Thumb Code    92  usbd_core.o(i.USBD_LL_Reset)
    USBD_LL_Resume                           0x08005293   Thumb Code    20  usbd_core.o(i.USBD_LL_Resume)
    USBD_LL_SOF                              0x080052a7   Thumb Code    26  usbd_core.o(i.USBD_LL_SOF)
    USBD_LL_SetSpeed                         0x080052c1   Thumb Code     6  usbd_core.o(i.USBD_LL_SetSpeed)
    USBD_LL_SetUSBAddress                    0x080052c7   Thumb Code    18  usbd_conf.o(i.USBD_LL_SetUSBAddress)
    USBD_LL_SetupStage                       0x080052d9   Thumb Code    96  usbd_core.o(i.USBD_LL_SetupStage)
    USBD_LL_StallEP                          0x08005339   Thumb Code    18  usbd_conf.o(i.USBD_LL_StallEP)
    USBD_LL_Start                            0x0800534b   Thumb Code    18  usbd_conf.o(i.USBD_LL_Start)
    USBD_LL_Suspend                          0x0800535d   Thumb Code    18  usbd_core.o(i.USBD_LL_Suspend)
    USBD_LL_Transmit                         0x0800536f   Thumb Code    18  usbd_conf.o(i.USBD_LL_Transmit)
    USBD_MSC_DataIn                          0x08005381   Thumb Code    10  usbd_msc.o(i.USBD_MSC_DataIn)
    USBD_MSC_DataOut                         0x0800538b   Thumb Code    10  usbd_msc.o(i.USBD_MSC_DataOut)
    USBD_MSC_DeInit                          0x08005395   Thumb Code   112  usbd_msc.o(i.USBD_MSC_DeInit)
    USBD_MSC_GetDeviceQualifierDescriptor    0x08005409   Thumb Code     8  usbd_msc.o(i.USBD_MSC_GetDeviceQualifierDescriptor)
    USBD_MSC_GetFSCfgDesc                    0x08005415   Thumb Code    40  usbd_msc.o(i.USBD_MSC_GetFSCfgDesc)
    USBD_MSC_GetHSCfgDesc                    0x08005441   Thumb Code    42  usbd_msc.o(i.USBD_MSC_GetHSCfgDesc)
    USBD_MSC_GetOtherSpeedCfgDesc            0x08005471   Thumb Code    40  usbd_msc.o(i.USBD_MSC_GetOtherSpeedCfgDesc)
    USBD_MSC_Init                            0x0800549d   Thumb Code   168  usbd_msc.o(i.USBD_MSC_Init)
    USBD_MSC_RegisterStorage                 0x08005549   Thumb Code    22  usbd_msc.o(i.USBD_MSC_RegisterStorage)
    USBD_MSC_Setup                           0x0800555f   Thumb Code   220  usbd_msc.o(i.USBD_MSC_Setup)
    USBD_ParseSetupRequest                   0x0800563b   Thumb Code    48  usbd_ctlreq.o(i.USBD_ParseSetupRequest)
    USBD_RegisterClass                       0x0800566b   Thumb Code    58  usbd_core.o(i.USBD_RegisterClass)
    USBD_SetClassConfig                      0x080056a5   Thumb Code    20  usbd_core.o(i.USBD_SetClassConfig)
    USBD_Start                               0x08005771   Thumb Code     4  usbd_core.o(i.USBD_Start)
    USBD_StdDevReq                           0x08005775   Thumb Code   300  usbd_ctlreq.o(i.USBD_StdDevReq)
    USBD_StdEPReq                            0x080058a1   Thumb Code   352  usbd_ctlreq.o(i.USBD_StdEPReq)
    USBD_StdItfReq                           0x08005a01   Thumb Code   114  usbd_ctlreq.o(i.USBD_StdItfReq)
    USBD_static_free                         0x08005a73   Thumb Code     2  usbd_conf.o(i.USBD_static_free)
    USBD_static_malloc                       0x08005a75   Thumb Code     4  usbd_conf.o(i.USBD_static_malloc)
    USB_ActivateEndpoint                     0x08005a7d   Thumb Code   122  stm32f4xx_ll_usb.o(i.USB_ActivateEndpoint)
    USB_ActivateSetup                        0x08005afd   Thumb Code    28  stm32f4xx_ll_usb.o(i.USB_ActivateSetup)
    USB_CoreInit                             0x08005b19   Thumb Code   112  stm32f4xx_ll_usb.o(i.USB_CoreInit)
    USB_DeactivateEndpoint                   0x08005bcd   Thumb Code   198  stm32f4xx_ll_usb.o(i.USB_DeactivateEndpoint)
    USB_DevConnect                           0x08005c9d   Thumb Code    28  stm32f4xx_ll_usb.o(i.USB_DevConnect)
    USB_DevDisconnect                        0x08005cb9   Thumb Code    28  stm32f4xx_ll_usb.o(i.USB_DevDisconnect)
    USB_DevInit                              0x08005cd5   Thumb Code   362  stm32f4xx_ll_usb.o(i.USB_DevInit)
    USB_DisableGlobalInt                     0x08005e49   Thumb Code    12  stm32f4xx_ll_usb.o(i.USB_DisableGlobalInt)
    USB_EP0StartXfer                         0x08005e55   Thumb Code   280  stm32f4xx_ll_usb.o(i.USB_EP0StartXfer)
    USB_EP0_OutStart                         0x08005f71   Thumb Code    84  stm32f4xx_ll_usb.o(i.USB_EP0_OutStart)
    USB_EPClearStall                         0x08005fc9   Thumb Code    88  stm32f4xx_ll_usb.o(i.USB_EPClearStall)
    USB_EPSetStall                           0x08006021   Thumb Code    88  stm32f4xx_ll_usb.o(i.USB_EPSetStall)
    USB_EPStartXfer                          0x08006079   Thumb Code   478  stm32f4xx_ll_usb.o(i.USB_EPStartXfer)
    USB_EPStopXfer                           0x0800625d   Thumb Code   156  stm32f4xx_ll_usb.o(i.USB_EPStopXfer)
    USB_EnableGlobalInt                      0x080062f9   Thumb Code    12  stm32f4xx_ll_usb.o(i.USB_EnableGlobalInt)
    USB_FlushRxFifo                          0x08006305   Thumb Code    54  stm32f4xx_ll_usb.o(i.USB_FlushRxFifo)
    USB_FlushTxFifo                          0x08006341   Thumb Code    58  stm32f4xx_ll_usb.o(i.USB_FlushTxFifo)
    USB_GetDevSpeed                          0x08006381   Thumb Code    26  stm32f4xx_ll_usb.o(i.USB_GetDevSpeed)
    USB_GetMode                              0x0800639b   Thumb Code     8  stm32f4xx_ll_usb.o(i.USB_GetMode)
    USB_ReadDevAllInEpInterrupt              0x080063a3   Thumb Code    14  stm32f4xx_ll_usb.o(i.USB_ReadDevAllInEpInterrupt)
    USB_ReadDevAllOutEpInterrupt             0x080063b1   Thumb Code    14  stm32f4xx_ll_usb.o(i.USB_ReadDevAllOutEpInterrupt)
    USB_ReadDevInEPInterrupt                 0x080063bf   Thumb Code    36  stm32f4xx_ll_usb.o(i.USB_ReadDevInEPInterrupt)
    USB_ReadDevOutEPInterrupt                0x080063e3   Thumb Code    16  stm32f4xx_ll_usb.o(i.USB_ReadDevOutEPInterrupt)
    USB_ReadInterrupts                       0x080063f3   Thumb Code     8  stm32f4xx_ll_usb.o(i.USB_ReadInterrupts)
    USB_ReadPacket                           0x080063fb   Thumb Code    62  stm32f4xx_ll_usb.o(i.USB_ReadPacket)
    USB_SetCurrentMode                       0x08006439   Thumb Code    92  stm32f4xx_ll_usb.o(i.USB_SetCurrentMode)
    USB_SetDevAddress                        0x08006495   Thumb Code    34  stm32f4xx_ll_usb.o(i.USB_SetDevAddress)
    USB_SetTurnaroundTime                    0x080064b9   Thumb Code   158  stm32f4xx_ll_usb.o(i.USB_SetTurnaroundTime)
    USB_WritePacket                          0x080065a1   Thumb Code    38  stm32f4xx_ll_usb.o(i.USB_WritePacket)
    UsageFault_Handler                       0x080065c7   Thumb Code     2  stm32f4xx_it.o(i.UsageFault_Handler)
    __0printf                                0x080065c9   Thumb Code    22  printfa.o(i.__0printf)
    __1printf                                0x080065c9   Thumb Code     0  printfa.o(i.__0printf)
    __2printf                                0x080065c9   Thumb Code     0  printfa.o(i.__0printf)
    __c89printf                              0x080065c9   Thumb Code     0  printfa.o(i.__0printf)
    printf                                   0x080065c9   Thumb Code     0  printfa.o(i.__0printf)
    __0sprintf                               0x080065e9   Thumb Code    34  printfa.o(i.__0sprintf)
    __1sprintf                               0x080065e9   Thumb Code     0  printfa.o(i.__0sprintf)
    __2sprintf                               0x080065e9   Thumb Code     0  printfa.o(i.__0sprintf)
    __c89sprintf                             0x080065e9   Thumb Code     0  printfa.o(i.__0sprintf)
    sprintf                                  0x080065e9   Thumb Code     0  printfa.o(i.__0sprintf)
    __scatterload_copy                       0x08006631   Thumb Code    14  handlers.o(i.__scatterload_copy)
    __scatterload_null                       0x0800663f   Thumb Code     2  handlers.o(i.__scatterload_null)
    __scatterload_zeroinit                   0x08006641   Thumb Code    14  handlers.o(i.__scatterload_zeroinit)
    disk_initialize                          0x0800749d   Thumb Code    38  diskio.o(i.disk_initialize)
    disk_ioctl                               0x080074c9   Thumb Code    22  diskio.o(i.disk_ioctl)
    disk_read                                0x080074e5   Thumb Code    28  diskio.o(i.disk_read)
    disk_status                              0x08007505   Thumb Code    18  diskio.o(i.disk_status)
    disk_write                               0x0800751d   Thumb Code    28  diskio.o(i.disk_write)
    f_close                                  0x0800753d   Thumb Code    32  ff.o(i.f_close)
    f_closedir                               0x0800755d   Thumb Code    22  ff.o(i.f_closedir)
    f_getfree                                0x08007573   Thumb Code   226  ff.o(i.f_getfree)
    f_gets                                   0x08007655   Thumb Code    82  ff.o(i.f_gets)
    f_mount                                  0x080076a9   Thumb Code    76  ff.o(i.f_mount)
    f_open                                   0x080076f9   Thumb Code   474  ff.o(i.f_open)
    f_opendir                                0x080078d3   Thumb Code   116  ff.o(i.f_opendir)
    f_puts                                   0x08007947   Thumb Code    42  ff.o(i.f_puts)
    f_read                                   0x08007971   Thumb Code   392  ff.o(i.f_read)
    f_readdir                                0x08007af9   Thumb Code    74  ff.o(i.f_readdir)
    f_sync                                   0x08007b43   Thumb Code   154  ff.o(i.f_sync)
    f_write                                  0x08007bdd   Thumb Code   452  ff.o(i.f_write)
    fputc                                    0x08008129   Thumb Code    20  retarget.o(i.fputc)
    get_fattime                              0x08008205   Thumb Code     4  fatfs.o(i.get_fattime)
    main                                     0x08008309   Thumb Code   138  main.o(i.main)
    STORAGE_Inquirydata_FS                   0x0800876a   Data          36  usbd_storage_if.o(.constdata)
    AHBPrescTable                            0x08008796   Data          16  system_stm32f4xx.o(.constdata)
    APBPrescTable                            0x080087a6   Data           8  system_stm32f4xx.o(.constdata)
    SD_Driver                                0x080087b0   Data          20  sd_diskio.o(.constdata)
    Region$$Table$$Base                      0x08008860   Number         0  anon$$obj.o(Region$$Table)
    Region$$Table$$Limit                     0x08008880   Number         0  anon$$obj.o(Region$$Table)
    pfs                                      0x20000004   Data           4  main.o(.data)
    fre_clust                                0x20000008   Data           4  main.o(.data)
    totalSpace                               0x2000000c   Data           4  main.o(.data)
    freeSpace                                0x20000010   Data           4  main.o(.data)
    FS_Desc                                  0x20000014   Data          28  usbd_desc.o(.data)
    USBD_LangIDDesc                          0x20000030   Data           4  usbd_desc.o(.data)
    USBD_FS_DeviceDesc                       0x20000034   Data          18  usbd_desc.o(.data)
    USBD_StringSerial                        0x20000048   Data          26  usbd_desc.o(.data)
    USBD_Storage_Interface_fops_FS           0x20000064   Data          32  usbd_storage_if.o(.data)
    uwTickFreq                               0x20000084   Data           1  stm32f4xx_hal.o(.data)
    uwTickPrio                               0x20000088   Data           4  stm32f4xx_hal.o(.data)
    uwTick                                   0x2000008c   Data           4  stm32f4xx_hal.o(.data)
    SystemCoreClock                          0x20000090   Data           4  system_stm32f4xx.o(.data)
    USBD_MSC                                 0x20000098   Data          56  usbd_msc.o(.data)
    MSCInEpAdd                               0x200000d0   Data           1  usbd_msc.o(.data)
    MSCOutEpAdd                              0x200000d1   Data           1  usbd_msc.o(.data)
    MSC_Page00_Inquiry_Data                  0x200000fe   Data           6  usbd_msc_data.o(.data)
    MSC_Page80_Inquiry_Data                  0x20000104   Data           8  usbd_msc_data.o(.data)
    MSC_Mode_Sense6_data                     0x2000010c   Data          23  usbd_msc_data.o(.data)
    MSC_Mode_Sense10_data                    0x20000123   Data          27  usbd_msc_data.o(.data)
    retSD                                    0x2000013f   Data           1  fatfs.o(.data)
    SDPath                                   0x20000140   Data           4  fatfs.o(.data)
    __stdout                                 0x2000014c   Data           4  stdout.o(.data)
    hsd                                      0x200001e8   Data         132  main.o(.bss)
    huart1                                   0x2000026c   Data          68  main.o(.bss)
    fs                                       0x200002b0   Data         564  main.o(.bss)
    fil                                      0x200004e4   Data         556  main.o(.bss)
    buffer                                   0x20000710   Data         100  main.o(.bss)
    hdma_usart1_rx                           0x20000774   Data          96  main.o(.bss)
    hdma_usart1_tx                           0x200007d4   Data          96  main.o(.bss)
    hUsbDeviceFS                             0x20000834   Data         732  usb_device.o(.bss)
    USBD_StrDesc                             0x20000b10   Data         512  usbd_desc.o(.bss)
    hpcd_USB_OTG_FS                          0x20000f88   Data        1292  usbd_conf.o(.bss)
    disk                                     0x20001494   Data          12  ff_gen_drv.o(.bss)
    __initial_sp                             0x200018a0   Data           0  startup_stm32f407xx.o(STACK)



==============================================================================

Memory Map of the image

  Image Entry point : 0x08000189

  Load Region LR_IROM1 (Base: 0x08000000, Size: 0x000089d0, Max: 0x00080000, ABSOLUTE, COMPRESSED[0x00008934])

    Execution Region ER_IROM1 (Exec base: 0x08000000, Load base: 0x08000000, Size: 0x00008880, Max: 0x00080000, ABSOLUTE)

    Exec Addr    Load Addr    Size         Type   Attr      Idx    E Section Name        Object

    0x08000000   0x08000000   0x00000188   Data   RO            3    RESET               startup_stm32f407xx.o
    0x08000188   0x08000188   0x00000000   Code   RO        10515  * .ARM.Collect$$$$00000000  mc_w.l(entry.o)
    0x08000188   0x08000188   0x00000004   Code   RO        10985    .ARM.Collect$$$$00000001  mc_w.l(entry2.o)
    0x0800018c   0x0800018c   0x00000004   Code   RO        10988    .ARM.Collect$$$$00000004  mc_w.l(entry5.o)
    0x08000190   0x08000190   0x00000000   Code   RO        10990    .ARM.Collect$$$$00000008  mc_w.l(entry7b.o)
    0x08000190   0x08000190   0x00000000   Code   RO        10992    .ARM.Collect$$$$0000000A  mc_w.l(entry8b.o)
    0x08000190   0x08000190   0x00000008   Code   RO        10993    .ARM.Collect$$$$0000000B  mc_w.l(entry9a.o)
    0x08000198   0x08000198   0x00000004   Code   RO        11000    .ARM.Collect$$$$0000000E  mc_w.l(entry12b.o)
    0x0800019c   0x0800019c   0x00000000   Code   RO        10995    .ARM.Collect$$$$0000000F  mc_w.l(entry10a.o)
    0x0800019c   0x0800019c   0x00000000   Code   RO        10997    .ARM.Collect$$$$00000011  mc_w.l(entry11a.o)
    0x0800019c   0x0800019c   0x00000004   Code   RO        10986    .ARM.Collect$$$$00002712  mc_w.l(entry2.o)
    0x080001a0   0x080001a0   0x00000024   Code   RO            4    .text               startup_stm32f407xx.o
    0x080001c4   0x080001c4   0x00000062   Code   RO        10565    .text               mc_w.l(uldiv.o)
    0x08000226   0x08000226   0x0000001e   Code   RO        10567    .text               mc_w.l(llshl.o)
    0x08000244   0x08000244   0x00000020   Code   RO        10569    .text               mc_w.l(llushr.o)
    0x08000264   0x08000264   0x00000024   Code   RO        10628    .text               mc_w.l(memcpya.o)
    0x08000288   0x08000288   0x00000024   Code   RO        10630    .text               mc_w.l(memseta.o)
    0x080002ac   0x080002ac   0x0000000e   Code   RO        10636    .text               mc_w.l(strlen.o)
    0x080002ba   0x080002ba   0x00000012   Code   RO        10646    .text               mc_w.l(strcpy.o)
    0x080002cc   0x080002cc   0x000000e4   Code   RO        10954    .text               mf_w.l(dmul.o)
    0x080003b0   0x080003b0   0x0000001a   Code   RO        10956    .text               mf_w.l(dfltui.o)
    0x080003ca   0x080003ca   0x00000032   Code   RO        10958    .text               mf_w.l(dfixui.o)
    0x080003fc   0x080003fc   0x00000026   Code   RO        10960    .text               mf_w.l(f2d.o)
    0x08000422   0x08000422   0x0000002c   Code   RO        11007    .text               mc_w.l(uidiv.o)
    0x0800044e   0x0800044e   0x00000000   Code   RO        11021    .text               mc_w.l(iusefp.o)
    0x0800044e   0x0800044e   0x000000ba   Code   RO        11029    .text               mf_w.l(depilogue.o)
    0x08000508   0x08000508   0x0000014e   Code   RO        11031    .text               mf_w.l(dadd.o)
    0x08000656   0x08000656   0x000000de   Code   RO        11033    .text               mf_w.l(ddiv.o)
    0x08000734   0x08000734   0x00000030   Code   RO        11035    .text               mf_w.l(dfixul.o)
    0x08000764   0x08000764   0x00000030   Code   RO        11037    .text               mf_w.l(cdrcmple.o)
    0x08000794   0x08000794   0x00000024   Code   RO        11049    .text               mc_w.l(init.o)
    0x080007b8   0x080007b8   0x00000024   Code   RO        11051    .text               mc_w.l(llsshr.o)
    0x080007dc   0x080007dc   0x00000056   Code   RO        11084    .text               mc_w.l(__dczerorl2.o)
    0x08000832   0x08000832   0x00000002   PAD
    0x08000834   0x08000834   0x0000000c   Code   RO         9615    i.BSP_SD_GetCardInfo  bsp_driver_sd.o
    0x08000840   0x08000840   0x00000018   Code   RO         9616    i.BSP_SD_GetCardState  bsp_driver_sd.o
    0x08000858   0x08000858   0x00000030   Code   RO         9618    i.BSP_SD_Init       bsp_driver_sd.o
    0x08000888   0x08000888   0x0000000e   Code   RO         9619    i.BSP_SD_IsDetected  bsp_driver_sd.o
    0x08000896   0x08000896   0x00000002   PAD
    0x08000898   0x08000898   0x00000020   Code   RO         9620    i.BSP_SD_ReadBlocks  bsp_driver_sd.o
    0x080008b8   0x080008b8   0x00000020   Code   RO         9623    i.BSP_SD_WriteBlocks  bsp_driver_sd.o
    0x080008d8   0x080008d8   0x00000002   Code   RO          318    i.BusFault_Handler  stm32f4xx_it.o
    0x080008da   0x080008da   0x00000002   PAD
    0x080008dc   0x080008dc   0x0000000c   Code   RO          319    i.DMA2_Stream5_IRQHandler  stm32f4xx_it.o
    0x080008e8   0x080008e8   0x0000000c   Code   RO          320    i.DMA2_Stream7_IRQHandler  stm32f4xx_it.o
    0x080008f4   0x080008f4   0x00000028   Code   RO         1932    i.DMA_CalcBaseAndBitshift  stm32f4xx_hal_dma.o
    0x0800091c   0x0800091c   0x00000054   Code   RO         1933    i.DMA_CheckFifoParam  stm32f4xx_hal_dma.o
    0x08000970   0x08000970   0x00000002   Code   RO          321    i.DebugMon_Handler  stm32f4xx_it.o
    0x08000972   0x08000972   0x00000002   PAD
    0x08000974   0x08000974   0x000000b8   Code   RO          166    i.EnumFiles         main.o
    0x08000a2c   0x08000a2c   0x00000004   Code   RO          167    i.Error_Handler     main.o
    0x08000a30   0x08000a30   0x00000006   Code   RO        10236    i.FATFS_LinkDriver  ff_gen_drv.o
    0x08000a36   0x08000a36   0x00000002   PAD
    0x08000a38   0x08000a38   0x00000044   Code   RO        10237    i.FATFS_LinkDriverEx  ff_gen_drv.o
    0x08000a7c   0x08000a7c   0x00000092   Code   RO         1935    i.HAL_DMA_Abort     stm32f4xx_hal_dma.o
    0x08000b0e   0x08000b0e   0x00000024   Code   RO         1936    i.HAL_DMA_Abort_IT  stm32f4xx_hal_dma.o
    0x08000b32   0x08000b32   0x00000002   PAD
    0x08000b34   0x08000b34   0x000001a0   Code   RO         1940    i.HAL_DMA_IRQHandler  stm32f4xx_hal_dma.o
    0x08000cd4   0x08000cd4   0x000000d4   Code   RO         1941    i.HAL_DMA_Init      stm32f4xx_hal_dma.o
    0x08000da8   0x08000da8   0x00000024   Code   RO         2354    i.HAL_Delay         stm32f4xx_hal.o
    0x08000dcc   0x08000dcc   0x000001d0   Code   RO         1828    i.HAL_GPIO_Init     stm32f4xx_hal_gpio.o
    0x08000f9c   0x08000f9c   0x0000000a   Code   RO         1832    i.HAL_GPIO_WritePin  stm32f4xx_hal_gpio.o
    0x08000fa6   0x08000fa6   0x00000002   PAD
    0x08000fa8   0x08000fa8   0x0000000c   Code   RO         2360    i.HAL_GetTick       stm32f4xx_hal.o
    0x08000fb4   0x08000fb4   0x00000010   Code   RO         2366    i.HAL_IncTick       stm32f4xx_hal.o
    0x08000fc4   0x08000fc4   0x00000034   Code   RO         2367    i.HAL_Init          stm32f4xx_hal.o
    0x08000ff8   0x08000ff8   0x00000040   Code   RO         2368    i.HAL_InitTick      stm32f4xx_hal.o
    0x08001038   0x08001038   0x00000030   Code   RO          421    i.HAL_MspInit       stm32f4xx_hal_msp.o
    0x08001068   0x08001068   0x0000001a   Code   RO         2217    i.HAL_NVIC_EnableIRQ  stm32f4xx_hal_cortex.o
    0x08001082   0x08001082   0x00000002   PAD
    0x08001084   0x08001084   0x00000040   Code   RO         2223    i.HAL_NVIC_SetPriority  stm32f4xx_hal_cortex.o
    0x080010c4   0x080010c4   0x00000024   Code   RO         2224    i.HAL_NVIC_SetPriorityGrouping  stm32f4xx_hal_cortex.o
    0x080010e8   0x080010e8   0x00000002   Code   RO         1127    i.HAL_PCDEx_LPM_Callback  stm32f4xx_hal_pcd_ex.o
    0x080010ea   0x080010ea   0x00000008   Code   RO         1128    i.HAL_PCDEx_SetRxFiFo  stm32f4xx_hal_pcd_ex.o
    0x080010f2   0x080010f2   0x00000044   Code   RO         1129    i.HAL_PCDEx_SetTxFiFo  stm32f4xx_hal_pcd_ex.o
    0x08001136   0x08001136   0x00000008   Code   RO          681    i.HAL_PCD_ConnectCallback  usbd_conf.o
    0x0800113e   0x0800113e   0x00000012   Code   RO          682    i.HAL_PCD_DataInStageCallback  usbd_conf.o
    0x08001150   0x08001150   0x00000014   Code   RO          683    i.HAL_PCD_DataOutStageCallback  usbd_conf.o
    0x08001164   0x08001164   0x00000008   Code   RO          684    i.HAL_PCD_DisconnectCallback  usbd_conf.o
    0x0800116c   0x0800116c   0x0000001e   Code   RO          897    i.HAL_PCD_EP_Abort  stm32f4xx_hal_pcd.o
    0x0800118a   0x0800118a   0x0000004c   Code   RO          898    i.HAL_PCD_EP_Close  stm32f4xx_hal_pcd.o
    0x080011d6   0x080011d6   0x0000005c   Code   RO          899    i.HAL_PCD_EP_ClrStall  stm32f4xx_hal_pcd.o
    0x08001232   0x08001232   0x00000034   Code   RO          900    i.HAL_PCD_EP_Flush  stm32f4xx_hal_pcd.o
    0x08001266   0x08001266   0x00000012   Code   RO          901    i.HAL_PCD_EP_GetRxCount  stm32f4xx_hal_pcd.o
    0x08001278   0x08001278   0x00000060   Code   RO          902    i.HAL_PCD_EP_Open   stm32f4xx_hal_pcd.o
    0x080012d8   0x080012d8   0x00000048   Code   RO          903    i.HAL_PCD_EP_Receive  stm32f4xx_hal_pcd.o
    0x08001320   0x08001320   0x00000074   Code   RO          904    i.HAL_PCD_EP_SetStall  stm32f4xx_hal_pcd.o
    0x08001394   0x08001394   0x00000040   Code   RO          905    i.HAL_PCD_EP_Transmit  stm32f4xx_hal_pcd.o
    0x080013d4   0x080013d4   0x00000550   Code   RO          907    i.HAL_PCD_IRQHandler  stm32f4xx_hal_pcd.o
    0x08001924   0x08001924   0x00000008   Code   RO          685    i.HAL_PCD_ISOINIncompleteCallback  usbd_conf.o
    0x0800192c   0x0800192c   0x00000008   Code   RO          686    i.HAL_PCD_ISOOUTIncompleteCallback  usbd_conf.o
    0x08001934   0x08001934   0x000000e2   Code   RO          910    i.HAL_PCD_Init      stm32f4xx_hal_pcd.o
    0x08001a16   0x08001a16   0x00000002   PAD
    0x08001a18   0x08001a18   0x00000084   Code   RO          688    i.HAL_PCD_MspInit   usbd_conf.o
    0x08001a9c   0x08001a9c   0x0000002c   Code   RO          689    i.HAL_PCD_ResetCallback  usbd_conf.o
    0x08001ac8   0x08001ac8   0x00000008   Code   RO          690    i.HAL_PCD_ResumeCallback  usbd_conf.o
    0x08001ad0   0x08001ad0   0x00000008   Code   RO          691    i.HAL_PCD_SOFCallback  usbd_conf.o
    0x08001ad8   0x08001ad8   0x00000028   Code   RO          916    i.HAL_PCD_SetAddress  stm32f4xx_hal_pcd.o
    0x08001b00   0x08001b00   0x0000000e   Code   RO          692    i.HAL_PCD_SetupStageCallback  usbd_conf.o
    0x08001b0e   0x08001b0e   0x00000042   Code   RO          919    i.HAL_PCD_Start     stm32f4xx_hal_pcd.o
    0x08001b50   0x08001b50   0x00000030   Code   RO          693    i.HAL_PCD_SuspendCallback  usbd_conf.o
    0x08001b80   0x08001b80   0x00000134   Code   RO         1474    i.HAL_RCC_ClockConfig  stm32f4xx_hal_rcc.o
    0x08001cb4   0x08001cb4   0x0000000c   Code   RO         1479    i.HAL_RCC_GetHCLKFreq  stm32f4xx_hal_rcc.o
    0x08001cc0   0x08001cc0   0x00000020   Code   RO         1481    i.HAL_RCC_GetPCLK1Freq  stm32f4xx_hal_rcc.o
    0x08001ce0   0x08001ce0   0x00000020   Code   RO         1482    i.HAL_RCC_GetPCLK2Freq  stm32f4xx_hal_rcc.o
    0x08001d00   0x08001d00   0x00000064   Code   RO         1483    i.HAL_RCC_GetSysClockFreq  stm32f4xx_hal_rcc.o
    0x08001d64   0x08001d64   0x00000358   Code   RO         1486    i.HAL_RCC_OscConfig  stm32f4xx_hal_rcc.o
    0x080020bc   0x080020bc   0x00000118   Code   RO         2894    i.HAL_SD_ConfigWideBusOperation  stm32f4xx_hal_sd.o
    0x080021d4   0x080021d4   0x00000198   Code   RO         2899    i.HAL_SD_GetCardCSD  stm32f4xx_hal_sd.o
    0x0800236c   0x0800236c   0x00000024   Code   RO         2900    i.HAL_SD_GetCardInfo  stm32f4xx_hal_sd.o
    0x08002390   0x08002390   0x00000032   Code   RO         2901    i.HAL_SD_GetCardState  stm32f4xx_hal_sd.o
    0x080023c2   0x080023c2   0x00000036   Code   RO         2906    i.HAL_SD_Init       stm32f4xx_hal_sd.o
    0x080023f8   0x080023f8   0x0000007c   Code   RO         2907    i.HAL_SD_InitCard   stm32f4xx_hal_sd.o
    0x08002474   0x08002474   0x0000008c   Code   RO          423    i.HAL_SD_MspInit    stm32f4xx_hal_msp.o
    0x08002500   0x08002500   0x000001dc   Code   RO         2910    i.HAL_SD_ReadBlocks  stm32f4xx_hal_sd.o
    0x080026dc   0x080026dc   0x000001a8   Code   RO         2915    i.HAL_SD_WriteBlocks  stm32f4xx_hal_sd.o
    0x08002884   0x08002884   0x00000028   Code   RO         2228    i.HAL_SYSTICK_Config  stm32f4xx_hal_cortex.o
    0x080028ac   0x080028ac   0x00000002   Code   RO         3163    i.HAL_UARTEx_RxEventCallback  stm32f4xx_hal_uart.o
    0x080028ae   0x080028ae   0x00000002   Code   RO         3177    i.HAL_UART_ErrorCallback  stm32f4xx_hal_uart.o
    0x080028b0   0x080028b0   0x00000268   Code   RO         3180    i.HAL_UART_IRQHandler  stm32f4xx_hal_uart.o
    0x08002b18   0x08002b18   0x00000062   Code   RO         3181    i.HAL_UART_Init     stm32f4xx_hal_uart.o
    0x08002b7a   0x08002b7a   0x00000002   PAD
    0x08002b7c   0x08002b7c   0x000000e8   Code   RO          425    i.HAL_UART_MspInit  stm32f4xx_hal_msp.o
    0x08002c64   0x08002c64   0x00000002   Code   RO         3187    i.HAL_UART_RxCpltCallback  stm32f4xx_hal_uart.o
    0x08002c66   0x08002c66   0x000000b0   Code   RO         3189    i.HAL_UART_Transmit  stm32f4xx_hal_uart.o
    0x08002d16   0x08002d16   0x00000002   Code   RO         3192    i.HAL_UART_TxCpltCallback  stm32f4xx_hal_uart.o
    0x08002d18   0x08002d18   0x00000002   Code   RO          322    i.HardFault_Handler  stm32f4xx_it.o
    0x08002d1a   0x08002d1a   0x00000036   Code   RO          534    i.IntToUnicode      usbd_desc.o
    0x08002d50   0x08002d50   0x00000060   Code   RO         3924    i.MSC_BOT_Abort     usbd_msc_bot.o
    0x08002db0   0x08002db0   0x000000f0   Code   RO         3925    i.MSC_BOT_CBW_Decode  usbd_msc_bot.o
    0x08002ea0   0x08002ea0   0x00000050   Code   RO         3926    i.MSC_BOT_CplClrFeature  usbd_msc_bot.o
    0x08002ef0   0x08002ef0   0x00000046   Code   RO         3927    i.MSC_BOT_DataIn    usbd_msc_bot.o
    0x08002f36   0x08002f36   0x00000046   Code   RO         3928    i.MSC_BOT_DataOut   usbd_msc_bot.o
    0x08002f7c   0x08002f7c   0x00000016   Code   RO         3929    i.MSC_BOT_DeInit    usbd_msc_bot.o
    0x08002f92   0x08002f92   0x00000002   PAD
    0x08002f94   0x08002f94   0x00000068   Code   RO         3930    i.MSC_BOT_Init      usbd_msc_bot.o
    0x08002ffc   0x08002ffc   0x0000004c   Code   RO         3931    i.MSC_BOT_Reset     usbd_msc_bot.o
    0x08003048   0x08003048   0x00000054   Code   RO         3932    i.MSC_BOT_SendCSW   usbd_msc_bot.o
    0x0800309c   0x0800309c   0x0000001c   Code   RO         9799    i.MX_FATFS_Init     fatfs.o
    0x080030b8   0x080030b8   0x000000bc   Code   RO          168    i.MX_GPIO_Init      main.o
    0x08003174   0x08003174   0x00000054   Code   RO          470    i.MX_USB_DEVICE_Init  usb_device.o
    0x080031c8   0x080031c8   0x00000002   Code   RO          323    i.MemManage_Handler  stm32f4xx_it.o
    0x080031ca   0x080031ca   0x00000002   Code   RO          324    i.NMI_Handler       stm32f4xx_it.o
    0x080031cc   0x080031cc   0x0000000c   Code   RO          325    i.OTG_FS_IRQHandler  stm32f4xx_it.o
    0x080031d8   0x080031d8   0x000000cc   Code   RO          923    i.PCD_EP_OutXfrComplete_int  stm32f4xx_hal_pcd.o
    0x080032a4   0x080032a4   0x00000098   Code   RO          924    i.PCD_WriteEmptyTxFifo  stm32f4xx_hal_pcd.o
    0x0800333c   0x0800333c   0x00000002   Code   RO          326    i.PendSV_Handler    stm32f4xx_it.o
    0x0800333e   0x0800333e   0x0000002e   Code   RO         4022    i.SCSI_CheckAddressRange  usbd_msc_scsi.o
    0x0800336c   0x0800336c   0x0000007c   Code   RO         4023    i.SCSI_Inquiry      usbd_msc_scsi.o
    0x080033e8   0x080033e8   0x0000015c   Code   RO         4024    i.SCSI_ProcessCmd   usbd_msc_scsi.o
    0x08003544   0x08003544   0x000000a8   Code   RO         4025    i.SCSI_ProcessRead  usbd_msc_scsi.o
    0x080035ec   0x080035ec   0x000000b4   Code   RO         4026    i.SCSI_ProcessWrite  usbd_msc_scsi.o
    0x080036a0   0x080036a0   0x000000ae   Code   RO         4027    i.SCSI_Read10       usbd_msc_scsi.o
    0x0800374e   0x0800374e   0x000000b8   Code   RO         4028    i.SCSI_Read12       usbd_msc_scsi.o
    0x08003806   0x08003806   0x00000076   Code   RO         4029    i.SCSI_ReadCapacity10  usbd_msc_scsi.o
    0x0800387c   0x0800387c   0x000000aa   Code   RO         4030    i.SCSI_ReadCapacity16  usbd_msc_scsi.o
    0x08003926   0x08003926   0x00000086   Code   RO         4031    i.SCSI_ReadFormatCapacity  usbd_msc_scsi.o
    0x080039ac   0x080039ac   0x00000088   Code   RO         4032    i.SCSI_RequestSense  usbd_msc_scsi.o
    0x08003a34   0x08003a34   0x0000004c   Code   RO         4033    i.SCSI_SenseCode    usbd_msc_scsi.o
    0x08003a80   0x08003a80   0x00000060   Code   RO         4034    i.SCSI_TestUnitReady  usbd_msc_scsi.o
    0x08003ae0   0x08003ae0   0x00000020   Code   RO         4035    i.SCSI_UpdateBotData  usbd_msc_scsi.o
    0x08003b00   0x08003b00   0x000000e4   Code   RO         4036    i.SCSI_Write10      usbd_msc_scsi.o
    0x08003be4   0x08003be4   0x000000f0   Code   RO         4037    i.SCSI_Write12      usbd_msc_scsi.o
    0x08003cd4   0x08003cd4   0x00000024   Code   RO         2605    i.SDIO_ConfigData   stm32f4xx_ll_sdmmc.o
    0x08003cf8   0x08003cf8   0x00000008   Code   RO         2609    i.SDIO_GetPowerState  stm32f4xx_ll_sdmmc.o
    0x08003d00   0x08003d00   0x00000006   Code   RO         2610    i.SDIO_GetResponse  stm32f4xx_ll_sdmmc.o
    0x08003d06   0x08003d06   0x00000024   Code   RO         2611    i.SDIO_Init         stm32f4xx_ll_sdmmc.o
    0x08003d2a   0x08003d2a   0x00000008   Code   RO         2613    i.SDIO_PowerState_ON  stm32f4xx_ll_sdmmc.o
    0x08003d32   0x08003d32   0x00000006   Code   RO         2614    i.SDIO_ReadFIFO     stm32f4xx_ll_sdmmc.o
    0x08003d38   0x08003d38   0x00000020   Code   RO         2615    i.SDIO_SendCommand  stm32f4xx_ll_sdmmc.o
    0x08003d58   0x08003d58   0x0000000a   Code   RO         2617    i.SDIO_WriteFIFO    stm32f4xx_ll_sdmmc.o
    0x08003d62   0x08003d62   0x00000030   Code   RO         2618    i.SDMMC_CmdAppCommand  stm32f4xx_ll_sdmmc.o
    0x08003d92   0x08003d92   0x00000002   PAD
    0x08003d94   0x08003d94   0x00000034   Code   RO         2619    i.SDMMC_CmdAppOperCommand  stm32f4xx_ll_sdmmc.o
    0x08003dc8   0x08003dc8   0x00000030   Code   RO         2620    i.SDMMC_CmdBlockLength  stm32f4xx_ll_sdmmc.o
    0x08003df8   0x08003df8   0x00000030   Code   RO         2621    i.SDMMC_CmdBusWidth  stm32f4xx_ll_sdmmc.o
    0x08003e28   0x08003e28   0x00000050   Code   RO         2625    i.SDMMC_CmdGoIdleState  stm32f4xx_ll_sdmmc.o
    0x08003e78   0x08003e78   0x0000002e   Code   RO         2627    i.SDMMC_CmdOperCond  stm32f4xx_ll_sdmmc.o
    0x08003ea6   0x08003ea6   0x00000030   Code   RO         2628    i.SDMMC_CmdReadMultiBlock  stm32f4xx_ll_sdmmc.o
    0x08003ed6   0x08003ed6   0x00000030   Code   RO         2629    i.SDMMC_CmdReadSingleBlock  stm32f4xx_ll_sdmmc.o
    0x08003f06   0x08003f06   0x00000032   Code   RO         2632    i.SDMMC_CmdSelDesel  stm32f4xx_ll_sdmmc.o
    0x08003f38   0x08003f38   0x0000002a   Code   RO         2633    i.SDMMC_CmdSendCID  stm32f4xx_ll_sdmmc.o
    0x08003f62   0x08003f62   0x0000002c   Code   RO         2634    i.SDMMC_CmdSendCSD  stm32f4xx_ll_sdmmc.o
    0x08003f8e   0x08003f8e   0x00000030   Code   RO         2636    i.SDMMC_CmdSendSCR  stm32f4xx_ll_sdmmc.o
    0x08003fbe   0x08003fbe   0x00000030   Code   RO         2637    i.SDMMC_CmdSendStatus  stm32f4xx_ll_sdmmc.o
    0x08003fee   0x08003fee   0x00000030   Code   RO         2638    i.SDMMC_CmdSetRelAdd  stm32f4xx_ll_sdmmc.o
    0x0800401e   0x0800401e   0x00000002   PAD
    0x08004020   0x08004020   0x00000034   Code   RO         2641    i.SDMMC_CmdStopTransfer  stm32f4xx_ll_sdmmc.o
    0x08004054   0x08004054   0x00000030   Code   RO         2643    i.SDMMC_CmdWriteMultiBlock  stm32f4xx_ll_sdmmc.o
    0x08004084   0x08004084   0x00000030   Code   RO         2644    i.SDMMC_CmdWriteSingleBlock  stm32f4xx_ll_sdmmc.o
    0x080040b4   0x080040b4   0x00000120   Code   RO         2645    i.SDMMC_GetCmdResp1  stm32f4xx_ll_sdmmc.o
    0x080041d4   0x080041d4   0x00000050   Code   RO         2646    i.SDMMC_GetCmdResp2  stm32f4xx_ll_sdmmc.o
    0x08004224   0x08004224   0x00000044   Code   RO         2647    i.SDMMC_GetCmdResp3  stm32f4xx_ll_sdmmc.o
    0x08004268   0x08004268   0x00000088   Code   RO         2648    i.SDMMC_GetCmdResp6  stm32f4xx_ll_sdmmc.o
    0x080042f0   0x080042f0   0x00000058   Code   RO         2649    i.SDMMC_GetCmdResp7  stm32f4xx_ll_sdmmc.o
    0x08004348   0x08004348   0x00000218   Code   RO          169    i.SDTst             main.o
    0x08004560   0x08004560   0x00000020   Code   RO         9736    i.SD_CheckStatus    sd_diskio.o
    0x08004580   0x08004580   0x00000014   Code   RO          170    i.SD_Error_Handler  main.o
    0x08004594   0x08004594   0x000000da   Code   RO         2923    i.SD_FindSCR        stm32f4xx_hal_sd.o
    0x0800466e   0x0800466e   0x000000ee   Code   RO         2924    i.SD_InitCard       stm32f4xx_hal_sd.o
    0x0800475c   0x0800475c   0x000000ac   Code   RO         2925    i.SD_PowerON        stm32f4xx_hal_sd.o
    0x08004808   0x08004808   0x00000020   Code   RO         9737    i.SD_initialize     sd_diskio.o
    0x08004828   0x08004828   0x00000068   Code   RO         9738    i.SD_ioctl          sd_diskio.o
    0x08004890   0x08004890   0x00000020   Code   RO         9739    i.SD_read           sd_diskio.o
    0x080048b0   0x080048b0   0x00000004   Code   RO         9740    i.SD_status         sd_diskio.o
    0x080048b4   0x080048b4   0x00000020   Code   RO         9741    i.SD_write          sd_diskio.o
    0x080048d4   0x080048d4   0x0000000e   Code   RO          620    i.STORAGE_GetCapacity_FS  usbd_storage_if.o
    0x080048e2   0x080048e2   0x00000004   Code   RO          621    i.STORAGE_GetMaxLun_FS  usbd_storage_if.o
    0x080048e6   0x080048e6   0x00000004   Code   RO          622    i.STORAGE_Init_FS   usbd_storage_if.o
    0x080048ea   0x080048ea   0x00000004   Code   RO          623    i.STORAGE_IsReady_FS  usbd_storage_if.o
    0x080048ee   0x080048ee   0x00000004   Code   RO          624    i.STORAGE_IsWriteProtected_FS  usbd_storage_if.o
    0x080048f2   0x080048f2   0x00000004   Code   RO          625    i.STORAGE_Read_FS   usbd_storage_if.o
    0x080048f6   0x080048f6   0x00000004   Code   RO          626    i.STORAGE_Write_FS  usbd_storage_if.o
    0x080048fa   0x080048fa   0x00000002   Code   RO          327    i.SVC_Handler       stm32f4xx_it.o
    0x080048fc   0x080048fc   0x0000000a   Code   RO         3706    i.SWAPBYTE          usbd_ctlreq.o
    0x08004906   0x08004906   0x00000004   Code   RO          328    i.SysTick_Handler   stm32f4xx_it.o
    0x0800490a   0x0800490a   0x00000002   PAD
    0x0800490c   0x0800490c   0x00000098   Code   RO          171    i.SystemClock_Config  main.o
    0x080049a4   0x080049a4   0x00000010   Code   RO         3510    i.SystemInit        system_stm32f4xx.o
    0x080049b4   0x080049b4   0x00000010   Code   RO         3194    i.UART_DMAAbortOnError  stm32f4xx_hal_uart.o
    0x080049c4   0x080049c4   0x0000004e   Code   RO         3204    i.UART_EndRxTransfer  stm32f4xx_hal_uart.o
    0x08004a12   0x08004a12   0x000000c0   Code   RO         3206    i.UART_Receive_IT   stm32f4xx_hal_uart.o
    0x08004ad2   0x08004ad2   0x00000002   PAD
    0x08004ad4   0x08004ad4   0x0000010c   Code   RO         3207    i.UART_SetConfig    stm32f4xx_hal_uart.o
    0x08004be0   0x08004be0   0x00000076   Code   RO         3210    i.UART_WaitOnFlagUntilTimeout  stm32f4xx_hal_uart.o
    0x08004c56   0x08004c56   0x00000002   PAD
    0x08004c58   0x08004c58   0x0000000c   Code   RO          329    i.USART1_IRQHandler  stm32f4xx_it.o
    0x08004c64   0x08004c64   0x00000014   Code   RO         3547    i.USBD_ClrClassConfig  usbd_core.o
    0x08004c78   0x08004c78   0x00000004   Code   RO         3548    i.USBD_CoreFindEP   usbd_core.o
    0x08004c7c   0x08004c7c   0x00000004   Code   RO         3549    i.USBD_CoreFindIF   usbd_core.o
    0x08004c80   0x08004c80   0x00000010   Code   RO         3779    i.USBD_CtlContinueRx  usbd_ioreq.o
    0x08004c90   0x08004c90   0x00000010   Code   RO         3780    i.USBD_CtlContinueSendData  usbd_ioreq.o
    0x08004ca0   0x08004ca0   0x00000016   Code   RO         3707    i.USBD_CtlError     usbd_ctlreq.o
    0x08004cb6   0x08004cb6   0x00000016   Code   RO         3782    i.USBD_CtlReceiveStatus  usbd_ioreq.o
    0x08004ccc   0x08004ccc   0x0000001a   Code   RO         3783    i.USBD_CtlSendData  usbd_ioreq.o
    0x08004ce6   0x08004ce6   0x00000016   Code   RO         3784    i.USBD_CtlSendStatus  usbd_ioreq.o
    0x08004cfc   0x08004cfc   0x00000020   Code   RO          535    i.USBD_FS_ConfigStrDescriptor  usbd_desc.o
    0x08004d1c   0x08004d1c   0x0000000c   Code   RO          536    i.USBD_FS_DeviceDescriptor  usbd_desc.o
    0x08004d28   0x08004d28   0x00000024   Code   RO          537    i.USBD_FS_InterfaceStrDescriptor  usbd_desc.o
    0x08004d4c   0x08004d4c   0x0000000c   Code   RO          538    i.USBD_FS_LangIDStrDescriptor  usbd_desc.o
    0x08004d58   0x08004d58   0x00000028   Code   RO          539    i.USBD_FS_ManufacturerStrDescriptor  usbd_desc.o
    0x08004d80   0x08004d80   0x00000028   Code   RO          540    i.USBD_FS_ProductStrDescriptor  usbd_desc.o
    0x08004da8   0x08004da8   0x00000038   Code   RO          541    i.USBD_FS_SerialStrDescriptor  usbd_desc.o
    0x08004de0   0x08004de0   0x000000e6   Code   RO         3708    i.USBD_GetDescriptor  usbd_ctlreq.o
    0x08004ec6   0x08004ec6   0x0000003a   Code   RO         3551    i.USBD_GetEpDesc    usbd_core.o
    0x08004f00   0x08004f00   0x0000000e   Code   RO         3552    i.USBD_GetNextDesc  usbd_core.o
    0x08004f0e   0x08004f0e   0x00000048   Code   RO         3709    i.USBD_GetString    usbd_ctlreq.o
    0x08004f56   0x08004f56   0x00000018   Code   RO          694    i.USBD_Get_USB_Status  usbd_conf.o
    0x08004f6e   0x08004f6e   0x00000026   Code   RO         3553    i.USBD_Init         usbd_core.o
    0x08004f94   0x08004f94   0x00000012   Code   RO          695    i.USBD_LL_ClearStallEP  usbd_conf.o
    0x08004fa6   0x08004fa6   0x00000012   Code   RO          696    i.USBD_LL_CloseEP   usbd_conf.o
    0x08004fb8   0x08004fb8   0x000000b2   Code   RO         3554    i.USBD_LL_DataInStage  usbd_core.o
    0x0800506a   0x0800506a   0x00000096   Code   RO         3555    i.USBD_LL_DataOutStage  usbd_core.o
    0x08005100   0x08005100   0x00000004   Code   RO         3556    i.USBD_LL_DevConnected  usbd_core.o
    0x08005104   0x08005104   0x0000001e   Code   RO         3557    i.USBD_LL_DevDisconnected  usbd_core.o
    0x08005122   0x08005122   0x00000012   Code   RO          699    i.USBD_LL_FlushEP   usbd_conf.o
    0x08005134   0x08005134   0x00000008   Code   RO          700    i.USBD_LL_GetRxDataSize  usbd_conf.o
    0x0800513c   0x0800513c   0x00000060   Code   RO          701    i.USBD_LL_Init      usbd_conf.o
    0x0800519c   0x0800519c   0x00000020   Code   RO          702    i.USBD_LL_IsStallEP  usbd_conf.o
    0x080051bc   0x080051bc   0x00000028   Code   RO         3558    i.USBD_LL_IsoINIncomplete  usbd_core.o
    0x080051e4   0x080051e4   0x00000028   Code   RO         3559    i.USBD_LL_IsoOUTIncomplete  usbd_core.o
    0x0800520c   0x0800520c   0x00000018   Code   RO          703    i.USBD_LL_OpenEP    usbd_conf.o
    0x08005224   0x08005224   0x00000012   Code   RO          704    i.USBD_LL_PrepareReceive  usbd_conf.o
    0x08005236   0x08005236   0x0000005c   Code   RO         3560    i.USBD_LL_Reset     usbd_core.o
    0x08005292   0x08005292   0x00000014   Code   RO         3561    i.USBD_LL_Resume    usbd_core.o
    0x080052a6   0x080052a6   0x0000001a   Code   RO         3562    i.USBD_LL_SOF       usbd_core.o
    0x080052c0   0x080052c0   0x00000006   Code   RO         3563    i.USBD_LL_SetSpeed  usbd_core.o
    0x080052c6   0x080052c6   0x00000012   Code   RO          705    i.USBD_LL_SetUSBAddress  usbd_conf.o
    0x080052d8   0x080052d8   0x00000060   Code   RO         3564    i.USBD_LL_SetupStage  usbd_core.o
    0x08005338   0x08005338   0x00000012   Code   RO          706    i.USBD_LL_StallEP   usbd_conf.o
    0x0800534a   0x0800534a   0x00000012   Code   RO          707    i.USBD_LL_Start     usbd_conf.o
    0x0800535c   0x0800535c   0x00000012   Code   RO         3565    i.USBD_LL_Suspend   usbd_core.o
    0x0800536e   0x0800536e   0x00000012   Code   RO          709    i.USBD_LL_Transmit  usbd_conf.o
    0x08005380   0x08005380   0x0000000a   Code   RO         3839    i.USBD_MSC_DataIn   usbd_msc.o
    0x0800538a   0x0800538a   0x0000000a   Code   RO         3840    i.USBD_MSC_DataOut  usbd_msc.o
    0x08005394   0x08005394   0x00000074   Code   RO         3841    i.USBD_MSC_DeInit   usbd_msc.o
    0x08005408   0x08005408   0x0000000c   Code   RO         3842    i.USBD_MSC_GetDeviceQualifierDescriptor  usbd_msc.o
    0x08005414   0x08005414   0x0000002c   Code   RO         3843    i.USBD_MSC_GetFSCfgDesc  usbd_msc.o
    0x08005440   0x08005440   0x00000030   Code   RO         3844    i.USBD_MSC_GetHSCfgDesc  usbd_msc.o
    0x08005470   0x08005470   0x0000002c   Code   RO         3845    i.USBD_MSC_GetOtherSpeedCfgDesc  usbd_msc.o
    0x0800549c   0x0800549c   0x000000ac   Code   RO         3846    i.USBD_MSC_Init     usbd_msc.o
    0x08005548   0x08005548   0x00000016   Code   RO         3847    i.USBD_MSC_RegisterStorage  usbd_msc.o
    0x0800555e   0x0800555e   0x000000dc   Code   RO         3848    i.USBD_MSC_Setup    usbd_msc.o
    0x0800563a   0x0800563a   0x00000030   Code   RO         3710    i.USBD_ParseSetupRequest  usbd_ctlreq.o
    0x0800566a   0x0800566a   0x0000003a   Code   RO         3566    i.USBD_RegisterClass  usbd_core.o
    0x080056a4   0x080056a4   0x00000014   Code   RO         3568    i.USBD_SetClassConfig  usbd_core.o
    0x080056b8   0x080056b8   0x000000b8   Code   RO         3711    i.USBD_SetConfig    usbd_ctlreq.o
    0x08005770   0x08005770   0x00000004   Code   RO         3569    i.USBD_Start        usbd_core.o
    0x08005774   0x08005774   0x0000012c   Code   RO         3712    i.USBD_StdDevReq    usbd_ctlreq.o
    0x080058a0   0x080058a0   0x00000160   Code   RO         3713    i.USBD_StdEPReq     usbd_ctlreq.o
    0x08005a00   0x08005a00   0x00000072   Code   RO         3714    i.USBD_StdItfReq    usbd_ctlreq.o
    0x08005a72   0x08005a72   0x00000002   Code   RO          710    i.USBD_static_free  usbd_conf.o
    0x08005a74   0x08005a74   0x00000008   Code   RO          711    i.USBD_static_malloc  usbd_conf.o
    0x08005a7c   0x08005a7c   0x00000080   Code   RO         1169    i.USB_ActivateEndpoint  stm32f4xx_ll_usb.o
    0x08005afc   0x08005afc   0x0000001c   Code   RO         1171    i.USB_ActivateSetup  stm32f4xx_ll_usb.o
    0x08005b18   0x08005b18   0x00000074   Code   RO         1173    i.USB_CoreInit      stm32f4xx_ll_usb.o
    0x08005b8c   0x08005b8c   0x00000040   Code   RO         1174    i.USB_CoreReset     stm32f4xx_ll_usb.o
    0x08005bcc   0x08005bcc   0x000000d0   Code   RO         1177    i.USB_DeactivateEndpoint  stm32f4xx_ll_usb.o
    0x08005c9c   0x08005c9c   0x0000001c   Code   RO         1178    i.USB_DevConnect    stm32f4xx_ll_usb.o
    0x08005cb8   0x08005cb8   0x0000001c   Code   RO         1179    i.USB_DevDisconnect  stm32f4xx_ll_usb.o
    0x08005cd4   0x08005cd4   0x00000174   Code   RO         1180    i.USB_DevInit       stm32f4xx_ll_usb.o
    0x08005e48   0x08005e48   0x0000000c   Code   RO         1181    i.USB_DisableGlobalInt  stm32f4xx_ll_usb.o
    0x08005e54   0x08005e54   0x0000011c   Code   RO         1184    i.USB_EP0StartXfer  stm32f4xx_ll_usb.o
    0x08005f70   0x08005f70   0x00000058   Code   RO         1185    i.USB_EP0_OutStart  stm32f4xx_ll_usb.o
    0x08005fc8   0x08005fc8   0x00000058   Code   RO         1186    i.USB_EPClearStall  stm32f4xx_ll_usb.o
    0x08006020   0x08006020   0x00000058   Code   RO         1187    i.USB_EPSetStall    stm32f4xx_ll_usb.o
    0x08006078   0x08006078   0x000001e4   Code   RO         1188    i.USB_EPStartXfer   stm32f4xx_ll_usb.o
    0x0800625c   0x0800625c   0x0000009c   Code   RO         1189    i.USB_EPStopXfer    stm32f4xx_ll_usb.o
    0x080062f8   0x080062f8   0x0000000c   Code   RO         1190    i.USB_EnableGlobalInt  stm32f4xx_ll_usb.o
    0x08006304   0x08006304   0x0000003c   Code   RO         1191    i.USB_FlushRxFifo   stm32f4xx_ll_usb.o
    0x08006340   0x08006340   0x00000040   Code   RO         1192    i.USB_FlushTxFifo   stm32f4xx_ll_usb.o
    0x08006380   0x08006380   0x0000001a   Code   RO         1194    i.USB_GetDevSpeed   stm32f4xx_ll_usb.o
    0x0800639a   0x0800639a   0x00000008   Code   RO         1196    i.USB_GetMode       stm32f4xx_ll_usb.o
    0x080063a2   0x080063a2   0x0000000e   Code   RO         1203    i.USB_ReadDevAllInEpInterrupt  stm32f4xx_ll_usb.o
    0x080063b0   0x080063b0   0x0000000e   Code   RO         1204    i.USB_ReadDevAllOutEpInterrupt  stm32f4xx_ll_usb.o
    0x080063be   0x080063be   0x00000024   Code   RO         1205    i.USB_ReadDevInEPInterrupt  stm32f4xx_ll_usb.o
    0x080063e2   0x080063e2   0x00000010   Code   RO         1206    i.USB_ReadDevOutEPInterrupt  stm32f4xx_ll_usb.o
    0x080063f2   0x080063f2   0x00000008   Code   RO         1207    i.USB_ReadInterrupts  stm32f4xx_ll_usb.o
    0x080063fa   0x080063fa   0x0000003e   Code   RO         1208    i.USB_ReadPacket    stm32f4xx_ll_usb.o
    0x08006438   0x08006438   0x0000005c   Code   RO         1210    i.USB_SetCurrentMode  stm32f4xx_ll_usb.o
    0x08006494   0x08006494   0x00000022   Code   RO         1211    i.USB_SetDevAddress  stm32f4xx_ll_usb.o
    0x080064b6   0x080064b6   0x00000002   PAD
    0x080064b8   0x080064b8   0x000000e8   Code   RO         1213    i.USB_SetTurnaroundTime  stm32f4xx_ll_usb.o
    0x080065a0   0x080065a0   0x00000026   Code   RO         1216    i.USB_WritePacket   stm32f4xx_ll_usb.o
    0x080065c6   0x080065c6   0x00000002   Code   RO          330    i.UsageFault_Handler  stm32f4xx_it.o
    0x080065c8   0x080065c8   0x00000020   Code   RO        10891    i.__0printf         mc_w.l(printfa.o)
    0x080065e8   0x080065e8   0x00000028   Code   RO        10893    i.__0sprintf        mc_w.l(printfa.o)
    0x08006610   0x08006610   0x00000020   Code   RO         2230    i.__NVIC_SetPriority  stm32f4xx_hal_cortex.o
    0x08006630   0x08006630   0x0000000e   Code   RO        11078    i.__scatterload_copy  mc_w.l(handlers.o)
    0x0800663e   0x0800663e   0x00000002   Code   RO        11079    i.__scatterload_null  mc_w.l(handlers.o)
    0x08006640   0x08006640   0x0000000e   Code   RO        11080    i.__scatterload_zeroinit  mc_w.l(handlers.o)
    0x0800664e   0x0800664e   0x00000002   PAD
    0x08006650   0x08006650   0x00000184   Code   RO        10898    i._fp_digits        mc_w.l(printfa.o)
    0x080067d4   0x080067d4   0x000006b4   Code   RO        10899    i._printf_core      mc_w.l(printfa.o)
    0x08006e88   0x08006e88   0x00000024   Code   RO        10900    i._printf_post_padding  mc_w.l(printfa.o)
    0x08006eac   0x08006eac   0x0000002e   Code   RO        10901    i._printf_pre_padding  mc_w.l(printfa.o)
    0x08006eda   0x08006eda   0x0000000a   Code   RO        10903    i._sputc            mc_w.l(printfa.o)
    0x08006ee4   0x08006ee4   0x00000074   Code   RO         9896    i.check_fs          ff.o
    0x08006f58   0x08006f58   0x00000010   Code   RO         9897    i.chk_chr           ff.o
    0x08006f68   0x08006f68   0x00000028   Code   RO         9898    i.clmt_clust        ff.o
    0x08006f90   0x08006f90   0x00000018   Code   RO         9899    i.clust2sect        ff.o
    0x08006fa8   0x08006fa8   0x000000ba   Code   RO         9900    i.create_chain      ff.o
    0x08007062   0x08007062   0x00000002   PAD
    0x08007064   0x08007064   0x00000124   Code   RO         9901    i.create_name       ff.o
    0x08007188   0x08007188   0x0000004a   Code   RO         9902    i.dir_alloc         ff.o
    0x080071d2   0x080071d2   0x00000058   Code   RO         9903    i.dir_find          ff.o
    0x0800722a   0x0800722a   0x00000126   Code   RO         9904    i.dir_next          ff.o
    0x08007350   0x08007350   0x0000006a   Code   RO         9905    i.dir_read          ff.o
    0x080073ba   0x080073ba   0x0000003c   Code   RO         9906    i.dir_register      ff.o
    0x080073f6   0x080073f6   0x000000a4   Code   RO         9908    i.dir_sdi           ff.o
    0x0800749a   0x0800749a   0x00000002   PAD
    0x0800749c   0x0800749c   0x0000002c   Code   RO         9841    i.disk_initialize   diskio.o
    0x080074c8   0x080074c8   0x0000001c   Code   RO         9842    i.disk_ioctl        diskio.o
    0x080074e4   0x080074e4   0x00000020   Code   RO         9843    i.disk_read         diskio.o
    0x08007504   0x08007504   0x00000018   Code   RO         9844    i.disk_status       diskio.o
    0x0800751c   0x0800751c   0x00000020   Code   RO         9845    i.disk_write        diskio.o
    0x0800753c   0x0800753c   0x00000020   Code   RO         9910    i.f_close           ff.o
    0x0800755c   0x0800755c   0x00000016   Code   RO         9911    i.f_closedir        ff.o
    0x08007572   0x08007572   0x000000e2   Code   RO         9913    i.f_getfree         ff.o
    0x08007654   0x08007654   0x00000052   Code   RO         9914    i.f_gets            ff.o
    0x080076a6   0x080076a6   0x00000002   PAD
    0x080076a8   0x080076a8   0x00000050   Code   RO         9918    i.f_mount           ff.o
    0x080076f8   0x080076f8   0x000001da   Code   RO         9919    i.f_open            ff.o
    0x080078d2   0x080078d2   0x00000074   Code   RO         9920    i.f_opendir         ff.o
    0x08007946   0x08007946   0x0000002a   Code   RO         9923    i.f_puts            ff.o
    0x08007970   0x08007970   0x00000188   Code   RO         9924    i.f_read            ff.o
    0x08007af8   0x08007af8   0x0000004a   Code   RO         9925    i.f_readdir         ff.o
    0x08007b42   0x08007b42   0x0000009a   Code   RO         9928    i.f_sync            ff.o
    0x08007bdc   0x08007bdc   0x000001c4   Code   RO         9931    i.f_write           ff.o
    0x08007da0   0x08007da0   0x000002d8   Code   RO         9932    i.find_volume       ff.o
    0x08008078   0x08008078   0x000000ae   Code   RO         9933    i.follow_path       ff.o
    0x08008126   0x08008126   0x00000002   PAD
    0x08008128   0x08008128   0x00000018   Code   RO           14    i.fputc             retarget.o
    0x08008140   0x08008140   0x000000c4   Code   RO         9934    i.get_fat           ff.o
    0x08008204   0x08008204   0x00000004   Code   RO         9800    i.get_fattime       fatfs.o
    0x08008208   0x08008208   0x0000006c   Code   RO         9935    i.get_fileinfo      ff.o
    0x08008274   0x08008274   0x0000004e   Code   RO         9936    i.get_ldnumber      ff.o
    0x080082c2   0x080082c2   0x00000026   Code   RO         9937    i.ld_clust          ff.o
    0x080082e8   0x080082e8   0x00000016   Code   RO         9938    i.ld_dword          ff.o
    0x080082fe   0x080082fe   0x0000000a   Code   RO         9939    i.ld_word           ff.o
    0x08008308   0x08008308   0x0000009c   Code   RO          173    i.main              main.o
    0x080083a4   0x080083a4   0x00000018   Code   RO         9940    i.mem_cmp           ff.o
    0x080083bc   0x080083bc   0x00000012   Code   RO         9941    i.mem_cpy           ff.o
    0x080083ce   0x080083ce   0x0000000c   Code   RO         9942    i.mem_set           ff.o
    0x080083da   0x080083da   0x00000034   Code   RO         9943    i.move_window       ff.o
    0x0800840e   0x0800840e   0x00000102   Code   RO         9944    i.put_fat           ff.o
    0x08008510   0x08008510   0x00000048   Code   RO         9945    i.putc_bfd          ff.o
    0x08008558   0x08008558   0x0000002a   Code   RO         9946    i.putc_flush        ff.o
    0x08008582   0x08008582   0x0000000a   Code   RO         9947    i.putc_init         ff.o
    0x0800858c   0x0800858c   0x0000007e   Code   RO         9948    i.remove_chain      ff.o
    0x0800860a   0x0800860a   0x00000028   Code   RO         9949    i.st_clust          ff.o
    0x08008632   0x08008632   0x00000014   Code   RO         9950    i.st_dword          ff.o
    0x08008646   0x08008646   0x0000000a   Code   RO         9951    i.st_word           ff.o
    0x08008650   0x08008650   0x0000008c   Code   RO         9952    i.sync_fs           ff.o
    0x080086dc   0x080086dc   0x00000056   Code   RO         9953    i.sync_window       ff.o
    0x08008732   0x08008732   0x00000038   Code   RO         9954    i.validate          ff.o
    0x0800876a   0x0800876a   0x00000024   Data   RO          627    .constdata          usbd_storage_if.o
    0x0800878e   0x0800878e   0x00000008   Data   RO         1947    .constdata          stm32f4xx_hal_dma.o
    0x08008796   0x08008796   0x00000010   Data   RO         3511    .constdata          system_stm32f4xx.o
    0x080087a6   0x080087a6   0x00000008   Data   RO         3512    .constdata          system_stm32f4xx.o
    0x080087ae   0x080087ae   0x00000002   PAD
    0x080087b0   0x080087b0   0x00000014   Data   RO         9742    .constdata          sd_diskio.o
    0x080087c4   0x080087c4   0x0000009c   Data   RO         9955    .constdata          ff.o
    0x08008860   0x08008860   0x00000020   Data   RO        11076    Region$$Table       anon$$obj.o


    Execution Region RW_IRAM1 (Exec base: 0x20000000, Load base: 0x08008880, Size: 0x000018a0, Max: 0x0001c000, ABSOLUTE, COMPRESSED[0x000000b4])

    Exec Addr    Load Addr    Size         Type   Attr      Idx    E Section Name        Object

    0x20000000   COMPRESSED   0x00000014   Data   RW          178    .data               main.o
    0x20000014   COMPRESSED   0x0000001c   Data   RW          543    .data               usbd_desc.o
    0x20000030   COMPRESSED   0x00000032   Data   RW          544    .data               usbd_desc.o
    0x20000062   COMPRESSED   0x00000002   PAD
    0x20000064   COMPRESSED   0x00000020   Data   RW          628    .data               usbd_storage_if.o
    0x20000084   COMPRESSED   0x0000000c   Data   RW         2374    .data               stm32f4xx_hal.o
    0x20000090   COMPRESSED   0x00000004   Data   RW         3513    .data               system_stm32f4xx.o
    0x20000094   COMPRESSED   0x00000001   Data   RW         3715    .data               usbd_ctlreq.o
    0x20000095   COMPRESSED   0x00000003   PAD
    0x20000098   COMPRESSED   0x00000038   Data   RW         3849    .data               usbd_msc.o
    0x200000d0   COMPRESSED   0x0000002e   Data   RW         3850    .data               usbd_msc.o
    0x200000fe   COMPRESSED   0x00000006   Data   RW         3995    .data               usbd_msc_data.o
    0x20000104   COMPRESSED   0x00000008   Data   RW         3996    .data               usbd_msc_data.o
    0x2000010c   COMPRESSED   0x00000017   Data   RW         3997    .data               usbd_msc_data.o
    0x20000123   COMPRESSED   0x0000001b   Data   RW         3998    .data               usbd_msc_data.o
    0x2000013e   COMPRESSED   0x00000001   Data   RW         9743    .data               sd_diskio.o
    0x2000013f   COMPRESSED   0x00000005   Data   RW         9803    .data               fatfs.o
    0x20000144   COMPRESSED   0x00000008   Data   RW         9956    .data               ff.o
    0x2000014c   COMPRESSED   0x00000004   Data   RW        10563    .data               mc_w.l(stdout.o)
    0x20000150        -       0x00000624   Zero   RW          174    .bss                main.o
    0x20000774        -       0x00000060   Zero   RW          175    .bss                main.o
    0x200007d4        -       0x00000060   Zero   RW          176    .bss                main.o
    0x20000834        -       0x000002dc   Zero   RW          471    .bss                usb_device.o
    0x20000b10        -       0x00000200   Zero   RW          542    .bss                usbd_desc.o
    0x20000d10        -       0x00000784   Zero   RW          712    .bss                usbd_conf.o
    0x20001494        -       0x0000000c   Zero   RW        10240    .bss                ff_gen_drv.o
    0x200014a0        -       0x00000400   Zero   RW            1    STACK               startup_stm32f407xx.o


    Execution Region RW_IRAM2 (Exec base: 0x2001c000, Load base: 0x08008934, Size: 0x00000000, Max: 0x00004000, ABSOLUTE)

    **** No section assigned to this execution region ****


==============================================================================

Image component sizes


      Code (inc. data)   RO Data    RW Data    ZI Data      Debug   Object Name

       162         26          0          0          0       4204   bsp_driver_sd.o
       160         26          0          0          0       4173   diskio.o
        32         12          0          5          0       1600   fatfs.o
      5926         58        156          8          0      53457   ff.o
        74          4          0          0         12       1799   ff_gen_drv.o
      1240        268          0         20       1764      16627   main.o
        24          4          0          0          0     690580   retarget.o
       236         16         20          1          0       5052   sd_diskio.o
        36          8        392          0       1024        856   startup_stm32f407xx.o
       180         28          0         12          0       9969   stm32f4xx_hal.o
       198         14          0          0          0      34567   stm32f4xx_hal_cortex.o
       934         16          8          0          0       6191   stm32f4xx_hal_dma.o
       474         46          0          0          0       2560   stm32f4xx_hal_gpio.o
       420         48          0          0          0       2622   stm32f4xx_hal_msp.o
      2664         14          0          0          0      15991   stm32f4xx_hal_pcd.o
        78          0          0          0          0       2837   stm32f4xx_hal_pcd_ex.o
      1340         82          0          0          0       6408   stm32f4xx_hal_rcc.o
      2480         34          0          0          0      13752   stm32f4xx_hal_sd.o
      1570         16          0          0          0      11604   stm32f4xx_hal_uart.o
        68         24          0          0          0       6318   stm32f4xx_it.o
      1648         50          0          0          0      25843   stm32f4xx_ll_sdmmc.o
      2888        136          0          0          0      26363   stm32f4xx_ll_usb.o
        16          4         24          4          0       1247   system_stm32f4xx.o
        84         18          0          0        732       5967   usb_device.o
       662         24          0          0       1924      18334   usbd_conf.o
       920          0          0          0          0      17251   usbd_core.o
      1332         28          0          1          0      15924   usbd_ctlreq.o
       282        100          0         78        512       6557   usbd_desc.o
       102          0          0          0          0       4292   usbd_ioreq.o
       698         26          0        102          0      10949   usbd_msc.o
       842         58          0          0          0       8614   usbd_msc_bot.o
         0          0          0         64          0       1077   usbd_msc_data.o
      2454         34          0          0          0      18716   usbd_msc_scsi.o
        38          0         36         32          0       4795   usbd_storage_if.o

    ----------------------------------------------------------------------
     30302       1222        670        332       5968    1057096   Object Totals
         0          0         32          0          0          0   (incl. Generated)
        40          0          2          5          0          0   (incl. Padding)

    ----------------------------------------------------------------------

      Code (inc. data)   RO Data    RW Data    ZI Data      Debug   Library Member Name

        86          0          0          0          0          0   __dczerorl2.o
         0          0          0          0          0          0   entry.o
         0          0          0          0          0          0   entry10a.o
         0          0          0          0          0          0   entry11a.o
         4          0          0          0          0          0   entry12b.o
         8          4          0          0          0          0   entry2.o
         4          0          0          0          0          0   entry5.o
         0          0          0          0          0          0   entry7b.o
         0          0          0          0          0          0   entry8b.o
         8          4          0          0          0          0   entry9a.o
        30          0          0          0          0          0   handlers.o
        36          8          0          0          0         68   init.o
         0          0          0          0          0          0   iusefp.o
        30          0          0          0          0         68   llshl.o
        36          0          0          0          0         68   llsshr.o
        32          0          0          0          0         68   llushr.o
        36          0          0          0          0         68   memcpya.o
        36          0          0          0          0        108   memseta.o
      2268         96          0          0          0        616   printfa.o
         0          0          0          4          0          0   stdout.o
        18          0          0          0          0         68   strcpy.o
        14          0          0          0          0         68   strlen.o
        44          0          0          0          0         80   uidiv.o
        98          0          0          0          0         92   uldiv.o
        48          0          0          0          0         68   cdrcmple.o
       334          0          0          0          0        148   dadd.o
       222          0          0          0          0        100   ddiv.o
       186          0          0          0          0        176   depilogue.o
        50          0          0          0          0         76   dfixui.o
        48          0          0          0          0         68   dfixul.o
        26          0          0          0          0         76   dfltui.o
       228          0          0          0          0         96   dmul.o
        38          0          0          0          0         68   f2d.o

    ----------------------------------------------------------------------
      3972        112          0          4          0       2248   Library Totals
         4          0          0          0          0          0   (incl. Padding)

    ----------------------------------------------------------------------

      Code (inc. data)   RO Data    RW Data    ZI Data      Debug   Library Name

      2788        112          0          4          0       1372   mc_w.l
      1180          0          0          0          0        876   mf_w.l

    ----------------------------------------------------------------------
      3972        112          0          4          0       2248   Library Totals

    ----------------------------------------------------------------------

==============================================================================


      Code (inc. data)   RO Data    RW Data    ZI Data      Debug   

     34274       1334        670        336       5968    1026232   Grand Totals
     34274       1334        670        180       5968    1026232   ELF Image Totals (compressed)
     34274       1334        670        180          0          0   ROM Totals

==============================================================================

    Total RO  Size (Code + RO Data)                34944 (  34.13kB)
    Total RW  Size (RW Data + ZI Data)              6304 (   6.16kB)
    Total ROM Size (Code + RO Data + RW Data)      35124 (  34.30kB)

==============================================================================

