Component: ARM Compiler 6.16 Tool: armlink [5dfeaa00]

==============================================================================

Section Cross References

    startup_stm32f407xx.o(RESET) refers to startup_stm32f407xx.o(STACK) for __initial_sp
    startup_stm32f407xx.o(RESET) refers to startup_stm32f407xx.o(.text) for Reset_Handler
    startup_stm32f407xx.o(RESET) refers to stm32f4xx_it.o(.text.NMI_Handler) for NMI_Handler
    startup_stm32f407xx.o(RESET) refers to stm32f4xx_it.o(.text.HardFault_Handler) for HardFault_Handler
    startup_stm32f407xx.o(RESET) refers to stm32f4xx_it.o(.text.MemManage_Handler) for MemManage_Handler
    startup_stm32f407xx.o(RESET) refers to stm32f4xx_it.o(.text.BusFault_Handler) for BusFault_Handler
    startup_stm32f407xx.o(RESET) refers to stm32f4xx_it.o(.text.UsageFault_Handler) for UsageFault_Handler
    startup_stm32f407xx.o(RESET) refers to stm32f4xx_it.o(.text.SVC_Handler) for SVC_Handler
    startup_stm32f407xx.o(RESET) refers to stm32f4xx_it.o(.text.DebugMon_Handler) for DebugMon_Handler
    startup_stm32f407xx.o(RESET) refers to stm32f4xx_it.o(.text.PendSV_Handler) for PendSV_Handler
    startup_stm32f407xx.o(RESET) refers to stm32f4xx_it.o(.text.SysTick_Handler) for SysTick_Handler
    startup_stm32f407xx.o(RESET) refers to stm32f4xx_it.o(.text.USART1_IRQHandler) for USART1_IRQHandler
    startup_stm32f407xx.o(RESET) refers to stm32f4xx_it.o(.text.OTG_FS_IRQHandler) for OTG_FS_IRQHandler
    startup_stm32f407xx.o(RESET) refers to stm32f4xx_it.o(.text.DMA2_Stream5_IRQHandler) for DMA2_Stream5_IRQHandler
    startup_stm32f407xx.o(RESET) refers to stm32f4xx_it.o(.text.DMA2_Stream7_IRQHandler) for DMA2_Stream7_IRQHandler
    startup_stm32f407xx.o(.text) refers to system_stm32f4xx.o(.text.SystemInit) for SystemInit
    startup_stm32f407xx.o(.text) refers to entry.o(.ARM.Collect$$$$00000000) for __main
    main.o(.text.fputc) refers to main.o(.bss.huart1) for huart1
    main.o(.text.fputc) refers to stm32f4xx_hal_uart.o(.text.HAL_UART_Transmit) for HAL_UART_Transmit
    main.o(.ARM.exidx.text.fputc) refers to main.o(.text.fputc) for [Anonymous Symbol]
    main.o(.ARM.exidx.text.UART_IRQHandlerEx) refers to main.o(.text.UART_IRQHandlerEx) for [Anonymous Symbol]
    main.o(.text.main) refers to stm32f4xx_hal.o(.text.HAL_Init) for HAL_Init
    main.o(.text.main) refers to main.o(.text.SystemClock_Config) for SystemClock_Config
    main.o(.text.main) refers to main.o(.text.MX_GPIO_Init) for MX_GPIO_Init
    main.o(.text.main) refers to main.o(.text.MX_DMA_Init) for MX_DMA_Init
    main.o(.text.main) refers to main.o(.text.MX_USART1_UART_Init) for MX_USART1_UART_Init
    main.o(.text.main) refers to main.o(.text.MX_CAN1_Init) for MX_CAN1_Init
    main.o(.text.main) refers to main.o(.text.MX_CAN2_Init) for MX_CAN2_Init
    main.o(.text.main) refers to main.o(.text.MX_I2C1_Init) for MX_I2C1_Init
    main.o(.text.main) refers to main.o(.text.MX_SPI2_Init) for MX_SPI2_Init
    main.o(.text.main) refers to main.o(.text.MX_USART2_Init) for MX_USART2_Init
    main.o(.text.main) refers to usb_device.o(.text.MX_USB_DEVICE_Init) for MX_USB_DEVICE_Init
    main.o(.text.main) refers to memseta.o(.text) for __aeabi_memclr4
    main.o(.text.main) refers to usb_device.o(.bss.hUsbDeviceFS) for hUsbDeviceFS
    main.o(.text.main) refers to stm32f4xx_hal.o(.text.HAL_Delay) for HAL_Delay
    main.o(.text.main) refers to usbd_customhid.o(.text.USBD_CUSTOM_HID_SendReport) for USBD_CUSTOM_HID_SendReport
    main.o(.ARM.exidx.text.main) refers to main.o(.text.main) for [Anonymous Symbol]
    main.o(.text.SystemClock_Config) refers to memseta.o(.text) for __aeabi_memclr4
    main.o(.text.SystemClock_Config) refers to stm32f4xx_hal_rcc.o(.text.HAL_RCC_OscConfig) for HAL_RCC_OscConfig
    main.o(.text.SystemClock_Config) refers to stm32f4xx_hal_rcc.o(.text.HAL_RCC_ClockConfig) for HAL_RCC_ClockConfig
    main.o(.text.SystemClock_Config) refers to main.o(.text.Error_Handler) for Error_Handler
    main.o(.ARM.exidx.text.SystemClock_Config) refers to main.o(.text.SystemClock_Config) for [Anonymous Symbol]
    main.o(.text.MX_GPIO_Init) refers to stm32f4xx_hal_gpio.o(.text.HAL_GPIO_WritePin) for HAL_GPIO_WritePin
    main.o(.text.MX_GPIO_Init) refers to stm32f4xx_hal_gpio.o(.text.HAL_GPIO_Init) for HAL_GPIO_Init
    main.o(.ARM.exidx.text.MX_GPIO_Init) refers to main.o(.text.MX_GPIO_Init) for [Anonymous Symbol]
    main.o(.text.MX_DMA_Init) refers to stm32f4xx_hal_cortex.o(.text.HAL_NVIC_SetPriority) for HAL_NVIC_SetPriority
    main.o(.text.MX_DMA_Init) refers to stm32f4xx_hal_cortex.o(.text.HAL_NVIC_EnableIRQ) for HAL_NVIC_EnableIRQ
    main.o(.ARM.exidx.text.MX_DMA_Init) refers to main.o(.text.MX_DMA_Init) for [Anonymous Symbol]
    main.o(.text.MX_USART1_UART_Init) refers to main.o(.bss.huart1) for huart1
    main.o(.text.MX_USART1_UART_Init) refers to stm32f4xx_hal_uart.o(.text.HAL_UART_Init) for HAL_UART_Init
[...]
    [Anonymous Symbol]                       0x08002bb0   Section        0  stm32f4xx_hal_uart.o(.text.UART_EndTransmit_IT)
    [Anonymous Symbol]                       0x08002bc8   Section        0  main.o(.text.UART_IRQHandlerEx)
    UART_Receive_IT                          0x08002bcd   Thumb Code   196  stm32f4xx_hal_uart.o(.text.UART_Receive_IT)
    [Anonymous Symbol]                       0x08002bcc   Section        0  stm32f4xx_hal_uart.o(.text.UART_Receive_IT)
    UART_SetConfig                           0x08002c91   Thumb Code   220  stm32f4xx_hal_uart.o(.text.UART_SetConfig)
    [Anonymous Symbol]                       0x08002c90   Section        0  stm32f4xx_hal_uart.o(.text.UART_SetConfig)
    UART_Transmit_IT                         0x08002d6d   Thumb Code    82  stm32f4xx_hal_uart.o(.text.UART_Transmit_IT)
    [Anonymous Symbol]                       0x08002d6c   Section        0  stm32f4xx_hal_uart.o(.text.UART_Transmit_IT)
    [Anonymous Symbol]                       0x08002dc0   Section        0  stm32f4xx_it.o(.text.USART1_IRQHandler)
    USART_SetConfig                          0x08002dd9   Thumb Code   180  stm32f4xx_hal_usart.o(.text.USART_SetConfig)
    [Anonymous Symbol]                       0x08002dd8   Section        0  stm32f4xx_hal_usart.o(.text.USART_SetConfig)
    USBD_CUSTOM_HID_DataIn                   0x08002e8d   Thumb Code    22  usbd_customhid.o(.text.USBD_CUSTOM_HID_DataIn)
    [Anonymous Symbol]                       0x08002e8c   Section        0  usbd_customhid.o(.text.USBD_CUSTOM_HID_DataIn)
    USBD_CUSTOM_HID_DataOut                  0x08002ea5   Thumb Code    36  usbd_customhid.o(.text.USBD_CUSTOM_HID_DataOut)
    [Anonymous Symbol]                       0x08002ea4   Section        0  usbd_customhid.o(.text.USBD_CUSTOM_HID_DataOut)
    USBD_CUSTOM_HID_DeInit                   0x08002ec9   Thumb Code    80  usbd_customhid.o(.text.USBD_CUSTOM_HID_DeInit)
    [Anonymous Symbol]                       0x08002ec8   Section        0  usbd_customhid.o(.text.USBD_CUSTOM_HID_DeInit)
    USBD_CUSTOM_HID_EP0_RxReady              0x08002f19   Thumb Code    46  usbd_customhid.o(.text.USBD_CUSTOM_HID_EP0_RxReady)
    [Anonymous Symbol]                       0x08002f18   Section        0  usbd_customhid.o(.text.USBD_CUSTOM_HID_EP0_RxReady)
    USBD_CUSTOM_HID_GetDeviceQualifierDesc   0x08002f49   Thumb Code    16  usbd_customhid.o(.text.USBD_CUSTOM_HID_GetDeviceQualifierDesc)
    [Anonymous Symbol]                       0x08002f48   Section        0  usbd_customhid.o(.text.USBD_CUSTOM_HID_GetDeviceQualifierDesc)
    USBD_CUSTOM_HID_GetFSCfgDesc             0x08002f59   Thumb Code    64  usbd_customhid.o(.text.USBD_CUSTOM_HID_GetFSCfgDesc)
    [Anonymous Symbol]                       0x08002f58   Section        0  usbd_customhid.o(.text.USBD_CUSTOM_HID_GetFSCfgDesc)
    USBD_CUSTOM_HID_GetHSCfgDesc             0x08002f99   Thumb Code    64  usbd_customhid.o(.text.USBD_CUSTOM_HID_GetHSCfgDesc)
    [Anonymous Symbol]                       0x08002f98   Section        0  usbd_customhid.o(.text.USBD_CUSTOM_HID_GetHSCfgDesc)
    USBD_CUSTOM_HID_GetOtherSpeedCfgDesc     0x08002fd9   Thumb Code    64  usbd_customhid.o(.text.USBD_CUSTOM_HID_GetOtherSpeedCfgDesc)
    [Anonymous Symbol]                       0x08002fd8   Section        0  usbd_customhid.o(.text.USBD_CUSTOM_HID_GetOtherSpeedCfgDesc)
    USBD_CUSTOM_HID_Init                     0x08003019   Thumb Code   128  usbd_customhid.o(.text.USBD_CUSTOM_HID_Init)
    [Anonymous Symbol]                       0x08003018   Section        0  usbd_customhid.o(.text.USBD_CUSTOM_HID_Init)
    [Anonymous Symbol]                       0x08003098   Section        0  usbd_customhid.o(.text.USBD_CUSTOM_HID_ReceivePacket)
    [Anonymous Symbol]                       0x080030b8   Section        0  usbd_customhid.o(.text.USBD_CUSTOM_HID_RegisterInterface)
    [Anonymous Symbol]                       0x080030d0   Section        0  usbd_customhid.o(.text.USBD_CUSTOM_HID_SendReport)
    USBD_CUSTOM_HID_Setup                    0x08003119   Thumb Code   336  usbd_customhid.o(.text.USBD_CUSTOM_HID_Setup)
    [Anonymous Symbol]                       0x08003118   Section        0  usbd_customhid.o(.text.USBD_CUSTOM_HID_Setup)
    [Anonymous Symbol]                       0x08003268   Section        0  usbd_core.o(.text.USBD_ClrClassConfig)
    USBD_ClrFeature                          0x0800327d   Thumb Code    38  usbd_ctlreq.o(.text.USBD_ClrFeature)
    [Anonymous Symbol]                       0x0800327c   Section        0  usbd_ctlreq.o(.text.USBD_ClrFeature)
    [Anonymous Symbol]                       0x080032a4   Section        0  usbd_core.o(.text.USBD_CoreFindEP)
    [Anonymous Symbol]                       0x080032a8   Section        0  usbd_core.o(.text.USBD_CoreFindIF)
    [Anonymous Symbol]                       0x080032ac   Section        0  usbd_ioreq.o(.text.USBD_CtlContinueRx)
    [Anonymous Symbol]                       0x080032bc   Section        0  usbd_ioreq.o(.text.USBD_CtlContinueSendData)
    [Anonymous Symbol]                       0x080032cc   Section        0  usbd_ctlreq.o(.text.USBD_CtlError)
    [Anonymous Symbol]                       0x080032e0   Section        0  usbd_ioreq.o(.text.USBD_CtlPrepareRx)
    [Anonymous Symbol]                       0x080032fc   Section        0  usbd_ioreq.o(.text.USBD_CtlReceiveStatus)
    [Anonymous Symbol]                       0x08003314   Section        0  usbd_ioreq.o(.text.USBD_CtlSendData)
    [Anonymous Symbol]                       0x08003330   Section        0  usbd_ioreq.o(.text.USBD_CtlSendStatus)
    [Anonymous Symbol]                       0x08003348   Section        0  usbd_desc.o(.text.USBD_FS_ConfigStrDescriptor)
    [Anonymous Symbol]                       0x08003374   Section        0  usbd_desc.o(.text.USBD_FS_DeviceDescriptor)
    [Anonymous Symbol]                       0x08003384   Section        0  usbd_desc.o(.text.USBD_FS_InterfaceStrDescriptor)
    [Anonymous Symbol]                       0x080033b4   Section        0  usbd_desc.o(.text.USBD_FS_LangIDStrDescriptor)
    [Anonymous Symbol]                       0x080033c4   Section        0  usbd_desc.o(.text.USBD_FS_ManufacturerStrDescriptor)
    [Anonymous Symbol]                       0x080033f0   Section        0  usbd_desc.o(.text.USBD_FS_ProductStrDescriptor)
    [Anonymous Symbol]                       0x08003428   Section        0  usbd_desc.o(.text.USBD_FS_SerialStrDescriptor)
    USBD_GetConfig                           0x0800343d   Thumb Code    48  usbd_ctlreq.o(.text.USBD_GetConfig)
    [Anonymous Symbol]                       0x0800343c   Section        0  usbd_ctlreq.o(.text.USBD_GetConfig)
    USBD_GetDescriptor                       0x0800346d   Thumb Code   262  usbd_ctlreq.o(.text.USBD_GetDescriptor)
    [Anonymous Symbol]                       0x0800346c   Section        0  usbd_ctlreq.o(.text.USBD_GetDescriptor)
    [Anonymous Symbol]                       0x08003574   Section        0  usbd_core.o(.text.USBD_GetEpDesc)
    USBD_GetLen                              0x080035c1   Thumb Code    30  usbd_ctlreq.o(.text.USBD_GetLen)
    [Anonymous Symbol]                       0x080035c0   Section        0  usbd_ctlreq.o(.text.USBD_GetLen)
    [Anonymous Symbol]                       0x080035e0   Section        0  usbd_core.o(.text.USBD_GetNextDesc)
    USBD_GetStatus                           0x080035ed   Thumb Code    50  usbd_ctlreq.o(.text.USBD_GetStatus)
    [Anonymous Symbol]                       0x080035ec   Section        0  usbd_ctlreq.o(.text.USBD_GetStatus)
    [Anonymous Symbol]                       0x08003620   Section        0  usbd_ctlreq.o(.text.USBD_GetString)
    [Anonymous Symbol]                       0x08003664   Section        0  usbd_conf.o(.text.USBD_Get_USB_Status)
    [Anonymous Symbol]                       0x08003680   Section        0  usbd_core.o(.text.USBD_Init)
    [Anonymous Symbol]                       0x080036b0   Section        0  usbd_conf.o(.text.USBD_LL_ClearStallEP)
    [Anonymous Symbol]                       0x080036c0   Section        0  usbd_conf.o(.text.USBD_LL_CloseEP)
    [Anonymous Symbol]                       0x080036d0   Section        0  usbd_core.o(.text.USBD_LL_DataInStage)
    [Anonymous Symbol]                       0x08003784   Section        0  usbd_core.o(.text.USBD_LL_DataOutStage)
    [Anonymous Symbol]                       0x080037fc   Section        0  usbd_core.o(.text.USBD_LL_DevConnected)
    [Anonymous Symbol]                       0x08003800   Section        0  usbd_core.o(.text.USBD_LL_DevDisconnected)
    [Anonymous Symbol]                       0x08003820   Section        0  usbd_conf.o(.text.USBD_LL_Init)
    [Anonymous Symbol]                       0x08003890   Section        0  usbd_conf.o(.text.USBD_LL_IsStallEP)
    [Anonymous Symbol]                       0x080038b0   Section        0  usbd_core.o(.text.USBD_LL_IsoINIncomplete)
    [Anonymous Symbol]                       0x080038d8   Section        0  usbd_core.o(.text.USBD_LL_IsoOUTIncomplete)
    [Anonymous Symbol]                       0x08003900   Section        0  usbd_conf.o(.text.USBD_LL_OpenEP)
    [Anonymous Symbol]                       0x08003918   Section        0  usbd_conf.o(.text.USBD_LL_PrepareReceive)
    [Anonymous Symbol]                       0x08003928   Section        0  usbd_core.o(.text.USBD_LL_Reset)
    [Anonymous Symbol]                       0x0800398c   Section        0  usbd_core.o(.text.USBD_LL_Resume)
    [Anonymous Symbol]                       0x080039a0   Section        0  usbd_core.o(.text.USBD_LL_SOF)
    [Anonymous Symbol]                       0x080039bc   Section        0  usbd_core.o(.text.USBD_LL_SetSpeed)
    [Anonymous Symbol]                       0x080039c4   Section        0  usbd_conf.o(.text.USBD_LL_SetUSBAddress)
    [Anonymous Symbol]                       0x080039d4   Section        0  usbd_core.o(.text.USBD_LL_SetupStage)
    [Anonymous Symbol]                       0x08003a2c   Section        0  usbd_conf.o(.text.USBD_LL_StallEP)
    [Anonymous Symbol]                       0x08003a3c   Section        0  usbd_conf.o(.text.USBD_LL_Start)
    [Anonymous Symbol]                       0x08003a4c   Section        0  usbd_core.o(.text.USBD_LL_Suspend)
    [Anonymous Symbol]                       0x08003a60   Section        0  usbd_conf.o(.text.USBD_LL_Transmit)
    [Anonymous Symbol]                       0x08003a70   Section        0  usbd_ctlreq.o(.text.USBD_ParseSetupRequest)
    [Anonymous Symbol]                       0x08003a98   Section        0  usbd_core.o(.text.USBD_RegisterClass)
    USBD_SetAddress                          0x08003add   Thumb Code    70  usbd_ctlreq.o(.text.USBD_SetAddress)
    [Anonymous Symbol]                       0x08003adc   Section        0  usbd_ctlreq.o(.text.USBD_SetAddress)
    [Anonymous Symbol]                       0x08003b24   Section        0  usbd_core.o(.text.USBD_SetClassConfig)
    USBD_SetConfig                           0x08003b39   Thumb Code   184  usbd_ctlreq.o(.text.USBD_SetConfig)
    [Anonymous Symbol]                       0x08003b38   Section        0  usbd_ctlreq.o(.text.USBD_SetConfig)
    USBD_SetFeature                          0x08003bf1   Thumb Code    42  usbd_ctlreq.o(.text.USBD_SetFeature)
    [Anonymous Symbol]                       0x08003bf0   Section        0  usbd_ctlreq.o(.text.USBD_SetFeature)
    [Anonymous Symbol]                       0x08003c1c   Section        0  usbd_core.o(.text.USBD_Start)
    [Anonymous Symbol]                       0x08003c24   Section        0  usbd_ctlreq.o(.text.USBD_StdDevReq)
    [Anonymous Symbol]                       0x08003c9c   Section        0  usbd_ctlreq.o(.text.USBD_StdEPReq)
    [Anonymous Symbol]                       0x08003e1c   Section        0  usbd_ctlreq.o(.text.USBD_StdItfReq)
    [Anonymous Symbol]                       0x08003e98   Section        0  usbd_conf.o(.text.USBD_static_free)
    [Anonymous Symbol]                       0x08003e9c   Section        0  usbd_conf.o(.text.USBD_static_malloc)
    [Anonymous Symbol]                       0x08003ea8   Section        0  stm32f4xx_ll_usb.o(.text.USB_ActivateEndpoint)
    [Anonymous Symbol]                       0x08003f40   Section        0  stm32f4xx_ll_usb.o(.text.USB_ActivateSetup)
    [Anonymous Symbol]                       0x08003f60   Section        0  stm32f4xx_ll_usb.o(.text.USB_CoreInit)
    USB_CoreReset                            0x08003fd9   Thumb Code    78  stm32f4xx_ll_usb.o(.text.USB_CoreReset)
    [Anonymous Symbol]                       0x08003fd8   Section        0  stm32f4xx_ll_usb.o(.text.USB_CoreReset)
    [Anonymous Symbol]                       0x08004028   Section        0  stm32f4xx_ll_usb.o(.text.USB_DeactivateEndpoint)
    [Anonymous Symbol]                       0x080040bc   Section        0  stm32f4xx_ll_usb.o(.text.USB_DevConnect)
    [Anonymous Symbol]                       0x080040dc   Section        0  stm32f4xx_ll_usb.o(.text.USB_DevDisconnect)
    [Anonymous Symbol]                       0x080040fc   Section        0  stm32f4xx_ll_usb.o(.text.USB_DevInit)
    [Anonymous Symbol]                       0x0800425c   Section        0  stm32f4xx_ll_usb.o(.text.USB_DisableGlobalInt)
    [Anonymous Symbol]                       0x0800426c   Section        0  stm32f4xx_ll_usb.o(.text.USB_EP0StartXfer)
    [Anonymous Symbol]                       0x08004368   Section        0  stm32f4xx_ll_usb.o(.text.USB_EP0_OutStart)
    [Anonymous Symbol]                       0x080043c4   Section        0  stm32f4xx_ll_usb.o(.text.USB_EPClearStall)
    [Anonymous Symbol]                       0x08004414   Section        0  stm32f4xx_ll_usb.o(.text.USB_EPSetStall)
    [Anonymous Symbol]                       0x08004464   Section        0  stm32f4xx_ll_usb.o(.text.USB_EPStartXfer)
    [Anonymous Symbol]                       0x08004618   Section        0  stm32f4xx_ll_usb.o(.text.USB_EPStopXfer)
    [Anonymous Symbol]                       0x080046a0   Section        0  stm32f4xx_ll_usb.o(.text.USB_EnableGlobalInt)
    [Anonymous Symbol]                       0x080046b0   Section        0  stm32f4xx_ll_usb.o(.text.USB_FlushRxFifo)
    [Anonymous Symbol]                       0x080046fc   Section        0  stm32f4xx_ll_usb.o(.text.USB_FlushTxFifo)
    [Anonymous Symbol]                       0x0800474c   Section        0  stm32f4xx_ll_usb.o(.text.USB_GetDevSpeed)
    [Anonymous Symbol]                       0x08004768   Section        0  stm32f4xx_ll_usb.o(.text.USB_GetMode)
    [Anonymous Symbol]                       0x08004770   Section        0  stm32f4xx_ll_usb.o(.text.USB_ReadDevAllInEpInterrupt)
    [Anonymous Symbol]                       0x08004780   Section        0  stm32f4xx_ll_usb.o(.text.USB_ReadDevAllOutEpInterrupt)
    [Anonymous Symbol]                       0x08004790   Section        0  stm32f4xx_ll_usb.o(.text.USB_ReadDevInEPInterrupt)
    [Anonymous Symbol]                       0x080047b4   Section        0  stm32f4xx_ll_usb.o(.text.USB_ReadDevOutEPInterrupt)
    [Anonymous Symbol]                       0x080047c4   Section        0  stm32f4xx_ll_usb.o(.text.USB_ReadInterrupts)
    [Anonymous Symbol]                       0x080047cc   Section        0  stm32f4xx_ll_usb.o(.text.USB_ReadPacket)
    [Anonymous Symbol]                       0x08004818   Section        0  stm32f4xx_ll_usb.o(.text.USB_SetCurrentMode)
    [Anonymous Symbol]                       0x08004880   Section        0  stm32f4xx_ll_usb.o(.text.USB_SetDevAddress)
    [Anonymous Symbol]                       0x080048a4   Section        0  stm32f4xx_ll_usb.o(.text.USB_SetDevSpeed)
    [Anonymous Symbol]                       0x080048b4   Section        0  stm32f4xx_ll_usb.o(.text.USB_SetTurnaroundTime)
    [Anonymous Symbol]                       0x080049cc   Section        0  stm32f4xx_ll_usb.o(.text.USB_WritePacket)
    [Anonymous Symbol]                       0x08004a00   Section        0  stm32f4xx_it.o(.text.UsageFault_Handler)
    __NVIC_EnableIRQ                         0x08004a05   Thumb Code    32  stm32f4xx_hal_cortex.o(.text.__NVIC_EnableIRQ)
    [Anonymous Symbol]                       0x08004a04   Section        0  stm32f4xx_hal_cortex.o(.text.__NVIC_EnableIRQ)
    __NVIC_GetPriorityGrouping               0x08004a25   Thumb Code    16  stm32f4xx_hal_cortex.o(.text.__NVIC_GetPriorityGrouping)
    [Anonymous Symbol]                       0x08004a24   Section        0  stm32f4xx_hal_cortex.o(.text.__NVIC_GetPriorityGrouping)
    __NVIC_SetPriority                       0x08004a35   Thumb Code    34  stm32f4xx_hal_cortex.o(.text.__NVIC_SetPriority)
    [Anonymous Symbol]                       0x08004a34   Section        0  stm32f4xx_hal_cortex.o(.text.__NVIC_SetPriority)
    __NVIC_SetPriorityGrouping               0x08004a59   Thumb Code    32  stm32f4xx_hal_cortex.o(.text.__NVIC_SetPriorityGrouping)
    [Anonymous Symbol]                       0x08004a58   Section        0  stm32f4xx_hal_cortex.o(.text.__NVIC_SetPriorityGrouping)
    [Anonymous Symbol]                       0x08004a78   Section        0  main.o(.text.main)
    i.__scatterload_copy                     0x08004ade   Section       14  handlers.o(i.__scatterload_copy)
    i.__scatterload_null                     0x08004aec   Section        2  handlers.o(i.__scatterload_null)
    i.__scatterload_zeroinit                 0x08004aee   Section       14  handlers.o(i.__scatterload_zeroinit)
    CUSTOM_HID_ReportDesc_FS                 0x20000000   Data          30  usbd_custom_hid_if.o(.data.CUSTOM_HID_ReportDesc_FS)
    [Anonymous Symbol]                       0x20000000   Section        0  usbd_custom_hid_if.o(.data.CUSTOM_HID_ReportDesc_FS)
    USBD_CUSTOM_HID_CfgDesc                  0x20000078   Data          41  usbd_customhid.o(.data.USBD_CUSTOM_HID_CfgDesc)
    [Anonymous Symbol]                       0x20000078   Section        0  usbd_customhid.o(.data.USBD_CUSTOM_HID_CfgDesc)
    USBD_CUSTOM_HID_Desc                     0x200000a4   Data           9  usbd_customhid.o(.data.USBD_CUSTOM_HID_Desc)
    [Anonymous Symbol]                       0x200000a4   Section        0  usbd_customhid.o(.data.USBD_CUSTOM_HID_Desc)
    USBD_CUSTOM_HID_DeviceQualifierDesc      0x200000b0   Data          10  usbd_customhid.o(.data.USBD_CUSTOM_HID_DeviceQualifierDesc)
    [Anonymous Symbol]                       0x200000b0   Section        0  usbd_customhid.o(.data.USBD_CUSTOM_HID_DeviceQualifierDesc)
    HAL_RCC_CAN1_CLK_ENABLED                 0x20000108   Data           4  stm32f4xx_hal_msp.o(.bss.HAL_RCC_CAN1_CLK_ENABLED)
    [Anonymous Symbol]                       0x20000108   Section        0  stm32f4xx_hal_msp.o(.bss.HAL_RCC_CAN1_CLK_ENABLED)
    USBD_SetConfig.cfgidx                    0x2000010c   Data           1  usbd_ctlreq.o(.bss.USBD_SetConfig.cfgidx)
    [Anonymous Symbol]                       0x2000010c   Section        0  usbd_ctlreq.o(.bss.USBD_SetConfig.cfgidx)
    USBD_static_malloc.mem                   0x20000310   Data          88  usbd_conf.o(.bss.USBD_static_malloc.mem)
    [Anonymous Symbol]                       0x20000310   Section        0  usbd_conf.o(.bss.USBD_static_malloc.mem)
    STACK                                    0x20000d98   Section     1024  startup_stm32f407xx.o(STACK)

    Global Symbols

    Symbol Name                              Value     Ov Type        Size  Object(Section)

    BuildAttributes$$THM_ISAv4$E$P$D$K$B$S$7EM$VFPi3$EXTD16$VFPS$VFMA$PE$A:L22UL41UL21$X:L11$S22US41US21$IEEE1$IW$~IW$USESV6$~STKCKD$USESV7$~SHL$OTIME$EBA8$MICROLIB$REQ8$PRES8$EABIv2 0x00000000   Number         0  anon$$obj.o ABSOLUTE
    __cpp_initialize__aeabi_                  - Undefined Weak Reference
    __cxa_finalize                            - Undefined Weak Reference
    __decompress                              - Undefined Weak Reference
    _clock_init                               - Undefined Weak Reference
    _microlib_exit                            - Undefined Weak Reference
    __Vectors_Size                           0x00000188   Number         0  startup_stm32f407xx.o ABSOLUTE
    __Vectors                                0x08000000   Data           4  startup_stm32f407xx.o(RESET)
    __Vectors_End                            0x08000188   Data           0  startup_stm32f407xx.o(RESET)
    __main                                   0x08000189   Thumb Code     0  entry.o(.ARM.Collect$$$$00000000)
    _main_stk                                0x08000189   Thumb Code     0  entry2.o(.ARM.Collect$$$$00000001)
    _main_scatterload                        0x0800018d   Thumb Code     0  entry5.o(.ARM.Collect$$$$00000004)
    __main_after_scatterload                 0x08000191   Thumb Code     0  entry5.o(.ARM.Collect$$$$00000004)
    _main_clock                              0x08000191   Thumb Code     0  entry7b.o(.ARM.Collect$$$$00000008)
    _main_cpp_init                           0x08000191   Thumb Code     0  entry8b.o(.ARM.Collect$$$$0000000A)
    _main_init                               0x08000191   Thumb Code     0  entry9a.o(.ARM.Collect$$$$0000000B)
    __rt_final_cpp                           0x08000199   Thumb Code     0  entry10a.o(.ARM.Collect$$$$0000000D)
    __rt_final_exit                          0x08000199   Thumb Code     0  entry11a.o(.ARM.Collect$$$$0000000F)
    Reset_Handler                            0x0800019d   Thumb Code     8  startup_stm32f407xx.o(.text)
    ADC_IRQHandler                           0x080001b7   Thumb Code     0  startup_stm32f407xx.o(.text)
    CAN1_RX0_IRQHandler                      0x080001b7   Thumb Code     0  startup_stm32f407xx.o(.text)
    CAN1_RX1_IRQHandler                      0x080001b7   Thumb Code     0  startup_stm32f407xx.o(.text)
    CAN1_SCE_IRQHandler                      0x080001b7   Thumb Code     0  startup_stm32f407xx.o(.text)
    CAN1_TX_IRQHandler                       0x080001b7   Thumb Code     0  startup_stm32f407xx.o(.text)
    CAN2_RX0_IRQHandler                      0x080001b7   Thumb Code     0  startup_stm32f407xx.o(.text)
    CAN2_RX1_IRQHandler                      0x080001b7   Thumb Code     0  startup_stm32f407xx.o(.text)
    CAN2_SCE_IRQHandler                      0x080001b7   Thumb Code     0  startup_stm32f407xx.o(.text)
    CAN2_TX_IRQHandler                       0x080001b7   Thumb Code     0  startup_stm32f407xx.o(.text)
    DCMI_IRQHandler                          0x080001b7   Thumb Code     0  startup_stm32f407xx.o(.text)
    DMA1_Stream0_IRQHandler                  0x080001b7   Thumb Code     0  startup_stm32f407xx.o(.text)
    DMA1_Stream1_IRQHandler                  0x080001b7   Thumb Code     0  startup_stm32f407xx.o(.text)
    DMA1_Stream2_IRQHandler                  0x080001b7   Thumb Code     0  startup_stm32f407xx.o(.text)
    DMA1_Stream3_IRQHandler                  0x080001b7   Thumb Code     0  startup_stm32f407xx.o(.text)
    DMA1_Stream4_IRQHandler                  0x080001b7   Thumb Code     0  startup_stm32f407xx.o(.text)
    DMA1_Stream5_IRQHandler                  0x080001b7   Thumb Code     0  startup_stm32f407xx.o(.text)
    DMA1_Stream6_IRQHandler                  0x080001b7   Thumb Code     0  startup_stm32f407xx.o(.text)
    DMA1_Stream7_IRQHandler                  0x080001b7   Thumb Code     0  startup_stm32f407xx.o(.text)
    DMA2_Stream0_IRQHandler                  0x080001b7   Thumb Code     0  startup_stm32f407xx.o(.text)
    DMA2_Stream1_IRQHandler                  0x080001b7   Thumb Code     0  startup_stm32f407xx.o(.text)
    DMA2_Stream2_IRQHandler                  0x080001b7   Thumb Code     0  startup_stm32f407xx.o(.text)
    DMA2_Stream3_IRQHandler                  0x080001b7   Thumb Code     0  startup_stm32f407xx.o(.text)
    DMA2_Stream4_IRQHandler                  0x080001b7   Thumb Code     0  startup_stm32f407xx.o(.text)
    DMA2_Stream6_IRQHandler                  0x080001b7   Thumb Code     0  startup_stm32f407xx.o(.text)
    ETH_IRQHandler                           0x080001b7   Thumb Code     0  startup_stm32f407xx.o(.text)
    ETH_WKUP_IRQHandler                      0x080001b7   Thumb Code     0  startup_stm32f407xx.o(.text)
    EXTI0_IRQHandler                         0x080001b7   Thumb Code     0  startup_stm32f407xx.o(.text)
    EXTI15_10_IRQHandler                     0x080001b7   Thumb Code     0  startup_stm32f407xx.o(.text)
    EXTI1_IRQHandler                         0x080001b7   Thumb Code     0  startup_stm32f407xx.o(.text)
    EXTI2_IRQHandler                         0x080001b7   Thumb Code     0  startup_stm32f407xx.o(.text)
    EXTI3_IRQHandler                         0x080001b7   Thumb Code     0  startup_stm32f407xx.o(.text)
    EXTI4_IRQHandler                         0x080001b7   Thumb Code     0  startup_stm32f407xx.o(.text)
    EXTI9_5_IRQHandler                       0x080001b7   Thumb Code     0  startup_stm32f407xx.o(.text)
    FLASH_IRQHandler                         0x080001b7   Thumb Code     0  startup_stm32f407xx.o(.text)
    FMC_IRQHandler                           0x080001b7   Thumb Code     0  startup_stm32f407xx.o(.text)
    FPU_IRQHandler                           0x080001b7   Thumb Code     0  startup_stm32f407xx.o(.text)
    HASH_RNG_IRQHandler                      0x080001b7   Thumb Code     0  startup_stm32f407xx.o(.text)
    I2C1_ER_IRQHandler                       0x080001b7   Thumb Code     0  startup_stm32f407xx.o(.text)
    I2C1_EV_IRQHandler                       0x080001b7   Thumb Code     0  startup_stm32f407xx.o(.text)
    I2C2_ER_IRQHandler                       0x080001b7   Thumb Code     0  startup_stm32f407xx.o(.text)
    I2C2_EV_IRQHandler                       0x080001b7   Thumb Code     0  startup_stm32f407xx.o(.text)
    I2C3_ER_IRQHandler                       0x080001b7   Thumb Code     0  startup_stm32f407xx.o(.text)
    I2C3_EV_IRQHandler                       0x080001b7   Thumb Code     0  startup_stm32f407xx.o(.text)
    OTG_FS_WKUP_IRQHandler                   0x080001b7   Thumb Code     0  startup_stm32f407xx.o(.text)
    OTG_HS_EP1_IN_IRQHandler                 0x080001b7   Thumb Code     0  startup_stm32f407xx.o(.text)
    OTG_HS_EP1_OUT_IRQHandler                0x080001b7   Thumb Code     0  startup_stm32f407xx.o(.text)
    OTG_HS_IRQHandler                        0x080001b7   Thumb Code     0  startup_stm32f407xx.o(.text)
    OTG_HS_WKUP_IRQHandler                   0x080001b7   Thumb Code     0  startup_stm32f407xx.o(.text)
    PVD_IRQHandler                           0x080001b7   Thumb Code     0  startup_stm32f407xx.o(.text)
    RCC_IRQHandler                           0x080001b7   Thumb Code     0  startup_stm32f407xx.o(.text)
    RTC_Alarm_IRQHandler                     0x080001b7   Thumb Code     0  startup_stm32f407xx.o(.text)
    RTC_WKUP_IRQHandler                      0x080001b7   Thumb Code     0  startup_stm32f407xx.o(.text)
    SDIO_IRQHandler                          0x080001b7   Thumb Code     0  startup_stm32f407xx.o(.text)
    SPI1_IRQHandler                          0x080001b7   Thumb Code     0  startup_stm32f407xx.o(.text)
    SPI2_IRQHandler                          0x080001b7   Thumb Code     0  startup_stm32f407xx.o(.text)
    SPI3_IRQHandler                          0x080001b7   Thumb Code     0  startup_stm32f407xx.o(.text)
    TAMP_STAMP_IRQHandler                    0x080001b7   Thumb Code     0  startup_stm32f407xx.o(.text)
    TIM1_BRK_TIM9_IRQHandler                 0x080001b7   Thumb Code     0  startup_stm32f407xx.o(.text)
    TIM1_CC_IRQHandler                       0x080001b7   Thumb Code     0  startup_stm32f407xx.o(.text)
    TIM1_TRG_COM_TIM11_IRQHandler            0x080001b7   Thumb Code     0  startup_stm32f407xx.o(.text)
    TIM1_UP_TIM10_IRQHandler                 0x080001b7   Thumb Code     0  startup_stm32f407xx.o(.text)
    TIM2_IRQHandler                          0x080001b7   Thumb Code     0  startup_stm32f407xx.o(.text)
    TIM3_IRQHandler                          0x080001b7   Thumb Code     0  startup_stm32f407xx.o(.text)
    TIM4_IRQHandler                          0x080001b7   Thumb Code     0  startup_stm32f407xx.o(.text)
    TIM5_IRQHandler                          0x080001b7   Thumb Code     0  startup_stm32f407xx.o(.text)
    TIM6_DAC_IRQHandler                      0x080001b7   Thumb Code     0  startup_stm32f407xx.o(.text)
    TIM7_IRQHandler                          0x080001b7   Thumb Code     0  startup_stm32f407xx.o(.text)
    TIM8_BRK_TIM12_IRQHandler                0x080001b7   Thumb Code     0  startup_stm32f407xx.o(.text)
    TIM8_CC_IRQHandler                       0x080001b7   Thumb Code     0  startup_stm32f407xx.o(.text)
    TIM8_TRG_COM_TIM14_IRQHandler            0x080001b7   Thumb Code     0  startup_stm32f407xx.o(.text)
    TIM8_UP_TIM13_IRQHandler                 0x080001b7   Thumb Code     0  startup_stm32f407xx.o(.text)
    UART4_IRQHandler                         0x080001b7   Thumb Code     0  startup_stm32f407xx.o(.text)
    UART5_IRQHandler                         0x080001b7   Thumb Code     0  startup_stm32f407xx.o(.text)
    USART2_IRQHandler                        0x080001b7   Thumb Code     0  startup_stm32f407xx.o(.text)
    USART3_IRQHandler                        0x080001b7   Thumb Code     0  startup_stm32f407xx.o(.text)
    USART6_IRQHandler                        0x080001b7   Thumb Code     0  startup_stm32f407xx.o(.text)
    WWDG_IRQHandler                          0x080001b7   Thumb Code     0  startup_stm32f407xx.o(.text)
    __aeabi_uldivmod                         0x080001c1   Thumb Code    98  uldiv.o(.text)
    __aeabi_memset                           0x08000223   Thumb Code    14  memseta.o(.text)
    __aeabi_memset4                          0x08000223   Thumb Code     0  memseta.o(.text)
    __aeabi_memset8                          0x08000223   Thumb Code     0  memseta.o(.text)
    __aeabi_memclr                           0x08000231   Thumb Code     4  memseta.o(.text)
    __aeabi_memclr4                          0x08000231   Thumb Code     0  memseta.o(.text)
    __aeabi_memclr8                          0x08000231   Thumb Code     0  memseta.o(.text)
    _memset$wrapper                          0x08000235   Thumb Code    18  memseta.o(.text)
    __aeabi_llsl                             0x08000247   Thumb Code    30  llshl.o(.text)
    _ll_shift_l                              0x08000247   Thumb Code     0  llshl.o(.text)
    __aeabi_llsr                             0x08000265   Thumb Code    32  llushr.o(.text)
    _ll_ushift_r                             0x08000265   Thumb Code     0  llushr.o(.text)
    __scatterload                            0x08000285   Thumb Code    28  init.o(.text)
    __scatterload_rt2                        0x08000285   Thumb Code     0  init.o(.text)
    BusFault_Handler                         0x080002a9   Thumb Code     2  stm32f4xx_it.o(.text.BusFault_Handler)
    DMA2_Stream5_IRQHandler                  0x080002cd   Thumb Code    16  stm32f4xx_it.o(.text.DMA2_Stream5_IRQHandler)
    DMA2_Stream7_IRQHandler                  0x080002dd   Thumb Code    16  stm32f4xx_it.o(.text.DMA2_Stream7_IRQHandler)
    DebugMon_Handler                         0x08000379   Thumb Code     2  stm32f4xx_it.o(.text.DebugMon_Handler)
    Error_Handler                            0x0800037d   Thumb Code    10  main.o(.text.Error_Handler)
    HAL_CAN_Init                             0x080003bd   Thumb Code   244  stm32f4xx_hal_can.o(.text.HAL_CAN_Init)
    HAL_CAN_MspInit                          0x080004b1   Thumb Code   266  stm32f4xx_hal_msp.o(.text.HAL_CAN_MspInit)
    HAL_DMA_Abort                            0x080005bd   Thumb Code   128  stm32f4xx_hal_dma.o(.text.HAL_DMA_Abort)
    HAL_DMA_Abort_IT                         0x0800063d   Thumb Code    36  stm32f4xx_hal_dma.o(.text.HAL_DMA_Abort_IT)
    HAL_DMA_IRQHandler                       0x08000661   Thumb Code   396  stm32f4xx_hal_dma.o(.text.HAL_DMA_IRQHandler)
    HAL_DMA_Init                             0x080007ed   Thumb Code   206  stm32f4xx_hal_dma.o(.text.HAL_DMA_Init)
    HAL_Delay                                0x080008bd   Thumb Code    40  stm32f4xx_hal.o(.text.HAL_Delay)
    HAL_GPIO_Init                            0x080008e5   Thumb Code   410  stm32f4xx_hal_gpio.o(.text.HAL_GPIO_Init)
    HAL_GPIO_WritePin                        0x08000a81   Thumb Code    10  stm32f4xx_hal_gpio.o(.text.HAL_GPIO_WritePin)
    HAL_GetTick                              0x08000a8d   Thumb Code    12  stm32f4xx_hal.o(.text.HAL_GetTick)
    HAL_I2C_Init                             0x08000a99   Thumb Code   408  stm32f4xx_hal_i2c.o(.text.HAL_I2C_Init)
    HAL_I2C_MspInit                          0x08000c31   Thumb Code   116  stm32f4xx_hal_msp.o(.text.HAL_I2C_MspInit)
    HAL_IncTick                              0x08000ca5   Thumb Code    26  stm32f4xx_hal.o(.text.HAL_IncTick)
    HAL_Init                                 0x08000cc1   Thumb Code    54  stm32f4xx_hal.o(.text.HAL_Init)
    HAL_InitTick                             0x08000cf9   Thumb Code    80  stm32f4xx_hal.o(.text.HAL_InitTick)
    HAL_MspInit                              0x08000d49   Thumb Code    56  stm32f4xx_hal_msp.o(.text.HAL_MspInit)
    HAL_NVIC_EnableIRQ                       0x08000d81   Thumb Code     8  stm32f4xx_hal_cortex.o(.text.HAL_NVIC_EnableIRQ)
    HAL_NVIC_SetPriority                     0x08000d89   Thumb Code    30  stm32f4xx_hal_cortex.o(.text.HAL_NVIC_SetPriority)
    HAL_NVIC_SetPriorityGrouping             0x08000da9   Thumb Code     8  stm32f4xx_hal_cortex.o(.text.HAL_NVIC_SetPriorityGrouping)
    HAL_PCDEx_LPM_Callback                   0x08000db1   Thumb Code     2  stm32f4xx_hal_pcd_ex.o(.text.HAL_PCDEx_LPM_Callback)
    HAL_PCDEx_SetRxFiFo                      0x08000db5   Thumb Code     8  stm32f4xx_hal_pcd_ex.o(.text.HAL_PCDEx_SetRxFiFo)
    HAL_PCDEx_SetTxFiFo                      0x08000dbd   Thumb Code    80  stm32f4xx_hal_pcd_ex.o(.text.HAL_PCDEx_SetTxFiFo)
    HAL_PCD_ConnectCallback                  0x08000e0d   Thumb Code    12  usbd_conf.o(.text.HAL_PCD_ConnectCallback)
    HAL_PCD_DataInStageCallback              0x08000e19   Thumb Code    24  usbd_conf.o(.text.HAL_PCD_DataInStageCallback)
    HAL_PCD_DataOutStageCallback             0x08000e31   Thumb Code    26  usbd_conf.o(.text.HAL_PCD_DataOutStageCallback)
    HAL_PCD_DisconnectCallback               0x08000e4d   Thumb Code    12  usbd_conf.o(.text.HAL_PCD_DisconnectCallback)
    HAL_PCD_EP_Abort                         0x08000e59   Thumb Code    36  stm32f4xx_hal_pcd.o(.text.HAL_PCD_EP_Abort)
    HAL_PCD_EP_Close                         0x08000e7d   Thumb Code    76  stm32f4xx_hal_pcd.o(.text.HAL_PCD_EP_Close)
    HAL_PCD_EP_ClrStall                      0x08000ec9   Thumb Code    98  stm32f4xx_hal_pcd.o(.text.HAL_PCD_EP_ClrStall)
    HAL_PCD_EP_Open                          0x08000f2d   Thumb Code    96  stm32f4xx_hal_pcd.o(.text.HAL_PCD_EP_Open)
    HAL_PCD_EP_Receive                       0x08000f8d   Thumb Code    76  stm32f4xx_hal_pcd.o(.text.HAL_PCD_EP_Receive)
    HAL_PCD_EP_SetStall                      0x08000fd9   Thumb Code   110  stm32f4xx_hal_pcd.o(.text.HAL_PCD_EP_SetStall)
    HAL_PCD_EP_Transmit                      0x08001049   Thumb Code    68  stm32f4xx_hal_pcd.o(.text.HAL_PCD_EP_Transmit)
    HAL_PCD_IRQHandler                       0x0800108d   Thumb Code  1458  stm32f4xx_hal_pcd.o(.text.HAL_PCD_IRQHandler)
    HAL_PCD_ISOINIncompleteCallback          0x08001641   Thumb Code    12  usbd_conf.o(.text.HAL_PCD_ISOINIncompleteCallback)
    HAL_PCD_ISOOUTIncompleteCallback         0x0800164d   Thumb Code    12  usbd_conf.o(.text.HAL_PCD_ISOOUTIncompleteCallback)
    HAL_PCD_Init                             0x08001659   Thumb Code   322  stm32f4xx_hal_pcd.o(.text.HAL_PCD_Init)
    HAL_PCD_MspInit                          0x0800179d   Thumb Code   136  usbd_conf.o(.text.HAL_PCD_MspInit)
    HAL_PCD_ResetCallback                    0x08001825   Thumb Code    40  usbd_conf.o(.text.HAL_PCD_ResetCallback)
    HAL_PCD_ResumeCallback                   0x0800184d   Thumb Code    12  usbd_conf.o(.text.HAL_PCD_ResumeCallback)
    HAL_PCD_SOFCallback                      0x08001859   Thumb Code    12  usbd_conf.o(.text.HAL_PCD_SOFCallback)
    HAL_PCD_SetAddress                       0x08001865   Thumb Code    40  stm32f4xx_hal_pcd.o(.text.HAL_PCD_SetAddress)
    HAL_PCD_SetupStageCallback               0x0800188d   Thumb Code    18  usbd_conf.o(.text.HAL_PCD_SetupStageCallback)
    HAL_PCD_Start                            0x080018a1   Thumb Code    62  stm32f4xx_hal_pcd.o(.text.HAL_PCD_Start)
    HAL_PCD_SuspendCallback                  0x080018e1   Thumb Code    52  usbd_conf.o(.text.HAL_PCD_SuspendCallback)
    HAL_RCC_ClockConfig                      0x08001915   Thumb Code   352  stm32f4xx_hal_rcc.o(.text.HAL_RCC_ClockConfig)
    HAL_RCC_GetHCLKFreq                      0x08001a75   Thumb Code    12  stm32f4xx_hal_rcc.o(.text.HAL_RCC_GetHCLKFreq)
    HAL_RCC_GetPCLK1Freq                     0x08001a81   Thumb Code    34  stm32f4xx_hal_rcc.o(.text.HAL_RCC_GetPCLK1Freq)
    HAL_RCC_GetPCLK2Freq                     0x08001aa5   Thumb Code    34  stm32f4xx_hal_rcc.o(.text.HAL_RCC_GetPCLK2Freq)
    HAL_RCC_GetSysClockFreq                  0x08001ac9   Thumb Code   104  stm32f4xx_hal_rcc.o(.text.HAL_RCC_GetSysClockFreq)
    HAL_RCC_OscConfig                        0x08001b31   Thumb Code   840  stm32f4xx_hal_rcc.o(.text.HAL_RCC_OscConfig)
    HAL_SPI_Init                             0x08001e79   Thumb Code   180  stm32f4xx_hal_spi.o(.text.HAL_SPI_Init)
    HAL_SPI_MspInit                          0x08001f2d   Thumb Code   172  stm32f4xx_hal_msp.o(.text.HAL_SPI_MspInit)
    HAL_SYSTICK_Config                       0x08001fd9   Thumb Code     8  stm32f4xx_hal_cortex.o(.text.HAL_SYSTICK_Config)
    HAL_UARTEx_RxEventCallback               0x08001fe1   Thumb Code     2  stm32f4xx_hal_uart.o(.text.HAL_UARTEx_RxEventCallback)
    HAL_UART_ErrorCallback                   0x08001fe5   Thumb Code     2  stm32f4xx_hal_uart.o(.text.HAL_UART_ErrorCallback)
    HAL_UART_IRQHandler                      0x08001fe9   Thumb Code   570  stm32f4xx_hal_uart.o(.text.HAL_UART_IRQHandler)
    HAL_UART_Init                            0x08002225   Thumb Code    94  stm32f4xx_hal_uart.o(.text.HAL_UART_Init)
    HAL_UART_MspInit                         0x08002285   Thumb Code   262  stm32f4xx_hal_msp.o(.text.HAL_UART_MspInit)
    HAL_UART_RxCpltCallback                  0x0800238d   Thumb Code     2  stm32f4xx_hal_uart.o(.text.HAL_UART_RxCpltCallback)
    HAL_UART_TxCpltCallback                  0x08002391   Thumb Code     2  stm32f4xx_hal_uart.o(.text.HAL_UART_TxCpltCallback)
    HAL_USART_Init                           0x08002395   Thumb Code    80  stm32f4xx_hal_usart.o(.text.HAL_USART_Init)
    HAL_USART_MspInit                        0x080023e5   Thumb Code   170  stm32f4xx_hal_msp.o(.text.HAL_USART_MspInit)
    HardFault_Handler                        0x08002491   Thumb Code     2  stm32f4xx_it.o(.text.HardFault_Handler)
    MX_USB_DEVICE_Init                       0x080027a9   Thumb Code   110  usb_device.o(.text.MX_USB_DEVICE_Init)
    MemManage_Handler                        0x08002819   Thumb Code     2  stm32f4xx_it.o(.text.MemManage_Handler)
    NMI_Handler                              0x0800281d   Thumb Code     2  stm32f4xx_it.o(.text.NMI_Handler)
    OTG_FS_IRQHandler                        0x0800284d   Thumb Code    16  stm32f4xx_it.o(.text.OTG_FS_IRQHandler)
    PendSV_Handler                           0x08002a51   Thumb Code     2  stm32f4xx_it.o(.text.PendSV_Handler)
    SVC_Handler                              0x08002a55   Thumb Code     2  stm32f4xx_it.o(.text.SVC_Handler)
    SysTick_Handler                          0x08002a8d   Thumb Code     8  stm32f4xx_it.o(.text.SysTick_Handler)
    SystemClock_Config                       0x08002a95   Thumb Code   166  main.o(.text.SystemClock_Config)
    SystemInit                               0x08002b3d   Thumb Code    18  system_stm32f4xx.o(.text.SystemInit)
    UART_IRQHandlerEx                        0x08002bc9   Thumb Code     2  main.o(.text.UART_IRQHandlerEx)
    USART1_IRQHandler                        0x08002dc1   Thumb Code    24  stm32f4xx_it.o(.text.USART1_IRQHandler)
    USBD_CUSTOM_HID_ReceivePacket            0x08003099   Thumb Code    32  usbd_customhid.o(.text.USBD_CUSTOM_HID_ReceivePacket)
    USBD_CUSTOM_HID_RegisterInterface        0x080030b9   Thumb Code    24  usbd_customhid.o(.text.USBD_CUSTOM_HID_RegisterInterface)
    USBD_CUSTOM_HID_SendReport               0x080030d1   Thumb Code    70  usbd_customhid.o(.text.USBD_CUSTOM_HID_SendReport)
    USBD_ClrClassConfig                      0x08003269   Thumb Code    18  usbd_core.o(.text.USBD_ClrClassConfig)
    USBD_CoreFindEP                          0x080032a5   Thumb Code     4  usbd_core.o(.text.USBD_CoreFindEP)
    USBD_CoreFindIF                          0x080032a9   Thumb Code     4  usbd_core.o(.text.USBD_CoreFindIF)
    USBD_CtlContinueRx                       0x080032ad   Thumb Code    16  usbd_ioreq.o(.text.USBD_CtlContinueRx)
    USBD_CtlContinueSendData                 0x080032bd   Thumb Code    16  usbd_ioreq.o(.text.USBD_CtlContinueSendData)
    USBD_CtlError                            0x080032cd   Thumb Code    20  usbd_ctlreq.o(.text.USBD_CtlError)
    USBD_CtlPrepareRx                        0x080032e1   Thumb Code    26  usbd_ioreq.o(.text.USBD_CtlPrepareRx)
    USBD_CtlReceiveStatus                    0x080032fd   Thumb Code    22  usbd_ioreq.o(.text.USBD_CtlReceiveStatus)
    USBD_CtlSendData                         0x08003315   Thumb Code    26  usbd_ioreq.o(.text.USBD_CtlSendData)
    USBD_CtlSendStatus                       0x08003331   Thumb Code    22  usbd_ioreq.o(.text.USBD_CtlSendStatus)
    USBD_FS_ConfigStrDescriptor              0x08003349   Thumb Code    24  usbd_desc.o(.text.USBD_FS_ConfigStrDescriptor)
    USBD_FS_DeviceDescriptor                 0x08003375   Thumb Code    14  usbd_desc.o(.text.USBD_FS_DeviceDescriptor)
    USBD_FS_InterfaceStrDescriptor           0x08003385   Thumb Code    24  usbd_desc.o(.text.USBD_FS_InterfaceStrDescriptor)
    USBD_FS_LangIDStrDescriptor              0x080033b5   Thumb Code    14  usbd_desc.o(.text.USBD_FS_LangIDStrDescriptor)
    USBD_FS_ManufacturerStrDescriptor        0x080033c5   Thumb Code    24  usbd_desc.o(.text.USBD_FS_ManufacturerStrDescriptor)
    USBD_FS_ProductStrDescriptor             0x080033f1   Thumb Code    24  usbd_desc.o(.text.USBD_FS_ProductStrDescriptor)
    USBD_FS_SerialStrDescriptor              0x08003429   Thumb Code    20  usbd_desc.o(.text.USBD_FS_SerialStrDescriptor)
    USBD_GetEpDesc                           0x08003575   Thumb Code    74  usbd_core.o(.text.USBD_GetEpDesc)
    USBD_GetNextDesc                         0x080035e1   Thumb Code    12  usbd_core.o(.text.USBD_GetNextDesc)
    USBD_GetString                           0x08003621   Thumb Code    68  usbd_ctlreq.o(.text.USBD_GetString)
    USBD_Get_USB_Status                      0x08003665   Thumb Code    26  usbd_conf.o(.text.USBD_Get_USB_Status)
    USBD_Init                                0x08003681   Thumb Code    46  usbd_core.o(.text.USBD_Init)
    USBD_LL_ClearStallEP                     0x080036b1   Thumb Code    16  usbd_conf.o(.text.USBD_LL_ClearStallEP)
    USBD_LL_CloseEP                          0x080036c1   Thumb Code    16  usbd_conf.o(.text.USBD_LL_CloseEP)
    USBD_LL_DataInStage                      0x080036d1   Thumb Code   178  usbd_core.o(.text.USBD_LL_DataInStage)
    USBD_LL_DataOutStage                     0x08003785   Thumb Code   120  usbd_core.o(.text.USBD_LL_DataOutStage)
    USBD_LL_DevConnected                     0x080037fd   Thumb Code     4  usbd_core.o(.text.USBD_LL_DevConnected)
    USBD_LL_DevDisconnected                  0x08003801   Thumb Code    32  usbd_core.o(.text.USBD_LL_DevDisconnected)
    USBD_LL_Init                             0x08003821   Thumb Code   110  usbd_conf.o(.text.USBD_LL_Init)
    USBD_LL_IsStallEP                        0x08003891   Thumb Code    32  usbd_conf.o(.text.USBD_LL_IsStallEP)
    USBD_LL_IsoINIncomplete                  0x080038b1   Thumb Code    38  usbd_core.o(.text.USBD_LL_IsoINIncomplete)
    USBD_LL_IsoOUTIncomplete                 0x080038d9   Thumb Code    38  usbd_core.o(.text.USBD_LL_IsoOUTIncomplete)
    USBD_LL_OpenEP                           0x08003901   Thumb Code    22  usbd_conf.o(.text.USBD_LL_OpenEP)
    USBD_LL_PrepareReceive                   0x08003919   Thumb Code    16  usbd_conf.o(.text.USBD_LL_PrepareReceive)
    USBD_LL_Reset                            0x08003929   Thumb Code   100  usbd_core.o(.text.USBD_LL_Reset)
    USBD_LL_Resume                           0x0800398d   Thumb Code    20  usbd_core.o(.text.USBD_LL_Resume)
    USBD_LL_SOF                              0x080039a1   Thumb Code    28  usbd_core.o(.text.USBD_LL_SOF)
    USBD_LL_SetSpeed                         0x080039bd   Thumb Code     8  usbd_core.o(.text.USBD_LL_SetSpeed)
    USBD_LL_SetUSBAddress                    0x080039c5   Thumb Code    16  usbd_conf.o(.text.USBD_LL_SetUSBAddress)
    USBD_LL_SetupStage                       0x080039d5   Thumb Code    88  usbd_core.o(.text.USBD_LL_SetupStage)
    USBD_LL_StallEP                          0x08003a2d   Thumb Code    16  usbd_conf.o(.text.USBD_LL_StallEP)
    USBD_LL_Start                            0x08003a3d   Thumb Code    16  usbd_conf.o(.text.USBD_LL_Start)
    USBD_LL_Suspend                          0x08003a4d   Thumb Code    20  usbd_core.o(.text.USBD_LL_Suspend)
    USBD_LL_Transmit                         0x08003a61   Thumb Code    16  usbd_conf.o(.text.USBD_LL_Transmit)
    USBD_ParseSetupRequest                   0x08003a71   Thumb Code    40  usbd_ctlreq.o(.text.USBD_ParseSetupRequest)
    USBD_RegisterClass                       0x08003a99   Thumb Code    66  usbd_core.o(.text.USBD_RegisterClass)
    USBD_SetClassConfig                      0x08003b25   Thumb Code    18  usbd_core.o(.text.USBD_SetClassConfig)
    USBD_Start                               0x08003c1d   Thumb Code     8  usbd_core.o(.text.USBD_Start)
    USBD_StdDevReq                           0x08003c25   Thumb Code   118  usbd_ctlreq.o(.text.USBD_StdDevReq)
    USBD_StdEPReq                            0x08003c9d   Thumb Code   384  usbd_ctlreq.o(.text.USBD_StdEPReq)
    USBD_StdItfReq                           0x08003e1d   Thumb Code   124  usbd_ctlreq.o(.text.USBD_StdItfReq)
    USBD_static_free                         0x08003e99   Thumb Code     2  usbd_conf.o(.text.USBD_static_free)
    USBD_static_malloc                       0x08003e9d   Thumb Code    10  usbd_conf.o(.text.USBD_static_malloc)
    USB_ActivateEndpoint                     0x08003ea9   Thumb Code   152  stm32f4xx_ll_usb.o(.text.USB_ActivateEndpoint)
    USB_ActivateSetup                        0x08003f41   Thumb Code    32  stm32f4xx_ll_usb.o(.text.USB_ActivateSetup)
    USB_CoreInit                             0x08003f61   Thumb Code   120  stm32f4xx_ll_usb.o(.text.USB_CoreInit)
    USB_DeactivateEndpoint                   0x08004029   Thumb Code   146  stm32f4xx_ll_usb.o(.text.USB_DeactivateEndpoint)
    USB_DevConnect                           0x080040bd   Thumb Code    30  stm32f4xx_ll_usb.o(.text.USB_DevConnect)
    USB_DevDisconnect                        0x080040dd   Thumb Code    30  stm32f4xx_ll_usb.o(.text.USB_DevDisconnect)
    USB_DevInit                              0x080040fd   Thumb Code   350  stm32f4xx_ll_usb.o(.text.USB_DevInit)
    USB_DisableGlobalInt                     0x0800425d   Thumb Code    14  stm32f4xx_ll_usb.o(.text.USB_DisableGlobalInt)
    USB_EP0StartXfer                         0x0800426d   Thumb Code   252  stm32f4xx_ll_usb.o(.text.USB_EP0StartXfer)
    USB_EP0_OutStart                         0x08004369   Thumb Code    90  stm32f4xx_ll_usb.o(.text.USB_EP0_OutStart)
    USB_EPClearStall                         0x080043c5   Thumb Code    80  stm32f4xx_ll_usb.o(.text.USB_EPClearStall)
    USB_EPSetStall                           0x08004415   Thumb Code    78  stm32f4xx_ll_usb.o(.text.USB_EPSetStall)
    USB_EPStartXfer                          0x08004465   Thumb Code   436  stm32f4xx_ll_usb.o(.text.USB_EPStartXfer)
    USB_EPStopXfer                           0x08004619   Thumb Code   134  stm32f4xx_ll_usb.o(.text.USB_EPStopXfer)
    USB_EnableGlobalInt                      0x080046a1   Thumb Code    14  stm32f4xx_ll_usb.o(.text.USB_EnableGlobalInt)
    USB_FlushRxFifo                          0x080046b1   Thumb Code    74  stm32f4xx_ll_usb.o(.text.USB_FlushRxFifo)
    USB_FlushTxFifo                          0x080046fd   Thumb Code    78  stm32f4xx_ll_usb.o(.text.USB_FlushTxFifo)
    USB_GetDevSpeed                          0x0800474d   Thumb Code    26  stm32f4xx_ll_usb.o(.text.USB_GetDevSpeed)
    USB_GetMode                              0x08004769   Thumb Code     8  stm32f4xx_ll_usb.o(.text.USB_GetMode)
    USB_ReadDevAllInEpInterrupt              0x08004771   Thumb Code    14  stm32f4xx_ll_usb.o(.text.USB_ReadDevAllInEpInterrupt)
    USB_ReadDevAllOutEpInterrupt             0x08004781   Thumb Code    14  stm32f4xx_ll_usb.o(.text.USB_ReadDevAllOutEpInterrupt)
    USB_ReadDevInEPInterrupt                 0x08004791   Thumb Code    36  stm32f4xx_ll_usb.o(.text.USB_ReadDevInEPInterrupt)
    USB_ReadDevOutEPInterrupt                0x080047b5   Thumb Code    16  stm32f4xx_ll_usb.o(.text.USB_ReadDevOutEPInterrupt)
    USB_ReadInterrupts                       0x080047c5   Thumb Code     8  stm32f4xx_ll_usb.o(.text.USB_ReadInterrupts)
    USB_ReadPacket                           0x080047cd   Thumb Code    74  stm32f4xx_ll_usb.o(.text.USB_ReadPacket)
    USB_SetCurrentMode                       0x08004819   Thumb Code   104  stm32f4xx_ll_usb.o(.text.USB_SetCurrentMode)
    USB_SetDevAddress                        0x08004881   Thumb Code    34  stm32f4xx_ll_usb.o(.text.USB_SetDevAddress)
    USB_SetDevSpeed                          0x080048a5   Thumb Code    16  stm32f4xx_ll_usb.o(.text.USB_SetDevSpeed)
    USB_SetTurnaroundTime                    0x080048b5   Thumb Code   278  stm32f4xx_ll_usb.o(.text.USB_SetTurnaroundTime)
    USB_WritePacket                          0x080049cd   Thumb Code    52  stm32f4xx_ll_usb.o(.text.USB_WritePacket)
    UsageFault_Handler                       0x08004a01   Thumb Code     2  stm32f4xx_it.o(.text.UsageFault_Handler)
    main                                     0x08004a79   Thumb Code   102  main.o(.text.main)
    __scatterload_copy                       0x08004adf   Thumb Code    14  handlers.o(i.__scatterload_copy)
    __scatterload_null                       0x08004aed   Thumb Code     2  handlers.o(i.__scatterload_null)
    __scatterload_zeroinit                   0x08004aef   Thumb Code    14  handlers.o(i.__scatterload_zeroinit)
    AHBPrescTable                            0x08004afc   Data          16  system_stm32f4xx.o(.rodata.AHBPrescTable)
    APBPrescTable                            0x08004b0c   Data           8  system_stm32f4xx.o(.rodata.APBPrescTable)
    Region$$Table$$Base                      0x08004b14   Number         0  anon$$obj.o(Region$$Table)
    Region$$Table$$Limit                     0x08004b34   Number         0  anon$$obj.o(Region$$Table)
    FS_Desc                                  0x20000020   Data          28  usbd_desc.o(.data.FS_Desc)
    SystemCoreClock                          0x2000003c   Data           4  system_stm32f4xx.o(.data.SystemCoreClock)
    USBD_CUSTOM_HID                          0x20000040   Data          56  usbd_customhid.o(.data.USBD_CUSTOM_HID)
    USBD_CustomHID_fops_FS                   0x200000bc   Data          16  usbd_custom_hid_if.o(.data.USBD_CustomHID_fops_FS)
    USBD_FS_DeviceDesc                       0x200000cc   Data          18  usbd_desc.o(.data.USBD_FS_DeviceDesc)
    USBD_LangIDDesc                          0x200000e0   Data           4  usbd_desc.o(.data.USBD_LangIDDesc)
    USBD_StringSerial                        0x200000e4   Data          26  usbd_desc.o(.data.USBD_StringSerial)
    uwTickFreq                               0x200000fe   Data           1  stm32f4xx_hal.o(.data.uwTickFreq)
    uwTickPrio                               0x20000100   Data           4  stm32f4xx_hal.o(.data.uwTickPrio)
    USBD_StrDesc                             0x20000110   Data         512  usbd_desc.o(.bss.USBD_StrDesc)
    hUsbDeviceFS                             0x20000368   Data         732  usb_device.o(.bss.hUsbDeviceFS)
    hcan1                                    0x20000644   Data          40  main.o(.bss.hcan1)
    hcan2                                    0x2000066c   Data          40  main.o(.bss.hcan2)
    hdma_usart1_rx                           0x20000694   Data          96  main.o(.bss.hdma_usart1_rx)
    hdma_usart1_tx                           0x200006f4   Data          96  main.o(.bss.hdma_usart1_tx)
    hi2c1                                    0x20000754   Data          84  main.o(.bss.hi2c1)
    hpcd_USB_OTG_FS                          0x200007a8   Data        1292  usbd_conf.o(.bss.hpcd_USB_OTG_FS)
    hspi2                                    0x20000cb4   Data          88  main.o(.bss.hspi2)
    huart1                                   0x20000d0c   Data          68  main.o(.bss.huart1)
    husart2                                  0x20000d50   Data          68  main.o(.bss.husart2)
    uwTick                                   0x20000d94   Data           4  stm32f4xx_hal.o(.bss.uwTick)
    __initial_sp                             0x20001198   Data           0  startup_stm32f407xx.o(STACK)



==============================================================================

Memory Map of the image

  Image Entry point : 0x08000189

  Load Region LR_IROM1 (Base: 0x08000000, Size: 0x00004c40, Max: 0x00080000, ABSOLUTE)

    Execution Region ER_IROM1 (Exec base: 0x08000000, Load base: 0x08000000, Size: 0x00004b34, Max: 0x00080000, ABSOLUTE)

    Exec Addr    Load Addr    Size         Type   Attr      Idx    E Section Name        Object

    0x08000000   0x08000000   0x00000188   Data   RO            3    RESET               startup_stm32f407xx.o
    0x08000188   0x08000188   0x00000000   Code   RO         1859  * .ARM.Collect$$$$00000000  mc_w.l(entry.o)
    0x08000188   0x08000188   0x00000004   Code   RO         1866    .ARM.Collect$$$$00000001  mc_w.l(entry2.o)
    0x0800018c   0x0800018c   0x00000004   Code   RO         1869    .ARM.Collect$$$$00000004  mc_w.l(entry5.o)
    0x08000190   0x08000190   0x00000000   Code   RO         1871    .ARM.Collect$$$$00000008  mc_w.l(entry7b.o)
    0x08000190   0x08000190   0x00000000   Code   RO         1873    .ARM.Collect$$$$0000000A  mc_w.l(entry8b.o)
    0x08000190   0x08000190   0x00000008   Code   RO         1874    .ARM.Collect$$$$0000000B  mc_w.l(entry9a.o)
    0x08000198   0x08000198   0x00000000   Code   RO         1876    .ARM.Collect$$$$0000000D  mc_w.l(entry10a.o)
    0x08000198   0x08000198   0x00000000   Code   RO         1878    .ARM.Collect$$$$0000000F  mc_w.l(entry11a.o)
    0x08000198   0x08000198   0x00000004   Code   RO         1867    .ARM.Collect$$$$00002712  mc_w.l(entry2.o)
    0x0800019c   0x0800019c   0x00000024   Code   RO            4    .text               startup_stm32f407xx.o
    0x080001c0   0x080001c0   0x00000062   Code   RO         1862    .text               mc_w.l(uldiv.o)
    0x08000222   0x08000222   0x00000024   Code   RO         1864    .text               mc_w.l(memseta.o)
    0x08000246   0x08000246   0x0000001e   Code   RO         1880    .text               mc_w.l(llshl.o)
    0x08000264   0x08000264   0x00000020   Code   RO         1882    .text               mc_w.l(llushr.o)
    0x08000284   0x08000284   0x00000024   Code   RO         1884    .text               mc_w.l(init.o)
    0x080002a8   0x080002a8   0x00000002   Code   RO           62    .text.BusFault_Handler  stm32f4xx_it.o
    0x080002aa   0x080002aa   0x00000002   PAD
    0x080002ac   0x080002ac   0x00000004   Code   RO          181    .text.CUSTOM_HID_DeInit_FS  usbd_custom_hid_if.o
    0x080002b0   0x080002b0   0x00000004   Code   RO          179    .text.CUSTOM_HID_Init_FS  usbd_custom_hid_if.o
    0x080002b4   0x080002b4   0x00000018   Code   RO          183    .text.CUSTOM_HID_OutEvent_FS  usbd_custom_hid_if.o
    0x080002cc   0x080002cc   0x00000010   Code   RO           78    .text.DMA2_Stream5_IRQHandler  stm32f4xx_it.o
    0x080002dc   0x080002dc   0x00000010   Code   RO           80    .text.DMA2_Stream7_IRQHandler  stm32f4xx_it.o
    0x080002ec   0x080002ec   0x0000003c   Code   RO          657    .text.DMA_CalcBaseAndBitshift  stm32f4xx_hal_dma.o
    0x08000328   0x08000328   0x00000050   Code   RO          655    .text.DMA_CheckFifoParam  stm32f4xx_hal_dma.o
    0x08000378   0x08000378   0x00000002   Code   RO           68    .text.DebugMon_Handler  stm32f4xx_it.o
    0x0800037a   0x0800037a   0x00000002   PAD
    0x0800037c   0x0800037c   0x0000000a   Code   RO           35    .text.Error_Handler  main.o
    0x08000386   0x08000386   0x00000002   PAD
    0x08000388   0x08000388   0x00000034   Code   RO          162    .text.Get_SerialNum  usbd_desc.o
    0x080003bc   0x080003bc   0x000000f4   Code   RO          916    .text.HAL_CAN_Init  stm32f4xx_hal_can.o
    0x080004b0   0x080004b0   0x0000010a   Code   RO           91    .text.HAL_CAN_MspInit  stm32f4xx_hal_msp.o
    0x080005ba   0x080005ba   0x00000002   PAD
    0x080005bc   0x080005bc   0x00000080   Code   RO          667    .text.HAL_DMA_Abort  stm32f4xx_hal_dma.o
    0x0800063c   0x0800063c   0x00000024   Code   RO          669    .text.HAL_DMA_Abort_IT  stm32f4xx_hal_dma.o
    0x08000660   0x08000660   0x0000018c   Code   RO          673    .text.HAL_DMA_IRQHandler  stm32f4xx_hal_dma.o
    0x080007ec   0x080007ec   0x000000ce   Code   RO          653    .text.HAL_DMA_Init  stm32f4xx_hal_dma.o
    0x080008ba   0x080008ba   0x00000002   PAD
    0x080008bc   0x080008bc   0x00000028   Code   RO          845    .text.HAL_Delay     stm32f4xx_hal.o
    0x080008e4   0x080008e4   0x0000019a   Code   RO          613    .text.HAL_GPIO_Init  stm32f4xx_hal_gpio.o
    0x08000a7e   0x08000a7e   0x00000002   PAD
    0x08000a80   0x08000a80   0x0000000a   Code   RO          619    .text.HAL_GPIO_WritePin  stm32f4xx_hal_gpio.o
    0x08000a8a   0x08000a8a   0x00000002   PAD
    0x08000a8c   0x08000a8c   0x0000000c   Code   RO          837    .text.HAL_GetTick   stm32f4xx_hal.o
    0x08000a98   0x08000a98   0x00000198   Code   RO          996    .text.HAL_I2C_Init  stm32f4xx_hal_i2c.o
    0x08000c30   0x08000c30   0x00000074   Code   RO           95    .text.HAL_I2C_MspInit  stm32f4xx_hal_msp.o
    0x08000ca4   0x08000ca4   0x0000001a   Code   RO          835    .text.HAL_IncTick   stm32f4xx_hal.o
    0x08000cbe   0x08000cbe   0x00000002   PAD
    0x08000cc0   0x08000cc0   0x00000036   Code   RO          825    .text.HAL_Init      stm32f4xx_hal.o
    0x08000cf6   0x08000cf6   0x00000002   PAD
    0x08000cf8   0x08000cf8   0x00000050   Code   RO          827    .text.HAL_InitTick  stm32f4xx_hal.o
    0x08000d48   0x08000d48   0x00000038   Code   RO           89    .text.HAL_MspInit   stm32f4xx_hal_msp.o
    0x08000d80   0x08000d80   0x00000008   Code   RO          765    .text.HAL_NVIC_EnableIRQ  stm32f4xx_hal_cortex.o
    0x08000d88   0x08000d88   0x0000001e   Code   RO          757    .text.HAL_NVIC_SetPriority  stm32f4xx_hal_cortex.o
    0x08000da6   0x08000da6   0x00000002   PAD
    0x08000da8   0x08000da8   0x00000008   Code   RO          753    .text.HAL_NVIC_SetPriorityGrouping  stm32f4xx_hal_cortex.o
    0x08000db0   0x08000db0   0x00000002   Code   RO          355    .text.HAL_PCDEx_LPM_Callback  stm32f4xx_hal_pcd_ex.o
    0x08000db2   0x08000db2   0x00000002   PAD
    0x08000db4   0x08000db4   0x00000008   Code   RO          353    .text.HAL_PCDEx_SetRxFiFo  stm32f4xx_hal_pcd_ex.o
    0x08000dbc   0x08000dbc   0x00000050   Code   RO          351    .text.HAL_PCDEx_SetTxFiFo  stm32f4xx_hal_pcd_ex.o
    0x08000e0c   0x08000e0c   0x0000000c   Code   RO          217    .text.HAL_PCD_ConnectCallback  usbd_conf.o
    0x08000e18   0x08000e18   0x00000018   Code   RO          203    .text.HAL_PCD_DataInStageCallback  usbd_conf.o
    0x08000e30   0x08000e30   0x0000001a   Code   RO          201    .text.HAL_PCD_DataOutStageCallback  usbd_conf.o
    0x08000e4a   0x08000e4a   0x00000002   PAD
    0x08000e4c   0x08000e4c   0x0000000c   Code   RO          219    .text.HAL_PCD_DisconnectCallback  usbd_conf.o
    0x08000e58   0x08000e58   0x00000024   Code   RO          301    .text.HAL_PCD_EP_Abort  stm32f4xx_hal_pcd.o
    0x08000e7c   0x08000e7c   0x0000004c   Code   RO          321    .text.HAL_PCD_EP_Close  stm32f4xx_hal_pcd.o
    0x08000ec8   0x08000ec8   0x00000062   Code   RO          331    .text.HAL_PCD_EP_ClrStall  stm32f4xx_hal_pcd.o
    0x08000f2a   0x08000f2a   0x00000002   PAD
    0x08000f2c   0x08000f2c   0x00000060   Code   RO          319    .text.HAL_PCD_EP_Open  stm32f4xx_hal_pcd.o
    0x08000f8c   0x08000f8c   0x0000004c   Code   RO          323    .text.HAL_PCD_EP_Receive  stm32f4xx_hal_pcd.o
    0x08000fd8   0x08000fd8   0x0000006e   Code   RO          329    .text.HAL_PCD_EP_SetStall  stm32f4xx_hal_pcd.o
    0x08001046   0x08001046   0x00000002   PAD
    0x08001048   0x08001048   0x00000044   Code   RO          327    .text.HAL_PCD_EP_Transmit  stm32f4xx_hal_pcd.o
    0x0800108c   0x0800108c   0x000005b2   Code   RO          279    .text.HAL_PCD_IRQHandler  stm32f4xx_hal_pcd.o
    0x0800163e   0x0800163e   0x00000002   PAD
    0x08001640   0x08001640   0x0000000c   Code   RO          215    .text.HAL_PCD_ISOINIncompleteCallback  usbd_conf.o
    0x0800164c   0x0800164c   0x0000000c   Code   RO          213    .text.HAL_PCD_ISOOUTIncompleteCallback  usbd_conf.o
    0x08001658   0x08001658   0x00000142   Code   RO          267    .text.HAL_PCD_Init  stm32f4xx_hal_pcd.o
    0x0800179a   0x0800179a   0x00000002   PAD
    0x0800179c   0x0800179c   0x00000088   Code   RO          195    .text.HAL_PCD_MspInit  usbd_conf.o
    0x08001824   0x08001824   0x00000028   Code   RO          207    .text.HAL_PCD_ResetCallback  usbd_conf.o
    0x0800184c   0x0800184c   0x0000000c   Code   RO          211    .text.HAL_PCD_ResumeCallback  usbd_conf.o
    0x08001858   0x08001858   0x0000000c   Code   RO          205    .text.HAL_PCD_SOFCallback  usbd_conf.o
    0x08001864   0x08001864   0x00000028   Code   RO          317    .text.HAL_PCD_SetAddress  stm32f4xx_hal_pcd.o
    0x0800188c   0x0800188c   0x00000012   Code   RO          199    .text.HAL_PCD_SetupStageCallback  usbd_conf.o
    0x0800189e   0x0800189e   0x00000002   PAD
    0x080018a0   0x080018a0   0x0000003e   Code   RO          275    .text.HAL_PCD_Start  stm32f4xx_hal_pcd.o
    0x080018de   0x080018de   0x00000002   PAD
    0x080018e0   0x080018e0   0x00000034   Code   RO          209    .text.HAL_PCD_SuspendCallback  usbd_conf.o
    0x08001914   0x08001914   0x00000160   Code   RO          477    .text.HAL_RCC_ClockConfig  stm32f4xx_hal_rcc.o
    0x08001a74   0x08001a74   0x0000000c   Code   RO          487    .text.HAL_RCC_GetHCLKFreq  stm32f4xx_hal_rcc.o
    0x08001a80   0x08001a80   0x00000022   Code   RO          489    .text.HAL_RCC_GetPCLK1Freq  stm32f4xx_hal_rcc.o
    0x08001aa2   0x08001aa2   0x00000002   PAD
    0x08001aa4   0x08001aa4   0x00000022   Code   RO          491    .text.HAL_RCC_GetPCLK2Freq  stm32f4xx_hal_rcc.o
    0x08001ac6   0x08001ac6   0x00000002   PAD
    0x08001ac8   0x08001ac8   0x00000068   Code   RO          479    .text.HAL_RCC_GetSysClockFreq  stm32f4xx_hal_rcc.o
    0x08001b30   0x08001b30   0x00000348   Code   RO          475    .text.HAL_RCC_OscConfig  stm32f4xx_hal_rcc.o
    0x08001e78   0x08001e78   0x000000b4   Code   RO         1359    .text.HAL_SPI_Init  stm32f4xx_hal_spi.o
    0x08001f2c   0x08001f2c   0x000000ac   Code   RO          103    .text.HAL_SPI_MspInit  stm32f4xx_hal_msp.o
    0x08001fd8   0x08001fd8   0x00000008   Code   RO          777    .text.HAL_SYSTICK_Config  stm32f4xx_hal_cortex.o
    0x08001fe0   0x08001fe0   0x00000002   Code   RO         1569    .text.HAL_UARTEx_RxEventCallback  stm32f4xx_hal_uart.o
    0x08001fe2   0x08001fe2   0x00000002   PAD
    0x08001fe4   0x08001fe4   0x00000002   Code   RO         1567    .text.HAL_UART_ErrorCallback  stm32f4xx_hal_uart.o
    0x08001fe6   0x08001fe6   0x00000002   PAD
    0x08001fe8   0x08001fe8   0x0000023a   Code   RO         1561    .text.HAL_UART_IRQHandler  stm32f4xx_hal_uart.o
    0x08002222   0x08002222   0x00000002   PAD
    0x08002224   0x08002224   0x0000005e   Code   RO         1479    .text.HAL_UART_Init  stm32f4xx_hal_uart.o
    0x08002282   0x08002282   0x00000002   PAD
    0x08002284   0x08002284   0x00000106   Code   RO          107    .text.HAL_UART_MspInit  stm32f4xx_hal_msp.o
    0x0800238a   0x0800238a   0x00000002   PAD
    0x0800238c   0x0800238c   0x00000002   Code   RO         1579    .text.HAL_UART_RxCpltCallback  stm32f4xx_hal_uart.o
    0x0800238e   0x0800238e   0x00000002   PAD
    0x08002390   0x08002390   0x00000002   Code   RO         1575    .text.HAL_UART_TxCpltCallback  stm32f4xx_hal_uart.o
    0x08002392   0x08002392   0x00000002   PAD
    0x08002394   0x08002394   0x00000050   Code   RO         1609    .text.HAL_USART_Init  stm32f4xx_hal_usart.o
    0x080023e4   0x080023e4   0x000000aa   Code   RO          109    .text.HAL_USART_MspInit  stm32f4xx_hal_msp.o
    0x0800248e   0x0800248e   0x00000002   PAD
    0x08002490   0x08002490   0x00000002   Code   RO           58    .text.HardFault_Handler  stm32f4xx_it.o
    0x08002492   0x08002492   0x00000002   PAD
    0x08002494   0x08002494   0x00000036   Code   RO          164    .text.IntToUnicode  usbd_desc.o
    0x080024ca   0x080024ca   0x00000002   PAD
    0x080024cc   0x080024cc   0x00000032   Code   RO           25    .text.MX_CAN1_Init  main.o
    0x080024fe   0x080024fe   0x00000002   PAD
    0x08002500   0x08002500   0x00000032   Code   RO           27    .text.MX_CAN2_Init  main.o
    0x08002532   0x08002532   0x00000002   PAD
    0x08002534   0x08002534   0x00000046   Code   RO           21    .text.MX_DMA_Init   main.o
    0x0800257a   0x0800257a   0x00000002   PAD
    0x0800257c   0x0800257c   0x00000132   Code   RO           19    .text.MX_GPIO_Init  main.o
    0x080026ae   0x080026ae   0x00000002   PAD
    0x080026b0   0x080026b0   0x0000003e   Code   RO           29    .text.MX_I2C1_Init  main.o
    0x080026ee   0x080026ee   0x00000002   PAD
    0x080026f0   0x080026f0   0x00000042   Code   RO           31    .text.MX_SPI2_Init  main.o
    0x08002732   0x08002732   0x00000002   PAD
    0x08002734   0x08002734   0x00000038   Code   RO           23    .text.MX_USART1_UART_Init  main.o
    0x0800276c   0x0800276c   0x0000003a   Code   RO           33    .text.MX_USART2_Init  main.o
    0x080027a6   0x080027a6   0x00000002   PAD
    0x080027a8   0x080027a8   0x0000006e   Code   RO          139    .text.MX_USB_DEVICE_Init  usb_device.o
    0x08002816   0x08002816   0x00000002   PAD
    0x08002818   0x08002818   0x00000002   Code   RO           60    .text.MemManage_Handler  stm32f4xx_it.o
    0x0800281a   0x0800281a   0x00000002   PAD
    0x0800281c   0x0800281c   0x00000002   Code   RO           56    .text.NMI_Handler   stm32f4xx_it.o
    0x0800281e   0x0800281e   0x00000002   PAD
    0x08002820   0x08002820   0x0000002c   Code   RO          763    .text.NVIC_EncodePriority  stm32f4xx_hal_cortex.o
    0x0800284c   0x0800284c   0x00000010   Code   RO           76    .text.OTG_FS_IRQHandler  stm32f4xx_it.o
    0x0800285c   0x0800285c   0x0000004c   Code   RO          283    .text.PCD_EP_OutSetupPacket_int  stm32f4xx_hal_pcd.o
    0x080028a8   0x080028a8   0x000000d8   Code   RO          281    .text.PCD_EP_OutXfrComplete_int  stm32f4xx_hal_pcd.o
    0x08002980   0x08002980   0x000000d0   Code   RO          291    .text.PCD_WriteEmptyTxFifo  stm32f4xx_hal_pcd.o
    0x08002a50   0x08002a50   0x00000002   Code   RO           70    .text.PendSV_Handler  stm32f4xx_it.o
    0x08002a52   0x08002a52   0x00000002   PAD
    0x08002a54   0x08002a54   0x00000002   Code   RO           66    .text.SVC_Handler   stm32f4xx_it.o
    0x08002a56   0x08002a56   0x00000002   PAD
    0x08002a58   0x08002a58   0x00000004   Code   RO         1785    .text.SWAPBYTE      usbd_ctlreq.o
    0x08002a5c   0x08002a5c   0x0000002e   Code   RO          779    .text.SysTick_Config  stm32f4xx_hal_cortex.o
    0x08002a8a   0x08002a8a   0x00000002   PAD
    0x08002a8c   0x08002a8c   0x00000008   Code   RO           72    .text.SysTick_Handler  stm32f4xx_it.o
    0x08002a94   0x08002a94   0x000000a6   Code   RO           17    .text.SystemClock_Config  main.o
    0x08002b3a   0x08002b3a   0x00000002   PAD
    0x08002b3c   0x08002b3c   0x00000012   Code   RO          124    .text.SystemInit    system_stm32f4xx.o
    0x08002b4e   0x08002b4e   0x00000002   PAD
    0x08002b50   0x08002b50   0x00000010   Code   RO         1565    .text.UART_DMAAbortOnError  stm32f4xx_hal_uart.o
    0x08002b60   0x08002b60   0x00000050   Code   RO         1527    .text.UART_EndRxTransfer  stm32f4xx_hal_uart.o
    0x08002bb0   0x08002bb0   0x00000018   Code   RO         1573    .text.UART_EndTransmit_IT  stm32f4xx_hal_uart.o
    0x08002bc8   0x08002bc8   0x00000002   Code   RO           13    .text.UART_IRQHandlerEx  main.o
    0x08002bca   0x08002bca   0x00000002   PAD
    0x08002bcc   0x08002bcc   0x000000c4   Code   RO         1563    .text.UART_Receive_IT  stm32f4xx_hal_uart.o
    0x08002c90   0x08002c90   0x000000dc   Code   RO         1483    .text.UART_SetConfig  stm32f4xx_hal_uart.o
    0x08002d6c   0x08002d6c   0x00000052   Code   RO         1571    .text.UART_Transmit_IT  stm32f4xx_hal_uart.o
    0x08002dbe   0x08002dbe   0x00000002   PAD
    0x08002dc0   0x08002dc0   0x00000018   Code   RO           74    .text.USART1_IRQHandler  stm32f4xx_it.o
    0x08002dd8   0x08002dd8   0x000000b4   Code   RO         1613    .text.USART_SetConfig  stm32f4xx_hal_usart.o
    0x08002e8c   0x08002e8c   0x00000016   Code   RO         1830    .text.USBD_CUSTOM_HID_DataIn  usbd_customhid.o
    0x08002ea2   0x08002ea2   0x00000002   PAD
    0x08002ea4   0x08002ea4   0x00000024   Code   RO         1832    .text.USBD_CUSTOM_HID_DataOut  usbd_customhid.o
    0x08002ec8   0x08002ec8   0x00000050   Code   RO         1824    .text.USBD_CUSTOM_HID_DeInit  usbd_customhid.o
    0x08002f18   0x08002f18   0x0000002e   Code   RO         1828    .text.USBD_CUSTOM_HID_EP0_RxReady  usbd_customhid.o
    0x08002f46   0x08002f46   0x00000002   PAD
    0x08002f48   0x08002f48   0x00000010   Code   RO         1840    .text.USBD_CUSTOM_HID_GetDeviceQualifierDesc  usbd_customhid.o
    0x08002f58   0x08002f58   0x00000040   Code   RO         1836    .text.USBD_CUSTOM_HID_GetFSCfgDesc  usbd_customhid.o
    0x08002f98   0x08002f98   0x00000040   Code   RO         1834    .text.USBD_CUSTOM_HID_GetHSCfgDesc  usbd_customhid.o
    0x08002fd8   0x08002fd8   0x00000040   Code   RO         1838    .text.USBD_CUSTOM_HID_GetOtherSpeedCfgDesc  usbd_customhid.o
    0x08003018   0x08003018   0x00000080   Code   RO         1822    .text.USBD_CUSTOM_HID_Init  usbd_customhid.o
    0x08003098   0x08003098   0x00000020   Code   RO         1844    .text.USBD_CUSTOM_HID_ReceivePacket  usbd_customhid.o
    0x080030b8   0x080030b8   0x00000018   Code   RO         1846    .text.USBD_CUSTOM_HID_RegisterInterface  usbd_customhid.o
    0x080030d0   0x080030d0   0x00000046   Code   RO         1842    .text.USBD_CUSTOM_HID_SendReport  usbd_customhid.o
    0x08003116   0x08003116   0x00000002   PAD
    0x08003118   0x08003118   0x00000150   Code   RO         1826    .text.USBD_CUSTOM_HID_Setup  usbd_customhid.o
    0x08003268   0x08003268   0x00000012   Code   RO         1719    .text.USBD_ClrClassConfig  usbd_core.o
    0x0800327a   0x0800327a   0x00000002   PAD
    0x0800327c   0x0800327c   0x00000026   Code   RO         1775    .text.USBD_ClrFeature  usbd_ctlreq.o
    0x080032a2   0x080032a2   0x00000002   PAD
    0x080032a4   0x080032a4   0x00000004   Code   RO         1727    .text.USBD_CoreFindEP  usbd_core.o
    0x080032a8   0x080032a8   0x00000004   Code   RO         1725    .text.USBD_CoreFindIF  usbd_core.o
    0x080032ac   0x080032ac   0x00000010   Code   RO         1806    .text.USBD_CtlContinueRx  usbd_ioreq.o
    0x080032bc   0x080032bc   0x00000010   Code   RO         1802    .text.USBD_CtlContinueSendData  usbd_ioreq.o
    0x080032cc   0x080032cc   0x00000014   Code   RO         1777    .text.USBD_CtlError  usbd_ctlreq.o
    0x080032e0   0x080032e0   0x0000001a   Code   RO         1804    .text.USBD_CtlPrepareRx  usbd_ioreq.o
    0x080032fa   0x080032fa   0x00000002   PAD
    0x080032fc   0x080032fc   0x00000016   Code   RO         1810    .text.USBD_CtlReceiveStatus  usbd_ioreq.o
    0x08003312   0x08003312   0x00000002   PAD
    0x08003314   0x08003314   0x0000001a   Code   RO         1800    .text.USBD_CtlSendData  usbd_ioreq.o
    0x0800332e   0x0800332e   0x00000002   PAD
    0x08003330   0x08003330   0x00000016   Code   RO         1808    .text.USBD_CtlSendStatus  usbd_ioreq.o
    0x08003346   0x08003346   0x00000002   PAD
    0x08003348   0x08003348   0x0000002c   Code   RO          158    .text.USBD_FS_ConfigStrDescriptor  usbd_desc.o
    0x08003374   0x08003374   0x0000000e   Code   RO          148    .text.USBD_FS_DeviceDescriptor  usbd_desc.o
    0x08003382   0x08003382   0x00000002   PAD
    0x08003384   0x08003384   0x00000030   Code   RO          160    .text.USBD_FS_InterfaceStrDescriptor  usbd_desc.o
    0x080033b4   0x080033b4   0x0000000e   Code   RO          150    .text.USBD_FS_LangIDStrDescriptor  usbd_desc.o
    0x080033c2   0x080033c2   0x00000002   PAD
    0x080033c4   0x080033c4   0x0000002c   Code   RO          152    .text.USBD_FS_ManufacturerStrDescriptor  usbd_desc.o
    0x080033f0   0x080033f0   0x00000038   Code   RO          154    .text.USBD_FS_ProductStrDescriptor  usbd_desc.o
    0x08003428   0x08003428   0x00000014   Code   RO          156    .text.USBD_FS_SerialStrDescriptor  usbd_desc.o
    0x0800343c   0x0800343c   0x00000030   Code   RO         1769    .text.USBD_GetConfig  usbd_ctlreq.o
    0x0800346c   0x0800346c   0x00000106   Code   RO         1763    .text.USBD_GetDescriptor  usbd_ctlreq.o
    0x08003572   0x08003572   0x00000002   PAD
    0x08003574   0x08003574   0x0000004a   Code   RO         1749    .text.USBD_GetEpDesc  usbd_core.o
    0x080035be   0x080035be   0x00000002   PAD
    0x080035c0   0x080035c0   0x0000001e   Code   RO         1789    .text.USBD_GetLen   usbd_ctlreq.o
    0x080035de   0x080035de   0x00000002   PAD
    0x080035e0   0x080035e0   0x0000000c   Code   RO         1751    .text.USBD_GetNextDesc  usbd_core.o
    0x080035ec   0x080035ec   0x00000032   Code   RO         1771    .text.USBD_GetStatus  usbd_ctlreq.o
    0x0800361e   0x0800361e   0x00000002   PAD
    0x08003620   0x08003620   0x00000044   Code   RO         1787    .text.USBD_GetString  usbd_ctlreq.o
    0x08003664   0x08003664   0x0000001a   Code   RO          225    .text.USBD_Get_USB_Status  usbd_conf.o
    0x0800367e   0x0800367e   0x00000002   PAD
    0x08003680   0x08003680   0x0000002e   Code   RO         1705    .text.USBD_Init     usbd_core.o
    0x080036ae   0x080036ae   0x00000002   PAD
    0x080036b0   0x080036b0   0x00000010   Code   RO          239    .text.USBD_LL_ClearStallEP  usbd_conf.o
    0x080036c0   0x080036c0   0x00000010   Code   RO          233    .text.USBD_LL_CloseEP  usbd_conf.o
    0x080036d0   0x080036d0   0x000000b2   Code   RO         1729    .text.USBD_LL_DataInStage  usbd_core.o
    0x08003782   0x08003782   0x00000002   PAD
    0x08003784   0x08003784   0x00000078   Code   RO         1723    .text.USBD_LL_DataOutStage  usbd_core.o
    0x080037fc   0x080037fc   0x00000004   Code   RO         1745    .text.USBD_LL_DevConnected  usbd_core.o
    0x08003800   0x08003800   0x00000020   Code   RO         1747    .text.USBD_LL_DevDisconnected  usbd_core.o
    0x08003820   0x08003820   0x0000006e   Code   RO          221    .text.USBD_LL_Init  usbd_conf.o
    0x0800388e   0x0800388e   0x00000002   PAD
    0x08003890   0x08003890   0x00000020   Code   RO          241    .text.USBD_LL_IsStallEP  usbd_conf.o
    0x080038b0   0x080038b0   0x00000026   Code   RO         1741    .text.USBD_LL_IsoINIncomplete  usbd_core.o
    0x080038d6   0x080038d6   0x00000002   PAD
    0x080038d8   0x080038d8   0x00000026   Code   RO         1743    .text.USBD_LL_IsoOUTIncomplete  usbd_core.o
    0x080038fe   0x080038fe   0x00000002   PAD
    0x08003900   0x08003900   0x00000016   Code   RO          231    .text.USBD_LL_OpenEP  usbd_conf.o
    0x08003916   0x08003916   0x00000002   PAD
    0x08003918   0x08003918   0x00000010   Code   RO          247    .text.USBD_LL_PrepareReceive  usbd_conf.o
    0x08003928   0x08003928   0x00000064   Code   RO         1731    .text.USBD_LL_Reset  usbd_core.o
    0x0800398c   0x0800398c   0x00000014   Code   RO         1737    .text.USBD_LL_Resume  usbd_core.o
    0x080039a0   0x080039a0   0x0000001c   Code   RO         1739    .text.USBD_LL_SOF   usbd_core.o
    0x080039bc   0x080039bc   0x00000008   Code   RO         1733    .text.USBD_LL_SetSpeed  usbd_core.o
    0x080039c4   0x080039c4   0x00000010   Code   RO          243    .text.USBD_LL_SetUSBAddress  usbd_conf.o
    0x080039d4   0x080039d4   0x00000058   Code   RO         1721    .text.USBD_LL_SetupStage  usbd_core.o
    0x08003a2c   0x08003a2c   0x00000010   Code   RO          237    .text.USBD_LL_StallEP  usbd_conf.o
    0x08003a3c   0x08003a3c   0x00000010   Code   RO          227    .text.USBD_LL_Start  usbd_conf.o
    0x08003a4c   0x08003a4c   0x00000014   Code   RO         1735    .text.USBD_LL_Suspend  usbd_core.o
    0x08003a60   0x08003a60   0x00000010   Code   RO          245    .text.USBD_LL_Transmit  usbd_conf.o
    0x08003a70   0x08003a70   0x00000028   Code   RO         1783    .text.USBD_ParseSetupRequest  usbd_ctlreq.o
    0x08003a98   0x08003a98   0x00000042   Code   RO         1709    .text.USBD_RegisterClass  usbd_core.o
    0x08003ada   0x08003ada   0x00000002   PAD
    0x08003adc   0x08003adc   0x00000046   Code   RO         1765    .text.USBD_SetAddress  usbd_ctlreq.o
    0x08003b22   0x08003b22   0x00000002   PAD
    0x08003b24   0x08003b24   0x00000012   Code   RO         1717    .text.USBD_SetClassConfig  usbd_core.o
    0x08003b36   0x08003b36   0x00000002   PAD
    0x08003b38   0x08003b38   0x000000b8   Code   RO         1767    .text.USBD_SetConfig  usbd_ctlreq.o
    0x08003bf0   0x08003bf0   0x0000002a   Code   RO         1773    .text.USBD_SetFeature  usbd_ctlreq.o
    0x08003c1a   0x08003c1a   0x00000002   PAD
    0x08003c1c   0x08003c1c   0x00000008   Code   RO         1711    .text.USBD_Start    usbd_core.o
    0x08003c24   0x08003c24   0x00000076   Code   RO         1761    .text.USBD_StdDevReq  usbd_ctlreq.o
    0x08003c9a   0x08003c9a   0x00000002   PAD
    0x08003c9c   0x08003c9c   0x00000180   Code   RO         1781    .text.USBD_StdEPReq  usbd_ctlreq.o
    0x08003e1c   0x08003e1c   0x0000007c   Code   RO         1779    .text.USBD_StdItfReq  usbd_ctlreq.o
    0x08003e98   0x08003e98   0x00000002   Code   RO          253    .text.USBD_static_free  usbd_conf.o
    0x08003e9a   0x08003e9a   0x00000002   PAD
    0x08003e9c   0x08003e9c   0x0000000a   Code   RO          251    .text.USBD_static_malloc  usbd_conf.o
    0x08003ea6   0x08003ea6   0x00000002   PAD
    0x08003ea8   0x08003ea8   0x00000098   Code   RO          391    .text.USB_ActivateEndpoint  stm32f4xx_ll_usb.o
    0x08003f40   0x08003f40   0x00000020   Code   RO          433    .text.USB_ActivateSetup  stm32f4xx_ll_usb.o
    0x08003f60   0x08003f60   0x00000078   Code   RO          367    .text.USB_CoreInit  stm32f4xx_ll_usb.o
    0x08003fd8   0x08003fd8   0x0000004e   Code   RO          369    .text.USB_CoreReset  stm32f4xx_ll_usb.o
    0x08004026   0x08004026   0x00000002   PAD
    0x08004028   0x08004028   0x00000092   Code   RO          395    .text.USB_DeactivateEndpoint  stm32f4xx_ll_usb.o
    0x080040ba   0x080040ba   0x00000002   PAD
    0x080040bc   0x080040bc   0x0000001e   Code   RO          417    .text.USB_DevConnect  stm32f4xx_ll_usb.o
    0x080040da   0x080040da   0x00000002   PAD
    0x080040dc   0x080040dc   0x0000001e   Code   RO          419    .text.USB_DevDisconnect  stm32f4xx_ll_usb.o
    0x080040fa   0x080040fa   0x00000002   PAD
    0x080040fc   0x080040fc   0x0000015e   Code   RO          381    .text.USB_DevInit   stm32f4xx_ll_usb.o
    0x0800425a   0x0800425a   0x00000002   PAD
    0x0800425c   0x0800425c   0x0000000e   Code   RO          375    .text.USB_DisableGlobalInt  stm32f4xx_ll_usb.o
    0x0800426a   0x0800426a   0x00000002   PAD
    0x0800426c   0x0800426c   0x000000fc   Code   RO          403    .text.USB_EP0StartXfer  stm32f4xx_ll_usb.o
    0x08004368   0x08004368   0x0000005a   Code   RO          435    .text.USB_EP0_OutStart  stm32f4xx_ll_usb.o
    0x080043c2   0x080043c2   0x00000002   PAD
    0x080043c4   0x080043c4   0x00000050   Code   RO          411    .text.USB_EPClearStall  stm32f4xx_ll_usb.o
    0x08004414   0x08004414   0x0000004e   Code   RO          409    .text.USB_EPSetStall  stm32f4xx_ll_usb.o
    0x08004462   0x08004462   0x00000002   PAD
    0x08004464   0x08004464   0x000001b4   Code   RO          399    .text.USB_EPStartXfer  stm32f4xx_ll_usb.o
    0x08004618   0x08004618   0x00000086   Code   RO          405    .text.USB_EPStopXfer  stm32f4xx_ll_usb.o
    0x0800469e   0x0800469e   0x00000002   PAD
    0x080046a0   0x080046a0   0x0000000e   Code   RO          373    .text.USB_EnableGlobalInt  stm32f4xx_ll_usb.o
    0x080046ae   0x080046ae   0x00000002   PAD
    0x080046b0   0x080046b0   0x0000004a   Code   RO          387    .text.USB_FlushRxFifo  stm32f4xx_ll_usb.o
    0x080046fa   0x080046fa   0x00000002   PAD
    0x080046fc   0x080046fc   0x0000004e   Code   RO          385    .text.USB_FlushTxFifo  stm32f4xx_ll_usb.o
    0x0800474a   0x0800474a   0x00000002   PAD
    0x0800474c   0x0800474c   0x0000001a   Code   RO          389    .text.USB_GetDevSpeed  stm32f4xx_ll_usb.o
    0x08004766   0x08004766   0x00000002   PAD
    0x08004768   0x08004768   0x00000008   Code   RO          379    .text.USB_GetMode   stm32f4xx_ll_usb.o
    0x08004770   0x08004770   0x0000000e   Code   RO          425    .text.USB_ReadDevAllInEpInterrupt  stm32f4xx_ll_usb.o
    0x0800477e   0x0800477e   0x00000002   PAD
    0x08004780   0x08004780   0x0000000e   Code   RO          423    .text.USB_ReadDevAllOutEpInterrupt  stm32f4xx_ll_usb.o
    0x0800478e   0x0800478e   0x00000002   PAD
    0x08004790   0x08004790   0x00000024   Code   RO          429    .text.USB_ReadDevInEPInterrupt  stm32f4xx_ll_usb.o
    0x080047b4   0x080047b4   0x00000010   Code   RO          427    .text.USB_ReadDevOutEPInterrupt  stm32f4xx_ll_usb.o
    0x080047c4   0x080047c4   0x00000008   Code   RO          421    .text.USB_ReadInterrupts  stm32f4xx_ll_usb.o
    0x080047cc   0x080047cc   0x0000004a   Code   RO          407    .text.USB_ReadPacket  stm32f4xx_ll_usb.o
    0x08004816   0x08004816   0x00000002   PAD
    0x08004818   0x08004818   0x00000068   Code   RO          377    .text.USB_SetCurrentMode  stm32f4xx_ll_usb.o
    0x08004880   0x08004880   0x00000022   Code   RO          415    .text.USB_SetDevAddress  stm32f4xx_ll_usb.o
    0x080048a2   0x080048a2   0x00000002   PAD
    0x080048a4   0x080048a4   0x00000010   Code   RO          383    .text.USB_SetDevSpeed  stm32f4xx_ll_usb.o
    0x080048b4   0x080048b4   0x00000116   Code   RO          371    .text.USB_SetTurnaroundTime  stm32f4xx_ll_usb.o
    0x080049ca   0x080049ca   0x00000002   PAD
    0x080049cc   0x080049cc   0x00000034   Code   RO          401    .text.USB_WritePacket  stm32f4xx_ll_usb.o
    0x08004a00   0x08004a00   0x00000002   Code   RO           64    .text.UsageFault_Handler  stm32f4xx_it.o
    0x08004a02   0x08004a02   0x00000002   PAD
    0x08004a04   0x08004a04   0x00000020   Code   RO          767    .text.__NVIC_EnableIRQ  stm32f4xx_hal_cortex.o
    0x08004a24   0x08004a24   0x00000010   Code   RO          759    .text.__NVIC_GetPriorityGrouping  stm32f4xx_hal_cortex.o
    0x08004a34   0x08004a34   0x00000022   Code   RO          761    .text.__NVIC_SetPriority  stm32f4xx_hal_cortex.o
    0x08004a56   0x08004a56   0x00000002   PAD
    0x08004a58   0x08004a58   0x00000020   Code   RO          755    .text.__NVIC_SetPriorityGrouping  stm32f4xx_hal_cortex.o
    0x08004a78   0x08004a78   0x00000066   Code   RO           15    .text.main          main.o
    0x08004ade   0x08004ade   0x0000000e   Code   RO         1888    i.__scatterload_copy  mc_w.l(handlers.o)
    0x08004aec   0x08004aec   0x00000002   Code   RO         1889    i.__scatterload_null  mc_w.l(handlers.o)
    0x08004aee   0x08004aee   0x0000000e   Code   RO         1890    i.__scatterload_zeroinit  mc_w.l(handlers.o)
    0x08004afc   0x08004afc   0x00000010   Data   RO          129    .rodata.AHBPrescTable  system_stm32f4xx.o
    0x08004b0c   0x08004b0c   0x00000008   Data   RO          130    .rodata.APBPrescTable  system_stm32f4xx.o
    0x08004b14   0x08004b14   0x00000020   Data   RO         1887    Region$$Table       anon$$obj.o


    Execution Region RW_IRAM1 (Exec base: 0x20000000, Load base: 0x08004b38, Size: 0x00001198, Max: 0x0001c000, ABSOLUTE)

    Exec Addr    Load Addr    Size         Type   Attr      Idx    E Section Name        Object

    0x20000000   0x08004b38   0x0000001e   Data   RW          185    .data.CUSTOM_HID_ReportDesc_FS  usbd_custom_hid_if.o
    0x2000001e   0x08004b56   0x00000002   PAD
    0x20000020   0x08004b58   0x0000001c   Data   RW          166    .data.FS_Desc       usbd_desc.o
    0x2000003c   0x08004b74   0x00000004   Data   RW          128    .data.SystemCoreClock  system_stm32f4xx.o
    0x20000040   0x08004b78   0x00000038   Data   RW         1848    .data.USBD_CUSTOM_HID  usbd_customhid.o
    0x20000078   0x08004bb0   0x00000029   Data   RW         1850    .data.USBD_CUSTOM_HID_CfgDesc  usbd_customhid.o
    0x200000a1   0x08004bd9   0x00000003   PAD
    0x200000a4   0x08004bdc   0x00000009   Data   RW         1849    .data.USBD_CUSTOM_HID_Desc  usbd_customhid.o
    0x200000ad   0x08004be5   0x00000003   PAD
    0x200000b0   0x08004be8   0x0000000a   Data   RW         1851    .data.USBD_CUSTOM_HID_DeviceQualifierDesc  usbd_customhid.o
    0x200000ba   0x08004bf2   0x00000002   PAD
    0x200000bc   0x08004bf4   0x00000010   Data   RW          186    .data.USBD_CustomHID_fops_FS  usbd_custom_hid_if.o
    0x200000cc   0x08004c04   0x00000012   Data   RW          167    .data.USBD_FS_DeviceDesc  usbd_desc.o
    0x200000de   0x08004c16   0x00000002   PAD
    0x200000e0   0x08004c18   0x00000004   Data   RW          168    .data.USBD_LangIDDesc  usbd_desc.o
    0x200000e4   0x08004c1c   0x0000001a   Data   RW          169    .data.USBD_StringSerial  usbd_desc.o
    0x200000fe   0x08004c36   0x00000001   Data   RW          880    .data.uwTickFreq    stm32f4xx_hal.o
    0x200000ff   0x08004c37   0x00000001   PAD
    0x20000100   0x08004c38   0x00000004   Data   RW          879    .data.uwTickPrio    stm32f4xx_hal.o
    0x20000104   0x08004c3c   0x00000004   PAD
    0x20000108        -       0x00000004   Zero   RW          115    .bss.HAL_RCC_CAN1_CLK_ENABLED  stm32f4xx_hal_msp.o
    0x2000010c        -       0x00000001   Zero   RW         1791    .bss.USBD_SetConfig.cfgidx  usbd_ctlreq.o
    0x2000010d   0x08004c3c   0x00000003   PAD
    0x20000110        -       0x00000200   Zero   RW          170    .bss.USBD_StrDesc   usbd_desc.o
    0x20000310        -       0x00000058   Zero   RW          258    .bss.USBD_static_malloc.mem  usbd_conf.o
    0x20000368        -       0x000002dc   Zero   RW          141    .bss.hUsbDeviceFS   usb_device.o
    0x20000644        -       0x00000028   Zero   RW           39    .bss.hcan1          main.o
    0x2000066c        -       0x00000028   Zero   RW           40    .bss.hcan2          main.o
    0x20000694        -       0x00000060   Zero   RW           45    .bss.hdma_usart1_rx  main.o
    0x200006f4        -       0x00000060   Zero   RW           46    .bss.hdma_usart1_tx  main.o
    0x20000754        -       0x00000054   Zero   RW           41    .bss.hi2c1          main.o
    0x200007a8        -       0x0000050c   Zero   RW          257    .bss.hpcd_USB_OTG_FS  usbd_conf.o
    0x20000cb4        -       0x00000058   Zero   RW           43    .bss.hspi2          main.o
    0x20000d0c        -       0x00000044   Zero   RW           38    .bss.huart1         main.o
    0x20000d50        -       0x00000044   Zero   RW           44    .bss.husart2        main.o
    0x20000d94        -       0x00000004   Zero   RW          881    .bss.uwTick         stm32f4xx_hal.o
    0x20000d98        -       0x00000400   Zero   RW            1    STACK               startup_stm32f407xx.o


    Execution Region RW_IRAM2 (Exec base: 0x2001c000, Load base: 0x08004c40, Size: 0x00000000, Max: 0x00004000, ABSOLUTE)

    **** No section assigned to this execution region ****


==============================================================================

Image component sizes


      Code (inc. data)   RO Data    RW Data    ZI Data      Debug   Object Name

       998          0          0          0        580      15705   main.o
        36          8        392          0       1024        844   startup_stm32f407xx.o
       212          0          0          5          4       7585   stm32f4xx_hal.o
       244          0          0          0          0      13351   stm32f4xx_hal_can.o
       258          0          0          0          0      11032   stm32f4xx_hal_cortex.o
       906         12          0          0          0       9519   stm32f4xx_hal_dma.o
       420          0          0          0          0       5440   stm32f4xx_hal_gpio.o
       408          0          0          0          0      39560   stm32f4xx_hal_i2c.o
      1042          0          0          0          4      15820   stm32f4xx_hal_msp.o
      2942          0          0          0          0      16257   stm32f4xx_hal_pcd.o
        90          0          0          0          0       4601   stm32f4xx_hal_pcd_ex.o
      1376          0          0          0          0       7545   stm32f4xx_hal_rcc.o
       180          0          0          0          0      21914   stm32f4xx_hal_spi.o
      1290          0          0          0          0      24980   stm32f4xx_hal_uart.o
       260          0          0          0          0      17101   stm32f4xx_hal_usart.o
        96          0          0          0          0       2320   stm32f4xx_it.o
      2868          0          0          0          0      23803   stm32f4xx_ll_usb.o
        18          0         24          4          0       2764   system_stm32f4xx.o
       110          0          0          0        732       3163   usb_device.o
       682          0          0          0       1380      16867   usbd_conf.o
       924          0          0          0          0      10325   usbd_core.o
      1482         24          0          0          1      10548   usbd_ctlreq.o
        32          0          0         46          0       1805   usbd_custom_hid_if.o
       982         22          0        116          0      10230   usbd_customhid.o
       346         96          0         76        512       3525   usbd_desc.o
       128          0          0          0          0       4888   usbd_ioreq.o

    ----------------------------------------------------------------------
     18522        162        448        260       4244     301492   Object Totals
         0          0         32          0          0          0   (incl. Generated)
       192          0          0         13          7          0   (incl. Padding)

    ----------------------------------------------------------------------

      Code (inc. data)   RO Data    RW Data    ZI Data      Debug   Library Member Name

         0          0          0          0          0          0   entry.o
         0          0          0          0          0          0   entry10a.o
         0          0          0          0          0          0   entry11a.o
         8          4          0          0          0          0   entry2.o
         4          0          0          0          0          0   entry5.o
         0          0          0          0          0          0   entry7b.o
         0          0          0          0          0          0   entry8b.o
         8          4          0          0          0          0   entry9a.o
        30          0          0          0          0          0   handlers.o
        36          8          0          0          0         68   init.o
        30          0          0          0          0         68   llshl.o
        32          0          0          0          0         68   llushr.o
        36          0          0          0          0        108   memseta.o
        98          0          0          0          0         92   uldiv.o

    ----------------------------------------------------------------------
       282         16          0          0          0        404   Library Totals
         0          0          0          0          0          0   (incl. Padding)

    ----------------------------------------------------------------------

      Code (inc. data)   RO Data    RW Data    ZI Data      Debug   Library Name

       282         16          0          0          0        404   mc_w.l

    ----------------------------------------------------------------------
       282         16          0          0          0        404   Library Totals

    ----------------------------------------------------------------------

==============================================================================


      Code (inc. data)   RO Data    RW Data    ZI Data      Debug   

     18804        178        448        260       4244     301516   Grand Totals
     18804        178        448        260       4244     301516   ELF Image Totals
     18804        178        448        260          0          0   ROM Totals

==============================================================================

    Total RO  Size (Code + RO Data)                19252 (  18.80kB)
    Total RW  Size (RW Data + ZI Data)              4504 (   4.40kB)
    Total ROM Size (Code + RO Data + RW Data)      19512 (  19.05kB)

==============================================================================

