Component: ARM Compiler 5.06 update 7 (build 960) Tool: armlink [4d3601]

==============================================================================

Section Cross References

    startup_stm32f40_41xxx.o(RESET) refers to startup_stm32f40_41xxx.o(STACK) for __initial_sp
    startup_stm32f40_41xxx.o(RESET) refers to startup_stm32f40_41xxx.o(.text) for Reset_Handler
    startup_stm32f40_41xxx.o(RESET) refers to stm32f4xx_it.o(i.NMI_Handler) for NMI_Handler
    startup_stm32f40_41xxx.o(RESET) refers to stm32f4xx_it.o(i.HardFault_Handler) for HardFault_Handler
    startup_stm32f40_41xxx.o(RESET) refers to stm32f4xx_it.o(i.MemManage_Handler) for MemManage_Handler
    startup_stm32f40_41xxx.o(RESET) refers to stm32f4xx_it.o(i.BusFault_Handler) for BusFault_Handler
    startup_stm32f40_41xxx.o(RESET) refers to stm32f4xx_it.o(i.UsageFault_Handler) for UsageFault_Handler
    startup_stm32f40_41xxx.o(RESET) refers to stm32f4xx_it.o(i.SVC_Handler) for SVC_Handler
    startup_stm32f40_41xxx.o(RESET) refers to stm32f4xx_it.o(i.DebugMon_Handler) for DebugMon_Handler
    startup_stm32f40_41xxx.o(RESET) refers to stm32f4xx_it.o(i.PendSV_Handler) for PendSV_Handler
    startup_stm32f40_41xxx.o(RESET) refers to stm32f4xx_it.o(i.SysTick_Handler) for SysTick_Handler
    startup_stm32f40_41xxx.o(RESET) refers to pulse_1.o(i.TIM3_IRQHandler) for TIM3_IRQHandler
    startup_stm32f40_41xxx.o(RESET) refers to uart.o(i.USART1_IRQHandler) for USART1_IRQHandler
    startup_stm32f40_41xxx.o(RESET) refers to uart.o(i.DMA2_Stream7_IRQHandler) for DMA2_Stream7_IRQHandler
    startup_stm32f40_41xxx.o(.text) refers to system_stm32f4xx.o(i.SystemInit) for SystemInit
    startup_stm32f40_41xxx.o(.text) refers to entry.o(.ARM.Collect$$$$00000000) for __main
    system_stm32f4xx.o(i.SystemCoreClockUpdate) refers to system_stm32f4xx.o(.data) for SystemCoreClock
    system_stm32f4xx.o(i.SystemInit) refers to system_stm32f4xx.o(i.SetSysClock) for SetSysClock
    main.o(i.BspEncCycle) refers to sleep.o(i.DelayNonBlock) for DelayNonBlock
    main.o(i.BspEncCycle) refers to sleep.o(i.HAL_GetTick) for HAL_GetTick
    main.o(i.BspEncCycle) refers to incenc.o(i.IncEncCycle) for IncEncCycle
    main.o(i.BspEncCycle) refers to main.o(.data) for t
    main.o(i.BspEncInit) refers to incenc.o(i.IncEncInit) for IncEncInit
    main.o(i.BspEncInit) refers to pulse_1.o(i.PulseGenInit) for PulseGenInit
    main.o(i.BspEncInit) refers to paratbl.o(.bss) for m_paratbl
    main.o(i.BspEncInit) refers to main.o(.bss) for EncArgs
    main.o(i.BspEncInit) refers to main.o(.data) for pEncArgs
    main.o(i.BspFreqDivOutCycle) refers to sleep.o(i.DelayNonBlock) for DelayNonBlock
    main.o(i.BspFreqDivOutCycle) refers to sleep.o(i.HAL_GetTick) for HAL_GetTick
    main.o(i.BspFreqDivOutCycle) refers to main.o(.data) for t
    main.o(i.BspTempSensorCycle) refers to sleep.o(i.DelayNonBlock) for DelayNonBlock
    main.o(i.BspTempSensorCycle) refers to ds18b20.o(i.ds18b20_read_temp) for ds18b20_read_temp
    main.o(i.BspTempSensorCycle) refers to ds18b20.o(i.ds18b20_convert_temp) for ds18b20_convert_temp
    main.o(i.BspTempSensorCycle) refers to sleep.o(i.HAL_GetTick) for HAL_GetTick
    main.o(i.BspTempSensorCycle) refers to main.o(.data) for t
    main.o(i.BspTempSensorCycle) refers to paratbl.o(.bss) for m_paratbl
    main.o(i.BspTempSensorInit) refers to ds18b20.o(i.ds18b20_init) for ds18b20_init
    main.o(i.main) refers to misc.o(i.NVIC_PriorityGroupConfig) for NVIC_PriorityGroupConfig
    main.o(i.main) refers to mb.o(i.eMBInit) for eMBInit
    main.o(i.main) refers to mb.o(i.eMBEnable) for eMBEnable
    main.o(i.main) refers to pulse_1.o(i.PulseGenInit) for PulseGenInit
    main.o(i.main) refers to wave.o(i.WaveGenInit) for WaveGenInit
    main.o(i.main) refers to mb.o(i.eMBPoll) for eMBPoll
    main.o(i.main) refers to sleep.o(i.DelayNonBlock) for DelayNonBlock
    main.o(i.main) refers to pulse_1.o(i.PulseGenN) for PulseGenN
    main.o(i.main) refers to sleep.o(i.HAL_GetTick) for HAL_GetTick
    main.o(i.main) refers to wave.o(i.WaveGenCycle) for WaveGenCycle
    main.o(i.main) refers to main.o(i.BspTempSensorCycle) for BspTempSensorCycle
    main.o(i.main) refers to main.o(i.BspEncCycle) for BspEncCycle
    main.o(i.main) refers to paratbl.o(.bss) for m_paratbl
    main.o(i.main) refers to mbslave.o(.data) for ucDiscInBuf
    main.o(i.main) refers to main.o(.data) for t_blink
    main.o(i.usdk_preinit) refers to sleep.o(i.dwt_init) for dwt_init
    main.o(i.usdk_preinit) refers to sleep.o(i.DelayInit) for DelayInit
    main.o(i.usdk_preinit) refers to uart.o(i.UART_Config) for UART_Config
    main.o(i.usdk_preinit) refers to uart.o(i.UART_DMA_Config) for UART_DMA_Config
    main.o(.usdk.initcall.1) refers to main.o(i.BspTempSensorInit) for BspTempSensorInit
    main.o(.usdk.initcall.1) refers to main.o(i.BspEncInit) for BspEncInit
    main.o(.usdk.initcall.1) refers to main.o(i.BspFreqDivOutInit) for BspFreqDivOutInit
[...]
    ..\\..\\fwlib\\Libraries\\STM32F4xx_StdPeriph_Driver\\src\\stm32f4xx_rtc.c 0x00000000   Number         0  stm32f4xx_rtc.o ABSOLUTE
    ..\\..\\fwlib\\Libraries\\STM32F4xx_StdPeriph_Driver\\src\\stm32f4xx_sai.c 0x00000000   Number         0  stm32f4xx_sai.o ABSOLUTE
    ..\\..\\fwlib\\Libraries\\STM32F4xx_StdPeriph_Driver\\src\\stm32f4xx_sdio.c 0x00000000   Number         0  stm32f4xx_sdio.o ABSOLUTE
    ..\\..\\fwlib\\Libraries\\STM32F4xx_StdPeriph_Driver\\src\\stm32f4xx_spdifrx.c 0x00000000   Number         0  stm32f4xx_spdifrx.o ABSOLUTE
    ..\\..\\fwlib\\Libraries\\STM32F4xx_StdPeriph_Driver\\src\\stm32f4xx_spi.c 0x00000000   Number         0  stm32f4xx_spi.o ABSOLUTE
    ..\\..\\fwlib\\Libraries\\STM32F4xx_StdPeriph_Driver\\src\\stm32f4xx_syscfg.c 0x00000000   Number         0  stm32f4xx_syscfg.o ABSOLUTE
    ..\\..\\fwlib\\Libraries\\STM32F4xx_StdPeriph_Driver\\src\\stm32f4xx_tim.c 0x00000000   Number         0  stm32f4xx_tim.o ABSOLUTE
    ..\\..\\fwlib\\Libraries\\STM32F4xx_StdPeriph_Driver\\src\\stm32f4xx_usart.c 0x00000000   Number         0  stm32f4xx_usart.o ABSOLUTE
    ..\\..\\fwlib\\Libraries\\STM32F4xx_StdPeriph_Driver\\src\\stm32f4xx_wwdg.c 0x00000000   Number         0  stm32f4xx_wwdg.o ABSOLUTE
    Core\\src\\main.c                        0x00000000   Number         0  main.o ABSOLUTE
    Core\\src\\mbslave\\mbslave.c            0x00000000   Number         0  mbslave.o ABSOLUTE
    Core\\src\\mbslave\\portserial.c         0x00000000   Number         0  portserial.o ABSOLUTE
    Core\\src\\paratbl.c                     0x00000000   Number         0  paratbl.o ABSOLUTE
    Core\\src\\system_stm32f4xx.c            0x00000000   Number         0  system_stm32f4xx.o ABSOLUTE
    Core\src\main.c                          0x00000000   Number         0  main.o ABSOLUTE
    Core\src\mbslave\mbslave.c               0x00000000   Number         0  mbslave.o ABSOLUTE
    Core\src\mbslave\portevent.c             0x00000000   Number         0  portevent.o ABSOLUTE
    Core\src\mbslave\portserial.c            0x00000000   Number         0  portserial.o ABSOLUTE
    Core\src\mbslave\porttimer.c             0x00000000   Number         0  porttimer.o ABSOLUTE
    Core\src\paratbl.c                       0x00000000   Number         0  paratbl.o ABSOLUTE
    Core\src\startup_stm32f40_41xxx.s        0x00000000   Number         0  startup_stm32f40_41xxx.o ABSOLUTE
    Core\src\stm32f4xx_it.c                  0x00000000   Number         0  stm32f4xx_it.o ABSOLUTE
    Core\src\system_stm32f4xx.c              0x00000000   Number         0  system_stm32f4xx.o ABSOLUTE
    cdrcmple.s                               0x00000000   Number         0  cdrcmple.o ABSOLUTE
    dc.s                                     0x00000000   Number         0  dc.o ABSOLUTE
    handlers.s                               0x00000000   Number         0  handlers.o ABSOLUTE
    init.s                                   0x00000000   Number         0  init.o ABSOLUTE
    RESET                                    0x08000000   Section      392  startup_stm32f40_41xxx.o(RESET)
    .ARM.Collect$$$$00000000                 0x08000188   Section        0  entry.o(.ARM.Collect$$$$00000000)
    .ARM.Collect$$$$00000001                 0x08000188   Section        4  entry2.o(.ARM.Collect$$$$00000001)
    .ARM.Collect$$$$00000004                 0x0800018c   Section        4  entry5.o(.ARM.Collect$$$$00000004)
    .ARM.Collect$$$$00000008                 0x08000190   Section        0  entry7b.o(.ARM.Collect$$$$00000008)
    .ARM.Collect$$$$0000000A                 0x08000190   Section        0  entry8b.o(.ARM.Collect$$$$0000000A)
    .ARM.Collect$$$$0000000B                 0x08000190   Section        8  entry9a.o(.ARM.Collect$$$$0000000B)
    .ARM.Collect$$$$0000000E                 0x08000198   Section        4  entry12b.o(.ARM.Collect$$$$0000000E)
    .ARM.Collect$$$$0000000F                 0x0800019c   Section        0  entry10a.o(.ARM.Collect$$$$0000000F)
    .ARM.Collect$$$$00000011                 0x0800019c   Section        0  entry11a.o(.ARM.Collect$$$$00000011)
    .ARM.Collect$$$$00002712                 0x0800019c   Section        4  entry2.o(.ARM.Collect$$$$00002712)
    __lit__00000000                          0x0800019c   Data           4  entry2.o(.ARM.Collect$$$$00002712)
    .text                                    0x080001a0   Section       36  startup_stm32f40_41xxx.o(.text)
    $v0                                      0x080001a0   Number         0  startup_stm32f40_41xxx.o(.text)
    .text                                    0x080001c4   Section        0  ldiv.o(.text)
    .text                                    0x08000226   Section        0  memcpya.o(.text)
    .text                                    0x0800024a   Section        0  dadd.o(.text)
    .text                                    0x08000398   Section        0  dmul.o(.text)
    .text                                    0x0800047c   Section        0  dflti.o(.text)
    .text                                    0x0800049e   Section        0  dfltui.o(.text)
    .text                                    0x080004b8   Section        0  dfixi.o(.text)
    .text                                    0x080004f6   Section        0  dfixui.o(.text)
    .text                                    0x08000528   Section        0  d2f.o(.text)
    .text                                    0x08000560   Section        0  uldiv.o(.text)
    .text                                    0x080005c2   Section        0  llshl.o(.text)
    .text                                    0x080005e0   Section        0  llushr.o(.text)
    .text                                    0x08000600   Section        0  llsshr.o(.text)
    .text                                    0x08000624   Section        0  iusefp.o(.text)
    .text                                    0x08000624   Section        0  fepilogue.o(.text)
    .text                                    0x08000692   Section        0  depilogue.o(.text)
    .text                                    0x0800074c   Section       36  init.o(.text)
    .text                                    0x08000770   Section        0  __dczerorl2.o(.text)
    i.$Sub$$main                             0x080007c6   Section        0  autoinit.o(i.$Sub$$main)
    i.BspEncCycle                            0x080007d4   Section        0  main.o(i.BspEncCycle)
    BspEncCycle                              0x080007d5   Thumb Code    34  main.o(i.BspEncCycle)
    i.BspEncInit                             0x08000800   Section        0  main.o(i.BspEncInit)
    BspEncInit                               0x08000801   Thumb Code    58  main.o(i.BspEncInit)
    i.BspFreqDivOutInit                      0x08000848   Section        0  main.o(i.BspFreqDivOutInit)
    BspFreqDivOutInit                        0x08000849   Thumb Code     4  main.o(i.BspFreqDivOutInit)
    i.BspTempSensorCycle                     0x0800084c   Section        0  main.o(i.BspTempSensorCycle)
    BspTempSensorCycle                       0x0800084d   Thumb Code    80  main.o(i.BspTempSensorCycle)
    i.BspTempSensorInit                      0x080008ac   Section        0  main.o(i.BspTempSensorInit)
    BspTempSensorInit                        0x080008ad   Thumb Code    10  main.o(i.BspTempSensorInit)
    i.BusFault_Handler                       0x080008b6   Section        0  stm32f4xx_it.o(i.BusFault_Handler)
    i.DAC_Cmd                                0x080008bc   Section        0  stm32f4xx_dac.o(i.DAC_Cmd)
    i.DAC_DMACmd                             0x080008e4   Section        0  stm32f4xx_dac.o(i.DAC_DMACmd)
    i.DAC_DeInit                             0x08000910   Section        0  stm32f4xx_dac.o(i.DAC_DeInit)
    i.DAC_Init                               0x08000928   Section        0  stm32f4xx_dac.o(i.DAC_Init)
    i.DMA2_Stream7_IRQHandler                0x0800095c   Section        0  uart.o(i.DMA2_Stream7_IRQHandler)
    i.DMA_ClearFlag                          0x080009a4   Section        0  stm32f4xx_dma.o(i.DMA_ClearFlag)
    i.DMA_ClearITPendingBit                  0x080009d8   Section        0  stm32f4xx_dma.o(i.DMA_ClearITPendingBit)
    i.DMA_Cmd                                0x08000a0c   Section        0  stm32f4xx_dma.o(i.DMA_Cmd)
    i.DMA_DeInit                             0x08000a24   Section        0  stm32f4xx_dma.o(i.DMA_DeInit)
    i.DMA_GetCmdStatus                       0x08000b7c   Section        0  stm32f4xx_dma.o(i.DMA_GetCmdStatus)
    i.DMA_GetCurrDataCounter                 0x08000b90   Section        0  stm32f4xx_dma.o(i.DMA_GetCurrDataCounter)
    i.DMA_GetITStatus                        0x08000b98   Section        0  stm32f4xx_dma.o(i.DMA_GetITStatus)
    i.DMA_ITConfig                           0x08000bfc   Section        0  stm32f4xx_dma.o(i.DMA_ITConfig)
    i.DMA_Init                               0x08000c38   Section        0  stm32f4xx_dma.o(i.DMA_Init)
    i.DMA_SetCurrDataCounter                 0x08000c90   Section        0  stm32f4xx_dma.o(i.DMA_SetCurrDataCounter)
    i.DQ_IN                                  0x08000c94   Section        0  ds18b20.o(i.DQ_IN)
    i.DQ_OUT                                 0x08000cac   Section        0  ds18b20.o(i.DQ_OUT)
    i.DebugMon_Handler                       0x08000cc4   Section        0  stm32f4xx_it.o(i.DebugMon_Handler)
    i.DelayInit                              0x08000cc8   Section        0  sleep.o(i.DelayInit)
    i.DelayNonBlock                          0x08000d28   Section        0  sleep.o(i.DelayNonBlock)
    i.GPIO_Init                              0x08000d44   Section        0  stm32f4xx_gpio.o(i.GPIO_Init)
    i.GPIO_PinAFConfig                       0x08000dd4   Section        0  stm32f4xx_gpio.o(i.GPIO_PinAFConfig)
    i.GPIO_WriteBit                          0x08000e1a   Section        0  stm32f4xx_gpio.o(i.GPIO_WriteBit)
    i.HAL_DeltaTick                          0x08000e26   Section        0  sleep.o(i.HAL_DeltaTick)
    i.HAL_GetTick                            0x08000e38   Section        0  sleep.o(i.HAL_GetTick)
    i.HAL_IncTick                            0x08000e44   Section        0  sleep.o(i.HAL_IncTick)
    i.HardFault_Handler                      0x08000e58   Section        0  stm32f4xx_it.o(i.HardFault_Handler)
    i.IncEncCycle                            0x08000e5c   Section        0  incenc.o(i.IncEncCycle)
    i.IncEncInit                             0x08000f5c   Section        0  incenc.o(i.IncEncInit)
    i.IncEncRst                              0x08001038   Section        0  incenc.o(i.IncEncRst)
    IncEncRst                                0x08001039   Thumb Code    14  incenc.o(i.IncEncRst)
    i.MemManage_Handler                      0x0800104c   Section        0  stm32f4xx_it.o(i.MemManage_Handler)
    i.NMI_Handler                            0x08001050   Section        0  stm32f4xx_it.o(i.NMI_Handler)
    i.NVIC_Init                              0x08001054   Section        0  misc.o(i.NVIC_Init)
    i.NVIC_PriorityGroupConfig               0x080010cc   Section        0  misc.o(i.NVIC_PriorityGroupConfig)
    i.PendSV_Handler                         0x080010e0   Section        0  stm32f4xx_it.o(i.PendSV_Handler)
    i.PulseGenInit                           0x080010e4   Section        0  pulse_1.o(i.PulseGenInit)
    i.PulseGenN                              0x08001244   Section        0  pulse_1.o(i.PulseGenN)
    i.RCC_AHB1PeriphClockCmd                 0x0800127c   Section        0  stm32f4xx_rcc.o(i.RCC_AHB1PeriphClockCmd)
    i.RCC_APB1PeriphClockCmd                 0x0800129c   Section        0  stm32f4xx_rcc.o(i.RCC_APB1PeriphClockCmd)
    i.RCC_APB1PeriphResetCmd                 0x080012bc   Section        0  stm32f4xx_rcc.o(i.RCC_APB1PeriphResetCmd)
    i.RCC_APB2PeriphClockCmd                 0x080012dc   Section        0  stm32f4xx_rcc.o(i.RCC_APB2PeriphClockCmd)
    i.RCC_GetClocksFreq                      0x080012fc   Section        0  stm32f4xx_rcc.o(i.RCC_GetClocksFreq)
    i.SVC_Handler                            0x080013e4   Section        0  stm32f4xx_it.o(i.SVC_Handler)
    i.SetSysClock                            0x080013e8   Section        0  system_stm32f4xx.o(i.SetSysClock)
    SetSysClock                              0x080013e9   Thumb Code   220  system_stm32f4xx.o(i.SetSysClock)
    i.SysTick_Handler                        0x080014d4   Section        0  stm32f4xx_it.o(i.SysTick_Handler)
    i.SystemInit                             0x080014dc   Section        0  system_stm32f4xx.o(i.SystemInit)
    i.TI1_Config                             0x08001544   Section        0  stm32f4xx_tim.o(i.TI1_Config)
    TI1_Config                               0x08001545   Thumb Code    58  stm32f4xx_tim.o(i.TI1_Config)
    i.TI2_Config                             0x0800157e   Section        0  stm32f4xx_tim.o(i.TI2_Config)
    TI2_Config                               0x0800157f   Thumb Code    80  stm32f4xx_tim.o(i.TI2_Config)
    i.TI3_Config                             0x080015ce   Section        0  stm32f4xx_tim.o(i.TI3_Config)
    TI3_Config                               0x080015cf   Thumb Code    72  stm32f4xx_tim.o(i.TI3_Config)
    i.TI4_Config                             0x08001616   Section        0  stm32f4xx_tim.o(i.TI4_Config)
    TI4_Config                               0x08001617   Thumb Code    80  stm32f4xx_tim.o(i.TI4_Config)
    i.TIM3_IRQHandler                        0x08001668   Section        0  pulse_1.o(i.TIM3_IRQHandler)
    i.TIM_Calc                               0x080016a8   Section        0  calc.o(i.TIM_Calc)
    i.TIM_ClearITPendingBit                  0x08001768   Section        0  stm32f4xx_tim.o(i.TIM_ClearITPendingBit)
    i.TIM_Cmd                                0x0800176e   Section        0  stm32f4xx_tim.o(i.TIM_Cmd)
    i.TIM_CtrlPWMOutputs                     0x08001786   Section        0  stm32f4xx_tim.o(i.TIM_CtrlPWMOutputs)
    i.TIM_EncoderInterfaceConfig             0x080017a4   Section        0  stm32f4xx_tim.o(i.TIM_EncoderInterfaceConfig)
    i.TIM_GetCounter                         0x080017e6   Section        0  stm32f4xx_tim.o(i.TIM_GetCounter)
    i.TIM_GetITStatus                        0x080017ec   Section        0  stm32f4xx_tim.o(i.TIM_GetITStatus)
    i.TIM_ICInit                             0x0800180e   Section        0  stm32f4xx_tim.o(i.TIM_ICInit)
    i.TIM_ICStructInit                       0x0800187c   Section        0  stm32f4xx_tim.o(i.TIM_ICStructInit)
    i.TIM_ITConfig                           0x0800188e   Section        0  stm32f4xx_tim.o(i.TIM_ITConfig)
    i.TIM_InternalClockConfig                0x080018a0   Section        0  stm32f4xx_tim.o(i.TIM_InternalClockConfig)
    i.TIM_OC4FastConfig                      0x080018ac   Section        0  stm32f4xx_tim.o(i.TIM_OC4FastConfig)
    i.TIM_OC4Init                            0x080018c8   Section        0  stm32f4xx_tim.o(i.TIM_OC4Init)
    i.TIM_SelectInputTrigger                 0x08001940   Section        0  stm32f4xx_tim.o(i.TIM_SelectInputTrigger)
    i.TIM_SelectMasterSlaveMode              0x08001952   Section        0  stm32f4xx_tim.o(i.TIM_SelectMasterSlaveMode)
    i.TIM_SelectOutputTrigger                0x08001964   Section        0  stm32f4xx_tim.o(i.TIM_SelectOutputTrigger)
    i.TIM_SelectSlaveMode                    0x08001976   Section        0  stm32f4xx_tim.o(i.TIM_SelectSlaveMode)
    i.TIM_SetAutoreload                      0x08001988   Section        0  stm32f4xx_tim.o(i.TIM_SetAutoreload)
    i.TIM_SetCounter                         0x0800198c   Section        0  stm32f4xx_tim.o(i.TIM_SetCounter)
    i.TIM_SetIC1Prescaler                    0x08001990   Section        0  stm32f4xx_tim.o(i.TIM_SetIC1Prescaler)
    i.TIM_SetIC2Prescaler                    0x080019a2   Section        0  stm32f4xx_tim.o(i.TIM_SetIC2Prescaler)
    i.TIM_SetIC3Prescaler                    0x080019bc   Section        0  stm32f4xx_tim.o(i.TIM_SetIC3Prescaler)
    i.TIM_SetIC4Prescaler                    0x080019ce   Section        0  stm32f4xx_tim.o(i.TIM_SetIC4Prescaler)
    i.TIM_TimeBaseInit                       0x080019e8   Section        0  stm32f4xx_tim.o(i.TIM_TimeBaseInit)
    i.UART_Config                            0x08001a6c   Section        0  uart.o(i.UART_Config)
    i.UART_DMA_Config                        0x08001ae0   Section        0  uart.o(i.UART_DMA_Config)
    i.UART_ReConfig                          0x08001c44   Section        0  uart.o(i.UART_ReConfig)
    i.UART_Transmit_DMA                      0x08001c58   Section        0  uart.o(i.UART_Transmit_DMA)
    i.USART1_IRQHandler                      0x08001cac   Section        0  uart.o(i.USART1_IRQHandler)
    i.USART_ClearFlag                        0x08001d4c   Section        0  stm32f4xx_usart.o(i.USART_ClearFlag)
    i.USART_ClearITPendingBit                0x08001d5e   Section        0  stm32f4xx_usart.o(i.USART_ClearITPendingBit)
    i.USART_Cmd                              0x08001d7c   Section        0  stm32f4xx_usart.o(i.USART_Cmd)
    i.USART_DMACmd                           0x08001d94   Section        0  stm32f4xx_usart.o(i.USART_DMACmd)
    i.USART_GetITStatus                      0x08001da6   Section        0  stm32f4xx_usart.o(i.USART_GetITStatus)
    i.USART_ITConfig                         0x08001dfa   Section        0  stm32f4xx_usart.o(i.USART_ITConfig)
    i.USART_Init                             0x08001e44   Section        0  stm32f4xx_usart.o(i.USART_Init)
    i.USART_ReceiveData                      0x08001f18   Section        0  stm32f4xx_usart.o(i.USART_ReceiveData)
    i.UsageFault_Handler                     0x08001f22   Section        0  stm32f4xx_it.o(i.UsageFault_Handler)
    i.WaveGenCfg                             0x08001f28   Section        0  wave.o(i.WaveGenCfg)
    WaveGenCfg                               0x08001f29   Thumb Code   560  wave.o(i.WaveGenCfg)
    i.WaveGenCycle                           0x08002168   Section        0  wave.o(i.WaveGenCycle)
    i.WaveGenDemo                            0x080021f8   Section        0  wave.o(i.WaveGenDemo)
    WaveGenDemo                              0x080021f9   Thumb Code   346  wave.o(i.WaveGenDemo)
    i.WaveGenInit                            0x08002364   Section        0  wave.o(i.WaveGenInit)
    i.__scatterload_copy                     0x080023cc   Section       14  handlers.o(i.__scatterload_copy)
    i.__scatterload_null                     0x080023da   Section        2  handlers.o(i.__scatterload_null)
    i.__scatterload_zeroinit                 0x080023dc   Section       14  handlers.o(i.__scatterload_zeroinit)
    i.ds18b20_convert_temp                   0x080023ec   Section        0  ds18b20.o(i.ds18b20_convert_temp)
    i.ds18b20_init                           0x08002430   Section        0  ds18b20.o(i.ds18b20_init)
    i.ds18b20_read_bit                       0x0800244c   Section        0  ds18b20.o(i.ds18b20_read_bit)
    i.ds18b20_read_byte                      0x0800247c   Section        0  ds18b20.o(i.ds18b20_read_byte)
    i.ds18b20_read_temp                      0x0800249a   Section        0  ds18b20.o(i.ds18b20_read_temp)
    i.ds18b20_reset                          0x080024dc   Section        0  ds18b20.o(i.ds18b20_reset)
    i.ds18b20_write_byte                     0x08002554   Section        0  ds18b20.o(i.ds18b20_write_byte)
    i.dwt_init                               0x080025b0   Section        0  sleep.o(i.dwt_init)
    i.dwt_tick                               0x080025d8   Section        0  sleep.o(i.dwt_tick)
    i.dwt_wait                               0x080025e4   Section        0  sleep.o(i.dwt_wait)
    i.eMBEnable                              0x08002630   Section        0  mb.o(i.eMBEnable)
    i.eMBFuncReadCoils                       0x08002658   Section        0  mbfunccoils.o(i.eMBFuncReadCoils)
    i.eMBFuncReadDiscreteInputs              0x08002706   Section        0  mbfuncdisc.o(i.eMBFuncReadDiscreteInputs)
    i.eMBFuncReadHoldingRegister             0x080027b2   Section        0  mbfuncholding.o(i.eMBFuncReadHoldingRegister)
    i.eMBFuncReadInputRegister               0x0800283e   Section        0  mbfuncinput.o(i.eMBFuncReadInputRegister)
    i.eMBFuncReadWriteMultipleHoldingRegister 0x080028ca   Section        0  mbfuncholding.o(i.eMBFuncReadWriteMultipleHoldingRegister)
    i.eMBFuncReportSlaveID                   0x080029a0   Section        0  mbfuncother.o(i.eMBFuncReportSlaveID)
    i.eMBFuncWriteCoil                       0x080029c8   Section        0  mbfunccoils.o(i.eMBFuncWriteCoil)
    i.eMBFuncWriteHoldingRegister            0x08002a38   Section        0  mbfuncholding.o(i.eMBFuncWriteHoldingRegister)
    i.eMBFuncWriteMultipleCoils              0x08002a7a   Section        0  mbfunccoils.o(i.eMBFuncWriteMultipleCoils)
    i.eMBFuncWriteMultipleHoldingRegister    0x08002b0a   Section        0  mbfuncholding.o(i.eMBFuncWriteMultipleHoldingRegister)
    i.eMBInit                                0x08002b78   Section        0  mb.o(i.eMBInit)
    i.eMBPoll                                0x08002c58   Section        0  mb.o(i.eMBPoll)
    i.eMBRTUInit                             0x08002d90   Section        0  mbrtu.o(i.eMBRTUInit)
    i.eMBRTUReceive                          0x08002de0   Section        0  mbrtu.o(i.eMBRTUReceive)
    i.eMBRTUSend                             0x08002e30   Section        0  mbrtu.o(i.eMBRTUSend)
    i.eMBRTUStart                            0x08002ec4   Section        0  mbrtu.o(i.eMBRTUStart)
    i.eMBRTUStop                             0x08002ee0   Section        0  mbrtu.o(i.eMBRTUStop)
    i.eMBRegCoilsCB                          0x08002ef0   Section        0  mbslave.o(i.eMBRegCoilsCB)
    i.eMBRegDiscreteCB                       0x08002ff0   Section        0  mbslave.o(i.eMBRegDiscreteCB)
    i.eMBRegHoldingCB                        0x08003094   Section        0  mbslave.o(i.eMBRegHoldingCB)
    i.eMBRegInputCB                          0x08003158   Section        0  mbslave.o(i.eMBRegInputCB)
    i.key_init                               0x080031a8   Section        0  key.o(i.key_init)
    key_init                                 0x080031a9   Thumb Code    78  key.o(i.key_init)
    i.led_init                               0x080031fc   Section        0  led.o(i.led_init)
    led_init                                 0x080031fd   Thumb Code    96  led.o(i.led_init)
    i.led_off                                0x08003260   Section        0  led.o(i.led_off)
    i.main                                   0x080032a0   Section        0  main.o(i.main)
    i.prveMBError2Exception                  0x080033b8   Section        0  mbutils.o(i.prveMBError2Exception)
    i.system_begin                           0x080033da   Section        0  autoinit.o(i.system_begin)
    system_begin                             0x080033db   Thumb Code     4  autoinit.o(i.system_begin)
    i.system_end                             0x080033de   Section        0  autoinit.o(i.system_end)
    system_end                               0x080033df   Thumb Code     4  autoinit.o(i.system_end)
    i.uart_rxcbk                             0x080033e4   Section        0  mbrtu.o(i.uart_rxcbk)
    i.uart_txcbk                             0x08003410   Section        0  mbrtu.o(i.uart_txcbk)
    i.usMBCRC16                              0x0800341c   Section        0  mbcrc.o(i.usMBCRC16)
    i.usdk_postinit                          0x08003454   Section        0  autoinit.o(i.usdk_postinit)
    i.usdk_preinit                           0x08003456   Section        0  main.o(i.usdk_preinit)
    i.usdk_startup                           0x0800348c   Section        0  autoinit.o(i.usdk_startup)
    i.vMBPortSerialEnable                    0x080034b0   Section        0  portserial.o(i.vMBPortSerialEnable)
    i.vMBPortTimersDisable                   0x080034b2   Section        0  porttimer.o(i.vMBPortTimersDisable)
    i.vMBPortTimersEnable                    0x080034b4   Section        0  porttimer.o(i.vMBPortTimersEnable)
    i.xMBPortEventGet                        0x080034b8   Section        0  portevent.o(i.xMBPortEventGet)
    i.xMBPortEventInit                       0x080034dc   Section        0  portevent.o(i.xMBPortEventInit)
    i.xMBPortEventPost                       0x080034ec   Section        0  portevent.o(i.xMBPortEventPost)
    i.xMBPortSerialInit                      0x08003504   Section        0  portserial.o(i.xMBPortSerialInit)
    i.xMBPortTimersInit                      0x0800359a   Section        0  porttimer.o(i.xMBPortTimersInit)
    i.xMBRTUReceiveFSM                       0x080035a0   Section        0  mbrtu.o(i.xMBRTUReceiveFSM)
    i.xMBRTUTimerT35Expired                  0x080035a4   Section        0  mbrtu.o(i.xMBRTUTimerT35Expired)
    i.xMBRTUTransmitFSM                      0x080035a8   Section        0  mbrtu.o(i.xMBRTUTransmitFSM)
    i.xMBUtilGetBits                         0x080035ac   Section        0  mbutils.o(i.xMBUtilGetBits)
    i.xMBUtilSetBits                         0x080035d6   Section        0  mbutils.o(i.xMBUtilSetBits)
    .constdata                               0x08003638   Section      364  wave.o(.constdata)
    aSine12bit                               0x08003638   Data         180  wave.o(.constdata)
    .constdata                               0x080037a4   Section      512  mbcrc.o(.constdata)
    aucCRCHi                                 0x080037a4   Data         256  mbcrc.o(.constdata)
    aucCRCLo                                 0x080038a4   Data         256  mbcrc.o(.constdata)
    .constdata                               0x080039a4   Section        8  mbslave.o(.constdata)
    m_holding                                0x080039a4   Data           8  mbslave.o(.constdata)
    .constdata                               0x080039ac   Section        8  pulse_1.o(.constdata)
    .usdk.initcall.0                         0x080039b4   Section        4  autoinit.o(.usdk.initcall.0)
    __tagsym$$used                           0x080039b4   Number         0  autoinit.o(.usdk.initcall.0)
    __usdk_init_system_begin                 0x080039b4   Data           4  autoinit.o(.usdk.initcall.0)
    .usdk.initcall.1                         0x080039b8   Section       12  main.o(.usdk.initcall.1)
    __tagsym$$used                           0x080039b8   Number         0  main.o(.usdk.initcall.1)
    __usdk_init_BspTempSensorInit            0x080039b8   Data           4  main.o(.usdk.initcall.1)
    __tagsym$$used                           0x080039bc   Number         0  main.o(.usdk.initcall.1)
    __usdk_init_BspEncInit                   0x080039bc   Data           4  main.o(.usdk.initcall.1)
    __tagsym$$used                           0x080039c0   Number         0  main.o(.usdk.initcall.1)
    __usdk_init_BspFreqDivOutInit            0x080039c0   Data           4  main.o(.usdk.initcall.1)
    .usdk.initcall.1                         0x080039c4   Section        4  key.o(.usdk.initcall.1)
    __tagsym$$used                           0x080039c4   Number         0  key.o(.usdk.initcall.1)
    __usdk_init_key_init                     0x080039c4   Data           4  key.o(.usdk.initcall.1)
    .usdk.initcall.1                         0x080039c8   Section        4  led.o(.usdk.initcall.1)
    __tagsym$$used                           0x080039c8   Number         0  led.o(.usdk.initcall.1)
    __usdk_init_led_init                     0x080039c8   Data           4  led.o(.usdk.initcall.1)
    .usdk.initcall.9                         0x080039cc   Section        4  autoinit.o(.usdk.initcall.9)
    __tagsym$$used                           0x080039cc   Number         0  autoinit.o(.usdk.initcall.9)
    __usdk_init_system_end                   0x080039cc   Data           4  autoinit.o(.usdk.initcall.9)
    .data                                    0x20000000   Section       20  system_stm32f4xx.o(.data)
    .data                                    0x20000018   Section       32  main.o(.data)
    pEncArgs                                 0x20000018   Data           4  main.o(.data)
    t_blink                                  0x2000001c   Data           4  main.o(.data)
    t                                        0x20000020   Data           4  main.o(.data)
    t                                        0x20000024   Data           4  main.o(.data)
    t                                        0x20000028   Data           4  main.o(.data)
    s64LastUserPosFb                         0x20000030   Data           8  main.o(.data)
    .data                                    0x20000038   Section        8  ds18b20.o(.data)
    GPIO_InitStruct                          0x20000038   Data           8  ds18b20.o(.data)
    .data                                    0x20000040   Section        4  sleep.o(.data)
    m_ticks                                  0x20000040   Data           4  sleep.o(.data)
    .data                                    0x20000044   Section       16  stm32f4xx_rcc.o(.data)
    APBAHBPrescTable                         0x20000044   Data          16  stm32f4xx_rcc.o(.data)
    .data                                    0x20000054   Section        2  mbfuncother.o(.data)
    usMBSlaveIDLen                           0x20000054   Data           2  mbfuncother.o(.data)
    .data                                    0x20000058   Section      181  mb.o(.data)
    ucMBAddress                              0x20000058   Data           1  mb.o(.data)
    eMBCurrentMode                           0x20000059   Data           1  mb.o(.data)
    eMBState                                 0x2000005a   Data           1  mb.o(.data)
    peMBFrameSendCur                         0x2000005c   Data           4  mb.o(.data)
    pvMBFrameStartCur                        0x20000060   Data           4  mb.o(.data)
    pvMBFrameStopCur                         0x20000064   Data           4  mb.o(.data)
    peMBFrameReceiveCur                      0x20000068   Data           4  mb.o(.data)
    pvMBFrameCloseCur                        0x2000006c   Data           4  mb.o(.data)
    xFuncHandlers                            0x20000084   Data         128  mb.o(.data)
    ucMBFrame                                0x20000104   Data           4  mb.o(.data)
    ucRcvAddress                             0x20000108   Data           1  mb.o(.data)
    ucFunctionCode                           0x20000109   Data           1  mb.o(.data)
    usLength                                 0x2000010a   Data           2  mb.o(.data)
    eException                               0x2000010c   Data           1  mb.o(.data)
    .data                                    0x20000110   Section       12  mbrtu.o(.data)
    eSndState                                0x20000110   Data           1  mbrtu.o(.data)
    eRcvState                                0x20000111   Data           1  mbrtu.o(.data)
    pucSndBufferCur                          0x20000114   Data           4  mbrtu.o(.data)
    usSndBufferCount                         0x20000118   Data           2  mbrtu.o(.data)
    usRcvBufferPos                           0x2000011a   Data           2  mbrtu.o(.data)
    .data                                    0x2000011c   Section       16  mbslave.o(.data)
    .data                                    0x2000012c   Section        2  portevent.o(.data)
    eQueuedEvent                             0x2000012c   Data           1  portevent.o(.data)
    xEventInQueue                            0x2000012d   Data           1  portevent.o(.data)
    .bss                                     0x20000130   Section       28  main.o(.bss)
    EncArgs                                  0x20000130   Data          28  main.o(.bss)
    .bss                                     0x2000014c   Section      128  uart.o(.bss)
    m_rxbuf                                  0x2000014c   Data          64  uart.o(.bss)
    m_txbuf                                  0x2000018c   Data          64  uart.o(.bss)
    .bss                                     0x200001cc   Section     1800  paratbl.o(.bss)
    .bss                                     0x200008d4   Section       32  mbfuncother.o(.bss)
    ucMBSlaveID                              0x200008d4   Data          32  mbfuncother.o(.bss)
    .bss                                     0x200008f4   Section      256  mbrtu.o(.bss)
    .bss                                     0x200009f4   Section      200  mbslave.o(.bss)
    STACK                                    0x20000ac0   Section     1024  startup_stm32f40_41xxx.o(STACK)

    Global Symbols

    Symbol Name                              Value     Ov Type        Size  Object(Section)

    BuildAttributes$$THM_ISAv4$E$P$D$K$B$S$7EM$VFPi3$EXTD16$VFPS$VFMA$PE$A:L22UL41UL21$X:L11$S22US41US21$IEEE1$IW$USESV6$~STKCKD$USESV7$~SHL$OTIME$ROPI$EBA8$MICROLIB$REQ8$PRES8$EABIv2 0x00000000   Number         0  anon$$obj.o ABSOLUTE
    __ARM_use_no_argv                        0x00000000   Number         0  main.o ABSOLUTE
    __arm_fini_                               - Undefined Weak Reference
    __cpp_initialize__aeabi_                  - Undefined Weak Reference
    __cxa_finalize                            - Undefined Weak Reference
    _clock_init                               - Undefined Weak Reference
    _microlib_exit                            - Undefined Weak Reference
    __Vectors_Size                           0x00000188   Number         0  startup_stm32f40_41xxx.o ABSOLUTE
    __Vectors                                0x08000000   Data           4  startup_stm32f40_41xxx.o(RESET)
    __Vectors_End                            0x08000188   Data           0  startup_stm32f40_41xxx.o(RESET)
    __main                                   0x08000189   Thumb Code     0  entry.o(.ARM.Collect$$$$00000000)
    _main_stk                                0x08000189   Thumb Code     0  entry2.o(.ARM.Collect$$$$00000001)
    _main_scatterload                        0x0800018d   Thumb Code     0  entry5.o(.ARM.Collect$$$$00000004)
    __main_after_scatterload                 0x08000191   Thumb Code     0  entry5.o(.ARM.Collect$$$$00000004)
    _main_clock                              0x08000191   Thumb Code     0  entry7b.o(.ARM.Collect$$$$00000008)
    _main_cpp_init                           0x08000191   Thumb Code     0  entry8b.o(.ARM.Collect$$$$0000000A)
    _main_init                               0x08000191   Thumb Code     0  entry9a.o(.ARM.Collect$$$$0000000B)
    __rt_lib_shutdown_fini                   0x08000199   Thumb Code     0  entry12b.o(.ARM.Collect$$$$0000000E)
    __rt_final_cpp                           0x0800019d   Thumb Code     0  entry10a.o(.ARM.Collect$$$$0000000F)
    __rt_final_exit                          0x0800019d   Thumb Code     0  entry11a.o(.ARM.Collect$$$$00000011)
    Reset_Handler                            0x080001a1   Thumb Code     8  startup_stm32f40_41xxx.o(.text)
    ADC_IRQHandler                           0x080001bb   Thumb Code     0  startup_stm32f40_41xxx.o(.text)
    CAN1_RX0_IRQHandler                      0x080001bb   Thumb Code     0  startup_stm32f40_41xxx.o(.text)
    CAN1_RX1_IRQHandler                      0x080001bb   Thumb Code     0  startup_stm32f40_41xxx.o(.text)
    CAN1_SCE_IRQHandler                      0x080001bb   Thumb Code     0  startup_stm32f40_41xxx.o(.text)
    CAN1_TX_IRQHandler                       0x080001bb   Thumb Code     0  startup_stm32f40_41xxx.o(.text)
    CAN2_RX0_IRQHandler                      0x080001bb   Thumb Code     0  startup_stm32f40_41xxx.o(.text)
    CAN2_RX1_IRQHandler                      0x080001bb   Thumb Code     0  startup_stm32f40_41xxx.o(.text)
    CAN2_SCE_IRQHandler                      0x080001bb   Thumb Code     0  startup_stm32f40_41xxx.o(.text)
    CAN2_TX_IRQHandler                       0x080001bb   Thumb Code     0  startup_stm32f40_41xxx.o(.text)
    CRYP_IRQHandler                          0x080001bb   Thumb Code     0  startup_stm32f40_41xxx.o(.text)
    DCMI_IRQHandler                          0x080001bb   Thumb Code     0  startup_stm32f40_41xxx.o(.text)
    DMA1_Stream0_IRQHandler                  0x080001bb   Thumb Code     0  startup_stm32f40_41xxx.o(.text)
    DMA1_Stream1_IRQHandler                  0x080001bb   Thumb Code     0  startup_stm32f40_41xxx.o(.text)
    DMA1_Stream2_IRQHandler                  0x080001bb   Thumb Code     0  startup_stm32f40_41xxx.o(.text)
    DMA1_Stream3_IRQHandler                  0x080001bb   Thumb Code     0  startup_stm32f40_41xxx.o(.text)
    DMA1_Stream4_IRQHandler                  0x080001bb   Thumb Code     0  startup_stm32f40_41xxx.o(.text)
    DMA1_Stream5_IRQHandler                  0x080001bb   Thumb Code     0  startup_stm32f40_41xxx.o(.text)
    DMA1_Stream6_IRQHandler                  0x080001bb   Thumb Code     0  startup_stm32f40_41xxx.o(.text)
    DMA1_Stream7_IRQHandler                  0x080001bb   Thumb Code     0  startup_stm32f40_41xxx.o(.text)
    DMA2_Stream0_IRQHandler                  0x080001bb   Thumb Code     0  startup_stm32f40_41xxx.o(.text)
    DMA2_Stream1_IRQHandler                  0x080001bb   Thumb Code     0  startup_stm32f40_41xxx.o(.text)
    DMA2_Stream2_IRQHandler                  0x080001bb   Thumb Code     0  startup_stm32f40_41xxx.o(.text)
    DMA2_Stream3_IRQHandler                  0x080001bb   Thumb Code     0  startup_stm32f40_41xxx.o(.text)
    DMA2_Stream4_IRQHandler                  0x080001bb   Thumb Code     0  startup_stm32f40_41xxx.o(.text)
    DMA2_Stream5_IRQHandler                  0x080001bb   Thumb Code     0  startup_stm32f40_41xxx.o(.text)
    DMA2_Stream6_IRQHandler                  0x080001bb   Thumb Code     0  startup_stm32f40_41xxx.o(.text)
    ETH_IRQHandler                           0x080001bb   Thumb Code     0  startup_stm32f40_41xxx.o(.text)
    ETH_WKUP_IRQHandler                      0x080001bb   Thumb Code     0  startup_stm32f40_41xxx.o(.text)
    EXTI0_IRQHandler                         0x080001bb   Thumb Code     0  startup_stm32f40_41xxx.o(.text)
    EXTI15_10_IRQHandler                     0x080001bb   Thumb Code     0  startup_stm32f40_41xxx.o(.text)
    EXTI1_IRQHandler                         0x080001bb   Thumb Code     0  startup_stm32f40_41xxx.o(.text)
    EXTI2_IRQHandler                         0x080001bb   Thumb Code     0  startup_stm32f40_41xxx.o(.text)
    EXTI3_IRQHandler                         0x080001bb   Thumb Code     0  startup_stm32f40_41xxx.o(.text)
    EXTI4_IRQHandler                         0x080001bb   Thumb Code     0  startup_stm32f40_41xxx.o(.text)
    EXTI9_5_IRQHandler                       0x080001bb   Thumb Code     0  startup_stm32f40_41xxx.o(.text)
    FLASH_IRQHandler                         0x080001bb   Thumb Code     0  startup_stm32f40_41xxx.o(.text)
    FPU_IRQHandler                           0x080001bb   Thumb Code     0  startup_stm32f40_41xxx.o(.text)
    FSMC_IRQHandler                          0x080001bb   Thumb Code     0  startup_stm32f40_41xxx.o(.text)
    HASH_RNG_IRQHandler                      0x080001bb   Thumb Code     0  startup_stm32f40_41xxx.o(.text)
    I2C1_ER_IRQHandler                       0x080001bb   Thumb Code     0  startup_stm32f40_41xxx.o(.text)
    I2C1_EV_IRQHandler                       0x080001bb   Thumb Code     0  startup_stm32f40_41xxx.o(.text)
    I2C2_ER_IRQHandler                       0x080001bb   Thumb Code     0  startup_stm32f40_41xxx.o(.text)
    I2C2_EV_IRQHandler                       0x080001bb   Thumb Code     0  startup_stm32f40_41xxx.o(.text)
    I2C3_ER_IRQHandler                       0x080001bb   Thumb Code     0  startup_stm32f40_41xxx.o(.text)
    I2C3_EV_IRQHandler                       0x080001bb   Thumb Code     0  startup_stm32f40_41xxx.o(.text)
    OTG_FS_IRQHandler                        0x080001bb   Thumb Code     0  startup_stm32f40_41xxx.o(.text)
    OTG_FS_WKUP_IRQHandler                   0x080001bb   Thumb Code     0  startup_stm32f40_41xxx.o(.text)
    OTG_HS_EP1_IN_IRQHandler                 0x080001bb   Thumb Code     0  startup_stm32f40_41xxx.o(.text)
    OTG_HS_EP1_OUT_IRQHandler                0x080001bb   Thumb Code     0  startup_stm32f40_41xxx.o(.text)
    OTG_HS_IRQHandler                        0x080001bb   Thumb Code     0  startup_stm32f40_41xxx.o(.text)
    OTG_HS_WKUP_IRQHandler                   0x080001bb   Thumb Code     0  startup_stm32f40_41xxx.o(.text)
    PVD_IRQHandler                           0x080001bb   Thumb Code     0  startup_stm32f40_41xxx.o(.text)
    RCC_IRQHandler                           0x080001bb   Thumb Code     0  startup_stm32f40_41xxx.o(.text)
    RTC_Alarm_IRQHandler                     0x080001bb   Thumb Code     0  startup_stm32f40_41xxx.o(.text)
    RTC_WKUP_IRQHandler                      0x080001bb   Thumb Code     0  startup_stm32f40_41xxx.o(.text)
    SDIO_IRQHandler                          0x080001bb   Thumb Code     0  startup_stm32f40_41xxx.o(.text)
    SPI1_IRQHandler                          0x080001bb   Thumb Code     0  startup_stm32f40_41xxx.o(.text)
    SPI2_IRQHandler                          0x080001bb   Thumb Code     0  startup_stm32f40_41xxx.o(.text)
    SPI3_IRQHandler                          0x080001bb   Thumb Code     0  startup_stm32f40_41xxx.o(.text)
    TAMP_STAMP_IRQHandler                    0x080001bb   Thumb Code     0  startup_stm32f40_41xxx.o(.text)
    TIM1_BRK_TIM9_IRQHandler                 0x080001bb   Thumb Code     0  startup_stm32f40_41xxx.o(.text)
    TIM1_CC_IRQHandler                       0x080001bb   Thumb Code     0  startup_stm32f40_41xxx.o(.text)
    TIM1_TRG_COM_TIM11_IRQHandler            0x080001bb   Thumb Code     0  startup_stm32f40_41xxx.o(.text)
    TIM1_UP_TIM10_IRQHandler                 0x080001bb   Thumb Code     0  startup_stm32f40_41xxx.o(.text)
    TIM2_IRQHandler                          0x080001bb   Thumb Code     0  startup_stm32f40_41xxx.o(.text)
    TIM4_IRQHandler                          0x080001bb   Thumb Code     0  startup_stm32f40_41xxx.o(.text)
    TIM5_IRQHandler                          0x080001bb   Thumb Code     0  startup_stm32f40_41xxx.o(.text)
    TIM6_DAC_IRQHandler                      0x080001bb   Thumb Code     0  startup_stm32f40_41xxx.o(.text)
    TIM7_IRQHandler                          0x080001bb   Thumb Code     0  startup_stm32f40_41xxx.o(.text)
    TIM8_BRK_TIM12_IRQHandler                0x080001bb   Thumb Code     0  startup_stm32f40_41xxx.o(.text)
    TIM8_CC_IRQHandler                       0x080001bb   Thumb Code     0  startup_stm32f40_41xxx.o(.text)
    TIM8_TRG_COM_TIM14_IRQHandler            0x080001bb   Thumb Code     0  startup_stm32f40_41xxx.o(.text)
    TIM8_UP_TIM13_IRQHandler                 0x080001bb   Thumb Code     0  startup_stm32f40_41xxx.o(.text)
    UART4_IRQHandler                         0x080001bb   Thumb Code     0  startup_stm32f40_41xxx.o(.text)
    UART5_IRQHandler                         0x080001bb   Thumb Code     0  startup_stm32f40_41xxx.o(.text)
    USART2_IRQHandler                        0x080001bb   Thumb Code     0  startup_stm32f40_41xxx.o(.text)
    USART3_IRQHandler                        0x080001bb   Thumb Code     0  startup_stm32f40_41xxx.o(.text)
    USART6_IRQHandler                        0x080001bb   Thumb Code     0  startup_stm32f40_41xxx.o(.text)
    WWDG_IRQHandler                          0x080001bb   Thumb Code     0  startup_stm32f40_41xxx.o(.text)
    __aeabi_ldivmod                          0x080001c5   Thumb Code    98  ldiv.o(.text)
    __aeabi_memcpy                           0x08000227   Thumb Code    36  memcpya.o(.text)
    __aeabi_memcpy4                          0x08000227   Thumb Code     0  memcpya.o(.text)
    __aeabi_memcpy8                          0x08000227   Thumb Code     0  memcpya.o(.text)
    __aeabi_dadd                             0x0800024b   Thumb Code   322  dadd.o(.text)
    __aeabi_dsub                             0x0800038d   Thumb Code     6  dadd.o(.text)
    __aeabi_drsub                            0x08000393   Thumb Code     6  dadd.o(.text)
    __aeabi_dmul                             0x08000399   Thumb Code   228  dmul.o(.text)
    __aeabi_i2d                              0x0800047d   Thumb Code    34  dflti.o(.text)
    __aeabi_ui2d                             0x0800049f   Thumb Code    26  dfltui.o(.text)
    __aeabi_d2iz                             0x080004b9   Thumb Code    62  dfixi.o(.text)
    __aeabi_d2uiz                            0x080004f7   Thumb Code    50  dfixui.o(.text)
    __aeabi_d2f                              0x08000529   Thumb Code    56  d2f.o(.text)
    __aeabi_uldivmod                         0x08000561   Thumb Code    98  uldiv.o(.text)
    __aeabi_llsl                             0x080005c3   Thumb Code    30  llshl.o(.text)
    _ll_shift_l                              0x080005c3   Thumb Code     0  llshl.o(.text)
    __aeabi_llsr                             0x080005e1   Thumb Code    32  llushr.o(.text)
    _ll_ushift_r                             0x080005e1   Thumb Code     0  llushr.o(.text)
    __aeabi_lasr                             0x08000601   Thumb Code    36  llsshr.o(.text)
    _ll_sshift_r                             0x08000601   Thumb Code     0  llsshr.o(.text)
    __I$use$fp                               0x08000625   Thumb Code     0  iusefp.o(.text)
    _float_round                             0x08000625   Thumb Code    18  fepilogue.o(.text)
    _float_epilogue                          0x08000637   Thumb Code    92  fepilogue.o(.text)
    _double_round                            0x08000693   Thumb Code    30  depilogue.o(.text)
    _double_epilogue                         0x080006b1   Thumb Code   156  depilogue.o(.text)
    __scatterload                            0x0800074d   Thumb Code    28  init.o(.text)
    __scatterload_rt2                        0x0800074d   Thumb Code     0  init.o(.text)
    __decompress                             0x08000771   Thumb Code     0  __dczerorl2.o(.text)
    __decompress1                            0x08000771   Thumb Code    86  __dczerorl2.o(.text)
    main                                     0x080007c7   Thumb Code    12  autoinit.o(i.$Sub$$main)
    BusFault_Handler                         0x080008b7   Thumb Code     4  stm32f4xx_it.o(i.BusFault_Handler)
    DAC_Cmd                                  0x080008bd   Thumb Code    34  stm32f4xx_dac.o(i.DAC_Cmd)
    DAC_DMACmd                               0x080008e5   Thumb Code    38  stm32f4xx_dac.o(i.DAC_DMACmd)
    DAC_DeInit                               0x08000911   Thumb Code    22  stm32f4xx_dac.o(i.DAC_DeInit)
    DAC_Init                                 0x08000929   Thumb Code    46  stm32f4xx_dac.o(i.DAC_Init)
    DMA2_Stream7_IRQHandler                  0x0800095d   Thumb Code    60  uart.o(i.DMA2_Stream7_IRQHandler)
    DMA_ClearFlag                            0x080009a5   Thumb Code    38  stm32f4xx_dma.o(i.DMA_ClearFlag)
    DMA_ClearITPendingBit                    0x080009d9   Thumb Code    38  stm32f4xx_dma.o(i.DMA_ClearITPendingBit)
    DMA_Cmd                                  0x08000a0d   Thumb Code    22  stm32f4xx_dma.o(i.DMA_Cmd)
    DMA_DeInit                               0x08000a25   Thumb Code   324  stm32f4xx_dma.o(i.DMA_DeInit)
    DMA_GetCmdStatus                         0x08000b7d   Thumb Code    20  stm32f4xx_dma.o(i.DMA_GetCmdStatus)
    DMA_GetCurrDataCounter                   0x08000b91   Thumb Code     8  stm32f4xx_dma.o(i.DMA_GetCurrDataCounter)
    DMA_GetITStatus                          0x08000b99   Thumb Code    82  stm32f4xx_dma.o(i.DMA_GetITStatus)
    DMA_ITConfig                             0x08000bfd   Thumb Code    58  stm32f4xx_dma.o(i.DMA_ITConfig)
    DMA_Init                                 0x08000c39   Thumb Code    82  stm32f4xx_dma.o(i.DMA_Init)
    DMA_SetCurrDataCounter                   0x08000c91   Thumb Code     4  stm32f4xx_dma.o(i.DMA_SetCurrDataCounter)
    DQ_IN                                    0x08000c95   Thumb Code    16  ds18b20.o(i.DQ_IN)
    DQ_OUT                                   0x08000cad   Thumb Code    16  ds18b20.o(i.DQ_OUT)
    DebugMon_Handler                         0x08000cc5   Thumb Code     2  stm32f4xx_it.o(i.DebugMon_Handler)
    DelayInit                                0x08000cc9   Thumb Code    86  sleep.o(i.DelayInit)
    DelayNonBlock                            0x08000d29   Thumb Code    22  sleep.o(i.DelayNonBlock)
    GPIO_Init                                0x08000d45   Thumb Code   144  stm32f4xx_gpio.o(i.GPIO_Init)
    GPIO_PinAFConfig                         0x08000dd5   Thumb Code    70  stm32f4xx_gpio.o(i.GPIO_PinAFConfig)
    GPIO_WriteBit                            0x08000e1b   Thumb Code    12  stm32f4xx_gpio.o(i.GPIO_WriteBit)
    HAL_DeltaTick                            0x08000e27   Thumb Code    18  sleep.o(i.HAL_DeltaTick)
    HAL_GetTick                              0x08000e39   Thumb Code     6  sleep.o(i.HAL_GetTick)
    HAL_IncTick                              0x08000e45   Thumb Code    14  sleep.o(i.HAL_IncTick)
    HardFault_Handler                        0x08000e59   Thumb Code     4  stm32f4xx_it.o(i.HardFault_Handler)
    IncEncCycle                              0x08000e5d   Thumb Code   244  incenc.o(i.IncEncCycle)
    IncEncInit                               0x08000f5d   Thumb Code   208  incenc.o(i.IncEncInit)
    MemManage_Handler                        0x0800104d   Thumb Code     4  stm32f4xx_it.o(i.MemManage_Handler)
    NMI_Handler                              0x08001051   Thumb Code     2  stm32f4xx_it.o(i.NMI_Handler)
    NVIC_Init                                0x08001055   Thumb Code   106  misc.o(i.NVIC_Init)
    NVIC_PriorityGroupConfig                 0x080010cd   Thumb Code    10  misc.o(i.NVIC_PriorityGroupConfig)
    PendSV_Handler                           0x080010e1   Thumb Code     2  stm32f4xx_it.o(i.PendSV_Handler)
    PulseGenInit                             0x080010e5   Thumb Code   324  pulse_1.o(i.PulseGenInit)
    PulseGenN                                0x08001245   Thumb Code    50  pulse_1.o(i.PulseGenN)
    RCC_AHB1PeriphClockCmd                   0x0800127d   Thumb Code    26  stm32f4xx_rcc.o(i.RCC_AHB1PeriphClockCmd)
    RCC_APB1PeriphClockCmd                   0x0800129d   Thumb Code    26  stm32f4xx_rcc.o(i.RCC_APB1PeriphClockCmd)
    RCC_APB1PeriphResetCmd                   0x080012bd   Thumb Code    26  stm32f4xx_rcc.o(i.RCC_APB1PeriphResetCmd)
    RCC_APB2PeriphClockCmd                   0x080012dd   Thumb Code    26  stm32f4xx_rcc.o(i.RCC_APB2PeriphClockCmd)
    RCC_GetClocksFreq                        0x080012fd   Thumb Code   214  stm32f4xx_rcc.o(i.RCC_GetClocksFreq)
    SVC_Handler                              0x080013e5   Thumb Code     2  stm32f4xx_it.o(i.SVC_Handler)
    SysTick_Handler                          0x080014d5   Thumb Code     8  stm32f4xx_it.o(i.SysTick_Handler)
    SystemInit                               0x080014dd   Thumb Code    88  system_stm32f4xx.o(i.SystemInit)
    TIM3_IRQHandler                          0x08001669   Thumb Code    60  pulse_1.o(i.TIM3_IRQHandler)
    TIM_Calc                                 0x080016a9   Thumb Code   192  calc.o(i.TIM_Calc)
    TIM_ClearITPendingBit                    0x08001769   Thumb Code     6  stm32f4xx_tim.o(i.TIM_ClearITPendingBit)
    TIM_Cmd                                  0x0800176f   Thumb Code    24  stm32f4xx_tim.o(i.TIM_Cmd)
    TIM_CtrlPWMOutputs                       0x08001787   Thumb Code    30  stm32f4xx_tim.o(i.TIM_CtrlPWMOutputs)
    TIM_EncoderInterfaceConfig               0x080017a5   Thumb Code    66  stm32f4xx_tim.o(i.TIM_EncoderInterfaceConfig)
    TIM_GetCounter                           0x080017e7   Thumb Code     6  stm32f4xx_tim.o(i.TIM_GetCounter)
    TIM_GetITStatus                          0x080017ed   Thumb Code    34  stm32f4xx_tim.o(i.TIM_GetITStatus)
    TIM_ICInit                               0x0800180f   Thumb Code   110  stm32f4xx_tim.o(i.TIM_ICInit)
    TIM_ICStructInit                         0x0800187d   Thumb Code    18  stm32f4xx_tim.o(i.TIM_ICStructInit)
    TIM_ITConfig                             0x0800188f   Thumb Code    18  stm32f4xx_tim.o(i.TIM_ITConfig)
    TIM_InternalClockConfig                  0x080018a1   Thumb Code    12  stm32f4xx_tim.o(i.TIM_InternalClockConfig)
    TIM_OC4FastConfig                        0x080018ad   Thumb Code    26  stm32f4xx_tim.o(i.TIM_OC4FastConfig)
    TIM_OC4Init                              0x080018c9   Thumb Code   112  stm32f4xx_tim.o(i.TIM_OC4Init)
    TIM_SelectInputTrigger                   0x08001941   Thumb Code    18  stm32f4xx_tim.o(i.TIM_SelectInputTrigger)
    TIM_SelectMasterSlaveMode                0x08001953   Thumb Code    18  stm32f4xx_tim.o(i.TIM_SelectMasterSlaveMode)
    TIM_SelectOutputTrigger                  0x08001965   Thumb Code    18  stm32f4xx_tim.o(i.TIM_SelectOutputTrigger)
    TIM_SelectSlaveMode                      0x08001977   Thumb Code    18  stm32f4xx_tim.o(i.TIM_SelectSlaveMode)
    TIM_SetAutoreload                        0x08001989   Thumb Code     4  stm32f4xx_tim.o(i.TIM_SetAutoreload)
    TIM_SetCounter                           0x0800198d   Thumb Code     4  stm32f4xx_tim.o(i.TIM_SetCounter)
    TIM_SetIC1Prescaler                      0x08001991   Thumb Code    18  stm32f4xx_tim.o(i.TIM_SetIC1Prescaler)
    TIM_SetIC2Prescaler                      0x080019a3   Thumb Code    26  stm32f4xx_tim.o(i.TIM_SetIC2Prescaler)
    TIM_SetIC3Prescaler                      0x080019bd   Thumb Code    18  stm32f4xx_tim.o(i.TIM_SetIC3Prescaler)
    TIM_SetIC4Prescaler                      0x080019cf   Thumb Code    26  stm32f4xx_tim.o(i.TIM_SetIC4Prescaler)
    TIM_TimeBaseInit                         0x080019e9   Thumb Code   104  stm32f4xx_tim.o(i.TIM_TimeBaseInit)
    UART_Config                              0x08001a6d   Thumb Code   108  uart.o(i.UART_Config)
    UART_DMA_Config                          0x08001ae1   Thumb Code   336  uart.o(i.UART_DMA_Config)
    UART_ReConfig                            0x08001c45   Thumb Code    14  uart.o(i.UART_ReConfig)
    UART_Transmit_DMA                        0x08001c59   Thumb Code    80  uart.o(i.UART_Transmit_DMA)
    USART1_IRQHandler                        0x08001cad   Thumb Code   142  uart.o(i.USART1_IRQHandler)
    USART_ClearFlag                          0x08001d4d   Thumb Code    18  stm32f4xx_usart.o(i.USART_ClearFlag)
    USART_ClearITPendingBit                  0x08001d5f   Thumb Code    30  stm32f4xx_usart.o(i.USART_ClearITPendingBit)
    USART_Cmd                                0x08001d7d   Thumb Code    24  stm32f4xx_usart.o(i.USART_Cmd)
    USART_DMACmd                             0x08001d95   Thumb Code    18  stm32f4xx_usart.o(i.USART_DMACmd)
    USART_GetITStatus                        0x08001da7   Thumb Code    84  stm32f4xx_usart.o(i.USART_GetITStatus)
    USART_ITConfig                           0x08001dfb   Thumb Code    74  stm32f4xx_usart.o(i.USART_ITConfig)
    USART_Init                               0x08001e45   Thumb Code   204  stm32f4xx_usart.o(i.USART_Init)
    USART_ReceiveData                        0x08001f19   Thumb Code    10  stm32f4xx_usart.o(i.USART_ReceiveData)
    UsageFault_Handler                       0x08001f23   Thumb Code     4  stm32f4xx_it.o(i.UsageFault_Handler)
    WaveGenCycle                             0x08002169   Thumb Code   128  wave.o(i.WaveGenCycle)
    WaveGenInit                              0x08002365   Thumb Code    92  wave.o(i.WaveGenInit)
    __scatterload_copy                       0x080023cd   Thumb Code    14  handlers.o(i.__scatterload_copy)
    __scatterload_null                       0x080023db   Thumb Code     2  handlers.o(i.__scatterload_null)
    __scatterload_zeroinit                   0x080023dd   Thumb Code    14  handlers.o(i.__scatterload_zeroinit)
    ds18b20_convert_temp                     0x080023ed   Thumb Code    60  ds18b20.o(i.ds18b20_convert_temp)
    ds18b20_init                             0x08002431   Thumb Code    20  ds18b20.o(i.ds18b20_init)
    ds18b20_read_bit                         0x0800244d   Thumb Code    40  ds18b20.o(i.ds18b20_read_bit)
    ds18b20_read_byte                        0x0800247d   Thumb Code    30  ds18b20.o(i.ds18b20_read_byte)
    ds18b20_read_temp                        0x0800249b   Thumb Code    66  ds18b20.o(i.ds18b20_read_temp)
    ds18b20_reset                            0x080024dd   Thumb Code   110  ds18b20.o(i.ds18b20_reset)
    ds18b20_write_byte                       0x08002555   Thumb Code    82  ds18b20.o(i.ds18b20_write_byte)
    dwt_init                                 0x080025b1   Thumb Code    30  sleep.o(i.dwt_init)
    dwt_tick                                 0x080025d9   Thumb Code     6  sleep.o(i.dwt_tick)
    dwt_wait                                 0x080025e5   Thumb Code    64  sleep.o(i.dwt_wait)
    eMBEnable                                0x08002631   Thumb Code    32  mb.o(i.eMBEnable)
    eMBFuncReadCoils                         0x08002659   Thumb Code   174  mbfunccoils.o(i.eMBFuncReadCoils)
    eMBFuncReadDiscreteInputs                0x08002707   Thumb Code   172  mbfuncdisc.o(i.eMBFuncReadDiscreteInputs)
    eMBFuncReadHoldingRegister               0x080027b3   Thumb Code   140  mbfuncholding.o(i.eMBFuncReadHoldingRegister)
    eMBFuncReadInputRegister                 0x0800283f   Thumb Code   140  mbfuncinput.o(i.eMBFuncReadInputRegister)
    eMBFuncReadWriteMultipleHoldingRegister  0x080028cb   Thumb Code   212  mbfuncholding.o(i.eMBFuncReadWriteMultipleHoldingRegister)
    eMBFuncReportSlaveID                     0x080029a1   Thumb Code    30  mbfuncother.o(i.eMBFuncReportSlaveID)
    eMBFuncWriteCoil                         0x080029c9   Thumb Code   112  mbfunccoils.o(i.eMBFuncWriteCoil)
    eMBFuncWriteHoldingRegister              0x08002a39   Thumb Code    66  mbfuncholding.o(i.eMBFuncWriteHoldingRegister)
    eMBFuncWriteMultipleCoils                0x08002a7b   Thumb Code   144  mbfunccoils.o(i.eMBFuncWriteMultipleCoils)
    eMBFuncWriteMultipleHoldingRegister      0x08002b0b   Thumb Code   110  mbfuncholding.o(i.eMBFuncWriteMultipleHoldingRegister)
    eMBInit                                  0x08002b79   Thumb Code   150  mb.o(i.eMBInit)
    eMBPoll                                  0x08002c59   Thumb Code   268  mb.o(i.eMBPoll)
    eMBRTUInit                               0x08002d91   Thumb Code    76  mbrtu.o(i.eMBRTUInit)
    eMBRTUReceive                            0x08002de1   Thumb Code    70  mbrtu.o(i.eMBRTUReceive)
    eMBRTUSend                               0x08002e31   Thumb Code   128  mbrtu.o(i.eMBRTUSend)
    eMBRTUStart                              0x08002ec5   Thumb Code    22  mbrtu.o(i.eMBRTUStart)
    eMBRTUStop                               0x08002ee1   Thumb Code    16  mbrtu.o(i.eMBRTUStop)
    eMBRegCoilsCB                            0x08002ef1   Thumb Code   246  mbslave.o(i.eMBRegCoilsCB)
    eMBRegDiscreteCB                         0x08002ff1   Thumb Code   154  mbslave.o(i.eMBRegDiscreteCB)
    eMBRegHoldingCB                          0x08003095   Thumb Code   192  mbslave.o(i.eMBRegHoldingCB)
    eMBRegInputCB                            0x08003159   Thumb Code    72  mbslave.o(i.eMBRegInputCB)
    led_off                                  0x08003261   Thumb Code    58  led.o(i.led_off)
    $Super$$main                             0x080032a1   Thumb Code   256  main.o(i.main)
    prveMBError2Exception                    0x080033b9   Thumb Code    34  mbutils.o(i.prveMBError2Exception)
    uart_rxcbk                               0x080033e5   Thumb Code    32  mbrtu.o(i.uart_rxcbk)
    uart_txcbk                               0x08003411   Thumb Code     8  mbrtu.o(i.uart_txcbk)
    usMBCRC16                                0x0800341d   Thumb Code    48  mbcrc.o(i.usMBCRC16)
    usdk_postinit                            0x08003455   Thumb Code     2  autoinit.o(i.usdk_postinit)
    usdk_preinit                             0x08003457   Thumb Code    54  main.o(i.usdk_preinit)
    usdk_startup                             0x0800348d   Thumb Code    28  autoinit.o(i.usdk_startup)
    vMBPortSerialEnable                      0x080034b1   Thumb Code     2  portserial.o(i.vMBPortSerialEnable)
    vMBPortTimersDisable                     0x080034b3   Thumb Code     2  porttimer.o(i.vMBPortTimersDisable)
    vMBPortTimersEnable                      0x080034b5   Thumb Code     2  porttimer.o(i.vMBPortTimersEnable)
    xMBPortEventGet                          0x080034b9   Thumb Code    26  portevent.o(i.xMBPortEventGet)
    xMBPortEventInit                         0x080034dd   Thumb Code    10  portevent.o(i.xMBPortEventInit)
    xMBPortEventPost                         0x080034ed   Thumb Code    16  portevent.o(i.xMBPortEventPost)
    xMBPortSerialInit                        0x08003505   Thumb Code   150  portserial.o(i.xMBPortSerialInit)
    xMBPortTimersInit                        0x0800359b   Thumb Code     6  porttimer.o(i.xMBPortTimersInit)
    xMBRTUReceiveFSM                         0x080035a1   Thumb Code     4  mbrtu.o(i.xMBRTUReceiveFSM)
    xMBRTUTimerT35Expired                    0x080035a5   Thumb Code     4  mbrtu.o(i.xMBRTUTimerT35Expired)
    xMBRTUTransmitFSM                        0x080035a9   Thumb Code     4  mbrtu.o(i.xMBRTUTransmitFSM)
    xMBUtilGetBits                           0x080035ad   Thumb Code    42  mbutils.o(i.xMBUtilGetBits)
    xMBUtilSetBits                           0x080035d7   Thumb Code    96  mbutils.o(i.xMBUtilSetBits)
    Region$$Table$$Base                      0x080039d0   Number         0  anon$$obj.o(Region$$Table)
    Region$$Table$$Limit                     0x080039f0   Number         0  anon$$obj.o(Region$$Table)
    SystemCoreClock                          0x20000000   Data           4  system_stm32f4xx.o(.data)
    AHBPrescTable                            0x20000004   Data          16  system_stm32f4xx.o(.data)
    pxMBFrameCBByteReceived                  0x20000070   Data           4  mb.o(.data)
    pxMBFrameCBTransmitterEmpty              0x20000074   Data           4  mb.o(.data)
    pxMBPortCBTimerExpired                   0x20000078   Data           4  mb.o(.data)
    pxMBFrameCBReceiveFSMCur                 0x2000007c   Data           4  mb.o(.data)
    pxMBFrameCBTransmitFSMCur                0x20000080   Data           4  mb.o(.data)
    usRegInputStart                          0x2000011c   Data           2  mbslave.o(.data)
    usDiscInStart                            0x2000011e   Data           2  mbslave.o(.data)
    ucDiscInBuf                              0x20000120   Data           2  mbslave.o(.data)
    usCoilStart                              0x20000122   Data           2  mbslave.o(.data)
    ucCoilBuf                                0x20000124   Data           8  mbslave.o(.data)
    m_paratbl                                0x200001cc   Data        1800  paratbl.o(.bss)
    ucRTUBuf                                 0x200008f4   Data         256  mbrtu.o(.bss)
    usRegInputBuf                            0x200009f4   Data         200  mbslave.o(.bss)
    __initial_sp                             0x20000ec0   Data           0  startup_stm32f40_41xxx.o(STACK)



==============================================================================

Memory Map of the image

  Image Entry point : 0x08000189

  Load Region LR_IROM1 (Base: 0x08000000, Size: 0x00003b20, Max: 0x00080000, ABSOLUTE, COMPRESSED[0x00003a4c])

    Execution Region ER_IROM1 (Exec base: 0x08000000, Load base: 0x08000000, Size: 0x000039f0, Max: 0x00080000, ABSOLUTE)

    Exec Addr    Load Addr    Size         Type   Attr      Idx    E Section Name        Object

    0x08000000   0x08000000   0x00000188   Data   RO            3    RESET               startup_stm32f40_41xxx.o
    0x08000188   0x08000188   0x00000000   Code   RO         6421  * .ARM.Collect$$$$00000000  mc_w.l(entry.o)
    0x08000188   0x08000188   0x00000004   Code   RO         6472    .ARM.Collect$$$$00000001  mc_w.l(entry2.o)
    0x0800018c   0x0800018c   0x00000004   Code   RO         6475    .ARM.Collect$$$$00000004  mc_w.l(entry5.o)
    0x08000190   0x08000190   0x00000000   Code   RO         6477    .ARM.Collect$$$$00000008  mc_w.l(entry7b.o)
    0x08000190   0x08000190   0x00000000   Code   RO         6479    .ARM.Collect$$$$0000000A  mc_w.l(entry8b.o)
    0x08000190   0x08000190   0x00000008   Code   RO         6480    .ARM.Collect$$$$0000000B  mc_w.l(entry9a.o)
    0x08000198   0x08000198   0x00000004   Code   RO         6487    .ARM.Collect$$$$0000000E  mc_w.l(entry12b.o)
    0x0800019c   0x0800019c   0x00000000   Code   RO         6482    .ARM.Collect$$$$0000000F  mc_w.l(entry10a.o)
    0x0800019c   0x0800019c   0x00000000   Code   RO         6484    .ARM.Collect$$$$00000011  mc_w.l(entry11a.o)
    0x0800019c   0x0800019c   0x00000004   Code   RO         6473    .ARM.Collect$$$$00002712  mc_w.l(entry2.o)
    0x080001a0   0x080001a0   0x00000024   Code   RO            4    .text               startup_stm32f40_41xxx.o
    0x080001c4   0x080001c4   0x00000062   Code   RO         6424    .text               mc_w.l(ldiv.o)
    0x08000226   0x08000226   0x00000024   Code   RO         6426    .text               mc_w.l(memcpya.o)
    0x0800024a   0x0800024a   0x0000014e   Code   RO         6458    .text               mf_w.l(dadd.o)
    0x08000398   0x08000398   0x000000e4   Code   RO         6460    .text               mf_w.l(dmul.o)
    0x0800047c   0x0800047c   0x00000022   Code   RO         6462    .text               mf_w.l(dflti.o)
    0x0800049e   0x0800049e   0x0000001a   Code   RO         6464    .text               mf_w.l(dfltui.o)
    0x080004b8   0x080004b8   0x0000003e   Code   RO         6466    .text               mf_w.l(dfixi.o)
    0x080004f6   0x080004f6   0x00000032   Code   RO         6468    .text               mf_w.l(dfixui.o)
    0x08000528   0x08000528   0x00000038   Code   RO         6470    .text               mf_w.l(d2f.o)
    0x08000560   0x08000560   0x00000062   Code   RO         6491    .text               mc_w.l(uldiv.o)
    0x080005c2   0x080005c2   0x0000001e   Code   RO         6493    .text               mc_w.l(llshl.o)
    0x080005e0   0x080005e0   0x00000020   Code   RO         6495    .text               mc_w.l(llushr.o)
    0x08000600   0x08000600   0x00000024   Code   RO         6497    .text               mc_w.l(llsshr.o)
    0x08000624   0x08000624   0x00000000   Code   RO         6499    .text               mc_w.l(iusefp.o)
    0x08000624   0x08000624   0x0000006e   Code   RO         6500    .text               mf_w.l(fepilogue.o)
    0x08000692   0x08000692   0x000000ba   Code   RO         6502    .text               mf_w.l(depilogue.o)
    0x0800074c   0x0800074c   0x00000024   Code   RO         6510    .text               mc_w.l(init.o)
    0x08000770   0x08000770   0x00000056   Code   RO         6520    .text               mc_w.l(__dczerorl2.o)
    0x080007c6   0x080007c6   0x0000000c   Code   RO          726    i.$Sub$$main        autoinit.o
    0x080007d2   0x080007d2   0x00000002   PAD
    0x080007d4   0x080007d4   0x0000002c   Code   RO          161    i.BspEncCycle       main.o
    0x08000800   0x08000800   0x00000048   Code   RO          162    i.BspEncInit        main.o
    0x08000848   0x08000848   0x00000004   Code   RO          164    i.BspFreqDivOutInit  main.o
    0x0800084c   0x0800084c   0x00000060   Code   RO          165    i.BspTempSensorCycle  main.o
    0x080008ac   0x080008ac   0x0000000a   Code   RO          166    i.BspTempSensorInit  main.o
    0x080008b6   0x080008b6   0x00000004   Code   RO          293    i.BusFault_Handler  stm32f4xx_it.o
    0x080008ba   0x080008ba   0x00000002   PAD
    0x080008bc   0x080008bc   0x00000028   Code   RO         1667    i.DAC_Cmd           stm32f4xx_dac.o
    0x080008e4   0x080008e4   0x0000002c   Code   RO         1668    i.DAC_DMACmd        stm32f4xx_dac.o
    0x08000910   0x08000910   0x00000016   Code   RO         1669    i.DAC_DeInit        stm32f4xx_dac.o
    0x08000926   0x08000926   0x00000002   PAD
    0x08000928   0x08000928   0x00000034   Code   RO         1675    i.DAC_Init          stm32f4xx_dac.o
    0x0800095c   0x0800095c   0x00000048   Code   RO          449    i.DMA2_Stream7_IRQHandler  uart.o
    0x080009a4   0x080009a4   0x00000034   Code   RO         1962    i.DMA_ClearFlag     stm32f4xx_dma.o
    0x080009d8   0x080009d8   0x00000034   Code   RO         1963    i.DMA_ClearITPendingBit  stm32f4xx_dma.o
    0x08000a0c   0x08000a0c   0x00000016   Code   RO         1964    i.DMA_Cmd           stm32f4xx_dma.o
    0x08000a22   0x08000a22   0x00000002   PAD
    0x08000a24   0x08000a24   0x00000158   Code   RO         1965    i.DMA_DeInit        stm32f4xx_dma.o
    0x08000b7c   0x08000b7c   0x00000014   Code   RO         1969    i.DMA_GetCmdStatus  stm32f4xx_dma.o
    0x08000b90   0x08000b90   0x00000008   Code   RO         1970    i.DMA_GetCurrDataCounter  stm32f4xx_dma.o
    0x08000b98   0x08000b98   0x00000064   Code   RO         1974    i.DMA_GetITStatus   stm32f4xx_dma.o
    0x08000bfc   0x08000bfc   0x0000003a   Code   RO         1975    i.DMA_ITConfig      stm32f4xx_dma.o
    0x08000c36   0x08000c36   0x00000002   PAD
    0x08000c38   0x08000c38   0x00000058   Code   RO         1976    i.DMA_Init          stm32f4xx_dma.o
    0x08000c90   0x08000c90   0x00000004   Code   RO         1979    i.DMA_SetCurrDataCounter  stm32f4xx_dma.o
    0x08000c94   0x08000c94   0x00000018   Code   RO          526    i.DQ_IN             ds18b20.o
    0x08000cac   0x08000cac   0x00000018   Code   RO          527    i.DQ_OUT            ds18b20.o
    0x08000cc4   0x08000cc4   0x00000002   Code   RO          294    i.DebugMon_Handler  stm32f4xx_it.o
    0x08000cc6   0x08000cc6   0x00000002   PAD
    0x08000cc8   0x08000cc8   0x00000060   Code   RO          672    i.DelayInit         sleep.o
    0x08000d28   0x08000d28   0x0000001c   Code   RO          689    i.DelayNonBlock     sleep.o
    0x08000d44   0x08000d44   0x00000090   Code   RO         2764    i.GPIO_Init         stm32f4xx_gpio.o
    0x08000dd4   0x08000dd4   0x00000046   Code   RO         2765    i.GPIO_PinAFConfig  stm32f4xx_gpio.o
    0x08000e1a   0x08000e1a   0x0000000c   Code   RO         2776    i.GPIO_WriteBit     stm32f4xx_gpio.o
    0x08000e26   0x08000e26   0x00000012   Code   RO          695    i.HAL_DeltaTick     sleep.o
    0x08000e38   0x08000e38   0x0000000c   Code   RO          678    i.HAL_GetTick       sleep.o
    0x08000e44   0x08000e44   0x00000014   Code   RO          701    i.HAL_IncTick       sleep.o
    0x08000e58   0x08000e58   0x00000004   Code   RO          295    i.HardFault_Handler  stm32f4xx_it.o
    0x08000e5c   0x08000e5c   0x00000100   Code   RO         6343    i.IncEncCycle       incenc.o
    0x08000f5c   0x08000f5c   0x000000dc   Code   RO         6344    i.IncEncInit        incenc.o
    0x08001038   0x08001038   0x00000014   Code   RO         6345    i.IncEncRst         incenc.o
    0x0800104c   0x0800104c   0x00000004   Code   RO          296    i.MemManage_Handler  stm32f4xx_it.o
    0x08001050   0x08001050   0x00000002   Code   RO          297    i.NMI_Handler       stm32f4xx_it.o
    0x08001052   0x08001052   0x00000002   PAD
    0x08001054   0x08001054   0x00000078   Code   RO          889    i.NVIC_Init         misc.o
    0x080010cc   0x080010cc   0x00000014   Code   RO          890    i.NVIC_PriorityGroupConfig  misc.o
    0x080010e0   0x080010e0   0x00000002   Code   RO          298    i.PendSV_Handler    stm32f4xx_it.o
    0x080010e2   0x080010e2   0x00000002   PAD
    0x080010e4   0x080010e4   0x00000160   Code   RO         6381    i.PulseGenInit      pulse_1.o
    0x08001244   0x08001244   0x00000038   Code   RO         6382    i.PulseGenN         pulse_1.o
    0x0800127c   0x0800127c   0x00000020   Code   RO         3690    i.RCC_AHB1PeriphClockCmd  stm32f4xx_rcc.o
    0x0800129c   0x0800129c   0x00000020   Code   RO         3699    i.RCC_APB1PeriphClockCmd  stm32f4xx_rcc.o
    0x080012bc   0x080012bc   0x00000020   Code   RO         3701    i.RCC_APB1PeriphResetCmd  stm32f4xx_rcc.o
    0x080012dc   0x080012dc   0x00000020   Code   RO         3702    i.RCC_APB2PeriphClockCmd  stm32f4xx_rcc.o
    0x080012fc   0x080012fc   0x000000e8   Code   RO         3711    i.RCC_GetClocksFreq  stm32f4xx_rcc.o
    0x080013e4   0x080013e4   0x00000002   Code   RO          299    i.SVC_Handler       stm32f4xx_it.o
    0x080013e6   0x080013e6   0x00000002   PAD
    0x080013e8   0x080013e8   0x000000ec   Code   RO           13    i.SetSysClock       system_stm32f4xx.o
    0x080014d4   0x080014d4   0x00000008   Code   RO          300    i.SysTick_Handler   stm32f4xx_it.o
    0x080014dc   0x080014dc   0x00000068   Code   RO           15    i.SystemInit        system_stm32f4xx.o
    0x08001544   0x08001544   0x0000003a   Code   RO         5070    i.TI1_Config        stm32f4xx_tim.o
    0x0800157e   0x0800157e   0x00000050   Code   RO         5071    i.TI2_Config        stm32f4xx_tim.o
    0x080015ce   0x080015ce   0x00000048   Code   RO         5072    i.TI3_Config        stm32f4xx_tim.o
    0x08001616   0x08001616   0x00000050   Code   RO         5073    i.TI4_Config        stm32f4xx_tim.o
    0x08001666   0x08001666   0x00000002   PAD
    0x08001668   0x08001668   0x00000040   Code   RO         6383    i.TIM3_IRQHandler   pulse_1.o
    0x080016a8   0x080016a8   0x000000c0   Code   RO          862    i.TIM_Calc          calc.o
    0x08001768   0x08001768   0x00000006   Code   RO         5081    i.TIM_ClearITPendingBit  stm32f4xx_tim.o
    0x0800176e   0x0800176e   0x00000018   Code   RO         5086    i.TIM_Cmd           stm32f4xx_tim.o
    0x08001786   0x08001786   0x0000001e   Code   RO         5088    i.TIM_CtrlPWMOutputs  stm32f4xx_tim.o
    0x080017a4   0x080017a4   0x00000042   Code   RO         5095    i.TIM_EncoderInterfaceConfig  stm32f4xx_tim.o
    0x080017e6   0x080017e6   0x00000006   Code   RO         5105    i.TIM_GetCounter    stm32f4xx_tim.o
    0x080017ec   0x080017ec   0x00000022   Code   RO         5107    i.TIM_GetITStatus   stm32f4xx_tim.o
    0x0800180e   0x0800180e   0x0000006e   Code   RO         5109    i.TIM_ICInit        stm32f4xx_tim.o
    0x0800187c   0x0800187c   0x00000012   Code   RO         5110    i.TIM_ICStructInit  stm32f4xx_tim.o
    0x0800188e   0x0800188e   0x00000012   Code   RO         5111    i.TIM_ITConfig      stm32f4xx_tim.o
    0x080018a0   0x080018a0   0x0000000c   Code   RO         5113    i.TIM_InternalClockConfig  stm32f4xx_tim.o
    0x080018ac   0x080018ac   0x0000001a   Code   RO         5129    i.TIM_OC4FastConfig  stm32f4xx_tim.o
    0x080018c6   0x080018c6   0x00000002   PAD
    0x080018c8   0x080018c8   0x00000078   Code   RO         5130    i.TIM_OC4Init       stm32f4xx_tim.o
    0x08001940   0x08001940   0x00000012   Code   RO         5140    i.TIM_SelectInputTrigger  stm32f4xx_tim.o
    0x08001952   0x08001952   0x00000012   Code   RO         5141    i.TIM_SelectMasterSlaveMode  stm32f4xx_tim.o
    0x08001964   0x08001964   0x00000012   Code   RO         5144    i.TIM_SelectOutputTrigger  stm32f4xx_tim.o
    0x08001976   0x08001976   0x00000012   Code   RO         5145    i.TIM_SelectSlaveMode  stm32f4xx_tim.o
    0x08001988   0x08001988   0x00000004   Code   RO         5146    i.TIM_SetAutoreload  stm32f4xx_tim.o
    0x0800198c   0x0800198c   0x00000004   Code   RO         5152    i.TIM_SetCounter    stm32f4xx_tim.o
    0x08001990   0x08001990   0x00000012   Code   RO         5153    i.TIM_SetIC1Prescaler  stm32f4xx_tim.o
    0x080019a2   0x080019a2   0x0000001a   Code   RO         5154    i.TIM_SetIC2Prescaler  stm32f4xx_tim.o
    0x080019bc   0x080019bc   0x00000012   Code   RO         5155    i.TIM_SetIC3Prescaler  stm32f4xx_tim.o
    0x080019ce   0x080019ce   0x0000001a   Code   RO         5156    i.TIM_SetIC4Prescaler  stm32f4xx_tim.o
    0x080019e8   0x080019e8   0x00000084   Code   RO         5158    i.TIM_TimeBaseInit  stm32f4xx_tim.o
    0x08001a6c   0x08001a6c   0x00000074   Code   RO          450    i.UART_Config       uart.o
    0x08001ae0   0x08001ae0   0x00000164   Code   RO          451    i.UART_DMA_Config   uart.o
    0x08001c44   0x08001c44   0x00000014   Code   RO          452    i.UART_ReConfig     uart.o
    0x08001c58   0x08001c58   0x00000054   Code   RO          453    i.UART_Transmit_DMA  uart.o
    0x08001cac   0x08001cac   0x000000a0   Code   RO          454    i.USART1_IRQHandler  uart.o
    0x08001d4c   0x08001d4c   0x00000012   Code   RO         5636    i.USART_ClearFlag   stm32f4xx_usart.o
    0x08001d5e   0x08001d5e   0x0000001e   Code   RO         5637    i.USART_ClearITPendingBit  stm32f4xx_usart.o
    0x08001d7c   0x08001d7c   0x00000018   Code   RO         5640    i.USART_Cmd         stm32f4xx_usart.o
    0x08001d94   0x08001d94   0x00000012   Code   RO         5641    i.USART_DMACmd      stm32f4xx_usart.o
    0x08001da6   0x08001da6   0x00000054   Code   RO         5644    i.USART_GetITStatus  stm32f4xx_usart.o
    0x08001dfa   0x08001dfa   0x0000004a   Code   RO         5646    i.USART_ITConfig    stm32f4xx_usart.o
    0x08001e44   0x08001e44   0x000000d4   Code   RO         5647    i.USART_Init        stm32f4xx_usart.o
    0x08001f18   0x08001f18   0x0000000a   Code   RO         5654    i.USART_ReceiveData  stm32f4xx_usart.o
    0x08001f22   0x08001f22   0x00000004   Code   RO          301    i.UsageFault_Handler  stm32f4xx_it.o
    0x08001f26   0x08001f26   0x00000002   PAD
    0x08001f28   0x08001f28   0x00000240   Code   RO          808    i.WaveGenCfg        wave.o
    0x08002168   0x08002168   0x00000090   Code   RO          809    i.WaveGenCycle      wave.o
    0x080021f8   0x080021f8   0x0000016c   Code   RO          810    i.WaveGenDemo       wave.o
    0x08002364   0x08002364   0x00000068   Code   RO          811    i.WaveGenInit       wave.o
    0x080023cc   0x080023cc   0x0000000e   Code   RO         6514    i.__scatterload_copy  mc_w.l(handlers.o)
    0x080023da   0x080023da   0x00000002   Code   RO         6515    i.__scatterload_null  mc_w.l(handlers.o)
    0x080023dc   0x080023dc   0x0000000e   Code   RO         6516    i.__scatterload_zeroinit  mc_w.l(handlers.o)
    0x080023ea   0x080023ea   0x00000002   PAD
    0x080023ec   0x080023ec   0x00000044   Code   RO          529    i.ds18b20_convert_temp  ds18b20.o
    0x08002430   0x08002430   0x0000001c   Code   RO          530    i.ds18b20_init      ds18b20.o
    0x0800244c   0x0800244c   0x00000030   Code   RO          531    i.ds18b20_read_bit  ds18b20.o
    0x0800247c   0x0800247c   0x0000001e   Code   RO          532    i.ds18b20_read_byte  ds18b20.o
    0x0800249a   0x0800249a   0x00000042   Code   RO          534    i.ds18b20_read_temp  ds18b20.o
    0x080024dc   0x080024dc   0x00000078   Code   RO          537    i.ds18b20_reset     ds18b20.o
    0x08002554   0x08002554   0x0000005c   Code   RO          539    i.ds18b20_write_byte  ds18b20.o
    0x080025b0   0x080025b0   0x00000028   Code   RO          655    i.dwt_init          sleep.o
    0x080025d8   0x080025d8   0x0000000c   Code   RO          661    i.dwt_tick          sleep.o
    0x080025e4   0x080025e4   0x0000004c   Code   RO          666    i.dwt_wait          sleep.o
    0x08002630   0x08002630   0x00000028   Code   RO         6033    i.eMBEnable         mb.o
    0x08002658   0x08002658   0x000000ae   Code   RO         5891    i.eMBFuncReadCoils  mbfunccoils.o
    0x08002706   0x08002706   0x000000ac   Code   RO         5932    i.eMBFuncReadDiscreteInputs  mbfuncdisc.o
    0x080027b2   0x080027b2   0x0000008c   Code   RO         5944    i.eMBFuncReadHoldingRegister  mbfuncholding.o
    0x0800283e   0x0800283e   0x0000008c   Code   RO         5974    i.eMBFuncReadInputRegister  mbfuncinput.o
    0x080028ca   0x080028ca   0x000000d4   Code   RO         5945    i.eMBFuncReadWriteMultipleHoldingRegister  mbfuncholding.o
    0x0800299e   0x0800299e   0x00000002   PAD
    0x080029a0   0x080029a0   0x00000028   Code   RO         5986    i.eMBFuncReportSlaveID  mbfuncother.o
    0x080029c8   0x080029c8   0x00000070   Code   RO         5892    i.eMBFuncWriteCoil  mbfunccoils.o
    0x08002a38   0x08002a38   0x00000042   Code   RO         5946    i.eMBFuncWriteHoldingRegister  mbfuncholding.o
    0x08002a7a   0x08002a7a   0x00000090   Code   RO         5893    i.eMBFuncWriteMultipleCoils  mbfunccoils.o
    0x08002b0a   0x08002b0a   0x0000006e   Code   RO         5947    i.eMBFuncWriteMultipleHoldingRegister  mbfuncholding.o
    0x08002b78   0x08002b78   0x000000e0   Code   RO         6034    i.eMBInit           mb.o
    0x08002c58   0x08002c58   0x00000138   Code   RO         6035    i.eMBPoll           mb.o
    0x08002d90   0x08002d90   0x00000050   Code   RO         6102    i.eMBRTUInit        mbrtu.o
    0x08002de0   0x08002de0   0x00000050   Code   RO         6103    i.eMBRTUReceive     mbrtu.o
    0x08002e30   0x08002e30   0x00000094   Code   RO         6104    i.eMBRTUSend        mbrtu.o
    0x08002ec4   0x08002ec4   0x0000001c   Code   RO         6105    i.eMBRTUStart       mbrtu.o
    0x08002ee0   0x08002ee0   0x00000010   Code   RO         6106    i.eMBRTUStop        mbrtu.o
    0x08002ef0   0x08002ef0   0x00000100   Code   RO         6191    i.eMBRegCoilsCB     mbslave.o
    0x08002ff0   0x08002ff0   0x000000a4   Code   RO         6192    i.eMBRegDiscreteCB  mbslave.o
    0x08003094   0x08003094   0x000000c4   Code   RO         6193    i.eMBRegHoldingCB   mbslave.o
    0x08003158   0x08003158   0x00000050   Code   RO         6194    i.eMBRegInputCB     mbslave.o
    0x080031a8   0x080031a8   0x00000054   Code   RO          359    i.key_init          key.o
    0x080031fc   0x080031fc   0x00000064   Code   RO          402    i.led_init          led.o
    0x08003260   0x08003260   0x00000040   Code   RO          421    i.led_off           led.o
    0x080032a0   0x080032a0   0x00000118   Code   RO          167    i.main              main.o
    0x080033b8   0x080033b8   0x00000022   Code   RO         6007    i.prveMBError2Exception  mbutils.o
    0x080033da   0x080033da   0x00000004   Code   RO          727    i.system_begin      autoinit.o
    0x080033de   0x080033de   0x00000004   Code   RO          728    i.system_end        autoinit.o
    0x080033e2   0x080033e2   0x00000002   PAD
    0x080033e4   0x080033e4   0x0000002c   Code   RO         6107    i.uart_rxcbk        mbrtu.o
    0x08003410   0x08003410   0x0000000c   Code   RO         6108    i.uart_txcbk        mbrtu.o
    0x0800341c   0x0800341c   0x00000038   Code   RO         6085    i.usMBCRC16         mbcrc.o
    0x08003454   0x08003454   0x00000002   Code   RO          729    i.usdk_postinit     autoinit.o
    0x08003456   0x08003456   0x00000036   Code   RO          168    i.usdk_preinit      main.o
    0x0800348c   0x0800348c   0x00000024   Code   RO          731    i.usdk_startup      autoinit.o
    0x080034b0   0x080034b0   0x00000002   Code   RO         6267    i.vMBPortSerialEnable  portserial.o
    0x080034b2   0x080034b2   0x00000002   Code   RO         6326    i.vMBPortTimersDisable  porttimer.o
    0x080034b4   0x080034b4   0x00000002   Code   RO         6320    i.vMBPortTimersEnable  porttimer.o
    0x080034b6   0x080034b6   0x00000002   PAD
    0x080034b8   0x080034b8   0x00000024   Code   RO         6238    i.xMBPortEventGet   portevent.o
    0x080034dc   0x080034dc   0x00000010   Code   RO         6239    i.xMBPortEventInit  portevent.o
    0x080034ec   0x080034ec   0x00000018   Code   RO         6240    i.xMBPortEventPost  portevent.o
    0x08003504   0x08003504   0x00000096   Code   RO         6268    i.xMBPortSerialInit  portserial.o
    0x0800359a   0x0800359a   0x00000006   Code   RO         6311    i.xMBPortTimersInit  porttimer.o
    0x080035a0   0x080035a0   0x00000004   Code   RO         6109    i.xMBRTUReceiveFSM  mbrtu.o
    0x080035a4   0x080035a4   0x00000004   Code   RO         6110    i.xMBRTUTimerT35Expired  mbrtu.o
    0x080035a8   0x080035a8   0x00000004   Code   RO         6111    i.xMBRTUTransmitFSM  mbrtu.o
    0x080035ac   0x080035ac   0x0000002a   Code   RO         6008    i.xMBUtilGetBits    mbutils.o
    0x080035d6   0x080035d6   0x00000060   Code   RO         6009    i.xMBUtilSetBits    mbutils.o
    0x08003636   0x08003636   0x00000002   PAD
    0x08003638   0x08003638   0x0000016c   Data   RO          812    .constdata          wave.o
    0x080037a4   0x080037a4   0x00000200   Data   RO         6086    .constdata          mbcrc.o
    0x080039a4   0x080039a4   0x00000008   Data   RO         6196    .constdata          mbslave.o
    0x080039ac   0x080039ac   0x00000008   Data   RO         6384    .constdata          pulse_1.o
    0x080039b4   0x080039b4   0x00000004   Data   RO          732    .usdk.initcall.0    autoinit.o
    0x080039b8   0x080039b8   0x0000000c   Data   RO          171    .usdk.initcall.1    main.o
    0x080039c4   0x080039c4   0x00000004   Data   RO          360    .usdk.initcall.1    key.o
    0x080039c8   0x080039c8   0x00000004   Data   RO          403    .usdk.initcall.1    led.o
    0x080039cc   0x080039cc   0x00000004   Data   RO          733    .usdk.initcall.9    autoinit.o
    0x080039d0   0x080039d0   0x00000020   Data   RO         6512    Region$$Table       anon$$obj.o


    Execution Region RW_IRAM1 (Exec base: 0x20000000, Load base: 0x080039f0, Size: 0x00000ec0, Max: 0x00020000, ABSOLUTE, COMPRESSED[0x0000005c])

    Exec Addr    Load Addr    Size         Type   Attr      Idx    E Section Name        Object

    0x20000000   COMPRESSED   0x00000014   Data   RW           16    .data               system_stm32f4xx.o
    0x20000014   COMPRESSED   0x00000004   PAD
    0x20000018   COMPRESSED   0x00000020   Data   RW          170    .data               main.o
    0x20000038   COMPRESSED   0x00000008   Data   RW          540    .data               ds18b20.o
    0x20000040   COMPRESSED   0x00000004   Data   RW          636    .data               sleep.o
    0x20000044   COMPRESSED   0x00000010   Data   RW         3743    .data               stm32f4xx_rcc.o
    0x20000054   COMPRESSED   0x00000002   Data   RW         5989    .data               mbfuncother.o
    0x20000056   COMPRESSED   0x00000002   PAD
    0x20000058   COMPRESSED   0x000000b5   Data   RW         6037    .data               mb.o
    0x2000010d   COMPRESSED   0x00000003   PAD
    0x20000110   COMPRESSED   0x0000000c   Data   RW         6113    .data               mbrtu.o
    0x2000011c   COMPRESSED   0x00000010   Data   RW         6197    .data               mbslave.o
    0x2000012c   COMPRESSED   0x00000002   Data   RW         6241    .data               portevent.o
    0x2000012e   COMPRESSED   0x00000002   PAD
    0x20000130        -       0x0000001c   Zero   RW          169    .bss                main.o
    0x2000014c        -       0x00000080   Zero   RW          456    .bss                uart.o
    0x200001cc        -       0x00000708   Zero   RW          784    .bss                paratbl.o
    0x200008d4        -       0x00000020   Zero   RW         5988    .bss                mbfuncother.o
    0x200008f4        -       0x00000100   Zero   RW         6112    .bss                mbrtu.o
    0x200009f4        -       0x000000c8   Zero   RW         6195    .bss                mbslave.o
    0x20000abc   COMPRESSED   0x00000004   PAD
    0x20000ac0        -       0x00000400   Zero   RW            1    STACK               startup_stm32f40_41xxx.o


==============================================================================

Image component sizes


      Code (inc. data)   RO Data    RW Data    ZI Data      Debug   Object Name

        58          8          8          0          0       4176   autoinit.o
       192          0          0          0          0       1579   calc.o
       500         60          0          8          0       6543   ds18b20.o
       496         30          0          0          0       3503   incenc.o
        84          6          4          0          0       1368   key.o
       164         10          4          0          0       1938   led.o
       560         64         12         32         28      15427   main.o
       576        126          0        181          0       4580   mb.o
        56          8        512          0          0       1476   mbcrc.o
       430          0          0          0          0       4810   mbfunccoils.o
       172          0          0          0          0       1856   mbfuncdisc.o
       528          0          0          0          0       5503   mbfuncholding.o
       140          0          0          0          0       1811   mbfuncinput.o
        40         10          0          2         32       1655   mbfuncother.o
       420         56          0         12        256       7961   mbrtu.o
       696         32          8         16        200       4573   mbslave.o
       172          0          0          0          0       3006   mbutils.o
       140         24          0          0          0       1959   misc.o
         0          0          0          0       1800       4840   paratbl.o
        76         24          0          2          0       2396   portevent.o
       152          0          0          0          0       2831   portserial.o
        10          0          0          0          0       1565   porttimer.o
       472         38          8          0          0       2009   pulse_1.o
       302         56          0          4          0      33148   sleep.o
        36          8        392          0       1024        884   startup_stm32f40_41xxx.o
       158         18          0          0          0       3479   stm32f4xx_dac.o
       748         72          0          0          0       8676   stm32f4xx_dma.o
       226          0          0          0          0       2879   stm32f4xx_gpio.o
        32          0          0          0          0       4314   stm32f4xx_it.o
       360         42          0         16          0       5984   stm32f4xx_rcc.o
      1060         36          0          0          0      20051   stm32f4xx_tim.o
       470          8          0          0          0       7061   stm32f4xx_usart.o
       340         32          0         20          0     311257   system_stm32f4xx.o
       808         68          0          0        128       6634   uart.o
      1188         68        364          0          0      22797   wave.o

    ----------------------------------------------------------------------
     11894        904       1344        304       3472     514529   Object Totals
         0          0         32          0          0          0   (incl. Generated)
        32          0          0         11          4          0   (incl. Padding)

    ----------------------------------------------------------------------

      Code (inc. data)   RO Data    RW Data    ZI Data      Debug   Library Member Name

        86          0          0          0          0          0   __dczerorl2.o
         0          0          0          0          0          0   entry.o
         0          0          0          0          0          0   entry10a.o
         0          0          0          0          0          0   entry11a.o
         4          0          0          0          0          0   entry12b.o
         8          4          0          0          0          0   entry2.o
         4          0          0          0          0          0   entry5.o
         0          0          0          0          0          0   entry7b.o
         0          0          0          0          0          0   entry8b.o
         8          4          0          0          0          0   entry9a.o
        30          0          0          0          0          0   handlers.o
        36          8          0          0          0         68   init.o
         0          0          0          0          0          0   iusefp.o
        98          0          0          0          0         84   ldiv.o
        30          0          0          0          0         68   llshl.o
        36          0          0          0          0         68   llsshr.o
        32          0          0          0          0         68   llushr.o
        36          0          0          0          0         68   memcpya.o
        98          0          0          0          0         92   uldiv.o
        56          0          0          0          0         88   d2f.o
       334          0          0          0          0        148   dadd.o
       186          0          0          0          0        176   depilogue.o
        62          0          0          0          0         80   dfixi.o
        50          0          0          0          0         76   dfixui.o
        34          0          0          0          0         76   dflti.o
        26          0          0          0          0         76   dfltui.o
       228          0          0          0          0         96   dmul.o
       110          0          0          0          0        168   fepilogue.o

    ----------------------------------------------------------------------
      1594         16          0          0          0       1500   Library Totals
         2          0          0          0          0          0   (incl. Padding)

    ----------------------------------------------------------------------

      Code (inc. data)   RO Data    RW Data    ZI Data      Debug   Library Name

       506         16          0          0          0        516   mc_w.l
      1086          0          0          0          0        984   mf_w.l

    ----------------------------------------------------------------------
      1594         16          0          0          0       1500   Library Totals

    ----------------------------------------------------------------------

==============================================================================


      Code (inc. data)   RO Data    RW Data    ZI Data      Debug   

     13488        920       1344        304       3472     500385   Grand Totals
     13488        920       1344         92       3472     500385   ELF Image Totals (compressed)
     13488        920       1344         92          0          0   ROM Totals

==============================================================================

    Total RO  Size (Code + RO Data)                14832 (  14.48kB)
    Total RW  Size (RW Data + ZI Data)              3776 (   3.69kB)
    Total ROM Size (Code + RO Data + RW Data)      14924 (  14.57kB)

==============================================================================

